Archive member included because of file (symbol)

lib/lib.a(ctype.o)            kernel/kernel.o (_ctype)
lib/lib.a(_exit.o)            init/main.o (_exit)
lib/lib.a(open.o)             init/main.o (open)
lib/lib.a(close.o)            init/main.o (close)
lib/lib.a(errno.o)            init/main.o (errno)
lib/lib.a(write.o)            init/main.o (write)
lib/lib.a(dup.o)              init/main.o (dup)
lib/lib.a(setsid.o)           init/main.o (setsid)
lib/lib.a(execve.o)           init/main.o (execve)
lib/lib.a(wait.o)             init/main.o (wait)
lib/lib.a(string.o)           kernel/kernel.o (memcpy)

Allocating common symbols
Common symbol       size              file

errno               0x4               lib/lib.a(errno.o)
hash_table          0x4cc             fs/fs.o
___strtok           0x4               lib/lib.a(string.o)
user_stack          0x1000            kernel/kernel.o
_ctmp               0x1               lib/lib.a(ctype.o)
super_block         0x340             fs/fs.o
character_for_input
                    0x1               kernel/kernel.o
file_table          0x400             fs/fs.o

Discarded input sections

 .note.GNU-stack
                0x0000000000000000        0x0 init/main.o
 .note.GNU-stack
                0x0000000000000000        0x0 kernel/kernel.o
 .note.GNU-stack
                0x0000000000000000        0x0 mm/mm.o
 .note.GNU-stack
                0x0000000000000000        0x0 fs/fs.o
 .note.GNU-stack
                0x0000000000000000        0x0 lib/lib.a(ctype.o)
 .note.GNU-stack
                0x0000000000000000        0x0 lib/lib.a(_exit.o)
 .note.GNU-stack
                0x0000000000000000        0x0 lib/lib.a(open.o)
 .note.GNU-stack
                0x0000000000000000        0x0 lib/lib.a(close.o)
 .note.GNU-stack
                0x0000000000000000        0x0 lib/lib.a(errno.o)
 .note.GNU-stack
                0x0000000000000000        0x0 lib/lib.a(write.o)
 .note.GNU-stack
                0x0000000000000000        0x0 lib/lib.a(dup.o)
 .note.GNU-stack
                0x0000000000000000        0x0 lib/lib.a(setsid.o)
 .note.GNU-stack
                0x0000000000000000        0x0 lib/lib.a(execve.o)
 .note.GNU-stack
                0x0000000000000000        0x0 lib/lib.a(wait.o)
 .note.GNU-stack
                0x0000000000000000        0x0 lib/lib.a(string.o)

Memory Configuration

Name             Origin             Length             Attributes
*default*        0x0000000000000000 0xffffffffffffffff

Linker script and memory map

Address of section .text set to 0x0
LOAD boot/head.o
LOAD init/main.o
LOAD kernel/kernel.o
LOAD mm/mm.o
LOAD fs/fs.o
LOAD lib/lib.a
                0x0000000008048000                PROVIDE (__executable_start, 0x8048000)
                0x0000000008048094                . = (0x8048000 + SIZEOF_HEADERS)

.interp
 *(.interp)

.note.gnu.build-id
 *(.note.gnu.build-id)

.hash
 *(.hash)

.gnu.hash
 *(.gnu.hash)

.dynsym
 *(.dynsym)

.dynstr
 *(.dynstr)

.gnu.version
 *(.gnu.version)

.gnu.version_d
 *(.gnu.version_d)

.gnu.version_r
 *(.gnu.version_r)

.rel.dyn        0x0000000008048094        0x0
 *(.rel.init)
 *(.rel.text .rel.text.* .rel.gnu.linkonce.t.*)
 .rel.text      0x0000000000000000        0x0 boot/head.o
 *(.rel.fini)
 *(.rel.rodata .rel.rodata.* .rel.gnu.linkonce.r.*)
 *(.rel.data.rel.ro* .rel.gnu.linkonce.d.rel.ro.*)
 *(.rel.data .rel.data.* .rel.gnu.linkonce.d.*)
 .rel.data      0x0000000000000000        0x0 boot/head.o
 *(.rel.tdata .rel.tdata.* .rel.gnu.linkonce.td.*)
 *(.rel.tbss .rel.tbss.* .rel.gnu.linkonce.tb.*)
 *(.rel.ctors)
 *(.rel.dtors)
 *(.rel.got)
 *(.rel.bss .rel.bss.* .rel.gnu.linkonce.b.*)
 *(.rel.ifunc)

.rel.plt        0x0000000008048094        0x0
 *(.rel.plt)
                0x0000000008048094                PROVIDE (__rel_iplt_start, .)
 *(.rel.iplt)
 .rel.iplt      0x0000000000000000        0x0 boot/head.o
                0x0000000008048094                PROVIDE (__rel_iplt_end, .)

.init
 *(.init)

.plt            0x00000000080480a0        0x0
 *(.plt)
 *(.iplt)
 .iplt          0x0000000000000000        0x0 boot/head.o

.text           0x0000000000000000    0x11455
 *(.text.unlikely .text.*_unlikely)
 *(.text.exit .text.exit.*)
 *(.text.startup .text.startup.*)
 *(.text.hot .text.hot.*)
 *(.text .stub .text.* .gnu.linkonce.t.*)
 .text          0x0000000000000000     0x5078 boot/head.o
                0x0000000000000000                startup_32
                0x0000000000000000                pg_dir
                0x0000000000004078                idt
                0x0000000000004878                gdt
 *fill*         0x0000000000005078        0x8 90909090
 .text          0x0000000000005080      0x370 init/main.o
                0x00000000000050c1                init
                0x0000000000005232                main
 .text          0x00000000000053f0     0x64e7 kernel/kernel.o
                0x00000000000053f0                sys_alarm
                0x0000000000005417                sys_getpid
                0x0000000000005423                sys_getppid
                0x000000000000542f                sys_getuid
                0x000000000000543c                sys_geteuid
                0x0000000000005449                sys_getgid
                0x0000000000005456                sys_getegid
                0x0000000000005463                sys_nice
                0x000000000000547c                sys_signal
                0x00000000000054b9                math_state_restore
                0x00000000000054f0                schedule
                0x00000000000055e1                sys_pause
                0x00000000000055f7                sleep_on
                0x0000000000005651                interruptible_sleep_on
                0x00000000000056bb                wake_up
                0x00000000000056d7                do_timer
                0x000000000000571d                sched_init
                0x0000000000005844                system_call
                0x0000000000005936                timer_interrupt
                0x000000000000596e                sys_execve
                0x000000000000597c                sys_fork
                0x0000000000005994                hd_interrupt
                0x0000000000005b41                do_double_fault
                0x0000000000005b5a                do_general_protection
                0x0000000000005b73                do_divide_error
                0x0000000000005b8c                do_int3
                0x0000000000005c44                do_nmi
                0x0000000000005c5d                do_debug
                0x0000000000005c76                do_overflow
                0x0000000000005c8f                do_bounds
                0x0000000000005ca8                do_invalid_op
                0x0000000000005cc1                do_device_not_available
                0x0000000000005cda                do_coprocessor_segment_overrun
                0x0000000000005cf3                do_invalid_TSS
                0x0000000000005d0c                do_segment_not_present
                0x0000000000005d25                do_stack_segment
                0x0000000000005d3e                do_coprocessor_error
                0x0000000000005d57                do_reserved
                0x0000000000005d70                trap_init
                0x0000000000005f2c                divide_error
                0x0000000000005f61                debug
                0x0000000000005f68                nmi
                0x0000000000005f6f                int3
                0x0000000000005f76                overflow
                0x0000000000005f7d                bounds
                0x0000000000005f84                invalid_op
                0x0000000000005f93                device_not_available
                0x0000000000005fc0                coprocessor_segment_overrun
                0x0000000000005fca                reserved
                0x0000000000005fd4                coprocessor_error
                0x0000000000005fde                double_fault
                0x0000000000006015                invalid_TSS
                0x000000000000601c                segment_not_present
                0x0000000000006023                stack_segment
                0x000000000000602a                general_protection
                0x0000000000006034                verify_area
                0x0000000000006099                copy_mem
                0x000000000000618f                copy_process
                0x000000000000641e                find_empty_process
                0x0000000000006480                panic
                0x000000000000649c                printk
                0x0000000000006726                vsprintf
                0x0000000000006a90                tty_init
                0x0000000000006aa1                tty_intr
                0x0000000000006ae6                copy_to_cooked
                0x0000000000006d66                tty_read
                0x000000000000702c                tty_write
                0x0000000000007209                do_tty_interrupt
                0x0000000000007435                fill_list
                0x0000000000007515                closeR
                0x000000000000754f                openR
                0x0000000000007592                draw_list_clip
                0x00000000000076b8                draw_list
                0x0000000000007853                mark_selected_clip
                0x00000000000078bb                mark_selected
                0x0000000000007923                set_path_name
                0x0000000000007a3c                csi_m
                0x0000000000007a97                con_write
                0x00000000000083fc                con_init
                0x000000000000847f                f1_down
                0x000000000000848a                f1_up
                0x0000000000008495                tool_draw
                0x0000000000008629                tool_dir
                0x0000000000008651                tool_clip
                0x0000000000008673                tool_start
                0x00000000000086f3                put_char_to_clip
                0x0000000000008784                remove_char_for_clip
                0x000000000000880d                paste_to_con
                0x0000000000008985                arr_right
                0x0000000000008a54                arr_left
                0x0000000000008afb                arr_down
                0x0000000000008b98                arr_up
                0x0000000000008c27                print_name_and_index
                0x0000000000008c97                keyboard_interrupt
                0x0000000000009564                rs1_interrupt
                0x000000000000956c                rs2_interrupt
                0x0000000000009cd9                rw_hd
                0x0000000000009d82                sys_setup
                0x0000000000009e81                unexpected_hd_interrupt
                0x0000000000009e94                hd_init
                0x0000000000009f04                copy_to_buffer
                0x0000000000009f2c                to_lower_case
                0x0000000000009f8d                sys_get_i_node
                0x0000000000009f8f                buffer_decr
                0x000000000000a107                file_decr
                0x000000000000a1be                reverse_num
                0x000000000000a1f6                mark
                0x000000000000a2b4                unmark
                0x000000000000a38e                compare_name
                0x000000000000a3f0                mark_file
                0x000000000000a50b                remove_file_mark
                0x000000000000a626                i_node_check
                0x000000000000a67b                check_for_encr
                0x000000000000a7a7                sys_decr
                0x000000000000a82e                buffer_encr
                0x000000000000a9a6                file_encr
                0x000000000000aa6d                sys_encr
                0x000000000000aaf5                partition
                0x000000000000ab82                sort_index_and_global
                0x000000000000ac07                sys_generate_key_
                0x000000000000ad23                pow_check
                0x000000000000ad50                clear_key_
                0x000000000000ad67                sys_clear_key
                0x000000000000ad8e                sys_set_key
                0x000000000000adf1                sys_ftime
                0x000000000000adf7                sys_mknod
                0x000000000000adfd                sys_break
                0x000000000000ae03                sys_mount
                0x000000000000ae09                sys_umount
                0x000000000000ae0f                sys_ustat
                0x000000000000ae15                sys_ptrace
                0x000000000000ae1b                sys_stty
                0x000000000000ae21                sys_gtty
                0x000000000000ae27                sys_rename
                0x000000000000ae2d                sys_prof
                0x000000000000ae33                sys_setgid
                0x000000000000ae90                sys_acct
                0x000000000000ae96                sys_phys
                0x000000000000ae9c                sys_lock
                0x000000000000aea2                sys_mpx
                0x000000000000aea8                sys_ulimit
                0x000000000000aeae                sys_time
                0x000000000000af01                sys_setuid
                0x000000000000af5a                sys_stime
                0x000000000000afa7                sys_times
                0x000000000000b000                sys_brk
                0x000000000000b033                sys_setpgid
                0x000000000000b0a8                sys_getpgrp
                0x000000000000b0b4                sys_setsid
                0x000000000000b109                sys_oldolduname
                0x000000000000b121                sys_uname
                0x000000000000b16e                sys_umask
                0x000000000000b18c                sys_null
                0x000000000000b1b0                release
                0x000000000000b20a                do_kill
                0x000000000000b483                sys_kill
                0x000000000000b4b9                do_exit
                0x000000000000b64c                sys_exit
                0x000000000000b667                sys_waitpid
                0x000000000000b7ee                rs_init
                0x000000000000b846                rs_write
                0x000000000000b870                kernel_mktime
 *fill*         0x000000000000b8d7        0x1 90909090
 .text          0x000000000000b8d8      0x517 mm/mm.o
                0x000000000000b8d8                invalidate
                0x000000000000b8e1                copy_page
                0x000000000000b906                get_free_page
                0x000000000000b93e                free_page
                0x000000000000b99e                free_page_tables
                0x000000000000ba4e                copy_page_tables
                0x000000000000bb48                put_page
                0x000000000000bbf5                un_wp_page
                0x000000000000bc85                do_wp_page
                0x000000000000bcb5                write_verify
                0x000000000000bcf4                do_no_page
                0x000000000000bd24                calc_mem
                0x000000000000bdb8                page_fault
 *fill*         0x000000000000bdef        0x1 90909090
 .text          0x000000000000bdf0     0x508c fs/fs.o
                0x000000000000bdf0                sys_utime
                0x000000000000be59                sys_access
                0x000000000000bef0                sys_chdir
                0x000000000000bf53                sys_chroot
                0x000000000000bfb6                sys_chmod
                0x000000000000c04b                sys_chown
                0x000000000000c0b2                sys_open
                0x000000000000c246                sys_creat
                0x000000000000c269                sys_close
                0x000000000000c2f0                sys_lseek
                0x000000000000c3ac                sys_read
                0x000000000000c507                sys_write
                0x000000000000ca1b                sync_inodes
                0x000000000000ca65                bmap
                0x000000000000ca7e                create_block
                0x000000000000ca97                iput
                0x000000000000cb85                get_empty_inode
                0x000000000000cc73                get_pipe_inode
                0x000000000000ccba                iget
                0x000000000000cea7                sys_sync
                0x000000000000cf0f                brelse
                0x000000000000cf61                get_hash_table
                0x000000000000cfc0                getblk
                0x000000000000d25f                bread
                0x000000000000d2b9                buffer_init
                0x000000000000d354                do_mount
                0x000000000000d55f                mount_root
                0x000000000000d6b0                block_write
                0x000000000000d793                block_read
                0x000000000000d86a                ll_rw_block
                0x000000000000d933                rw_char
                0x000000000000d9a4                buffer_switch_case
                0x000000000000d9e3                file_switch_case
                0x000000000000daaa                sys_switch_case
                0x000000000000dae5                file_read
                0x000000000000dc90                file_write
                0x000000000000df32                sys_stat
                0x000000000000df77                sys_lstat
                0x000000000000df92                sys_fstat
                0x000000000000dfd5                sys_stat64
                0x000000000000e01a                sys_fstat64
                0x000000000000e05d                sys_lstat64
                0x000000000000e078                sys_oldstat
                0x000000000000e090                sys_oldfstat
                0x000000000000e1d4                cp_block
                0x000000000000e209                is_valid_elf
                0x000000000000e24e                read_file_block_ind
                0x000000000000e2e3                read_file_block
                0x000000000000e3e2                copy_section
                0x000000000000e4d0                create_bss_section
                0x000000000000e4f6                load_elf_binary
                0x000000000000e701                do_execve
                0x000000000000eb94                read_pipe
                0x000000000000ec2d                write_pipe
                0x000000000000ed26                sys_pipe
                0x000000000000f359                namei
                0x000000000000f40f                open_namei
                0x000000000000f675                sys_mkdir
                0x000000000000f92a                sys_rmdir
                0x000000000000fc9c                sys_unlink
                0x000000000000fe38                sys_link
                0x000000000000ffe0                free_block
                0x000000000001011b                new_block
                0x000000000001029e                free_inode
                0x00000000000103ca                new_inode
                0x00000000000105aa                sys_dup2
                0x00000000000105ca                sys_dup
                0x00000000000105da                sys_fcntl
                0x0000000000010697                sys_fcntl64
                0x00000000000106ec                sys_ioctl
                0x0000000000010789                tty_ioctl
                0x0000000000010a55                truncate
                0x0000000000010b60                sys_getdents
                0x0000000000010cee                sys_getdents64
 .text          0x0000000000010e7c        0x0 lib/lib.a(ctype.o)
 .text          0x0000000000010e7c        0xe lib/lib.a(_exit.o)
                0x0000000000010e7c                _exit
 *fill*         0x0000000000010e8a        0x2 90909090
 .text          0x0000000000010e8c       0x3d lib/lib.a(open.o)
                0x0000000000010e8c                open
 *fill*         0x0000000000010ec9        0x3 90909090
 .text          0x0000000000010ecc       0x23 lib/lib.a(close.o)
                0x0000000000010ecc                close
 *fill*         0x0000000000010eef        0x1 90909090
 .text          0x0000000000010ef0        0x0 lib/lib.a(errno.o)
 .text          0x0000000000010ef0       0x60 lib/lib.a(write.o)
                0x0000000000010ef0                write
                0x0000000000010f2d                switch_case
 .text          0x0000000000010f50       0x23 lib/lib.a(dup.o)
                0x0000000000010f50                dup
 *fill*         0x0000000000010f73        0x1 90909090
 .text          0x0000000000010f74       0x1e lib/lib.a(setsid.o)
                0x0000000000010f74                setsid
 *fill*         0x0000000000010f92        0x2 90909090
 .text          0x0000000000010f94       0x3d lib/lib.a(execve.o)
                0x0000000000010f94                execve
 *fill*         0x0000000000010fd1        0x3 90909090
 .text          0x0000000000010fd4       0x60 lib/lib.a(wait.o)
                0x0000000000010fd4                waitpid
                0x0000000000011011                wait
 .text          0x0000000000011034      0x421 lib/lib.a(string.o)
                0x0000000000011034                strcpy
                0x000000000001105c                strncpy
                0x000000000001108d                strcat
                0x00000000000110c2                strncat
                0x0000000000011101                strcmp
                0x000000000001112f                strncmp
                0x0000000000011164                strchr
                0x0000000000011182                strrchr
                0x00000000000111a3                strspn
                0x00000000000111f0                strcspn
                0x000000000001123d                strpbrk
                0x0000000000011282                strstr
                0x00000000000112c7                strlen
                0x00000000000112e0                strtok
                0x0000000000011371                memcpy
                0x0000000000011397                memmove
                0x00000000000113e5                memcmp
                0x0000000000011419                memchr
                0x000000000001143f                memset
 *(.gnu.warning)

.fini
 *(.fini)
                0x0000000000011455                PROVIDE (__etext, .)
                0x0000000000011455                PROVIDE (_etext, .)
                0x0000000000011455                PROVIDE (etext, .)

.rodata         0x0000000000011460     0x10e4
 *(.rodata .rodata.* .gnu.linkonce.r.*)
 .rodata.str1.1
                0x0000000000011460       0x68 init/main.o
 .rodata.str1.4
                0x00000000000114c8       0x25 init/main.o
 *fill*         0x00000000000114ed       0x13 00
 .rodata        0x0000000000011500      0x270 kernel/kernel.o
 .rodata.str1.1
                0x0000000000011770      0x319 kernel/kernel.o
                                        0x325 (size before relaxing)
 *fill*         0x0000000000011a89        0x3 00
 .rodata.str1.4
                0x0000000000011a8c      0x22c kernel/kernel.o
 .rodata.str1.4
                0x0000000000011cb8       0xe9 mm/mm.o
 .rodata.str1.1
                0x0000000000011da1       0x68 mm/mm.o
 *fill*         0x0000000000011e09       0x17 00
 .rodata        0x0000000000011e20       0xc4 fs/fs.o
 .rodata.str1.1
                0x0000000000011ee4      0x32c fs/fs.o
                                        0x332 (size before relaxing)
 .rodata.str1.4
                0x0000000000012210      0x334 fs/fs.o

.rodata1
 *(.rodata1)

.eh_frame_hdr
 *(.eh_frame_hdr)

.eh_frame       0x0000000000012544     0x292c
 *(.eh_frame)
 .eh_frame      0x0000000000012544       0x74 init/main.o
 .eh_frame      0x00000000000125b8     0x1414 kernel/kernel.o
                                       0x154c (size before relaxing)
 .eh_frame      0x00000000000139cc      0x1a8 mm/mm.o
                                        0x1c0 (size before relaxing)
 .eh_frame      0x0000000000013b74      0xf84 fs/fs.o
                                       0x1134 (size before relaxing)
 .eh_frame      0x0000000000014af8       0x1c lib/lib.a(_exit.o)
                                         0x34 (size before relaxing)
 .eh_frame      0x0000000000014b14       0x20 lib/lib.a(open.o)
                                         0x38 (size before relaxing)
 .eh_frame      0x0000000000014b34       0x1c lib/lib.a(close.o)
                                         0x34 (size before relaxing)
 .eh_frame      0x0000000000014b50       0x3c lib/lib.a(write.o)
                                         0x54 (size before relaxing)
 .eh_frame      0x0000000000014b8c       0x1c lib/lib.a(dup.o)
                                         0x34 (size before relaxing)
 .eh_frame      0x0000000000014ba8       0x14 lib/lib.a(setsid.o)
                                         0x2c (size before relaxing)
 .eh_frame      0x0000000000014bbc       0x20 lib/lib.a(execve.o)
                                         0x38 (size before relaxing)
 .eh_frame      0x0000000000014bdc       0x38 lib/lib.a(wait.o)
                                         0x50 (size before relaxing)
 .eh_frame      0x0000000000014c14      0x25c lib/lib.a(string.o)
                                        0x274 (size before relaxing)

.gcc_except_table
 *(.gcc_except_table .gcc_except_table.*)

.exception_ranges
 *(.exception_ranges .exception_ranges*)
                0x0000000000014e70                . = (ALIGN (0x1000) - ((0x1000 - .) & 0xfff))
                0x0000000000015000                . = DATA_SEGMENT_ALIGN (0x1000, 0x1000)

.eh_frame
 *(.eh_frame)

.gcc_except_table
 *(.gcc_except_table .gcc_except_table.*)

.exception_ranges
 *(.exception_ranges .exception_ranges*)

.tdata
 *(.tdata .tdata.* .gnu.linkonce.td.*)

.tbss
 *(.tbss .tbss.* .gnu.linkonce.tb.*)
 *(.tcommon)

.preinit_array  0x0000000000015000        0x0
                0x0000000000015000                PROVIDE (__preinit_array_start, .)
 *(.preinit_array)
                0x0000000000015000                PROVIDE (__preinit_array_end, .)

.init_array     0x0000000000015000        0x0
                0x0000000000015000                PROVIDE (__init_array_start, .)
 *(SORT(.init_array.*) SORT(.ctors.*))
 *(.init_array)
 *(EXCLUDE_FILE(*crtend?.o *crtend.o *crtbegin?.o *crtbegin.o) .ctors)
                0x0000000000015000                PROVIDE (__init_array_end, .)

.fini_array     0x0000000000015000        0x0
                0x0000000000015000                PROVIDE (__fini_array_start, .)
 *(SORT(.fini_array.*) SORT(.dtors.*))
 *(.fini_array)
 *(EXCLUDE_FILE(*crtend?.o *crtend.o *crtbegin?.o *crtbegin.o) .dtors)
                0x0000000000015000                PROVIDE (__fini_array_end, .)

.ctors
 *crtbegin.o(.ctors)
 *crtbegin?.o(.ctors)
 *(EXCLUDE_FILE(*crtend?.o *crtend.o) .ctors)
 *(SORT(.ctors.*))
 *(.ctors)

.dtors
 *crtbegin.o(.dtors)
 *crtbegin?.o(.dtors)
 *(EXCLUDE_FILE(*crtend?.o *crtend.o) .dtors)
 *(SORT(.dtors.*))
 *(.dtors)

.jcr
 *(.jcr)

.data.rel.ro
 *(.data.rel.ro.local* .gnu.linkonce.d.rel.ro.local.*)
 *(.data.rel.ro* .gnu.linkonce.d.rel.ro.*)

.dynamic
 *(.dynamic)

.got
 *(.got)
 *(.igot)
                0x0000000000015000                . = DATA_SEGMENT_RELRO_END (., 0xc)

.got.plt        0x0000000000015000        0x0
 *(.got.plt)
 *(.igot.plt)
 .igot.plt      0x0000000000000000        0x0 boot/head.o

.data           0x0000000000015000     0x3e64
 *(.data .data.* .gnu.linkonce.d.*)
 .data          0x0000000000015000        0x0 boot/head.o
 .data          0x0000000000015000       0x18 init/main.o
 *fill*         0x0000000000015018        0x8 00
 .data          0x0000000000015020     0x3d2c kernel/kernel.o
                0x0000000000015020                stack_start
                0x0000000000015040                task
                0x0000000000015140                current
                0x0000000000015160                sys_call_table
                0x0000000000016660                table_list
                0x0000000000016680                tty_table
 .data          0x0000000000018d4c        0x0 mm/mm.o
 .data          0x0000000000018d4c        0x4 fs/fs.o
                0x0000000000018d4c                start_buffer
 *fill*         0x0000000000018d50       0x10 00
 .data          0x0000000000018d60      0x101 lib/lib.a(ctype.o)
                0x0000000000018d60                _ctype
 *fill*         0x0000000000018e61        0x3 00
 .data          0x0000000000018e64        0x0 lib/lib.a(_exit.o)
 .data          0x0000000000018e64        0x0 lib/lib.a(open.o)
 .data          0x0000000000018e64        0x0 lib/lib.a(close.o)
 .data          0x0000000000018e64        0x0 lib/lib.a(errno.o)
 .data          0x0000000000018e64        0x0 lib/lib.a(write.o)
 .data          0x0000000000018e64        0x0 lib/lib.a(dup.o)
 .data          0x0000000000018e64        0x0 lib/lib.a(setsid.o)
 .data          0x0000000000018e64        0x0 lib/lib.a(execve.o)
 .data          0x0000000000018e64        0x0 lib/lib.a(wait.o)
 .data          0x0000000000018e64        0x0 lib/lib.a(string.o)

.data1
 *(.data1)
                0x0000000000018e64                _edata = .
                0x0000000000018e64                PROVIDE (edata, .)
                0x0000000000018e64                __bss_start = .

.bss            0x0000000000018e80     0x400c
 *(.dynbss)
 *(.bss .bss.* .gnu.linkonce.b.*)
 .bss           0x0000000000018e80        0x0 boot/head.o
 .bss           0x0000000000018e80      0x400 init/main.o
 .bss           0x0000000000019280      0xc84 kernel/kernel.o
                0x0000000000019280                last_task_used_math
                0x0000000000019284                startup_time
                0x0000000000019288                jiffies
                0x000000000001928c                last_pid
                0x00000000000196c0                f1_down_flag
                0x0000000000019960                do_hd
 *fill*         0x0000000000019f04       0x1c 00
 .bss           0x0000000000019f20      0xc00 mm/mm.o
 .bss           0x000000000001ab20      0x710 fs/fs.o
                0x000000000001ab20                inode_table
                0x000000000001b224                nr_buffers
 .bss           0x000000000001b230        0x0 lib/lib.a(ctype.o)
 .bss           0x000000000001b230        0x0 lib/lib.a(_exit.o)
 .bss           0x000000000001b230        0x0 lib/lib.a(open.o)
 .bss           0x000000000001b230        0x0 lib/lib.a(close.o)
 .bss           0x000000000001b230        0x0 lib/lib.a(errno.o)
 .bss           0x000000000001b230        0x0 lib/lib.a(write.o)
 .bss           0x000000000001b230        0x0 lib/lib.a(dup.o)
 .bss           0x000000000001b230        0x0 lib/lib.a(setsid.o)
 .bss           0x000000000001b230        0x0 lib/lib.a(execve.o)
 .bss           0x000000000001b230        0x0 lib/lib.a(wait.o)
 .bss           0x000000000001b230        0x0 lib/lib.a(string.o)
 *(COMMON)
 *fill*         0x000000000001b230       0x10 00
 COMMON         0x000000000001b240     0x1001 kernel/kernel.o
                0x000000000001b240                user_stack
                0x000000000001c240                character_for_input
 *fill*         0x000000000001c241       0x1f 00
 COMMON         0x000000000001c260      0xc20 fs/fs.o
                0x000000000001c260                hash_table
                0x000000000001c740                super_block
                0x000000000001ca80                file_table
 COMMON         0x000000000001ce80        0x1 lib/lib.a(ctype.o)
                0x000000000001ce80                _ctmp
 *fill*         0x000000000001ce81        0x3 00
 COMMON         0x000000000001ce84        0x4 lib/lib.a(errno.o)
                0x000000000001ce84                errno
 COMMON         0x000000000001ce88        0x4 lib/lib.a(string.o)
                0x000000000001ce88                ___strtok
                0x000000000001ce8c                . = ALIGN ((. != 0x0)?0x4:0x1)
                0x000000000001ce8c                . = ALIGN (0x4)
                0x000000000001ce8c                . = ALIGN (0x4)
                0x000000000001ce8c                _end = .
                0x000000000001ce8c                PROVIDE (end, .)
                0x000000000001ce8c                . = DATA_SEGMENT_END (.)

.stab
 *(.stab)

.stabstr
 *(.stabstr)

.stab.excl
 *(.stab.excl)

.stab.exclstr
 *(.stab.exclstr)

.stab.index
 *(.stab.index)

.stab.indexstr
 *(.stab.indexstr)

.comment        0x0000000000000000       0x2a
 *(.comment)
 .comment       0x0000000000000000       0x2a init/main.o
                                         0x2b (size before relaxing)
 .comment       0x0000000000000000      0x22f kernel/kernel.o
 .comment       0x0000000000000000       0x2b mm/mm.o
 .comment       0x0000000000000000      0x331 fs/fs.o
 .comment       0x0000000000000000       0x2b lib/lib.a(ctype.o)
 .comment       0x0000000000000000       0x2b lib/lib.a(_exit.o)
 .comment       0x0000000000000000       0x2b lib/lib.a(open.o)
 .comment       0x0000000000000000       0x2b lib/lib.a(close.o)
 .comment       0x0000000000000000       0x2b lib/lib.a(errno.o)
 .comment       0x0000000000000000       0x2b lib/lib.a(write.o)
 .comment       0x0000000000000000       0x2b lib/lib.a(dup.o)
 .comment       0x0000000000000000       0x2b lib/lib.a(setsid.o)
 .comment       0x0000000000000000       0x2b lib/lib.a(execve.o)
 .comment       0x0000000000000000       0x2b lib/lib.a(wait.o)
 .comment       0x0000000000000000       0x2b lib/lib.a(string.o)

.debug
 *(.debug)

.line
 *(.line)

.debug_srcinfo
 *(.debug_srcinfo)

.debug_sfnames
 *(.debug_sfnames)

.debug_aranges  0x0000000000000000      0x540
 *(.debug_aranges)
 .debug_aranges
                0x0000000000000000       0x20 init/main.o
 .debug_aranges
                0x0000000000000020      0x1a0 kernel/kernel.o
 .debug_aranges
                0x00000000000001c0       0x20 mm/mm.o
 .debug_aranges
                0x00000000000001e0      0x240 fs/fs.o
 .debug_aranges
                0x0000000000000420       0x20 lib/lib.a(_exit.o)
 .debug_aranges
                0x0000000000000440       0x20 lib/lib.a(open.o)
 .debug_aranges
                0x0000000000000460       0x20 lib/lib.a(close.o)
 .debug_aranges
                0x0000000000000480       0x20 lib/lib.a(write.o)
 .debug_aranges
                0x00000000000004a0       0x20 lib/lib.a(dup.o)
 .debug_aranges
                0x00000000000004c0       0x20 lib/lib.a(setsid.o)
 .debug_aranges
                0x00000000000004e0       0x20 lib/lib.a(execve.o)
 .debug_aranges
                0x0000000000000500       0x20 lib/lib.a(wait.o)
 .debug_aranges
                0x0000000000000520       0x20 lib/lib.a(string.o)

.debug_pubnames
 *(.debug_pubnames)

.debug_info     0x0000000000000000    0x1c293
 *(.debug_info .gnu.linkonce.wi.*)
 .debug_info    0x0000000000000000      0xccf init/main.o
 .debug_info    0x0000000000000ccf     0xa59f kernel/kernel.o
 .debug_info    0x000000000000b26e      0x4d6 mm/mm.o
 .debug_info    0x000000000000b744     0xe424 fs/fs.o
 .debug_info    0x0000000000019b68       0x70 lib/lib.a(ctype.o)
 .debug_info    0x0000000000019bd8      0x3af lib/lib.a(_exit.o)
 .debug_info    0x0000000000019f87      0x403 lib/lib.a(open.o)
 .debug_info    0x000000000001a38a      0x3ce lib/lib.a(close.o)
 .debug_info    0x000000000001a758       0x3f lib/lib.a(errno.o)
 .debug_info    0x000000000001a797      0x43a lib/lib.a(write.o)
 .debug_info    0x000000000001abd1      0x3ce lib/lib.a(dup.o)
 .debug_info    0x000000000001af9f      0x3cb lib/lib.a(setsid.o)
 .debug_info    0x000000000001b36a      0x3fc lib/lib.a(execve.o)
 .debug_info    0x000000000001b766      0x428 lib/lib.a(wait.o)
 .debug_info    0x000000000001bb8e      0x705 lib/lib.a(string.o)

.debug_abbrev   0x0000000000000000     0x4698
 *(.debug_abbrev)
 .debug_abbrev  0x0000000000000000      0x1d7 init/main.o
 .debug_abbrev  0x00000000000001d7     0x1a2f kernel/kernel.o
 .debug_abbrev  0x0000000000001c06      0x1af mm/mm.o
 .debug_abbrev  0x0000000000001db5     0x214e fs/fs.o
 .debug_abbrev  0x0000000000003f03       0x42 lib/lib.a(ctype.o)
 .debug_abbrev  0x0000000000003f45       0xa3 lib/lib.a(_exit.o)
 .debug_abbrev  0x0000000000003fe8       0xdc lib/lib.a(open.o)
 .debug_abbrev  0x00000000000040c4       0xb4 lib/lib.a(close.o)
 .debug_abbrev  0x0000000000004178       0x30 lib/lib.a(errno.o)
 .debug_abbrev  0x00000000000041a8       0xd7 lib/lib.a(write.o)
 .debug_abbrev  0x000000000000427f       0xb4 lib/lib.a(dup.o)
 .debug_abbrev  0x0000000000004333       0xb2 lib/lib.a(setsid.o)
 .debug_abbrev  0x00000000000043e5       0xbb lib/lib.a(execve.o)
 .debug_abbrev  0x00000000000044a0       0xd0 lib/lib.a(wait.o)
 .debug_abbrev  0x0000000000004570      0x128 lib/lib.a(string.o)

.debug_line     0x0000000000000000     0x3d5d
 *(.debug_line)
 .debug_line    0x0000000000000000      0x11e init/main.o
 .debug_line    0x000000000000011e     0x1a82 kernel/kernel.o
 .debug_line    0x0000000000001ba0      0x122 mm/mm.o
 .debug_line    0x0000000000001cc2     0x1bc8 fs/fs.o
 .debug_line    0x000000000000388a       0x28 lib/lib.a(ctype.o)
 .debug_line    0x00000000000038b2       0x50 lib/lib.a(_exit.o)
 .debug_line    0x0000000000003902       0x76 lib/lib.a(open.o)
 .debug_line    0x0000000000003978       0x6e lib/lib.a(close.o)
 .debug_line    0x00000000000039e6       0x28 lib/lib.a(errno.o)
 .debug_line    0x0000000000003a0e       0x97 lib/lib.a(write.o)
 .debug_line    0x0000000000003aa5       0x6c lib/lib.a(dup.o)
 .debug_line    0x0000000000003b11       0x88 lib/lib.a(setsid.o)
 .debug_line    0x0000000000003b99       0x73 lib/lib.a(execve.o)
 .debug_line    0x0000000000003c0c       0x90 lib/lib.a(wait.o)
 .debug_line    0x0000000000003c9c       0xc1 lib/lib.a(string.o)

.debug_frame
 *(.debug_frame)

.debug_str      0x0000000000000000     0x1d61
 *(.debug_str)
 .debug_str     0x0000000000000000      0x3f0 init/main.o
                                        0x4a2 (size before relaxing)
 .debug_str     0x00000000000003f0      0xe30 kernel/kernel.o
                                       0x3567 (size before relaxing)
 .debug_str     0x0000000000001220      0x123 mm/mm.o
                                        0x1be (size before relaxing)
 .debug_str     0x0000000000001343      0x956 fs/fs.o
                                       0x53d0 (size before relaxing)
 .debug_str     0x0000000000001c99       0x23 lib/lib.a(ctype.o)
                                         0x63 (size before relaxing)
 .debug_str     0x0000000000001cbc        0x8 lib/lib.a(_exit.o)
                                        0x281 (size before relaxing)
 .debug_str     0x0000000000000000        0x8 lib/lib.a(open.o)
                                        0x291 (size before relaxing)
 .debug_str     0x0000000000001cc4        0x8 lib/lib.a(close.o)
                                        0x283 (size before relaxing)
 .debug_str     0x0000000000001ccc        0x8 lib/lib.a(errno.o)
                                         0x35 (size before relaxing)
 .debug_str     0x0000000000000000        0x8 lib/lib.a(write.o)
                                        0x29b (size before relaxing)
 .debug_str     0x0000000000001cd4        0x6 lib/lib.a(dup.o)
                                        0x27b (size before relaxing)
 .debug_str     0x0000000000001cda        0x9 lib/lib.a(setsid.o)
                                        0x28b (size before relaxing)
 .debug_str     0x0000000000001ce3        0x9 lib/lib.a(execve.o)
                                        0x294 (size before relaxing)
 .debug_str     0x0000000000001cec       0x11 lib/lib.a(wait.o)
                                        0x2a1 (size before relaxing)
 .debug_str     0x0000000000001cfd       0x64 lib/lib.a(string.o)
                                         0xe9 (size before relaxing)

.debug_loc      0x0000000000000000     0xcd40
 *(.debug_loc)
 .debug_loc     0x0000000000000000      0x256 init/main.o
 .debug_loc     0x0000000000000256     0x5916 kernel/kernel.o
 .debug_loc     0x0000000000005b6c      0x640 mm/mm.o
 .debug_loc     0x00000000000061ac     0x6582 fs/fs.o
 .debug_loc     0x000000000000c72e       0x2c lib/lib.a(_exit.o)
 .debug_loc     0x000000000000c75a       0x3f lib/lib.a(open.o)
 .debug_loc     0x000000000000c799       0x3f lib/lib.a(close.o)
 .debug_loc     0x000000000000c7d8       0x96 lib/lib.a(write.o)
 .debug_loc     0x000000000000c86e       0x3f lib/lib.a(dup.o)
 .debug_loc     0x000000000000c8ad       0x13 lib/lib.a(setsid.o)
 .debug_loc     0x000000000000c8c0       0x57 lib/lib.a(execve.o)
 .debug_loc     0x000000000000c917       0x83 lib/lib.a(wait.o)
 .debug_loc     0x000000000000c99a      0x3a6 lib/lib.a(string.o)

.debug_macinfo
 *(.debug_macinfo)

.debug_weaknames
 *(.debug_weaknames)

.debug_funcnames
 *(.debug_funcnames)

.debug_typenames
 *(.debug_typenames)

.debug_varnames
 *(.debug_varnames)

.debug_pubtypes
 *(.debug_pubtypes)

.debug_ranges   0x0000000000000000      0x740
 *(.debug_ranges)
 .debug_ranges  0x0000000000000000      0x438 kernel/kernel.o
 .debug_ranges  0x0000000000000438      0x308 fs/fs.o

.gnu.attributes
 *(.gnu.attributes)

/DISCARD/
 *(.note.GNU-stack)
 *(.gnu_debuglink)
 *(.gnu.lto_*)
OUTPUT(tools/system elf32-i386)
