Archive member included because of file (symbol)

lib/lib.a(ctype.o)            kernel/kernel.o (_ctype)
lib/lib.a(_exit.o)            init/main.o (_exit)
lib/lib.a(open.o)             init/main.o (open)
lib/lib.a(close.o)            init/main.o (close)
lib/lib.a(errno.o)            init/main.o (errno)
lib/lib.a(write.o)            init/main.o (write)
lib/lib.a(dup.o)              init/main.o (dup)
lib/lib.a(setsid.o)           init/main.o (setsid)
lib/lib.a(execve.o)           init/main.o (execve)
lib/lib.a(wait.o)             init/main.o (wait)
lib/lib.a(string.o)           kernel/kernel.o (memcpy)

Allocating common symbols
Common symbol       size              file

errno               0x4               lib/lib.a(errno.o)
hash_table          0x4cc             fs/fs.o
___strtok           0x4               lib/lib.a(string.o)
user_stack          0x1000            kernel/kernel.o
_ctmp               0x1               lib/lib.a(ctype.o)
super_block         0x340             fs/fs.o
file_table          0x400             fs/fs.o

Discarded input sections

 .note.GNU-stack
                0x0000000000000000        0x0 init/main.o
 .note.GNU-stack
                0x0000000000000000        0x0 kernel/kernel.o
 .note.GNU-stack
                0x0000000000000000        0x0 mm/mm.o
 .note.GNU-stack
                0x0000000000000000        0x0 fs/fs.o
 .note.GNU-stack
                0x0000000000000000        0x0 lib/lib.a(ctype.o)
 .note.GNU-stack
                0x0000000000000000        0x0 lib/lib.a(_exit.o)
 .note.GNU-stack
                0x0000000000000000        0x0 lib/lib.a(open.o)
 .note.GNU-stack
                0x0000000000000000        0x0 lib/lib.a(close.o)
 .note.GNU-stack
                0x0000000000000000        0x0 lib/lib.a(errno.o)
 .note.GNU-stack
                0x0000000000000000        0x0 lib/lib.a(write.o)
 .note.GNU-stack
                0x0000000000000000        0x0 lib/lib.a(dup.o)
 .note.GNU-stack
                0x0000000000000000        0x0 lib/lib.a(setsid.o)
 .note.GNU-stack
                0x0000000000000000        0x0 lib/lib.a(execve.o)
 .note.GNU-stack
                0x0000000000000000        0x0 lib/lib.a(wait.o)
 .note.GNU-stack
                0x0000000000000000        0x0 lib/lib.a(string.o)

Memory Configuration

Name             Origin             Length             Attributes
*default*        0x0000000000000000 0xffffffffffffffff

Linker script and memory map

Address of section .text set to 0x0
LOAD boot/head.o
LOAD init/main.o
LOAD kernel/kernel.o
LOAD mm/mm.o
LOAD fs/fs.o
LOAD lib/lib.a
                0x0000000008048000                PROVIDE (__executable_start, 0x8048000)
                0x0000000008048094                . = (0x8048000 + SIZEOF_HEADERS)

.interp
 *(.interp)

.note.gnu.build-id
 *(.note.gnu.build-id)

.hash
 *(.hash)

.gnu.hash
 *(.gnu.hash)

.dynsym
 *(.dynsym)

.dynstr
 *(.dynstr)

.gnu.version
 *(.gnu.version)

.gnu.version_d
 *(.gnu.version_d)

.gnu.version_r
 *(.gnu.version_r)

.rel.dyn        0x0000000008048094        0x0
 *(.rel.init)
 *(.rel.text .rel.text.* .rel.gnu.linkonce.t.*)
 .rel.text      0x0000000000000000        0x0 boot/head.o
 *(.rel.fini)
 *(.rel.rodata .rel.rodata.* .rel.gnu.linkonce.r.*)
 *(.rel.data.rel.ro* .rel.gnu.linkonce.d.rel.ro.*)
 *(.rel.data .rel.data.* .rel.gnu.linkonce.d.*)
 .rel.data      0x0000000000000000        0x0 boot/head.o
 *(.rel.tdata .rel.tdata.* .rel.gnu.linkonce.td.*)
 *(.rel.tbss .rel.tbss.* .rel.gnu.linkonce.tb.*)
 *(.rel.ctors)
 *(.rel.dtors)
 *(.rel.got)
 *(.rel.bss .rel.bss.* .rel.gnu.linkonce.b.*)
 *(.rel.ifunc)

.rel.plt        0x0000000008048094        0x0
 *(.rel.plt)
                0x0000000008048094                PROVIDE (__rel_iplt_start, .)
 *(.rel.iplt)
 .rel.iplt      0x0000000000000000        0x0 boot/head.o
                0x0000000008048094                PROVIDE (__rel_iplt_end, .)

.init
 *(.init)

.plt            0x00000000080480a0        0x0
 *(.plt)
 *(.iplt)
 .iplt          0x0000000000000000        0x0 boot/head.o

.text           0x0000000000000000     0xfdb5
 *(.text.unlikely .text.*_unlikely)
 *(.text.exit .text.exit.*)
 *(.text.startup .text.startup.*)
 *(.text.hot .text.hot.*)
 *(.text .stub .text.* .gnu.linkonce.t.*)
 .text          0x0000000000000000     0x5078 boot/head.o
                0x0000000000000000                startup_32
                0x0000000000000000                pg_dir
                0x0000000000004078                idt
                0x0000000000004878                gdt
 *fill*         0x0000000000005078        0x8 90909090
 .text          0x0000000000005080      0x370 init/main.o
                0x00000000000050c1                init
                0x0000000000005232                main
 .text          0x00000000000053f0     0x4fa7 kernel/kernel.o
                0x00000000000053f0                sys_alarm
                0x0000000000005417                sys_getpid
                0x0000000000005423                sys_getppid
                0x000000000000542f                sys_getuid
                0x000000000000543c                sys_geteuid
                0x0000000000005449                sys_getgid
                0x0000000000005456                sys_getegid
                0x0000000000005463                sys_nice
                0x000000000000547c                sys_signal
                0x00000000000054b9                math_state_restore
                0x00000000000054f0                schedule
                0x00000000000055e1                sys_pause
                0x00000000000055f7                sleep_on
                0x0000000000005651                interruptible_sleep_on
                0x00000000000056bb                wake_up
                0x00000000000056d7                do_timer
                0x000000000000571d                sched_init
                0x0000000000005844                system_call
                0x0000000000005936                timer_interrupt
                0x000000000000596e                sys_execve
                0x000000000000597c                sys_fork
                0x0000000000005994                hd_interrupt
                0x0000000000005b41                do_double_fault
                0x0000000000005b5a                do_general_protection
                0x0000000000005b73                do_divide_error
                0x0000000000005b8c                do_int3
                0x0000000000005c44                do_nmi
                0x0000000000005c5d                do_debug
                0x0000000000005c76                do_overflow
                0x0000000000005c8f                do_bounds
                0x0000000000005ca8                do_invalid_op
                0x0000000000005cc1                do_device_not_available
                0x0000000000005cda                do_coprocessor_segment_overrun
                0x0000000000005cf3                do_invalid_TSS
                0x0000000000005d0c                do_segment_not_present
                0x0000000000005d25                do_stack_segment
                0x0000000000005d3e                do_coprocessor_error
                0x0000000000005d57                do_reserved
                0x0000000000005d70                trap_init
                0x0000000000005f2c                divide_error
                0x0000000000005f61                debug
                0x0000000000005f68                nmi
                0x0000000000005f6f                int3
                0x0000000000005f76                overflow
                0x0000000000005f7d                bounds
                0x0000000000005f84                invalid_op
                0x0000000000005f93                device_not_available
                0x0000000000005fc0                coprocessor_segment_overrun
                0x0000000000005fca                reserved
                0x0000000000005fd4                coprocessor_error
                0x0000000000005fde                double_fault
                0x0000000000006015                invalid_TSS
                0x000000000000601c                segment_not_present
                0x0000000000006023                stack_segment
                0x000000000000602a                general_protection
                0x0000000000006034                verify_area
                0x0000000000006099                copy_mem
                0x000000000000618f                copy_process
                0x000000000000641e                find_empty_process
                0x0000000000006480                panic
                0x000000000000649c                printk
                0x0000000000006726                vsprintf
                0x0000000000006a90                tty_init
                0x0000000000006aa1                tty_intr
                0x0000000000006ae6                copy_to_cooked
                0x0000000000006d66                tty_read
                0x000000000000702c                tty_write
                0x0000000000007209                do_tty_interrupt
                0x0000000000007435                tool_dir
                0x0000000000007459                fill_list
                0x0000000000007539                tool_start
                0x00000000000075ec                draw_list
                0x0000000000007787                mark_selected
                0x00000000000077ef                set_path_name
                0x0000000000007908                csi_m
                0x0000000000007963                con_write
                0x00000000000082ea                con_init
                0x000000000000836d                f1_down
                0x0000000000008378                f1_up
                0x0000000000008383                tool_draw
                0x000000000000851c                getDirectoriums
                0x00000000000085f9                arr_down
                0x0000000000008632                arr_up
                0x0000000000008663                testArr
                0x0000000000008676                print_name_and_index
                0x00000000000086e7                keyboard_interrupt
                0x0000000000008f0c                rs1_interrupt
                0x0000000000008f14                rs2_interrupt
                0x0000000000009679                rw_hd
                0x0000000000009722                sys_setup
                0x0000000000009821                unexpected_hd_interrupt
                0x0000000000009834                hd_init
                0x00000000000098a4                sys_ftime
                0x00000000000098aa                sys_mknod
                0x00000000000098b0                sys_break
                0x00000000000098b6                sys_mount
                0x00000000000098bc                sys_umount
                0x00000000000098c2                sys_ustat
                0x00000000000098c8                sys_ptrace
                0x00000000000098ce                sys_stty
                0x00000000000098d4                sys_gtty
                0x00000000000098da                sys_rename
                0x00000000000098e0                sys_prof
                0x00000000000098e6                sys_setgid
                0x0000000000009943                sys_acct
                0x0000000000009949                sys_phys
                0x000000000000994f                sys_lock
                0x0000000000009955                sys_mpx
                0x000000000000995b                sys_ulimit
                0x0000000000009961                sys_time
                0x00000000000099b4                sys_setuid
                0x0000000000009a0d                sys_stime
                0x0000000000009a5a                sys_times
                0x0000000000009ab3                sys_brk
                0x0000000000009ae6                sys_setpgid
                0x0000000000009b5b                sys_getpgrp
                0x0000000000009b67                sys_setsid
                0x0000000000009bbc                sys_oldolduname
                0x0000000000009bd4                sys_uname
                0x0000000000009c21                sys_umask
                0x0000000000009c3f                sys_null
                0x0000000000009c70                release
                0x0000000000009cca                do_kill
                0x0000000000009f43                sys_kill
                0x0000000000009f79                do_exit
                0x000000000000a10c                sys_exit
                0x000000000000a127                sys_waitpid
                0x000000000000a2ae                rs_init
                0x000000000000a306                rs_write
                0x000000000000a330                kernel_mktime
 *fill*         0x000000000000a397        0x1 90909090
 .text          0x000000000000a398      0x517 mm/mm.o
                0x000000000000a398                invalidate
                0x000000000000a3a1                copy_page
                0x000000000000a3c6                get_free_page
                0x000000000000a3fe                free_page
                0x000000000000a45e                free_page_tables
                0x000000000000a50e                copy_page_tables
                0x000000000000a608                put_page
                0x000000000000a6b5                un_wp_page
                0x000000000000a745                do_wp_page
                0x000000000000a775                write_verify
                0x000000000000a7b4                do_no_page
                0x000000000000a7e4                calc_mem
                0x000000000000a878                page_fault
 *fill*         0x000000000000a8af        0x1 90909090
 .text          0x000000000000a8b0     0x4f4c fs/fs.o
                0x000000000000a8b0                sys_utime
                0x000000000000a919                sys_access
                0x000000000000a9b0                sys_chdir
                0x000000000000aa13                sys_chroot
                0x000000000000aa76                sys_chmod
                0x000000000000ab0b                sys_chown
                0x000000000000ab72                sys_open
                0x000000000000ad06                sys_creat
                0x000000000000ad29                sys_close
                0x000000000000adb0                sys_lseek
                0x000000000000ae6c                sys_read
                0x000000000000afc7                sys_write
                0x000000000000b4db                sync_inodes
                0x000000000000b525                bmap
                0x000000000000b53e                create_block
                0x000000000000b557                iput
                0x000000000000b645                get_empty_inode
                0x000000000000b733                get_pipe_inode
                0x000000000000b77a                iget
                0x000000000000b967                sys_sync
                0x000000000000b9cf                brelse
                0x000000000000ba21                get_hash_table
                0x000000000000ba80                getblk
                0x000000000000bd1f                bread
                0x000000000000bd79                buffer_init
                0x000000000000be14                do_mount
                0x000000000000c01f                mount_root
                0x000000000000c170                block_write
                0x000000000000c253                block_read
                0x000000000000c32a                ll_rw_block
                0x000000000000c3f3                rw_char
                0x000000000000c464                file_read
                0x000000000000c60f                file_write
                0x000000000000c8ae                sys_stat
                0x000000000000c8f3                sys_lstat
                0x000000000000c90e                sys_fstat
                0x000000000000c951                sys_stat64
                0x000000000000c996                sys_fstat64
                0x000000000000c9d9                sys_lstat64
                0x000000000000c9f4                sys_oldstat
                0x000000000000ca0c                sys_oldfstat
                0x000000000000cb54                cp_block
                0x000000000000cb89                is_valid_elf
                0x000000000000cbce                read_file_block_ind
                0x000000000000cc63                read_file_block
                0x000000000000cd62                copy_section
                0x000000000000ce50                create_bss_section
                0x000000000000ce76                load_elf_binary
                0x000000000000d081                do_execve
                0x000000000000d514                read_pipe
                0x000000000000d5ad                write_pipe
                0x000000000000d6a6                sys_pipe
                0x000000000000dcd9                namei
                0x000000000000dd8f                open_namei
                0x000000000000dff5                sys_mkdir
                0x000000000000e2aa                sys_rmdir
                0x000000000000e61c                sys_unlink
                0x000000000000e7b8                sys_link
                0x000000000000e960                free_block
                0x000000000000ea9b                new_block
                0x000000000000ec1e                free_inode
                0x000000000000ed4a                new_inode
                0x000000000000ef2a                sys_dup2
                0x000000000000ef4a                sys_dup
                0x000000000000ef5a                sys_fcntl
                0x000000000000f017                sys_fcntl64
                0x000000000000f06c                sys_ioctl
                0x000000000000f109                tty_ioctl
                0x000000000000f3d5                truncate
                0x000000000000f4e0                sys_getdents
                0x000000000000f66e                sys_getdents64
 .text          0x000000000000f7fc        0x0 lib/lib.a(ctype.o)
 .text          0x000000000000f7fc        0xe lib/lib.a(_exit.o)
                0x000000000000f7fc                _exit
 *fill*         0x000000000000f80a        0x2 90909090
 .text          0x000000000000f80c       0x3d lib/lib.a(open.o)
                0x000000000000f80c                open
 *fill*         0x000000000000f849        0x3 90909090
 .text          0x000000000000f84c       0x23 lib/lib.a(close.o)
                0x000000000000f84c                close
 *fill*         0x000000000000f86f        0x1 90909090
 .text          0x000000000000f870        0x0 lib/lib.a(errno.o)
 .text          0x000000000000f870       0x3d lib/lib.a(write.o)
                0x000000000000f870                write
 *fill*         0x000000000000f8ad        0x3 90909090
 .text          0x000000000000f8b0       0x23 lib/lib.a(dup.o)
                0x000000000000f8b0                dup
 *fill*         0x000000000000f8d3        0x1 90909090
 .text          0x000000000000f8d4       0x1e lib/lib.a(setsid.o)
                0x000000000000f8d4                setsid
 *fill*         0x000000000000f8f2        0x2 90909090
 .text          0x000000000000f8f4       0x3d lib/lib.a(execve.o)
                0x000000000000f8f4                execve
 *fill*         0x000000000000f931        0x3 90909090
 .text          0x000000000000f934       0x60 lib/lib.a(wait.o)
                0x000000000000f934                waitpid
                0x000000000000f971                wait
 .text          0x000000000000f994      0x421 lib/lib.a(string.o)
                0x000000000000f994                strcpy
                0x000000000000f9bc                strncpy
                0x000000000000f9ed                strcat
                0x000000000000fa22                strncat
                0x000000000000fa61                strcmp
                0x000000000000fa8f                strncmp
                0x000000000000fac4                strchr
                0x000000000000fae2                strrchr
                0x000000000000fb03                strspn
                0x000000000000fb50                strcspn
                0x000000000000fb9d                strpbrk
                0x000000000000fbe2                strstr
                0x000000000000fc27                strlen
                0x000000000000fc40                strtok
                0x000000000000fcd1                memcpy
                0x000000000000fcf7                memmove
                0x000000000000fd45                memcmp
                0x000000000000fd79                memchr
                0x000000000000fd9f                memset
 *(.gnu.warning)

.fini
 *(.fini)
                0x000000000000fdb5                PROVIDE (__etext, .)
                0x000000000000fdb5                PROVIDE (_etext, .)
                0x000000000000fdb5                PROVIDE (etext, .)

.rodata         0x000000000000fdc0     0x1044
 *(.rodata .rodata.* .gnu.linkonce.r.*)
 .rodata.str1.1
                0x000000000000fdc0       0x68 init/main.o
 .rodata.str1.4
                0x000000000000fe28       0x25 init/main.o
 *fill*         0x000000000000fe4d       0x13 00
 .rodata        0x000000000000fe60      0x270 kernel/kernel.o
 .rodata.str1.1
                0x00000000000100d0      0x28f kernel/kernel.o
                                        0x299 (size before relaxing)
 *fill*         0x000000000001035f        0x1 00
 .rodata.str1.4
                0x0000000000010360      0x22c kernel/kernel.o
 .rodata.str1.4
                0x000000000001058c       0xe9 mm/mm.o
 .rodata.str1.1
                0x0000000000010675       0x68 mm/mm.o
 *fill*         0x00000000000106dd        0x3 00
 .rodata        0x00000000000106e0       0xc4 fs/fs.o
 .rodata.str1.1
                0x00000000000107a4      0x32c fs/fs.o
                                        0x332 (size before relaxing)
 .rodata.str1.4
                0x0000000000010ad0      0x334 fs/fs.o

.rodata1
 *(.rodata1)

.eh_frame_hdr
 *(.eh_frame_hdr)

.eh_frame       0x0000000000010e04     0x235c
 *(.eh_frame)
 .eh_frame      0x0000000000010e04       0x74 init/main.o
 .eh_frame      0x0000000000010e78      0xed8 kernel/kernel.o
                                       0x1010 (size before relaxing)
 .eh_frame      0x0000000000011d50      0x1a8 mm/mm.o
                                        0x1c0 (size before relaxing)
 .eh_frame      0x0000000000011ef8      0xf0c fs/fs.o
                                       0x10bc (size before relaxing)
 .eh_frame      0x0000000000012e04       0x1c lib/lib.a(_exit.o)
                                         0x34 (size before relaxing)
 .eh_frame      0x0000000000012e20       0x20 lib/lib.a(open.o)
                                         0x38 (size before relaxing)
 .eh_frame      0x0000000000012e40       0x1c lib/lib.a(close.o)
                                         0x34 (size before relaxing)
 .eh_frame      0x0000000000012e5c       0x20 lib/lib.a(write.o)
                                         0x38 (size before relaxing)
 .eh_frame      0x0000000000012e7c       0x1c lib/lib.a(dup.o)
                                         0x34 (size before relaxing)
 .eh_frame      0x0000000000012e98       0x14 lib/lib.a(setsid.o)
                                         0x2c (size before relaxing)
 .eh_frame      0x0000000000012eac       0x20 lib/lib.a(execve.o)
                                         0x38 (size before relaxing)
 .eh_frame      0x0000000000012ecc       0x38 lib/lib.a(wait.o)
                                         0x50 (size before relaxing)
 .eh_frame      0x0000000000012f04      0x25c lib/lib.a(string.o)
                                        0x274 (size before relaxing)

.gcc_except_table
 *(.gcc_except_table .gcc_except_table.*)

.exception_ranges
 *(.exception_ranges .exception_ranges*)
                0x0000000000013160                . = (ALIGN (0x1000) - ((0x1000 - .) & 0xfff))
                0x0000000000014160                . = DATA_SEGMENT_ALIGN (0x1000, 0x1000)

.eh_frame
 *(.eh_frame)

.gcc_except_table
 *(.gcc_except_table .gcc_except_table.*)

.exception_ranges
 *(.exception_ranges .exception_ranges*)

.tdata
 *(.tdata .tdata.* .gnu.linkonce.td.*)

.tbss
 *(.tbss .tbss.* .gnu.linkonce.tb.*)
 *(.tcommon)

.preinit_array  0x0000000000014160        0x0
                0x0000000000014160                PROVIDE (__preinit_array_start, .)
 *(.preinit_array)
                0x0000000000014160                PROVIDE (__preinit_array_end, .)

.init_array     0x0000000000014160        0x0
                0x0000000000014160                PROVIDE (__init_array_start, .)
 *(SORT(.init_array.*) SORT(.ctors.*))
 *(.init_array)
 *(EXCLUDE_FILE(*crtend?.o *crtend.o *crtbegin?.o *crtbegin.o) .ctors)
                0x0000000000014160                PROVIDE (__init_array_end, .)

.fini_array     0x0000000000014160        0x0
                0x0000000000014160                PROVIDE (__fini_array_start, .)
 *(SORT(.fini_array.*) SORT(.dtors.*))
 *(.fini_array)
 *(EXCLUDE_FILE(*crtend?.o *crtend.o *crtbegin?.o *crtbegin.o) .dtors)
                0x0000000000014160                PROVIDE (__fini_array_end, .)

.ctors
 *crtbegin.o(.ctors)
 *crtbegin?.o(.ctors)
 *(EXCLUDE_FILE(*crtend?.o *crtend.o) .ctors)
 *(SORT(.ctors.*))
 *(.ctors)

.dtors
 *crtbegin.o(.dtors)
 *crtbegin?.o(.dtors)
 *(EXCLUDE_FILE(*crtend?.o *crtend.o) .dtors)
 *(SORT(.dtors.*))
 *(.dtors)

.jcr
 *(.jcr)

.data.rel.ro
 *(.data.rel.ro.local* .gnu.linkonce.d.rel.ro.local.*)
 *(.data.rel.ro* .gnu.linkonce.d.rel.ro.*)

.dynamic
 *(.dynamic)

.got
 *(.got)
 *(.igot)
                0x0000000000014160                . = DATA_SEGMENT_RELRO_END (., 0xc)

.got.plt        0x0000000000014160        0x0
 *(.got.plt)
 *(.igot.plt)
 .igot.plt      0x0000000000000000        0x0 boot/head.o

.data           0x0000000000014160     0x3e64
 *(.data .data.* .gnu.linkonce.d.*)
 .data          0x0000000000014160        0x0 boot/head.o
 .data          0x0000000000014160       0x18 init/main.o
 *fill*         0x0000000000014178        0x8 00
 .data          0x0000000000014180     0x3d2c kernel/kernel.o
                0x0000000000014180                stack_start
                0x00000000000141a0                task
                0x00000000000142a0                current
                0x00000000000142c0                sys_call_table
                0x00000000000157c0                table_list
                0x00000000000157e0                tty_table
 .data          0x0000000000017eac        0x0 mm/mm.o
 .data          0x0000000000017eac        0x4 fs/fs.o
                0x0000000000017eac                start_buffer
 *fill*         0x0000000000017eb0       0x10 00
 .data          0x0000000000017ec0      0x101 lib/lib.a(ctype.o)
                0x0000000000017ec0                _ctype
 *fill*         0x0000000000017fc1        0x3 00
 .data          0x0000000000017fc4        0x0 lib/lib.a(_exit.o)
 .data          0x0000000000017fc4        0x0 lib/lib.a(open.o)
 .data          0x0000000000017fc4        0x0 lib/lib.a(close.o)
 .data          0x0000000000017fc4        0x0 lib/lib.a(errno.o)
 .data          0x0000000000017fc4        0x0 lib/lib.a(write.o)
 .data          0x0000000000017fc4        0x0 lib/lib.a(dup.o)
 .data          0x0000000000017fc4        0x0 lib/lib.a(setsid.o)
 .data          0x0000000000017fc4        0x0 lib/lib.a(execve.o)
 .data          0x0000000000017fc4        0x0 lib/lib.a(wait.o)
 .data          0x0000000000017fc4        0x0 lib/lib.a(string.o)

.data1
 *(.data1)
                0x0000000000017fc4                _edata = .
                0x0000000000017fc4                PROVIDE (edata, .)
                0x0000000000017fc4                __bss_start = .

.bss            0x0000000000017fe0     0x3e6c
 *(.dynbss)
 *(.bss .bss.* .gnu.linkonce.b.*)
 .bss           0x0000000000017fe0        0x0 boot/head.o
 .bss           0x0000000000017fe0      0x400 init/main.o
 .bss           0x00000000000183e0      0xb0c kernel/kernel.o
                0x00000000000183e0                last_task_used_math
                0x00000000000183e4                startup_time
                0x00000000000183e8                jiffies
                0x00000000000183ec                last_pid
                0x0000000000018820                f1_down_flag
                0x00000000000189e0                do_hd
 *fill*         0x0000000000018eec       0x14 00
 .bss           0x0000000000018f00      0xc00 mm/mm.o
 .bss           0x0000000000019b00      0x710 fs/fs.o
                0x0000000000019b00                inode_table
                0x000000000001a204                nr_buffers
 .bss           0x000000000001a210        0x0 lib/lib.a(ctype.o)
 .bss           0x000000000001a210        0x0 lib/lib.a(_exit.o)
 .bss           0x000000000001a210        0x0 lib/lib.a(open.o)
 .bss           0x000000000001a210        0x0 lib/lib.a(close.o)
 .bss           0x000000000001a210        0x0 lib/lib.a(errno.o)
 .bss           0x000000000001a210        0x0 lib/lib.a(write.o)
 .bss           0x000000000001a210        0x0 lib/lib.a(dup.o)
 .bss           0x000000000001a210        0x0 lib/lib.a(setsid.o)
 .bss           0x000000000001a210        0x0 lib/lib.a(execve.o)
 .bss           0x000000000001a210        0x0 lib/lib.a(wait.o)
 .bss           0x000000000001a210        0x0 lib/lib.a(string.o)
 *(COMMON)
 *fill*         0x000000000001a210       0x10 00
 COMMON         0x000000000001a220     0x1000 kernel/kernel.o
                0x000000000001a220                user_stack
 COMMON         0x000000000001b220      0xc20 fs/fs.o
                0x000000000001b220                hash_table
                0x000000000001b700                super_block
                0x000000000001ba40                file_table
 COMMON         0x000000000001be40        0x1 lib/lib.a(ctype.o)
                0x000000000001be40                _ctmp
 *fill*         0x000000000001be41        0x3 00
 COMMON         0x000000000001be44        0x4 lib/lib.a(errno.o)
                0x000000000001be44                errno
 COMMON         0x000000000001be48        0x4 lib/lib.a(string.o)
                0x000000000001be48                ___strtok
                0x000000000001be4c                . = ALIGN ((. != 0x0)?0x4:0x1)
                0x000000000001be4c                . = ALIGN (0x4)
                0x000000000001be4c                . = ALIGN (0x4)
                0x000000000001be4c                _end = .
                0x000000000001be4c                PROVIDE (end, .)
                0x000000000001be4c                . = DATA_SEGMENT_END (.)

.stab
 *(.stab)

.stabstr
 *(.stabstr)

.stab.excl
 *(.stab.excl)

.stab.exclstr
 *(.stab.exclstr)

.stab.index
 *(.stab.index)

.stab.indexstr
 *(.stab.indexstr)

.comment        0x0000000000000000       0x2a
 *(.comment)
 .comment       0x0000000000000000       0x2a init/main.o
                                         0x2b (size before relaxing)
 .comment       0x0000000000000000      0x22f kernel/kernel.o
 .comment       0x0000000000000000       0x2b mm/mm.o
 .comment       0x0000000000000000      0x331 fs/fs.o
 .comment       0x0000000000000000       0x2b lib/lib.a(ctype.o)
 .comment       0x0000000000000000       0x2b lib/lib.a(_exit.o)
 .comment       0x0000000000000000       0x2b lib/lib.a(open.o)
 .comment       0x0000000000000000       0x2b lib/lib.a(close.o)
 .comment       0x0000000000000000       0x2b lib/lib.a(errno.o)
 .comment       0x0000000000000000       0x2b lib/lib.a(write.o)
 .comment       0x0000000000000000       0x2b lib/lib.a(dup.o)
 .comment       0x0000000000000000       0x2b lib/lib.a(setsid.o)
 .comment       0x0000000000000000       0x2b lib/lib.a(execve.o)
 .comment       0x0000000000000000       0x2b lib/lib.a(wait.o)
 .comment       0x0000000000000000       0x2b lib/lib.a(string.o)

.debug
 *(.debug)

.line
 *(.line)

.debug_srcinfo
 *(.debug_srcinfo)

.debug_sfnames
 *(.debug_sfnames)

.debug_aranges  0x0000000000000000      0x540
 *(.debug_aranges)
 .debug_aranges
                0x0000000000000000       0x20 init/main.o
 .debug_aranges
                0x0000000000000020      0x1a0 kernel/kernel.o
 .debug_aranges
                0x00000000000001c0       0x20 mm/mm.o
 .debug_aranges
                0x00000000000001e0      0x240 fs/fs.o
 .debug_aranges
                0x0000000000000420       0x20 lib/lib.a(_exit.o)
 .debug_aranges
                0x0000000000000440       0x20 lib/lib.a(open.o)
 .debug_aranges
                0x0000000000000460       0x20 lib/lib.a(close.o)
 .debug_aranges
                0x0000000000000480       0x20 lib/lib.a(write.o)
 .debug_aranges
                0x00000000000004a0       0x20 lib/lib.a(dup.o)
 .debug_aranges
                0x00000000000004c0       0x20 lib/lib.a(setsid.o)
 .debug_aranges
                0x00000000000004e0       0x20 lib/lib.a(execve.o)
 .debug_aranges
                0x0000000000000500       0x20 lib/lib.a(wait.o)
 .debug_aranges
                0x0000000000000520       0x20 lib/lib.a(string.o)

.debug_pubnames
 *(.debug_pubnames)

.debug_info     0x0000000000000000    0x1ab50
 *(.debug_info .gnu.linkonce.wi.*)
 .debug_info    0x0000000000000000      0xccf init/main.o
 .debug_info    0x0000000000000ccf     0x8fe7 kernel/kernel.o
 .debug_info    0x0000000000009cb6      0x4d6 mm/mm.o
 .debug_info    0x000000000000a18c     0xe2d3 fs/fs.o
 .debug_info    0x000000000001845f       0x70 lib/lib.a(ctype.o)
 .debug_info    0x00000000000184cf      0x3af lib/lib.a(_exit.o)
 .debug_info    0x000000000001887e      0x403 lib/lib.a(open.o)
 .debug_info    0x0000000000018c81      0x3ce lib/lib.a(close.o)
 .debug_info    0x000000000001904f       0x3f lib/lib.a(errno.o)
 .debug_info    0x000000000001908e      0x400 lib/lib.a(write.o)
 .debug_info    0x000000000001948e      0x3ce lib/lib.a(dup.o)
 .debug_info    0x000000000001985c      0x3cb lib/lib.a(setsid.o)
 .debug_info    0x0000000000019c27      0x3fc lib/lib.a(execve.o)
 .debug_info    0x000000000001a023      0x428 lib/lib.a(wait.o)
 .debug_info    0x000000000001a44b      0x705 lib/lib.a(string.o)

.debug_abbrev   0x0000000000000000     0x446f
 *(.debug_abbrev)
 .debug_abbrev  0x0000000000000000      0x1d7 init/main.o
 .debug_abbrev  0x00000000000001d7     0x1826 kernel/kernel.o
 .debug_abbrev  0x00000000000019fd      0x1af mm/mm.o
 .debug_abbrev  0x0000000000001bac     0x212e fs/fs.o
 .debug_abbrev  0x0000000000003cda       0x42 lib/lib.a(ctype.o)
 .debug_abbrev  0x0000000000003d1c       0xa3 lib/lib.a(_exit.o)
 .debug_abbrev  0x0000000000003dbf       0xdc lib/lib.a(open.o)
 .debug_abbrev  0x0000000000003e9b       0xb4 lib/lib.a(close.o)
 .debug_abbrev  0x0000000000003f4f       0x30 lib/lib.a(errno.o)
 .debug_abbrev  0x0000000000003f7f       0xd7 lib/lib.a(write.o)
 .debug_abbrev  0x0000000000004056       0xb4 lib/lib.a(dup.o)
 .debug_abbrev  0x000000000000410a       0xb2 lib/lib.a(setsid.o)
 .debug_abbrev  0x00000000000041bc       0xbb lib/lib.a(execve.o)
 .debug_abbrev  0x0000000000004277       0xd0 lib/lib.a(wait.o)
 .debug_abbrev  0x0000000000004347      0x128 lib/lib.a(string.o)

.debug_line     0x0000000000000000     0x37f3
 *(.debug_line)
 .debug_line    0x0000000000000000      0x11e init/main.o
 .debug_line    0x000000000000011e     0x1563 kernel/kernel.o
 .debug_line    0x0000000000001681      0x122 mm/mm.o
 .debug_line    0x00000000000017a3     0x1b88 fs/fs.o
 .debug_line    0x000000000000332b       0x28 lib/lib.a(ctype.o)
 .debug_line    0x0000000000003353       0x50 lib/lib.a(_exit.o)
 .debug_line    0x00000000000033a3       0x76 lib/lib.a(open.o)
 .debug_line    0x0000000000003419       0x6e lib/lib.a(close.o)
 .debug_line    0x0000000000003487       0x28 lib/lib.a(errno.o)
 .debug_line    0x00000000000034af       0x8c lib/lib.a(write.o)
 .debug_line    0x000000000000353b       0x6c lib/lib.a(dup.o)
 .debug_line    0x00000000000035a7       0x88 lib/lib.a(setsid.o)
 .debug_line    0x000000000000362f       0x73 lib/lib.a(execve.o)
 .debug_line    0x00000000000036a2       0x90 lib/lib.a(wait.o)
 .debug_line    0x0000000000003732       0xc1 lib/lib.a(string.o)

.debug_frame
 *(.debug_frame)

.debug_str      0x0000000000000000     0x1af0
 *(.debug_str)
 .debug_str     0x0000000000000000      0x3f7 init/main.o
                                        0x4a4 (size before relaxing)
 .debug_str     0x00000000000003f7      0xbd4 kernel/kernel.o
                                       0x329b (size before relaxing)
 .debug_str     0x0000000000000fcb      0x125 mm/mm.o
                                        0x1c0 (size before relaxing)
 .debug_str     0x00000000000010f0      0x92f fs/fs.o
                                       0x53ba (size before relaxing)
 .debug_str     0x0000000000001a1f       0x25 lib/lib.a(ctype.o)
                                         0x65 (size before relaxing)
 .debug_str     0x0000000000001a44        0x8 lib/lib.a(_exit.o)
                                        0x283 (size before relaxing)
 .debug_str     0x0000000000000000        0x8 lib/lib.a(open.o)
                                        0x293 (size before relaxing)
 .debug_str     0x0000000000001a4c        0x8 lib/lib.a(close.o)
                                        0x285 (size before relaxing)
 .debug_str     0x0000000000001a54        0x8 lib/lib.a(errno.o)
                                         0x37 (size before relaxing)
 .debug_str     0x0000000000000000        0x8 lib/lib.a(write.o)
                                        0x291 (size before relaxing)
 .debug_str     0x0000000000001a5c        0x6 lib/lib.a(dup.o)
                                        0x27d (size before relaxing)
 .debug_str     0x0000000000001a62        0x9 lib/lib.a(setsid.o)
                                        0x28d (size before relaxing)
 .debug_str     0x0000000000001a6b        0x9 lib/lib.a(execve.o)
                                        0x296 (size before relaxing)
 .debug_str     0x0000000000001a74       0x11 lib/lib.a(wait.o)
                                        0x2a3 (size before relaxing)
 .debug_str     0x0000000000001a85       0x6b lib/lib.a(string.o)
                                         0xeb (size before relaxing)

.debug_loc      0x0000000000000000     0xafca
 *(.debug_loc)
 .debug_loc     0x0000000000000000      0x256 init/main.o
 .debug_loc     0x0000000000000256     0x3e0e kernel/kernel.o
 .debug_loc     0x0000000000004064      0x640 mm/mm.o
 .debug_loc     0x00000000000046a4     0x6353 fs/fs.o
 .debug_loc     0x000000000000a9f7       0x2c lib/lib.a(_exit.o)
 .debug_loc     0x000000000000aa23       0x3f lib/lib.a(open.o)
 .debug_loc     0x000000000000aa62       0x3f lib/lib.a(close.o)
 .debug_loc     0x000000000000aaa1       0x57 lib/lib.a(write.o)
 .debug_loc     0x000000000000aaf8       0x3f lib/lib.a(dup.o)
 .debug_loc     0x000000000000ab37       0x13 lib/lib.a(setsid.o)
 .debug_loc     0x000000000000ab4a       0x57 lib/lib.a(execve.o)
 .debug_loc     0x000000000000aba1       0x83 lib/lib.a(wait.o)
 .debug_loc     0x000000000000ac24      0x3a6 lib/lib.a(string.o)

.debug_macinfo
 *(.debug_macinfo)

.debug_weaknames
 *(.debug_weaknames)

.debug_funcnames
 *(.debug_funcnames)

.debug_typenames
 *(.debug_typenames)

.debug_varnames
 *(.debug_varnames)

.debug_pubtypes
 *(.debug_pubtypes)

.debug_ranges   0x0000000000000000      0x500
 *(.debug_ranges)
 .debug_ranges  0x0000000000000000      0x1f8 kernel/kernel.o
 .debug_ranges  0x00000000000001f8      0x308 fs/fs.o

.gnu.attributes
 *(.gnu.attributes)

/DISCARD/
 *(.note.GNU-stack)
 *(.gnu_debuglink)
 *(.gnu.lto_*)
OUTPUT(tools/system elf32-i386)
