Archive member included because of file (symbol)

lib/lib.a(ctype.o)            kernel/kernel.o (_ctype)
lib/lib.a(_exit.o)            init/main.o (_exit)
lib/lib.a(open.o)             init/main.o (open)
lib/lib.a(close.o)            init/main.o (close)
lib/lib.a(errno.o)            init/main.o (errno)
lib/lib.a(write.o)            init/main.o (write)
lib/lib.a(dup.o)              init/main.o (dup)
lib/lib.a(setsid.o)           init/main.o (setsid)
lib/lib.a(execve.o)           init/main.o (execve)
lib/lib.a(wait.o)             init/main.o (wait)
lib/lib.a(string.o)           kernel/kernel.o (memcpy)
lib/lib.a(crypt.o)            kernel/kernel.o (clear_key)

Allocating common symbols
Common symbol       size              file

errno               0x4               lib/lib.a(errno.o)
hash_table          0x4cc             fs/fs.o
___strtok           0x4               lib/lib.a(string.o)
user_stack          0x1000            kernel/kernel.o
_ctmp               0x1               lib/lib.a(ctype.o)
super_block         0x340             fs/fs.o
character_for_input
                    0x1               kernel/kernel.o
file_table          0x400             fs/fs.o

Discarded input sections

 .note.GNU-stack
                0x0000000000000000        0x0 init/main.o
 .note.GNU-stack
                0x0000000000000000        0x0 kernel/kernel.o
 .note.GNU-stack
                0x0000000000000000        0x0 mm/mm.o
 .note.GNU-stack
                0x0000000000000000        0x0 fs/fs.o
 .note.GNU-stack
                0x0000000000000000        0x0 lib/lib.a(ctype.o)
 .note.GNU-stack
                0x0000000000000000        0x0 lib/lib.a(_exit.o)
 .note.GNU-stack
                0x0000000000000000        0x0 lib/lib.a(open.o)
 .note.GNU-stack
                0x0000000000000000        0x0 lib/lib.a(close.o)
 .note.GNU-stack
                0x0000000000000000        0x0 lib/lib.a(errno.o)
 .note.GNU-stack
                0x0000000000000000        0x0 lib/lib.a(write.o)
 .note.GNU-stack
                0x0000000000000000        0x0 lib/lib.a(dup.o)
 .note.GNU-stack
                0x0000000000000000        0x0 lib/lib.a(setsid.o)
 .note.GNU-stack
                0x0000000000000000        0x0 lib/lib.a(execve.o)
 .note.GNU-stack
                0x0000000000000000        0x0 lib/lib.a(wait.o)
 .note.GNU-stack
                0x0000000000000000        0x0 lib/lib.a(string.o)
 .note.GNU-stack
                0x0000000000000000        0x0 lib/lib.a(crypt.o)

Memory Configuration

Name             Origin             Length             Attributes
*default*        0x0000000000000000 0xffffffffffffffff

Linker script and memory map

Address of section .text set to 0x0
LOAD boot/head.o
LOAD init/main.o
LOAD kernel/kernel.o
LOAD mm/mm.o
LOAD fs/fs.o
LOAD lib/lib.a
                0x0000000008048000                PROVIDE (__executable_start, 0x8048000)
                0x0000000008048094                . = (0x8048000 + SIZEOF_HEADERS)

.interp
 *(.interp)

.note.gnu.build-id
 *(.note.gnu.build-id)

.hash
 *(.hash)

.gnu.hash
 *(.gnu.hash)

.dynsym
 *(.dynsym)

.dynstr
 *(.dynstr)

.gnu.version
 *(.gnu.version)

.gnu.version_d
 *(.gnu.version_d)

.gnu.version_r
 *(.gnu.version_r)

.rel.dyn        0x0000000008048094        0x0
 *(.rel.init)
 *(.rel.text .rel.text.* .rel.gnu.linkonce.t.*)
 .rel.text      0x0000000000000000        0x0 boot/head.o
 *(.rel.fini)
 *(.rel.rodata .rel.rodata.* .rel.gnu.linkonce.r.*)
 *(.rel.data.rel.ro* .rel.gnu.linkonce.d.rel.ro.*)
 *(.rel.data .rel.data.* .rel.gnu.linkonce.d.*)
 .rel.data      0x0000000000000000        0x0 boot/head.o
 *(.rel.tdata .rel.tdata.* .rel.gnu.linkonce.td.*)
 *(.rel.tbss .rel.tbss.* .rel.gnu.linkonce.tb.*)
 *(.rel.ctors)
 *(.rel.dtors)
 *(.rel.got)
 *(.rel.bss .rel.bss.* .rel.gnu.linkonce.b.*)
 *(.rel.ifunc)

.rel.plt        0x0000000008048094        0x0
 *(.rel.plt)
                0x0000000008048094                PROVIDE (__rel_iplt_start, .)
 *(.rel.iplt)
 .rel.iplt      0x0000000000000000        0x0 boot/head.o
                0x0000000008048094                PROVIDE (__rel_iplt_end, .)

.init
 *(.init)

.plt            0x00000000080480a0        0x0
 *(.plt)
 *(.iplt)
 .iplt          0x0000000000000000        0x0 boot/head.o

.text           0x0000000000000000    0x11a57
 *(.text.unlikely .text.*_unlikely)
 *(.text.exit .text.exit.*)
 *(.text.startup .text.startup.*)
 *(.text.hot .text.hot.*)
 *(.text .stub .text.* .gnu.linkonce.t.*)
 .text          0x0000000000000000     0x5078 boot/head.o
                0x0000000000000000                startup_32
                0x0000000000000000                pg_dir
                0x0000000000004078                idt
                0x0000000000004878                gdt
 *fill*         0x0000000000005078        0x8 90909090
 .text          0x0000000000005080      0x370 init/main.o
                0x00000000000050c1                init
                0x0000000000005232                main
 .text          0x00000000000053f0     0x6887 kernel/kernel.o
                0x00000000000053f0                sys_activate_timer
                0x000000000000540a                sys_alarm
                0x0000000000005431                sys_getpid
                0x000000000000543d                sys_getppid
                0x0000000000005449                sys_getuid
                0x0000000000005456                sys_geteuid
                0x0000000000005463                sys_getgid
                0x0000000000005470                sys_getegid
                0x000000000000547d                sys_nice
                0x0000000000005496                sys_signal
                0x00000000000054d3                math_state_restore
                0x000000000000550a                schedule
                0x00000000000055fb                sys_pause
                0x0000000000005611                sleep_on
                0x000000000000566b                interruptible_sleep_on
                0x00000000000056d5                wake_up
                0x00000000000056f1                do_timer
                0x000000000000577a                sched_init
                0x00000000000058a0                system_call
                0x0000000000005992                timer_interrupt
                0x00000000000059ca                sys_execve
                0x00000000000059d8                sys_fork
                0x00000000000059f0                hd_interrupt
                0x0000000000005b9d                do_double_fault
                0x0000000000005bb6                do_general_protection
                0x0000000000005bcf                do_divide_error
                0x0000000000005be8                do_int3
                0x0000000000005ca0                do_nmi
                0x0000000000005cb9                do_debug
                0x0000000000005cd2                do_overflow
                0x0000000000005ceb                do_bounds
                0x0000000000005d04                do_invalid_op
                0x0000000000005d1d                do_device_not_available
                0x0000000000005d36                do_coprocessor_segment_overrun
                0x0000000000005d4f                do_invalid_TSS
                0x0000000000005d68                do_segment_not_present
                0x0000000000005d81                do_stack_segment
                0x0000000000005d9a                do_coprocessor_error
                0x0000000000005db3                do_reserved
                0x0000000000005dcc                trap_init
                0x0000000000005f88                divide_error
                0x0000000000005fbd                debug
                0x0000000000005fc4                nmi
                0x0000000000005fcb                int3
                0x0000000000005fd2                overflow
                0x0000000000005fd9                bounds
                0x0000000000005fe0                invalid_op
                0x0000000000005fef                device_not_available
                0x000000000000601c                coprocessor_segment_overrun
                0x0000000000006026                reserved
                0x0000000000006030                coprocessor_error
                0x000000000000603a                double_fault
                0x0000000000006071                invalid_TSS
                0x0000000000006078                segment_not_present
                0x000000000000607f                stack_segment
                0x0000000000006086                general_protection
                0x0000000000006090                verify_area
                0x00000000000060f5                copy_mem
                0x00000000000061eb                copy_process
                0x000000000000647a                find_empty_process
                0x00000000000064dc                panic
                0x00000000000064f8                printk
                0x0000000000006786                vsprintf
                0x0000000000006af0                tty_init
                0x0000000000006b01                tty_intr
                0x0000000000006b46                copy_to_cooked
                0x0000000000006dc6                tty_read
                0x000000000000708c                tty_write
                0x0000000000007269                do_tty_interrupt
                0x0000000000007495                fill_list
                0x0000000000007575                closeR
                0x00000000000075af                openR
                0x00000000000075f2                draw_list_clip
                0x0000000000007718                draw_list
                0x00000000000078b3                mark_selected_clip
                0x000000000000791b                mark_selected
                0x0000000000007983                set_path_name
                0x0000000000007a9c                csi_m
                0x0000000000007af7                con_write
                0x0000000000008474                con_init
                0x00000000000084f7                f1_down
                0x0000000000008502                f1_up
                0x000000000000850d                tool_draw
                0x00000000000086a1                tool_dir
                0x00000000000086c9                tool_clip
                0x00000000000086eb                tool_start
                0x000000000000876b                put_char_to_clip
                0x00000000000087fc                remove_char_for_clip
                0x0000000000008885                paste_to_con
                0x00000000000089fd                arr_right
                0x0000000000008acc                arr_left
                0x0000000000008b73                arr_down
                0x0000000000008c11                arr_up
                0x0000000000008ca1                print_name_and_index
                0x0000000000008d13                keyboard_interrupt
                0x00000000000095e0                rs1_interrupt
                0x00000000000095e8                rs2_interrupt
                0x0000000000009d49                rw_hd
                0x0000000000009df2                sys_setup
                0x0000000000009ef1                unexpected_hd_interrupt
                0x0000000000009f04                hd_init
                0x0000000000009f80                copy_to_buffer
                0x0000000000009fa8                to_lower_case
                0x000000000000a009                sys_get_i_node
                0x000000000000a00b                buffer_decr
                0x000000000000a183                file_decr
                0x000000000000a209                is_key_set_
                0x000000000000a20f                reverse_num
                0x000000000000a247                unmarkOld
                0x000000000000a357                unmark
                0x000000000000a452                compare_name
                0x000000000000a4b6                remove_file_mark
                0x000000000000a5d9                buffer_encr
                0x000000000000a751                partition
                0x000000000000a7de                sort_index_and_global
                0x000000000000a863                sys_generate_key_
                0x000000000000a97f                hash
                0x000000000000a9a8                i_node_check
                0x000000000000aa9e                check_for_encr
                0x000000000000abdb                sys_decr
                0x000000000000ac82                mark
                0x000000000000addb                mark_file
                0x000000000000aefe                file_encr
                0x000000000000b007                sys_encr
                0x000000000000b0a1                sys_turn_on_key_set
                0x000000000000b0b1                sys_turn_off_key_set
                0x000000000000b0c1                sys_get_turn_on
                0x000000000000b0c7                pow_check
                0x000000000000b0f4                clear_key_
                0x000000000000b10b                sys_clear_key
                0x000000000000b129                sys_set_key
                0x000000000000b18b                sys_ftime
                0x000000000000b191                sys_mknod
                0x000000000000b197                sys_break
                0x000000000000b19d                sys_mount
                0x000000000000b1a3                sys_umount
                0x000000000000b1a9                sys_ustat
                0x000000000000b1af                sys_ptrace
                0x000000000000b1b5                sys_stty
                0x000000000000b1bb                sys_gtty
                0x000000000000b1c1                sys_rename
                0x000000000000b1c7                sys_prof
                0x000000000000b1cd                sys_setgid
                0x000000000000b22a                sys_acct
                0x000000000000b230                sys_phys
                0x000000000000b236                sys_lock
                0x000000000000b23c                sys_mpx
                0x000000000000b242                sys_ulimit
                0x000000000000b248                sys_time
                0x000000000000b29b                sys_setuid
                0x000000000000b2f4                sys_stime
                0x000000000000b341                sys_times
                0x000000000000b39a                sys_brk
                0x000000000000b3cd                sys_setpgid
                0x000000000000b442                sys_getpgrp
                0x000000000000b44e                sys_setsid
                0x000000000000b4a3                sys_oldolduname
                0x000000000000b4bb                sys_uname
                0x000000000000b508                sys_umask
                0x000000000000b526                sys_null
                0x000000000000b550                release
                0x000000000000b5aa                do_kill
                0x000000000000b823                sys_kill
                0x000000000000b859                do_exit
                0x000000000000b9ec                sys_exit
                0x000000000000ba07                sys_waitpid
                0x000000000000bb8e                rs_init
                0x000000000000bbe6                rs_write
                0x000000000000bc10                kernel_mktime
 *fill*         0x000000000000bc77        0x1 90909090
 .text          0x000000000000bc78      0x517 mm/mm.o
                0x000000000000bc78                invalidate
                0x000000000000bc81                copy_page
                0x000000000000bca6                get_free_page
                0x000000000000bcde                free_page
                0x000000000000bd3e                free_page_tables
                0x000000000000bdee                copy_page_tables
                0x000000000000bee8                put_page
                0x000000000000bf95                un_wp_page
                0x000000000000c025                do_wp_page
                0x000000000000c055                write_verify
                0x000000000000c094                do_no_page
                0x000000000000c0c4                calc_mem
                0x000000000000c158                page_fault
 *fill*         0x000000000000c18f        0x1 90909090
 .text          0x000000000000c190     0x519d fs/fs.o
                0x000000000000c190                sys_utime
                0x000000000000c1f9                sys_access
                0x000000000000c290                sys_chdir
                0x000000000000c2f3                sys_chroot
                0x000000000000c356                sys_chmod
                0x000000000000c3eb                sys_chown
                0x000000000000c452                sys_open
                0x000000000000c5e6                sys_creat
                0x000000000000c609                sys_close
                0x000000000000c690                sys_lseek
                0x000000000000c74c                sys_read
                0x000000000000c8a7                sys_write
                0x000000000000cdbb                sync_inodes
                0x000000000000ce05                bmap
                0x000000000000ce1e                create_block
                0x000000000000ce37                iput
                0x000000000000cf25                get_empty_inode
                0x000000000000d013                get_pipe_inode
                0x000000000000d05a                iget
                0x000000000000d247                sys_sync
                0x000000000000d2af                brelse
                0x000000000000d301                get_hash_table
                0x000000000000d360                getblk
                0x000000000000d5ff                bread
                0x000000000000d659                buffer_init
                0x000000000000d6f4                do_mount
                0x000000000000d8ff                mount_root
                0x000000000000da50                block_write
                0x000000000000db33                block_read
                0x000000000000dc0a                ll_rw_block
                0x000000000000dcd3                rw_char
                0x000000000000dd44                buffer_switch_case
                0x000000000000dd83                file_switch_case
                0x000000000000de4a                sys_switch_case
                0x000000000000de85                file_read
                0x000000000000e054                file_write
                0x000000000000e36e                sys_stat
                0x000000000000e3b3                sys_lstat
                0x000000000000e3ce                sys_fstat
                0x000000000000e411                sys_stat64
                0x000000000000e456                sys_fstat64
                0x000000000000e499                sys_lstat64
                0x000000000000e4b4                sys_oldstat
                0x000000000000e4cc                sys_oldfstat
                0x000000000000e614                cp_block
                0x000000000000e649                is_valid_elf
                0x000000000000e68e                read_file_block_ind
                0x000000000000e723                read_file_block
                0x000000000000e822                copy_section
                0x000000000000e910                create_bss_section
                0x000000000000e936                load_elf_binary
                0x000000000000eb41                do_execve
                0x000000000000efd4                read_pipe
                0x000000000000f06d                write_pipe
                0x000000000000f166                sys_pipe
                0x000000000000f799                namei
                0x000000000000f84f                open_namei
                0x000000000000fab5                sys_mkdir
                0x000000000000fd6a                sys_rmdir
                0x00000000000100dc                sys_unlink
                0x000000000001029a                sys_link
                0x0000000000010440                free_block
                0x000000000001057b                new_block
                0x00000000000106fe                free_inode
                0x000000000001082a                new_inode
                0x0000000000010a0a                sys_dup2
                0x0000000000010a2a                sys_dup
                0x0000000000010a3a                sys_fcntl
                0x0000000000010af7                sys_fcntl64
                0x0000000000010b4c                sys_ioctl
                0x0000000000010be9                tty_ioctl
                0x0000000000010eb5                truncate
                0x0000000000010fc0                sys_getdents
                0x000000000001119a                sys_getdents64
 *fill*         0x000000000001132d        0x3 90909090
 .text          0x0000000000011330        0x0 lib/lib.a(ctype.o)
 .text          0x0000000000011330        0xe lib/lib.a(_exit.o)
                0x0000000000011330                _exit
 *fill*         0x000000000001133e        0x2 90909090
 .text          0x0000000000011340       0x3d lib/lib.a(open.o)
                0x0000000000011340                open
 *fill*         0x000000000001137d        0x3 90909090
 .text          0x0000000000011380       0x23 lib/lib.a(close.o)
                0x0000000000011380                close
 *fill*         0x00000000000113a3        0x1 90909090
 .text          0x00000000000113a4        0x0 lib/lib.a(errno.o)
 .text          0x00000000000113a4       0x60 lib/lib.a(write.o)
                0x00000000000113a4                write
                0x00000000000113e1                switch_case
 .text          0x0000000000011404       0x23 lib/lib.a(dup.o)
                0x0000000000011404                dup
 *fill*         0x0000000000011427        0x1 90909090
 .text          0x0000000000011428       0x1e lib/lib.a(setsid.o)
                0x0000000000011428                setsid
 *fill*         0x0000000000011446        0x2 90909090
 .text          0x0000000000011448       0x3d lib/lib.a(execve.o)
                0x0000000000011448                execve
 *fill*         0x0000000000011485        0x3 90909090
 .text          0x0000000000011488       0x60 lib/lib.a(wait.o)
                0x0000000000011488                waitpid
                0x00000000000114c5                wait
 .text          0x00000000000114e8      0x421 lib/lib.a(string.o)
                0x00000000000114e8                strcpy
                0x0000000000011510                strncpy
                0x0000000000011541                strcat
                0x0000000000011576                strncat
                0x00000000000115b5                strcmp
                0x00000000000115e3                strncmp
                0x0000000000011618                strchr
                0x0000000000011636                strrchr
                0x0000000000011657                strspn
                0x00000000000116a4                strcspn
                0x00000000000116f1                strpbrk
                0x0000000000011736                strstr
                0x000000000001177b                strlen
                0x0000000000011794                strtok
                0x0000000000011825                memcpy
                0x000000000001184b                memmove
                0x0000000000011899                memcmp
                0x00000000000118cd                memchr
                0x00000000000118f3                memset
 *fill*         0x0000000000011909        0x3 90909090
 .text          0x000000000001190c      0x14b lib/lib.a(crypt.o)
                0x000000000001190c                set_key
                0x0000000000011933                clear_key
                0x0000000000011951                generate_key_
                0x0000000000011974                encr
                0x0000000000011997                decr
                0x00000000000119ba                get_i_node
                0x00000000000119df                turn_on_key_set
                0x00000000000119fd                get_turn_on
                0x0000000000011a1b                turn_off_key_set
                0x0000000000011a39                activate_timer
 *(.gnu.warning)

.fini
 *(.fini)
                0x0000000000011a57                PROVIDE (__etext, .)
                0x0000000000011a57                PROVIDE (_etext, .)
                0x0000000000011a57                PROVIDE (etext, .)

.rodata         0x0000000000011a60     0x1118
 *(.rodata .rodata.* .gnu.linkonce.r.*)
 .rodata.str1.1
                0x0000000000011a60       0x68 init/main.o
 .rodata.str1.4
                0x0000000000011ac8       0x25 init/main.o
 *fill*         0x0000000000011aed       0x13 00
 .rodata        0x0000000000011b00      0x270 kernel/kernel.o
 .rodata.str1.1
                0x0000000000011d70      0x34b kernel/kernel.o
                                        0x357 (size before relaxing)
 *fill*         0x00000000000120bb        0x1 00
 .rodata.str1.4
                0x00000000000120bc      0x22c kernel/kernel.o
 .rodata.str1.4
                0x00000000000122e8       0xe9 mm/mm.o
 .rodata.str1.1
                0x00000000000123d1       0x68 mm/mm.o
 *fill*         0x0000000000012439        0x7 00
 .rodata        0x0000000000012440       0xc4 fs/fs.o
 .rodata.str1.1
                0x0000000000012504      0x33e fs/fs.o
                                        0x352 (size before relaxing)
 *fill*         0x0000000000012842        0x2 00
 .rodata.str1.4
                0x0000000000012844      0x334 fs/fs.o

.rodata1
 *(.rodata1)

.eh_frame_hdr
 *(.eh_frame_hdr)

.eh_frame       0x0000000000012b78     0x2ae8
 *(.eh_frame)
 .eh_frame      0x0000000000012b78       0x74 init/main.o
 .eh_frame      0x0000000000012bec     0x14d4 kernel/kernel.o
                                       0x160c (size before relaxing)
 .eh_frame      0x00000000000140c0      0x1a8 mm/mm.o
                                        0x1c0 (size before relaxing)
 .eh_frame      0x0000000000014268      0xf90 fs/fs.o
                                       0x1140 (size before relaxing)
 .eh_frame      0x00000000000151f8       0x1c lib/lib.a(_exit.o)
                                         0x34 (size before relaxing)
 .eh_frame      0x0000000000015214       0x20 lib/lib.a(open.o)
                                         0x38 (size before relaxing)
 .eh_frame      0x0000000000015234       0x1c lib/lib.a(close.o)
                                         0x34 (size before relaxing)
 .eh_frame      0x0000000000015250       0x3c lib/lib.a(write.o)
                                         0x54 (size before relaxing)
 .eh_frame      0x000000000001528c       0x1c lib/lib.a(dup.o)
                                         0x34 (size before relaxing)
 .eh_frame      0x00000000000152a8       0x14 lib/lib.a(setsid.o)
                                         0x2c (size before relaxing)
 .eh_frame      0x00000000000152bc       0x20 lib/lib.a(execve.o)
                                         0x38 (size before relaxing)
 .eh_frame      0x00000000000152dc       0x38 lib/lib.a(wait.o)
                                         0x50 (size before relaxing)
 .eh_frame      0x0000000000015314      0x25c lib/lib.a(string.o)
                                        0x274 (size before relaxing)
 .eh_frame      0x0000000000015570       0xf0 lib/lib.a(crypt.o)
                                        0x108 (size before relaxing)

.gcc_except_table
 *(.gcc_except_table .gcc_except_table.*)

.exception_ranges
 *(.exception_ranges .exception_ranges*)
                0x0000000000015660                . = (ALIGN (0x1000) - ((0x1000 - .) & 0xfff))
                0x0000000000016000                . = DATA_SEGMENT_ALIGN (0x1000, 0x1000)

.eh_frame
 *(.eh_frame)

.gcc_except_table
 *(.gcc_except_table .gcc_except_table.*)

.exception_ranges
 *(.exception_ranges .exception_ranges*)

.tdata
 *(.tdata .tdata.* .gnu.linkonce.td.*)

.tbss
 *(.tbss .tbss.* .gnu.linkonce.tb.*)
 *(.tcommon)

.preinit_array  0x0000000000016000        0x0
                0x0000000000016000                PROVIDE (__preinit_array_start, .)
 *(.preinit_array)
                0x0000000000016000                PROVIDE (__preinit_array_end, .)

.init_array     0x0000000000016000        0x0
                0x0000000000016000                PROVIDE (__init_array_start, .)
 *(SORT(.init_array.*) SORT(.ctors.*))
 *(.init_array)
 *(EXCLUDE_FILE(*crtend?.o *crtend.o *crtbegin?.o *crtbegin.o) .ctors)
                0x0000000000016000                PROVIDE (__init_array_end, .)

.fini_array     0x0000000000016000        0x0
                0x0000000000016000                PROVIDE (__fini_array_start, .)
 *(SORT(.fini_array.*) SORT(.dtors.*))
 *(.fini_array)
 *(EXCLUDE_FILE(*crtend?.o *crtend.o *crtbegin?.o *crtbegin.o) .dtors)
                0x0000000000016000                PROVIDE (__fini_array_end, .)

.ctors
 *crtbegin.o(.ctors)
 *crtbegin?.o(.ctors)
 *(EXCLUDE_FILE(*crtend?.o *crtend.o) .ctors)
 *(SORT(.ctors.*))
 *(.ctors)

.dtors
 *crtbegin.o(.dtors)
 *crtbegin?.o(.dtors)
 *(EXCLUDE_FILE(*crtend?.o *crtend.o) .dtors)
 *(SORT(.dtors.*))
 *(.dtors)

.jcr
 *(.jcr)

.data.rel.ro
 *(.data.rel.ro.local* .gnu.linkonce.d.rel.ro.local.*)
 *(.data.rel.ro* .gnu.linkonce.d.rel.ro.*)

.dynamic
 *(.dynamic)

.got
 *(.got)
 *(.igot)
                0x0000000000016000                . = DATA_SEGMENT_RELRO_END (., 0xc)

.got.plt        0x0000000000016000        0x0
 *(.got.plt)
 *(.igot.plt)
 .igot.plt      0x0000000000000000        0x0 boot/head.o

.data           0x0000000000016000     0x3e64
 *(.data .data.* .gnu.linkonce.d.*)
 .data          0x0000000000016000        0x0 boot/head.o
 .data          0x0000000000016000       0x18 init/main.o
 *fill*         0x0000000000016018        0x8 00
 .data          0x0000000000016020     0x3d2c kernel/kernel.o
                0x0000000000016020                stack_start
                0x0000000000016040                task
                0x0000000000016140                current
                0x0000000000016160                sys_call_table
                0x0000000000017660                table_list
                0x0000000000017680                tty_table
 .data          0x0000000000019d4c        0x0 mm/mm.o
 .data          0x0000000000019d4c        0x8 fs/fs.o
                0x0000000000019d4c                start_buffer
 *fill*         0x0000000000019d54        0xc 00
 .data          0x0000000000019d60      0x101 lib/lib.a(ctype.o)
                0x0000000000019d60                _ctype
 *fill*         0x0000000000019e61        0x3 00
 .data          0x0000000000019e64        0x0 lib/lib.a(_exit.o)
 .data          0x0000000000019e64        0x0 lib/lib.a(open.o)
 .data          0x0000000000019e64        0x0 lib/lib.a(close.o)
 .data          0x0000000000019e64        0x0 lib/lib.a(errno.o)
 .data          0x0000000000019e64        0x0 lib/lib.a(write.o)
 .data          0x0000000000019e64        0x0 lib/lib.a(dup.o)
 .data          0x0000000000019e64        0x0 lib/lib.a(setsid.o)
 .data          0x0000000000019e64        0x0 lib/lib.a(execve.o)
 .data          0x0000000000019e64        0x0 lib/lib.a(wait.o)
 .data          0x0000000000019e64        0x0 lib/lib.a(string.o)
 .data          0x0000000000019e64        0x0 lib/lib.a(crypt.o)

.data1
 *(.data1)
                0x0000000000019e64                _edata = .
                0x0000000000019e64                PROVIDE (edata, .)
                0x0000000000019e64                __bss_start = .

.bss            0x0000000000019e80     0x400c
 *(.dynbss)
 *(.bss .bss.* .gnu.linkonce.b.*)
 .bss           0x0000000000019e80        0x0 boot/head.o
 .bss           0x0000000000019e80      0x400 init/main.o
 .bss           0x000000000001a280      0xc84 kernel/kernel.o
                0x000000000001a280                last_task_used_math
                0x000000000001a284                startup_time
                0x000000000001a288                jiffies
                0x000000000001a294                last_pid
                0x000000000001a6c0                f1_down_flag
                0x000000000001a960                do_hd
 *fill*         0x000000000001af04       0x1c 00
 .bss           0x000000000001af20      0xc00 mm/mm.o
 .bss           0x000000000001bb20      0x71c fs/fs.o
                0x000000000001bb20                inode_table
                0x000000000001c224                nr_buffers
 .bss           0x000000000001c23c        0x0 lib/lib.a(ctype.o)
 .bss           0x000000000001c23c        0x0 lib/lib.a(_exit.o)
 .bss           0x000000000001c23c        0x0 lib/lib.a(open.o)
 .bss           0x000000000001c23c        0x0 lib/lib.a(close.o)
 .bss           0x000000000001c23c        0x0 lib/lib.a(errno.o)
 .bss           0x000000000001c23c        0x0 lib/lib.a(write.o)
 .bss           0x000000000001c23c        0x0 lib/lib.a(dup.o)
 .bss           0x000000000001c23c        0x0 lib/lib.a(setsid.o)
 .bss           0x000000000001c23c        0x0 lib/lib.a(execve.o)
 .bss           0x000000000001c23c        0x0 lib/lib.a(wait.o)
 .bss           0x000000000001c23c        0x0 lib/lib.a(string.o)
 .bss           0x000000000001c23c        0x0 lib/lib.a(crypt.o)
 *(COMMON)
 *fill*         0x000000000001c23c        0x4 00
 COMMON         0x000000000001c240     0x1001 kernel/kernel.o
                0x000000000001c240                user_stack
                0x000000000001d240                character_for_input
 *fill*         0x000000000001d241       0x1f 00
 COMMON         0x000000000001d260      0xc20 fs/fs.o
                0x000000000001d260                hash_table
                0x000000000001d740                super_block
                0x000000000001da80                file_table
 COMMON         0x000000000001de80        0x1 lib/lib.a(ctype.o)
                0x000000000001de80                _ctmp
 *fill*         0x000000000001de81        0x3 00
 COMMON         0x000000000001de84        0x4 lib/lib.a(errno.o)
                0x000000000001de84                errno
 COMMON         0x000000000001de88        0x4 lib/lib.a(string.o)
                0x000000000001de88                ___strtok
                0x000000000001de8c                . = ALIGN ((. != 0x0)?0x4:0x1)
                0x000000000001de8c                . = ALIGN (0x4)
                0x000000000001de8c                . = ALIGN (0x4)
                0x000000000001de8c                _end = .
                0x000000000001de8c                PROVIDE (end, .)
                0x000000000001de8c                . = DATA_SEGMENT_END (.)

.stab
 *(.stab)

.stabstr
 *(.stabstr)

.stab.excl
 *(.stab.excl)

.stab.exclstr
 *(.stab.exclstr)

.stab.index
 *(.stab.index)

.stab.indexstr
 *(.stab.indexstr)

.comment        0x0000000000000000       0x2a
 *(.comment)
 .comment       0x0000000000000000       0x2a init/main.o
                                         0x2b (size before relaxing)
 .comment       0x0000000000000000      0x22f kernel/kernel.o
 .comment       0x0000000000000000       0x2b mm/mm.o
 .comment       0x0000000000000000      0x331 fs/fs.o
 .comment       0x0000000000000000       0x2b lib/lib.a(ctype.o)
 .comment       0x0000000000000000       0x2b lib/lib.a(_exit.o)
 .comment       0x0000000000000000       0x2b lib/lib.a(open.o)
 .comment       0x0000000000000000       0x2b lib/lib.a(close.o)
 .comment       0x0000000000000000       0x2b lib/lib.a(errno.o)
 .comment       0x0000000000000000       0x2b lib/lib.a(write.o)
 .comment       0x0000000000000000       0x2b lib/lib.a(dup.o)
 .comment       0x0000000000000000       0x2b lib/lib.a(setsid.o)
 .comment       0x0000000000000000       0x2b lib/lib.a(execve.o)
 .comment       0x0000000000000000       0x2b lib/lib.a(wait.o)
 .comment       0x0000000000000000       0x2b lib/lib.a(string.o)
 .comment       0x0000000000000000       0x2b lib/lib.a(crypt.o)

.debug
 *(.debug)

.line
 *(.line)

.debug_srcinfo
 *(.debug_srcinfo)

.debug_sfnames
 *(.debug_sfnames)

.debug_aranges  0x0000000000000000      0x560
 *(.debug_aranges)
 .debug_aranges
                0x0000000000000000       0x20 init/main.o
 .debug_aranges
                0x0000000000000020      0x1a0 kernel/kernel.o
 .debug_aranges
                0x00000000000001c0       0x20 mm/mm.o
 .debug_aranges
                0x00000000000001e0      0x240 fs/fs.o
 .debug_aranges
                0x0000000000000420       0x20 lib/lib.a(_exit.o)
 .debug_aranges
                0x0000000000000440       0x20 lib/lib.a(open.o)
 .debug_aranges
                0x0000000000000460       0x20 lib/lib.a(close.o)
 .debug_aranges
                0x0000000000000480       0x20 lib/lib.a(write.o)
 .debug_aranges
                0x00000000000004a0       0x20 lib/lib.a(dup.o)
 .debug_aranges
                0x00000000000004c0       0x20 lib/lib.a(setsid.o)
 .debug_aranges
                0x00000000000004e0       0x20 lib/lib.a(execve.o)
 .debug_aranges
                0x0000000000000500       0x20 lib/lib.a(wait.o)
 .debug_aranges
                0x0000000000000520       0x20 lib/lib.a(string.o)
 .debug_aranges
                0x0000000000000540       0x20 lib/lib.a(crypt.o)

.debug_pubnames
 *(.debug_pubnames)

.debug_info     0x0000000000000000    0x1cc85
 *(.debug_info .gnu.linkonce.wi.*)
 .debug_info    0x0000000000000000      0xccf init/main.o
 .debug_info    0x0000000000000ccf     0xa85e kernel/kernel.o
 .debug_info    0x000000000000b52d      0x4d6 mm/mm.o
 .debug_info    0x000000000000ba03     0xe5b5 fs/fs.o
 .debug_info    0x0000000000019fb8       0x70 lib/lib.a(ctype.o)
 .debug_info    0x000000000001a028      0x3af lib/lib.a(_exit.o)
 .debug_info    0x000000000001a3d7      0x403 lib/lib.a(open.o)
 .debug_info    0x000000000001a7da      0x3ce lib/lib.a(close.o)
 .debug_info    0x000000000001aba8       0x3f lib/lib.a(errno.o)
 .debug_info    0x000000000001abe7      0x43a lib/lib.a(write.o)
 .debug_info    0x000000000001b021      0x3ce lib/lib.a(dup.o)
 .debug_info    0x000000000001b3ef      0x3cb lib/lib.a(setsid.o)
 .debug_info    0x000000000001b7ba      0x3fc lib/lib.a(execve.o)
 .debug_info    0x000000000001bbb6      0x428 lib/lib.a(wait.o)
 .debug_info    0x000000000001bfde      0x705 lib/lib.a(string.o)
 .debug_info    0x000000000001c6e3      0x5a2 lib/lib.a(crypt.o)

.debug_abbrev   0x0000000000000000     0x47ef
 *(.debug_abbrev)
 .debug_abbrev  0x0000000000000000      0x1d7 init/main.o
 .debug_abbrev  0x00000000000001d7     0x1a3c kernel/kernel.o
 .debug_abbrev  0x0000000000001c13      0x1af mm/mm.o
 .debug_abbrev  0x0000000000001dc2     0x21bc fs/fs.o
 .debug_abbrev  0x0000000000003f7e       0x42 lib/lib.a(ctype.o)
 .debug_abbrev  0x0000000000003fc0       0xa3 lib/lib.a(_exit.o)
 .debug_abbrev  0x0000000000004063       0xdc lib/lib.a(open.o)
 .debug_abbrev  0x000000000000413f       0xb4 lib/lib.a(close.o)
 .debug_abbrev  0x00000000000041f3       0x30 lib/lib.a(errno.o)
 .debug_abbrev  0x0000000000004223       0xd7 lib/lib.a(write.o)
 .debug_abbrev  0x00000000000042fa       0xb4 lib/lib.a(dup.o)
 .debug_abbrev  0x00000000000043ae       0xb2 lib/lib.a(setsid.o)
 .debug_abbrev  0x0000000000004460       0xbb lib/lib.a(execve.o)
 .debug_abbrev  0x000000000000451b       0xd0 lib/lib.a(wait.o)
 .debug_abbrev  0x00000000000045eb      0x128 lib/lib.a(string.o)
 .debug_abbrev  0x0000000000004713       0xdc lib/lib.a(crypt.o)

.debug_line     0x0000000000000000     0x3f1b
 *(.debug_line)
 .debug_line    0x0000000000000000      0x11e init/main.o
 .debug_line    0x000000000000011e     0x1b44 kernel/kernel.o
 .debug_line    0x0000000000001c62      0x122 mm/mm.o
 .debug_line    0x0000000000001d84     0x1bf8 fs/fs.o
 .debug_line    0x000000000000397c       0x28 lib/lib.a(ctype.o)
 .debug_line    0x00000000000039a4       0x50 lib/lib.a(_exit.o)
 .debug_line    0x00000000000039f4       0x76 lib/lib.a(open.o)
 .debug_line    0x0000000000003a6a       0x6e lib/lib.a(close.o)
 .debug_line    0x0000000000003ad8       0x28 lib/lib.a(errno.o)
 .debug_line    0x0000000000003b00       0x97 lib/lib.a(write.o)
 .debug_line    0x0000000000003b97       0x6c lib/lib.a(dup.o)
 .debug_line    0x0000000000003c03       0x88 lib/lib.a(setsid.o)
 .debug_line    0x0000000000003c8b       0x73 lib/lib.a(execve.o)
 .debug_line    0x0000000000003cfe       0x90 lib/lib.a(wait.o)
 .debug_line    0x0000000000003d8e       0xc1 lib/lib.a(string.o)
 .debug_line    0x0000000000003e4f       0xcc lib/lib.a(crypt.o)

.debug_frame
 *(.debug_frame)

.debug_str      0x0000000000000000     0x1e1a
 *(.debug_str)
 .debug_str     0x0000000000000000      0x3f0 init/main.o
                                        0x4a2 (size before relaxing)
 .debug_str     0x00000000000003f0      0xee4 kernel/kernel.o
                                       0x3669 (size before relaxing)
 .debug_str     0x00000000000012d4      0x123 mm/mm.o
                                        0x1be (size before relaxing)
 .debug_str     0x00000000000013f7      0x953 fs/fs.o
                                       0x5419 (size before relaxing)
 .debug_str     0x0000000000001d4a       0x23 lib/lib.a(ctype.o)
                                         0x63 (size before relaxing)
 .debug_str     0x0000000000001d6d        0x8 lib/lib.a(_exit.o)
                                        0x281 (size before relaxing)
 .debug_str     0x0000000000000000        0x8 lib/lib.a(open.o)
                                        0x291 (size before relaxing)
 .debug_str     0x0000000000001d75        0x8 lib/lib.a(close.o)
                                        0x283 (size before relaxing)
 .debug_str     0x0000000000001d7d        0x8 lib/lib.a(errno.o)
                                         0x35 (size before relaxing)
 .debug_str     0x0000000000000000        0x8 lib/lib.a(write.o)
                                        0x29b (size before relaxing)
 .debug_str     0x0000000000001d85        0x6 lib/lib.a(dup.o)
                                        0x27b (size before relaxing)
 .debug_str     0x0000000000001d8b        0x9 lib/lib.a(setsid.o)
                                        0x28b (size before relaxing)
 .debug_str     0x0000000000001d94        0x9 lib/lib.a(execve.o)
                                        0x294 (size before relaxing)
 .debug_str     0x0000000000001d9d       0x11 lib/lib.a(wait.o)
                                        0x2a1 (size before relaxing)
 .debug_str     0x0000000000001dae       0x64 lib/lib.a(string.o)
                                         0xe9 (size before relaxing)
 .debug_str     0x0000000000001e12        0x8 lib/lib.a(crypt.o)
                                        0x2f4 (size before relaxing)

.debug_loc      0x0000000000000000     0xd2d1
 *(.debug_loc)
 .debug_loc     0x0000000000000000      0x256 init/main.o
 .debug_loc     0x0000000000000256     0x5c6b kernel/kernel.o
 .debug_loc     0x0000000000005ec1      0x640 mm/mm.o
 .debug_loc     0x0000000000006501     0x6624 fs/fs.o
 .debug_loc     0x000000000000cb25       0x2c lib/lib.a(_exit.o)
 .debug_loc     0x000000000000cb51       0x3f lib/lib.a(open.o)
 .debug_loc     0x000000000000cb90       0x3f lib/lib.a(close.o)
 .debug_loc     0x000000000000cbcf       0x96 lib/lib.a(write.o)
 .debug_loc     0x000000000000cc65       0x3f lib/lib.a(dup.o)
 .debug_loc     0x000000000000cca4       0x13 lib/lib.a(setsid.o)
 .debug_loc     0x000000000000ccb7       0x57 lib/lib.a(execve.o)
 .debug_loc     0x000000000000cd0e       0x83 lib/lib.a(wait.o)
 .debug_loc     0x000000000000cd91      0x3a6 lib/lib.a(string.o)
 .debug_loc     0x000000000000d137      0x19a lib/lib.a(crypt.o)

.debug_macinfo
 *(.debug_macinfo)

.debug_weaknames
 *(.debug_weaknames)

.debug_funcnames
 *(.debug_funcnames)

.debug_typenames
 *(.debug_typenames)

.debug_varnames
 *(.debug_varnames)

.debug_pubtypes
 *(.debug_pubtypes)

.debug_ranges   0x0000000000000000      0x758
 *(.debug_ranges)
 .debug_ranges  0x0000000000000000      0x450 kernel/kernel.o
 .debug_ranges  0x0000000000000450      0x308 fs/fs.o

.gnu.attributes
 *(.gnu.attributes)

/DISCARD/
 *(.note.GNU-stack)
 *(.gnu_debuglink)
 *(.gnu.lto_*)
OUTPUT(tools/system elf32-i386)
