Archive member included because of file (symbol)

lib/lib.a(ctype.o)            kernel/kernel.o (_ctype)
lib/lib.a(_exit.o)            init/main.o (_exit)
lib/lib.a(open.o)             init/main.o (open)
lib/lib.a(close.o)            init/main.o (close)
lib/lib.a(errno.o)            init/main.o (errno)
lib/lib.a(write.o)            init/main.o (write)
lib/lib.a(dup.o)              init/main.o (dup)
lib/lib.a(setsid.o)           init/main.o (setsid)
lib/lib.a(execve.o)           init/main.o (execve)
lib/lib.a(wait.o)             init/main.o (wait)
lib/lib.a(string.o)           kernel/kernel.o (memcpy)

Allocating common symbols
Common symbol       size              file

errno               0x4               lib/lib.a(errno.o)
hash_table          0x4cc             fs/fs.o
___strtok           0x4               lib/lib.a(string.o)
user_stack          0x1000            kernel/kernel.o
_ctmp               0x1               lib/lib.a(ctype.o)
super_block         0x340             fs/fs.o
file_table          0x400             fs/fs.o

Discarded input sections

 .note.GNU-stack
                0x0000000000000000        0x0 init/main.o
 .note.GNU-stack
                0x0000000000000000        0x0 kernel/kernel.o
 .note.GNU-stack
                0x0000000000000000        0x0 mm/mm.o
 .note.GNU-stack
                0x0000000000000000        0x0 fs/fs.o
 .note.GNU-stack
                0x0000000000000000        0x0 lib/lib.a(ctype.o)
 .note.GNU-stack
                0x0000000000000000        0x0 lib/lib.a(_exit.o)
 .note.GNU-stack
                0x0000000000000000        0x0 lib/lib.a(open.o)
 .note.GNU-stack
                0x0000000000000000        0x0 lib/lib.a(close.o)
 .note.GNU-stack
                0x0000000000000000        0x0 lib/lib.a(errno.o)
 .note.GNU-stack
                0x0000000000000000        0x0 lib/lib.a(write.o)
 .note.GNU-stack
                0x0000000000000000        0x0 lib/lib.a(dup.o)
 .note.GNU-stack
                0x0000000000000000        0x0 lib/lib.a(setsid.o)
 .note.GNU-stack
                0x0000000000000000        0x0 lib/lib.a(execve.o)
 .note.GNU-stack
                0x0000000000000000        0x0 lib/lib.a(wait.o)
 .note.GNU-stack
                0x0000000000000000        0x0 lib/lib.a(string.o)

Memory Configuration

Name             Origin             Length             Attributes
*default*        0x0000000000000000 0xffffffffffffffff

Linker script and memory map

Address of section .text set to 0x0
LOAD boot/head.o
LOAD init/main.o
LOAD kernel/kernel.o
LOAD mm/mm.o
LOAD fs/fs.o
LOAD lib/lib.a
                0x0000000008048000                PROVIDE (__executable_start, 0x8048000)
                0x0000000008048094                . = (0x8048000 + SIZEOF_HEADERS)

.interp
 *(.interp)

.note.gnu.build-id
 *(.note.gnu.build-id)

.hash
 *(.hash)

.gnu.hash
 *(.gnu.hash)

.dynsym
 *(.dynsym)

.dynstr
 *(.dynstr)

.gnu.version
 *(.gnu.version)

.gnu.version_d
 *(.gnu.version_d)

.gnu.version_r
 *(.gnu.version_r)

.rel.dyn        0x0000000008048094        0x0
 *(.rel.init)
 *(.rel.text .rel.text.* .rel.gnu.linkonce.t.*)
 .rel.text      0x0000000000000000        0x0 boot/head.o
 *(.rel.fini)
 *(.rel.rodata .rel.rodata.* .rel.gnu.linkonce.r.*)
 *(.rel.data.rel.ro* .rel.gnu.linkonce.d.rel.ro.*)
 *(.rel.data .rel.data.* .rel.gnu.linkonce.d.*)
 .rel.data      0x0000000000000000        0x0 boot/head.o
 *(.rel.tdata .rel.tdata.* .rel.gnu.linkonce.td.*)
 *(.rel.tbss .rel.tbss.* .rel.gnu.linkonce.tb.*)
 *(.rel.ctors)
 *(.rel.dtors)
 *(.rel.got)
 *(.rel.bss .rel.bss.* .rel.gnu.linkonce.b.*)
 *(.rel.ifunc)

.rel.plt        0x0000000008048094        0x0
 *(.rel.plt)
                0x0000000008048094                PROVIDE (__rel_iplt_start, .)
 *(.rel.iplt)
 .rel.iplt      0x0000000000000000        0x0 boot/head.o
                0x0000000008048094                PROVIDE (__rel_iplt_end, .)

.init
 *(.init)

.plt            0x00000000080480a0        0x0
 *(.plt)
 *(.iplt)
 .iplt          0x0000000000000000        0x0 boot/head.o

.text           0x0000000000000000     0xf835
 *(.text.unlikely .text.*_unlikely)
 *(.text.exit .text.exit.*)
 *(.text.startup .text.startup.*)
 *(.text.hot .text.hot.*)
 *(.text .stub .text.* .gnu.linkonce.t.*)
 .text          0x0000000000000000     0x5078 boot/head.o
                0x0000000000000000                startup_32
                0x0000000000000000                pg_dir
                0x0000000000004078                idt
                0x0000000000004878                gdt
 *fill*         0x0000000000005078        0x8 90909090
 .text          0x0000000000005080      0x370 init/main.o
                0x00000000000050c1                init
                0x0000000000005232                main
 .text          0x00000000000053f0     0x4a27 kernel/kernel.o
                0x00000000000053f0                sys_alarm
                0x0000000000005417                sys_getpid
                0x0000000000005423                sys_getppid
                0x000000000000542f                sys_getuid
                0x000000000000543c                sys_geteuid
                0x0000000000005449                sys_getgid
                0x0000000000005456                sys_getegid
                0x0000000000005463                sys_nice
                0x000000000000547c                sys_signal
                0x00000000000054b9                math_state_restore
                0x00000000000054f0                schedule
                0x00000000000055e1                sys_pause
                0x00000000000055f7                sleep_on
                0x0000000000005651                interruptible_sleep_on
                0x00000000000056bb                wake_up
                0x00000000000056d7                do_timer
                0x000000000000571d                sched_init
                0x0000000000005844                system_call
                0x0000000000005936                timer_interrupt
                0x000000000000596e                sys_execve
                0x000000000000597c                sys_fork
                0x0000000000005994                hd_interrupt
                0x0000000000005b41                do_double_fault
                0x0000000000005b5a                do_general_protection
                0x0000000000005b73                do_divide_error
                0x0000000000005b8c                do_int3
                0x0000000000005c44                do_nmi
                0x0000000000005c5d                do_debug
                0x0000000000005c76                do_overflow
                0x0000000000005c8f                do_bounds
                0x0000000000005ca8                do_invalid_op
                0x0000000000005cc1                do_device_not_available
                0x0000000000005cda                do_coprocessor_segment_overrun
                0x0000000000005cf3                do_invalid_TSS
                0x0000000000005d0c                do_segment_not_present
                0x0000000000005d25                do_stack_segment
                0x0000000000005d3e                do_coprocessor_error
                0x0000000000005d57                do_reserved
                0x0000000000005d70                trap_init
                0x0000000000005f2c                divide_error
                0x0000000000005f61                debug
                0x0000000000005f68                nmi
                0x0000000000005f6f                int3
                0x0000000000005f76                overflow
                0x0000000000005f7d                bounds
                0x0000000000005f84                invalid_op
                0x0000000000005f93                device_not_available
                0x0000000000005fc0                coprocessor_segment_overrun
                0x0000000000005fca                reserved
                0x0000000000005fd4                coprocessor_error
                0x0000000000005fde                double_fault
                0x0000000000006015                invalid_TSS
                0x000000000000601c                segment_not_present
                0x0000000000006023                stack_segment
                0x000000000000602a                general_protection
                0x0000000000006034                verify_area
                0x0000000000006099                copy_mem
                0x000000000000618f                copy_process
                0x000000000000641e                find_empty_process
                0x0000000000006480                panic
                0x000000000000649c                printk
                0x0000000000006726                vsprintf
                0x0000000000006a90                tty_init
                0x0000000000006aa1                tty_intr
                0x0000000000006ae6                copy_to_cooked
                0x0000000000006d66                tty_read
                0x000000000000702c                tty_write
                0x0000000000007209                do_tty_interrupt
                0x0000000000007435                csi_m
                0x0000000000007490                con_write
                0x0000000000007e1a                con_init
                0x0000000000007e9d                f1_down
                0x0000000000007ea8                f1_up
                0x0000000000007eb3                tool_draw
                0x0000000000008047                getDirectoriums
                0x0000000000008124                print_name_and_index
                0x0000000000008193                keyboard_interrupt
                0x0000000000008988                rs1_interrupt
                0x0000000000008990                rs2_interrupt
                0x00000000000090f9                rw_hd
                0x00000000000091a2                sys_setup
                0x00000000000092a1                unexpected_hd_interrupt
                0x00000000000092b4                hd_init
                0x0000000000009324                sys_ftime
                0x000000000000932a                sys_mknod
                0x0000000000009330                sys_break
                0x0000000000009336                sys_mount
                0x000000000000933c                sys_umount
                0x0000000000009342                sys_ustat
                0x0000000000009348                sys_ptrace
                0x000000000000934e                sys_stty
                0x0000000000009354                sys_gtty
                0x000000000000935a                sys_rename
                0x0000000000009360                sys_prof
                0x0000000000009366                sys_setgid
                0x00000000000093c3                sys_acct
                0x00000000000093c9                sys_phys
                0x00000000000093cf                sys_lock
                0x00000000000093d5                sys_mpx
                0x00000000000093db                sys_ulimit
                0x00000000000093e1                sys_time
                0x0000000000009434                sys_setuid
                0x000000000000948d                sys_stime
                0x00000000000094da                sys_times
                0x0000000000009533                sys_brk
                0x0000000000009566                sys_setpgid
                0x00000000000095db                sys_getpgrp
                0x00000000000095e7                sys_setsid
                0x000000000000963c                sys_oldolduname
                0x0000000000009654                sys_uname
                0x00000000000096a1                sys_umask
                0x00000000000096bf                sys_null
                0x00000000000096f0                release
                0x000000000000974a                do_kill
                0x00000000000099c3                sys_kill
                0x00000000000099f9                do_exit
                0x0000000000009b8c                sys_exit
                0x0000000000009ba7                sys_waitpid
                0x0000000000009d2e                rs_init
                0x0000000000009d86                rs_write
                0x0000000000009db0                kernel_mktime
 *fill*         0x0000000000009e17        0x1 90909090
 .text          0x0000000000009e18      0x517 mm/mm.o
                0x0000000000009e18                invalidate
                0x0000000000009e21                copy_page
                0x0000000000009e46                get_free_page
                0x0000000000009e7e                free_page
                0x0000000000009ede                free_page_tables
                0x0000000000009f8e                copy_page_tables
                0x000000000000a088                put_page
                0x000000000000a135                un_wp_page
                0x000000000000a1c5                do_wp_page
                0x000000000000a1f5                write_verify
                0x000000000000a234                do_no_page
                0x000000000000a264                calc_mem
                0x000000000000a2f8                page_fault
 *fill*         0x000000000000a32f        0x1 90909090
 .text          0x000000000000a330     0x4f4c fs/fs.o
                0x000000000000a330                sys_utime
                0x000000000000a399                sys_access
                0x000000000000a430                sys_chdir
                0x000000000000a493                sys_chroot
                0x000000000000a4f6                sys_chmod
                0x000000000000a58b                sys_chown
                0x000000000000a5f2                sys_open
                0x000000000000a786                sys_creat
                0x000000000000a7a9                sys_close
                0x000000000000a830                sys_lseek
                0x000000000000a8ec                sys_read
                0x000000000000aa47                sys_write
                0x000000000000af5b                sync_inodes
                0x000000000000afa5                bmap
                0x000000000000afbe                create_block
                0x000000000000afd7                iput
                0x000000000000b0c5                get_empty_inode
                0x000000000000b1b3                get_pipe_inode
                0x000000000000b1fa                iget
                0x000000000000b3e7                sys_sync
                0x000000000000b44f                brelse
                0x000000000000b4a1                get_hash_table
                0x000000000000b500                getblk
                0x000000000000b79f                bread
                0x000000000000b7f9                buffer_init
                0x000000000000b894                do_mount
                0x000000000000ba9f                mount_root
                0x000000000000bbf0                block_write
                0x000000000000bcd3                block_read
                0x000000000000bdaa                ll_rw_block
                0x000000000000be73                rw_char
                0x000000000000bee4                file_read
                0x000000000000c08f                file_write
                0x000000000000c32e                sys_stat
                0x000000000000c373                sys_lstat
                0x000000000000c38e                sys_fstat
                0x000000000000c3d1                sys_stat64
                0x000000000000c416                sys_fstat64
                0x000000000000c459                sys_lstat64
                0x000000000000c474                sys_oldstat
                0x000000000000c48c                sys_oldfstat
                0x000000000000c5d4                cp_block
                0x000000000000c609                is_valid_elf
                0x000000000000c64e                read_file_block_ind
                0x000000000000c6e3                read_file_block
                0x000000000000c7e2                copy_section
                0x000000000000c8d0                create_bss_section
                0x000000000000c8f6                load_elf_binary
                0x000000000000cb01                do_execve
                0x000000000000cf94                read_pipe
                0x000000000000d02d                write_pipe
                0x000000000000d126                sys_pipe
                0x000000000000d759                namei
                0x000000000000d80f                open_namei
                0x000000000000da75                sys_mkdir
                0x000000000000dd2a                sys_rmdir
                0x000000000000e09c                sys_unlink
                0x000000000000e238                sys_link
                0x000000000000e3e0                free_block
                0x000000000000e51b                new_block
                0x000000000000e69e                free_inode
                0x000000000000e7ca                new_inode
                0x000000000000e9aa                sys_dup2
                0x000000000000e9ca                sys_dup
                0x000000000000e9da                sys_fcntl
                0x000000000000ea97                sys_fcntl64
                0x000000000000eaec                sys_ioctl
                0x000000000000eb89                tty_ioctl
                0x000000000000ee55                truncate
                0x000000000000ef60                sys_getdents
                0x000000000000f0ee                sys_getdents64
 .text          0x000000000000f27c        0x0 lib/lib.a(ctype.o)
 .text          0x000000000000f27c        0xe lib/lib.a(_exit.o)
                0x000000000000f27c                _exit
 *fill*         0x000000000000f28a        0x2 90909090
 .text          0x000000000000f28c       0x3d lib/lib.a(open.o)
                0x000000000000f28c                open
 *fill*         0x000000000000f2c9        0x3 90909090
 .text          0x000000000000f2cc       0x23 lib/lib.a(close.o)
                0x000000000000f2cc                close
 *fill*         0x000000000000f2ef        0x1 90909090
 .text          0x000000000000f2f0        0x0 lib/lib.a(errno.o)
 .text          0x000000000000f2f0       0x3d lib/lib.a(write.o)
                0x000000000000f2f0                write
 *fill*         0x000000000000f32d        0x3 90909090
 .text          0x000000000000f330       0x23 lib/lib.a(dup.o)
                0x000000000000f330                dup
 *fill*         0x000000000000f353        0x1 90909090
 .text          0x000000000000f354       0x1e lib/lib.a(setsid.o)
                0x000000000000f354                setsid
 *fill*         0x000000000000f372        0x2 90909090
 .text          0x000000000000f374       0x3d lib/lib.a(execve.o)
                0x000000000000f374                execve
 *fill*         0x000000000000f3b1        0x3 90909090
 .text          0x000000000000f3b4       0x60 lib/lib.a(wait.o)
                0x000000000000f3b4                waitpid
                0x000000000000f3f1                wait
 .text          0x000000000000f414      0x421 lib/lib.a(string.o)
                0x000000000000f414                strcpy
                0x000000000000f43c                strncpy
                0x000000000000f46d                strcat
                0x000000000000f4a2                strncat
                0x000000000000f4e1                strcmp
                0x000000000000f50f                strncmp
                0x000000000000f544                strchr
                0x000000000000f562                strrchr
                0x000000000000f583                strspn
                0x000000000000f5d0                strcspn
                0x000000000000f61d                strpbrk
                0x000000000000f662                strstr
                0x000000000000f6a7                strlen
                0x000000000000f6c0                strtok
                0x000000000000f751                memcpy
                0x000000000000f777                memmove
                0x000000000000f7c5                memcmp
                0x000000000000f7f9                memchr
                0x000000000000f81f                memset
 *(.gnu.warning)

.fini
 *(.fini)
                0x000000000000f835                PROVIDE (__etext, .)
                0x000000000000f835                PROVIDE (_etext, .)
                0x000000000000f835                PROVIDE (etext, .)

.rodata         0x000000000000f840     0x1044
 *(.rodata .rodata.* .gnu.linkonce.r.*)
 .rodata.str1.1
                0x000000000000f840       0x68 init/main.o
 .rodata.str1.4
                0x000000000000f8a8       0x25 init/main.o
 *fill*         0x000000000000f8cd       0x13 00
 .rodata        0x000000000000f8e0      0x270 kernel/kernel.o
 .rodata.str1.1
                0x000000000000fb50      0x287 kernel/kernel.o
                                        0x28f (size before relaxing)
 *fill*         0x000000000000fdd7        0x1 00
 .rodata.str1.4
                0x000000000000fdd8      0x22c kernel/kernel.o
 .rodata.str1.4
                0x0000000000010004       0xe9 mm/mm.o
 .rodata.str1.1
                0x00000000000100ed       0x68 mm/mm.o
 *fill*         0x0000000000010155        0xb 00
 .rodata        0x0000000000010160       0xc4 fs/fs.o
 .rodata.str1.1
                0x0000000000010224      0x32c fs/fs.o
                                        0x332 (size before relaxing)
 .rodata.str1.4
                0x0000000000010550      0x334 fs/fs.o

.rodata1
 *(.rodata1)

.eh_frame_hdr
 *(.eh_frame_hdr)

.eh_frame       0x0000000000010884     0x2208
 *(.eh_frame)
 .eh_frame      0x0000000000010884       0x74 init/main.o
 .eh_frame      0x00000000000108f8      0xd84 kernel/kernel.o
                                        0xebc (size before relaxing)
 .eh_frame      0x000000000001167c      0x1a8 mm/mm.o
                                        0x1c0 (size before relaxing)
 .eh_frame      0x0000000000011824      0xf0c fs/fs.o
                                       0x10bc (size before relaxing)
 .eh_frame      0x0000000000012730       0x1c lib/lib.a(_exit.o)
                                         0x34 (size before relaxing)
 .eh_frame      0x000000000001274c       0x20 lib/lib.a(open.o)
                                         0x38 (size before relaxing)
 .eh_frame      0x000000000001276c       0x1c lib/lib.a(close.o)
                                         0x34 (size before relaxing)
 .eh_frame      0x0000000000012788       0x20 lib/lib.a(write.o)
                                         0x38 (size before relaxing)
 .eh_frame      0x00000000000127a8       0x1c lib/lib.a(dup.o)
                                         0x34 (size before relaxing)
 .eh_frame      0x00000000000127c4       0x14 lib/lib.a(setsid.o)
                                         0x2c (size before relaxing)
 .eh_frame      0x00000000000127d8       0x20 lib/lib.a(execve.o)
                                         0x38 (size before relaxing)
 .eh_frame      0x00000000000127f8       0x38 lib/lib.a(wait.o)
                                         0x50 (size before relaxing)
 .eh_frame      0x0000000000012830      0x25c lib/lib.a(string.o)
                                        0x274 (size before relaxing)

.gcc_except_table
 *(.gcc_except_table .gcc_except_table.*)

.exception_ranges
 *(.exception_ranges .exception_ranges*)
                0x0000000000012a8c                . = (ALIGN (0x1000) - ((0x1000 - .) & 0xfff))
                0x0000000000013000                . = DATA_SEGMENT_ALIGN (0x1000, 0x1000)

.eh_frame
 *(.eh_frame)

.gcc_except_table
 *(.gcc_except_table .gcc_except_table.*)

.exception_ranges
 *(.exception_ranges .exception_ranges*)

.tdata
 *(.tdata .tdata.* .gnu.linkonce.td.*)

.tbss
 *(.tbss .tbss.* .gnu.linkonce.tb.*)
 *(.tcommon)

.preinit_array  0x0000000000013000        0x0
                0x0000000000013000                PROVIDE (__preinit_array_start, .)
 *(.preinit_array)
                0x0000000000013000                PROVIDE (__preinit_array_end, .)

.init_array     0x0000000000013000        0x0
                0x0000000000013000                PROVIDE (__init_array_start, .)
 *(SORT(.init_array.*) SORT(.ctors.*))
 *(.init_array)
 *(EXCLUDE_FILE(*crtend?.o *crtend.o *crtbegin?.o *crtbegin.o) .ctors)
                0x0000000000013000                PROVIDE (__init_array_end, .)

.fini_array     0x0000000000013000        0x0
                0x0000000000013000                PROVIDE (__fini_array_start, .)
 *(SORT(.fini_array.*) SORT(.dtors.*))
 *(.fini_array)
 *(EXCLUDE_FILE(*crtend?.o *crtend.o *crtbegin?.o *crtbegin.o) .dtors)
                0x0000000000013000                PROVIDE (__fini_array_end, .)

.ctors
 *crtbegin.o(.ctors)
 *crtbegin?.o(.ctors)
 *(EXCLUDE_FILE(*crtend?.o *crtend.o) .ctors)
 *(SORT(.ctors.*))
 *(.ctors)

.dtors
 *crtbegin.o(.dtors)
 *crtbegin?.o(.dtors)
 *(EXCLUDE_FILE(*crtend?.o *crtend.o) .dtors)
 *(SORT(.dtors.*))
 *(.dtors)

.jcr
 *(.jcr)

.data.rel.ro
 *(.data.rel.ro.local* .gnu.linkonce.d.rel.ro.local.*)
 *(.data.rel.ro* .gnu.linkonce.d.rel.ro.*)

.dynamic
 *(.dynamic)

.got
 *(.got)
 *(.igot)
                0x0000000000013000                . = DATA_SEGMENT_RELRO_END (., 0xc)

.got.plt        0x0000000000013000        0x0
 *(.got.plt)
 *(.igot.plt)
 .igot.plt      0x0000000000000000        0x0 boot/head.o

.data           0x0000000000013000     0x3e64
 *(.data .data.* .gnu.linkonce.d.*)
 .data          0x0000000000013000        0x0 boot/head.o
 .data          0x0000000000013000       0x18 init/main.o
 *fill*         0x0000000000013018        0x8 00
 .data          0x0000000000013020     0x3d2c kernel/kernel.o
                0x0000000000013020                stack_start
                0x0000000000013040                task
                0x0000000000013140                current
                0x0000000000013160                sys_call_table
                0x0000000000014660                table_list
                0x0000000000014680                tty_table
 .data          0x0000000000016d4c        0x0 mm/mm.o
 .data          0x0000000000016d4c        0x4 fs/fs.o
                0x0000000000016d4c                start_buffer
 *fill*         0x0000000000016d50       0x10 00
 .data          0x0000000000016d60      0x101 lib/lib.a(ctype.o)
                0x0000000000016d60                _ctype
 *fill*         0x0000000000016e61        0x3 00
 .data          0x0000000000016e64        0x0 lib/lib.a(_exit.o)
 .data          0x0000000000016e64        0x0 lib/lib.a(open.o)
 .data          0x0000000000016e64        0x0 lib/lib.a(close.o)
 .data          0x0000000000016e64        0x0 lib/lib.a(errno.o)
 .data          0x0000000000016e64        0x0 lib/lib.a(write.o)
 .data          0x0000000000016e64        0x0 lib/lib.a(dup.o)
 .data          0x0000000000016e64        0x0 lib/lib.a(setsid.o)
 .data          0x0000000000016e64        0x0 lib/lib.a(execve.o)
 .data          0x0000000000016e64        0x0 lib/lib.a(wait.o)
 .data          0x0000000000016e64        0x0 lib/lib.a(string.o)

.data1
 *(.data1)
                0x0000000000016e64                _edata = .
                0x0000000000016e64                PROVIDE (edata, .)
                0x0000000000016e64                __bss_start = .

.bss            0x0000000000016e80     0x3d4c
 *(.dynbss)
 *(.bss .bss.* .gnu.linkonce.b.*)
 .bss           0x0000000000016e80        0x0 boot/head.o
 .bss           0x0000000000016e80      0x400 init/main.o
 .bss           0x0000000000017280      0x9ec kernel/kernel.o
                0x0000000000017280                last_task_used_math
                0x0000000000017284                startup_time
                0x0000000000017288                jiffies
                0x000000000001728c                last_pid
                0x0000000000017760                do_hd
 *fill*         0x0000000000017c6c       0x14 00
 .bss           0x0000000000017c80      0xc00 mm/mm.o
 .bss           0x0000000000018880      0x710 fs/fs.o
                0x0000000000018880                inode_table
                0x0000000000018f84                nr_buffers
 .bss           0x0000000000018f90        0x0 lib/lib.a(ctype.o)
 .bss           0x0000000000018f90        0x0 lib/lib.a(_exit.o)
 .bss           0x0000000000018f90        0x0 lib/lib.a(open.o)
 .bss           0x0000000000018f90        0x0 lib/lib.a(close.o)
 .bss           0x0000000000018f90        0x0 lib/lib.a(errno.o)
 .bss           0x0000000000018f90        0x0 lib/lib.a(write.o)
 .bss           0x0000000000018f90        0x0 lib/lib.a(dup.o)
 .bss           0x0000000000018f90        0x0 lib/lib.a(setsid.o)
 .bss           0x0000000000018f90        0x0 lib/lib.a(execve.o)
 .bss           0x0000000000018f90        0x0 lib/lib.a(wait.o)
 .bss           0x0000000000018f90        0x0 lib/lib.a(string.o)
 *(COMMON)
 *fill*         0x0000000000018f90       0x10 00
 COMMON         0x0000000000018fa0     0x1000 kernel/kernel.o
                0x0000000000018fa0                user_stack
 COMMON         0x0000000000019fa0      0xc20 fs/fs.o
                0x0000000000019fa0                hash_table
                0x000000000001a480                super_block
                0x000000000001a7c0                file_table
 COMMON         0x000000000001abc0        0x1 lib/lib.a(ctype.o)
                0x000000000001abc0                _ctmp
 *fill*         0x000000000001abc1        0x3 00
 COMMON         0x000000000001abc4        0x4 lib/lib.a(errno.o)
                0x000000000001abc4                errno
 COMMON         0x000000000001abc8        0x4 lib/lib.a(string.o)
                0x000000000001abc8                ___strtok
                0x000000000001abcc                . = ALIGN ((. != 0x0)?0x4:0x1)
                0x000000000001abcc                . = ALIGN (0x4)
                0x000000000001abcc                . = ALIGN (0x4)
                0x000000000001abcc                _end = .
                0x000000000001abcc                PROVIDE (end, .)
                0x000000000001abcc                . = DATA_SEGMENT_END (.)

.stab
 *(.stab)

.stabstr
 *(.stabstr)

.stab.excl
 *(.stab.excl)

.stab.exclstr
 *(.stab.exclstr)

.stab.index
 *(.stab.index)

.stab.indexstr
 *(.stab.indexstr)

.comment        0x0000000000000000       0x2a
 *(.comment)
 .comment       0x0000000000000000       0x2a init/main.o
                                         0x2b (size before relaxing)
 .comment       0x0000000000000000      0x22f kernel/kernel.o
 .comment       0x0000000000000000       0x2b mm/mm.o
 .comment       0x0000000000000000      0x331 fs/fs.o
 .comment       0x0000000000000000       0x2b lib/lib.a(ctype.o)
 .comment       0x0000000000000000       0x2b lib/lib.a(_exit.o)
 .comment       0x0000000000000000       0x2b lib/lib.a(open.o)
 .comment       0x0000000000000000       0x2b lib/lib.a(close.o)
 .comment       0x0000000000000000       0x2b lib/lib.a(errno.o)
 .comment       0x0000000000000000       0x2b lib/lib.a(write.o)
 .comment       0x0000000000000000       0x2b lib/lib.a(dup.o)
 .comment       0x0000000000000000       0x2b lib/lib.a(setsid.o)
 .comment       0x0000000000000000       0x2b lib/lib.a(execve.o)
 .comment       0x0000000000000000       0x2b lib/lib.a(wait.o)
 .comment       0x0000000000000000       0x2b lib/lib.a(string.o)

.debug
 *(.debug)

.line
 *(.line)

.debug_srcinfo
 *(.debug_srcinfo)

.debug_sfnames
 *(.debug_sfnames)

.debug_aranges  0x0000000000000000      0x540
 *(.debug_aranges)
 .debug_aranges
                0x0000000000000000       0x20 init/main.o
 .debug_aranges
                0x0000000000000020      0x1a0 kernel/kernel.o
 .debug_aranges
                0x00000000000001c0       0x20 mm/mm.o
 .debug_aranges
                0x00000000000001e0      0x240 fs/fs.o
 .debug_aranges
                0x0000000000000420       0x20 lib/lib.a(_exit.o)
 .debug_aranges
                0x0000000000000440       0x20 lib/lib.a(open.o)
 .debug_aranges
                0x0000000000000460       0x20 lib/lib.a(close.o)
 .debug_aranges
                0x0000000000000480       0x20 lib/lib.a(write.o)
 .debug_aranges
                0x00000000000004a0       0x20 lib/lib.a(dup.o)
 .debug_aranges
                0x00000000000004c0       0x20 lib/lib.a(setsid.o)
 .debug_aranges
                0x00000000000004e0       0x20 lib/lib.a(execve.o)
 .debug_aranges
                0x0000000000000500       0x20 lib/lib.a(wait.o)
 .debug_aranges
                0x0000000000000520       0x20 lib/lib.a(string.o)

.debug_pubnames
 *(.debug_pubnames)

.debug_info     0x0000000000000000    0x1a577
 *(.debug_info .gnu.linkonce.wi.*)
 .debug_info    0x0000000000000000      0xccf init/main.o
 .debug_info    0x0000000000000ccf     0x8a0e kernel/kernel.o
 .debug_info    0x00000000000096dd      0x4d6 mm/mm.o
 .debug_info    0x0000000000009bb3     0xe2d3 fs/fs.o
 .debug_info    0x0000000000017e86       0x70 lib/lib.a(ctype.o)
 .debug_info    0x0000000000017ef6      0x3af lib/lib.a(_exit.o)
 .debug_info    0x00000000000182a5      0x403 lib/lib.a(open.o)
 .debug_info    0x00000000000186a8      0x3ce lib/lib.a(close.o)
 .debug_info    0x0000000000018a76       0x3f lib/lib.a(errno.o)
 .debug_info    0x0000000000018ab5      0x400 lib/lib.a(write.o)
 .debug_info    0x0000000000018eb5      0x3ce lib/lib.a(dup.o)
 .debug_info    0x0000000000019283      0x3cb lib/lib.a(setsid.o)
 .debug_info    0x000000000001964e      0x3fc lib/lib.a(execve.o)
 .debug_info    0x0000000000019a4a      0x428 lib/lib.a(wait.o)
 .debug_info    0x0000000000019e72      0x705 lib/lib.a(string.o)

.debug_abbrev   0x0000000000000000     0x43d1
 *(.debug_abbrev)
 .debug_abbrev  0x0000000000000000      0x1d7 init/main.o
 .debug_abbrev  0x00000000000001d7     0x1788 kernel/kernel.o
 .debug_abbrev  0x000000000000195f      0x1af mm/mm.o
 .debug_abbrev  0x0000000000001b0e     0x212e fs/fs.o
 .debug_abbrev  0x0000000000003c3c       0x42 lib/lib.a(ctype.o)
 .debug_abbrev  0x0000000000003c7e       0xa3 lib/lib.a(_exit.o)
 .debug_abbrev  0x0000000000003d21       0xdc lib/lib.a(open.o)
 .debug_abbrev  0x0000000000003dfd       0xb4 lib/lib.a(close.o)
 .debug_abbrev  0x0000000000003eb1       0x30 lib/lib.a(errno.o)
 .debug_abbrev  0x0000000000003ee1       0xd7 lib/lib.a(write.o)
 .debug_abbrev  0x0000000000003fb8       0xb4 lib/lib.a(dup.o)
 .debug_abbrev  0x000000000000406c       0xb2 lib/lib.a(setsid.o)
 .debug_abbrev  0x000000000000411e       0xbb lib/lib.a(execve.o)
 .debug_abbrev  0x00000000000041d9       0xd0 lib/lib.a(wait.o)
 .debug_abbrev  0x00000000000042a9      0x128 lib/lib.a(string.o)

.debug_line     0x0000000000000000     0x3651
 *(.debug_line)
 .debug_line    0x0000000000000000      0x11e init/main.o
 .debug_line    0x000000000000011e     0x13c3 kernel/kernel.o
 .debug_line    0x00000000000014e1      0x122 mm/mm.o
 .debug_line    0x0000000000001603     0x1b86 fs/fs.o
 .debug_line    0x0000000000003189       0x28 lib/lib.a(ctype.o)
 .debug_line    0x00000000000031b1       0x50 lib/lib.a(_exit.o)
 .debug_line    0x0000000000003201       0x76 lib/lib.a(open.o)
 .debug_line    0x0000000000003277       0x6e lib/lib.a(close.o)
 .debug_line    0x00000000000032e5       0x28 lib/lib.a(errno.o)
 .debug_line    0x000000000000330d       0x8c lib/lib.a(write.o)
 .debug_line    0x0000000000003399       0x6c lib/lib.a(dup.o)
 .debug_line    0x0000000000003405       0x88 lib/lib.a(setsid.o)
 .debug_line    0x000000000000348d       0x73 lib/lib.a(execve.o)
 .debug_line    0x0000000000003500       0x90 lib/lib.a(wait.o)
 .debug_line    0x0000000000003590       0xc1 lib/lib.a(string.o)

.debug_frame
 *(.debug_frame)

.debug_str      0x0000000000000000     0x1a48
 *(.debug_str)
 .debug_str     0x0000000000000000      0x3f7 init/main.o
                                        0x4a4 (size before relaxing)
 .debug_str     0x00000000000003f7      0xb23 kernel/kernel.o
                                       0x31d8 (size before relaxing)
 .debug_str     0x0000000000000f1a      0x125 mm/mm.o
                                        0x1c0 (size before relaxing)
 .debug_str     0x000000000000103f      0x938 fs/fs.o
                                       0x53ba (size before relaxing)
 .debug_str     0x0000000000001977       0x25 lib/lib.a(ctype.o)
                                         0x65 (size before relaxing)
 .debug_str     0x000000000000199c        0x8 lib/lib.a(_exit.o)
                                        0x283 (size before relaxing)
 .debug_str     0x0000000000000000        0x8 lib/lib.a(open.o)
                                        0x293 (size before relaxing)
 .debug_str     0x00000000000019a4        0x8 lib/lib.a(close.o)
                                        0x285 (size before relaxing)
 .debug_str     0x00000000000019ac        0x8 lib/lib.a(errno.o)
                                         0x37 (size before relaxing)
 .debug_str     0x0000000000000000        0x8 lib/lib.a(write.o)
                                        0x291 (size before relaxing)
 .debug_str     0x00000000000019b4        0x6 lib/lib.a(dup.o)
                                        0x27d (size before relaxing)
 .debug_str     0x00000000000019ba        0x9 lib/lib.a(setsid.o)
                                        0x28d (size before relaxing)
 .debug_str     0x00000000000019c3        0x9 lib/lib.a(execve.o)
                                        0x296 (size before relaxing)
 .debug_str     0x00000000000019cc       0x11 lib/lib.a(wait.o)
                                        0x2a3 (size before relaxing)
 .debug_str     0x00000000000019dd       0x6b lib/lib.a(string.o)
                                         0xeb (size before relaxing)

.debug_loc      0x0000000000000000     0xa916
 *(.debug_loc)
 .debug_loc     0x0000000000000000      0x256 init/main.o
 .debug_loc     0x0000000000000256     0x375a kernel/kernel.o
 .debug_loc     0x00000000000039b0      0x640 mm/mm.o
 .debug_loc     0x0000000000003ff0     0x6353 fs/fs.o
 .debug_loc     0x000000000000a343       0x2c lib/lib.a(_exit.o)
 .debug_loc     0x000000000000a36f       0x3f lib/lib.a(open.o)
 .debug_loc     0x000000000000a3ae       0x3f lib/lib.a(close.o)
 .debug_loc     0x000000000000a3ed       0x57 lib/lib.a(write.o)
 .debug_loc     0x000000000000a444       0x3f lib/lib.a(dup.o)
 .debug_loc     0x000000000000a483       0x13 lib/lib.a(setsid.o)
 .debug_loc     0x000000000000a496       0x57 lib/lib.a(execve.o)
 .debug_loc     0x000000000000a4ed       0x83 lib/lib.a(wait.o)
 .debug_loc     0x000000000000a570      0x3a6 lib/lib.a(string.o)

.debug_macinfo
 *(.debug_macinfo)

.debug_weaknames
 *(.debug_weaknames)

.debug_funcnames
 *(.debug_funcnames)

.debug_typenames
 *(.debug_typenames)

.debug_varnames
 *(.debug_varnames)

.debug_pubtypes
 *(.debug_pubtypes)

.debug_ranges   0x0000000000000000      0x428
 *(.debug_ranges)
 .debug_ranges  0x0000000000000000      0x120 kernel/kernel.o
 .debug_ranges  0x0000000000000120      0x308 fs/fs.o

.gnu.attributes
 *(.gnu.attributes)

/DISCARD/
 *(.note.GNU-stack)
 *(.gnu_debuglink)
 *(.gnu.lto_*)
OUTPUT(tools/system elf32-i386)
