Archive member included because of file (symbol)

lib/lib.a(ctype.o)            kernel/kernel.o (_ctype)
lib/lib.a(_exit.o)            init/main.o (_exit)
lib/lib.a(open.o)             init/main.o (open)
lib/lib.a(close.o)            init/main.o (close)
lib/lib.a(errno.o)            init/main.o (errno)
lib/lib.a(write.o)            init/main.o (write)
lib/lib.a(dup.o)              init/main.o (dup)
lib/lib.a(setsid.o)           init/main.o (setsid)
lib/lib.a(execve.o)           init/main.o (execve)
lib/lib.a(wait.o)             init/main.o (wait)
lib/lib.a(string.o)           kernel/kernel.o (memcpy)

Allocating common symbols
Common symbol       size              file

errno               0x4               lib/lib.a(errno.o)
hash_table          0x4cc             fs/fs.o
___strtok           0x4               lib/lib.a(string.o)
user_stack          0x1000            kernel/kernel.o
_ctmp               0x1               lib/lib.a(ctype.o)
super_block         0x340             fs/fs.o
file_table          0x400             fs/fs.o

Discarded input sections

 .note.GNU-stack
                0x0000000000000000        0x0 init/main.o
 .note.GNU-stack
                0x0000000000000000        0x0 kernel/kernel.o
 .note.GNU-stack
                0x0000000000000000        0x0 mm/mm.o
 .note.GNU-stack
                0x0000000000000000        0x0 fs/fs.o
 .note.GNU-stack
                0x0000000000000000        0x0 lib/lib.a(ctype.o)
 .note.GNU-stack
                0x0000000000000000        0x0 lib/lib.a(_exit.o)
 .note.GNU-stack
                0x0000000000000000        0x0 lib/lib.a(open.o)
 .note.GNU-stack
                0x0000000000000000        0x0 lib/lib.a(close.o)
 .note.GNU-stack
                0x0000000000000000        0x0 lib/lib.a(errno.o)
 .note.GNU-stack
                0x0000000000000000        0x0 lib/lib.a(write.o)
 .note.GNU-stack
                0x0000000000000000        0x0 lib/lib.a(dup.o)
 .note.GNU-stack
                0x0000000000000000        0x0 lib/lib.a(setsid.o)
 .note.GNU-stack
                0x0000000000000000        0x0 lib/lib.a(execve.o)
 .note.GNU-stack
                0x0000000000000000        0x0 lib/lib.a(wait.o)
 .note.GNU-stack
                0x0000000000000000        0x0 lib/lib.a(string.o)

Memory Configuration

Name             Origin             Length             Attributes
*default*        0x0000000000000000 0xffffffffffffffff

Linker script and memory map

Address of section .text set to 0x0
LOAD boot/head.o
LOAD init/main.o
LOAD kernel/kernel.o
LOAD mm/mm.o
LOAD fs/fs.o
LOAD lib/lib.a
                0x0000000008048000                PROVIDE (__executable_start, 0x8048000)
                0x0000000008048094                . = (0x8048000 + SIZEOF_HEADERS)

.interp
 *(.interp)

.note.gnu.build-id
 *(.note.gnu.build-id)

.hash
 *(.hash)

.gnu.hash
 *(.gnu.hash)

.dynsym
 *(.dynsym)

.dynstr
 *(.dynstr)

.gnu.version
 *(.gnu.version)

.gnu.version_d
 *(.gnu.version_d)

.gnu.version_r
 *(.gnu.version_r)

.rel.dyn        0x0000000008048094        0x0
 *(.rel.init)
 *(.rel.text .rel.text.* .rel.gnu.linkonce.t.*)
 .rel.text      0x0000000000000000        0x0 boot/head.o
 *(.rel.fini)
 *(.rel.rodata .rel.rodata.* .rel.gnu.linkonce.r.*)
 *(.rel.data.rel.ro* .rel.gnu.linkonce.d.rel.ro.*)
 *(.rel.data .rel.data.* .rel.gnu.linkonce.d.*)
 .rel.data      0x0000000000000000        0x0 boot/head.o
 *(.rel.tdata .rel.tdata.* .rel.gnu.linkonce.td.*)
 *(.rel.tbss .rel.tbss.* .rel.gnu.linkonce.tb.*)
 *(.rel.ctors)
 *(.rel.dtors)
 *(.rel.got)
 *(.rel.bss .rel.bss.* .rel.gnu.linkonce.b.*)
 *(.rel.ifunc)

.rel.plt        0x0000000008048094        0x0
 *(.rel.plt)
                0x0000000008048094                PROVIDE (__rel_iplt_start, .)
 *(.rel.iplt)
 .rel.iplt      0x0000000000000000        0x0 boot/head.o
                0x0000000008048094                PROVIDE (__rel_iplt_end, .)

.init
 *(.init)

.plt            0x00000000080480a0        0x0
 *(.plt)
 *(.iplt)
 .iplt          0x0000000000000000        0x0 boot/head.o

.text           0x0000000000000000     0xff15
 *(.text.unlikely .text.*_unlikely)
 *(.text.exit .text.exit.*)
 *(.text.startup .text.startup.*)
 *(.text.hot .text.hot.*)
 *(.text .stub .text.* .gnu.linkonce.t.*)
 .text          0x0000000000000000     0x5078 boot/head.o
                0x0000000000000000                startup_32
                0x0000000000000000                pg_dir
                0x0000000000004078                idt
                0x0000000000004878                gdt
 *fill*         0x0000000000005078        0x8 90909090
 .text          0x0000000000005080      0x370 init/main.o
                0x00000000000050c1                init
                0x0000000000005232                main
 .text          0x00000000000053f0     0x5107 kernel/kernel.o
                0x00000000000053f0                sys_alarm
                0x0000000000005417                sys_getpid
                0x0000000000005423                sys_getppid
                0x000000000000542f                sys_getuid
                0x000000000000543c                sys_geteuid
                0x0000000000005449                sys_getgid
                0x0000000000005456                sys_getegid
                0x0000000000005463                sys_nice
                0x000000000000547c                sys_signal
                0x00000000000054b9                math_state_restore
                0x00000000000054f0                schedule
                0x00000000000055e1                sys_pause
                0x00000000000055f7                sleep_on
                0x0000000000005651                interruptible_sleep_on
                0x00000000000056bb                wake_up
                0x00000000000056d7                do_timer
                0x000000000000571d                sched_init
                0x0000000000005844                system_call
                0x0000000000005936                timer_interrupt
                0x000000000000596e                sys_execve
                0x000000000000597c                sys_fork
                0x0000000000005994                hd_interrupt
                0x0000000000005b41                do_double_fault
                0x0000000000005b5a                do_general_protection
                0x0000000000005b73                do_divide_error
                0x0000000000005b8c                do_int3
                0x0000000000005c44                do_nmi
                0x0000000000005c5d                do_debug
                0x0000000000005c76                do_overflow
                0x0000000000005c8f                do_bounds
                0x0000000000005ca8                do_invalid_op
                0x0000000000005cc1                do_device_not_available
                0x0000000000005cda                do_coprocessor_segment_overrun
                0x0000000000005cf3                do_invalid_TSS
                0x0000000000005d0c                do_segment_not_present
                0x0000000000005d25                do_stack_segment
                0x0000000000005d3e                do_coprocessor_error
                0x0000000000005d57                do_reserved
                0x0000000000005d70                trap_init
                0x0000000000005f2c                divide_error
                0x0000000000005f61                debug
                0x0000000000005f68                nmi
                0x0000000000005f6f                int3
                0x0000000000005f76                overflow
                0x0000000000005f7d                bounds
                0x0000000000005f84                invalid_op
                0x0000000000005f93                device_not_available
                0x0000000000005fc0                coprocessor_segment_overrun
                0x0000000000005fca                reserved
                0x0000000000005fd4                coprocessor_error
                0x0000000000005fde                double_fault
                0x0000000000006015                invalid_TSS
                0x000000000000601c                segment_not_present
                0x0000000000006023                stack_segment
                0x000000000000602a                general_protection
                0x0000000000006034                verify_area
                0x0000000000006099                copy_mem
                0x000000000000618f                copy_process
                0x000000000000641e                find_empty_process
                0x0000000000006480                panic
                0x000000000000649c                printk
                0x0000000000006726                vsprintf
                0x0000000000006a90                tty_init
                0x0000000000006aa1                tty_intr
                0x0000000000006ae6                copy_to_cooked
                0x0000000000006d66                tty_read
                0x000000000000702c                tty_write
                0x0000000000007209                do_tty_interrupt
                0x0000000000007435                tool_start
                0x000000000000747f                tool_dir
                0x00000000000074a1                openR
                0x00000000000074e4                fill_list
                0x00000000000075c4                closeR
                0x00000000000075f1                draw_list
                0x000000000000778c                mark_selected
                0x00000000000077f4                set_path_name
                0x000000000000790d                csi_m
                0x0000000000007968                con_write
                0x00000000000082ea                con_init
                0x000000000000836d                f1_down
                0x0000000000008378                f1_up
                0x0000000000008383                tool_draw
                0x000000000000851c                getDirectoriums
                0x00000000000085f9                arr_right
                0x00000000000086ba                arr_left
                0x0000000000008753                arr_down
                0x000000000000878c                arr_up
                0x00000000000087bd                print_name_and_index
                0x000000000000882f                keyboard_interrupt
                0x0000000000009068                rs1_interrupt
                0x0000000000009070                rs2_interrupt
                0x00000000000097d9                rw_hd
                0x0000000000009882                sys_setup
                0x0000000000009981                unexpected_hd_interrupt
                0x0000000000009994                hd_init
                0x0000000000009a04                sys_ftime
                0x0000000000009a0a                sys_mknod
                0x0000000000009a10                sys_break
                0x0000000000009a16                sys_mount
                0x0000000000009a1c                sys_umount
                0x0000000000009a22                sys_ustat
                0x0000000000009a28                sys_ptrace
                0x0000000000009a2e                sys_stty
                0x0000000000009a34                sys_gtty
                0x0000000000009a3a                sys_rename
                0x0000000000009a40                sys_prof
                0x0000000000009a46                sys_setgid
                0x0000000000009aa3                sys_acct
                0x0000000000009aa9                sys_phys
                0x0000000000009aaf                sys_lock
                0x0000000000009ab5                sys_mpx
                0x0000000000009abb                sys_ulimit
                0x0000000000009ac1                sys_time
                0x0000000000009b14                sys_setuid
                0x0000000000009b6d                sys_stime
                0x0000000000009bba                sys_times
                0x0000000000009c13                sys_brk
                0x0000000000009c46                sys_setpgid
                0x0000000000009cbb                sys_getpgrp
                0x0000000000009cc7                sys_setsid
                0x0000000000009d1c                sys_oldolduname
                0x0000000000009d34                sys_uname
                0x0000000000009d81                sys_umask
                0x0000000000009d9f                sys_null
                0x0000000000009dd0                release
                0x0000000000009e2a                do_kill
                0x000000000000a0a3                sys_kill
                0x000000000000a0d9                do_exit
                0x000000000000a26c                sys_exit
                0x000000000000a287                sys_waitpid
                0x000000000000a40e                rs_init
                0x000000000000a466                rs_write
                0x000000000000a490                kernel_mktime
 *fill*         0x000000000000a4f7        0x1 90909090
 .text          0x000000000000a4f8      0x517 mm/mm.o
                0x000000000000a4f8                invalidate
                0x000000000000a501                copy_page
                0x000000000000a526                get_free_page
                0x000000000000a55e                free_page
                0x000000000000a5be                free_page_tables
                0x000000000000a66e                copy_page_tables
                0x000000000000a768                put_page
                0x000000000000a815                un_wp_page
                0x000000000000a8a5                do_wp_page
                0x000000000000a8d5                write_verify
                0x000000000000a914                do_no_page
                0x000000000000a944                calc_mem
                0x000000000000a9d8                page_fault
 *fill*         0x000000000000aa0f        0x1 90909090
 .text          0x000000000000aa10     0x4f4c fs/fs.o
                0x000000000000aa10                sys_utime
                0x000000000000aa79                sys_access
                0x000000000000ab10                sys_chdir
                0x000000000000ab73                sys_chroot
                0x000000000000abd6                sys_chmod
                0x000000000000ac6b                sys_chown
                0x000000000000acd2                sys_open
                0x000000000000ae66                sys_creat
                0x000000000000ae89                sys_close
                0x000000000000af10                sys_lseek
                0x000000000000afcc                sys_read
                0x000000000000b127                sys_write
                0x000000000000b63b                sync_inodes
                0x000000000000b685                bmap
                0x000000000000b69e                create_block
                0x000000000000b6b7                iput
                0x000000000000b7a5                get_empty_inode
                0x000000000000b893                get_pipe_inode
                0x000000000000b8da                iget
                0x000000000000bac7                sys_sync
                0x000000000000bb2f                brelse
                0x000000000000bb81                get_hash_table
                0x000000000000bbe0                getblk
                0x000000000000be7f                bread
                0x000000000000bed9                buffer_init
                0x000000000000bf74                do_mount
                0x000000000000c17f                mount_root
                0x000000000000c2d0                block_write
                0x000000000000c3b3                block_read
                0x000000000000c48a                ll_rw_block
                0x000000000000c553                rw_char
                0x000000000000c5c4                file_read
                0x000000000000c76f                file_write
                0x000000000000ca0e                sys_stat
                0x000000000000ca53                sys_lstat
                0x000000000000ca6e                sys_fstat
                0x000000000000cab1                sys_stat64
                0x000000000000caf6                sys_fstat64
                0x000000000000cb39                sys_lstat64
                0x000000000000cb54                sys_oldstat
                0x000000000000cb6c                sys_oldfstat
                0x000000000000ccb4                cp_block
                0x000000000000cce9                is_valid_elf
                0x000000000000cd2e                read_file_block_ind
                0x000000000000cdc3                read_file_block
                0x000000000000cec2                copy_section
                0x000000000000cfb0                create_bss_section
                0x000000000000cfd6                load_elf_binary
                0x000000000000d1e1                do_execve
                0x000000000000d674                read_pipe
                0x000000000000d70d                write_pipe
                0x000000000000d806                sys_pipe
                0x000000000000de39                namei
                0x000000000000deef                open_namei
                0x000000000000e155                sys_mkdir
                0x000000000000e40a                sys_rmdir
                0x000000000000e77c                sys_unlink
                0x000000000000e918                sys_link
                0x000000000000eac0                free_block
                0x000000000000ebfb                new_block
                0x000000000000ed7e                free_inode
                0x000000000000eeaa                new_inode
                0x000000000000f08a                sys_dup2
                0x000000000000f0aa                sys_dup
                0x000000000000f0ba                sys_fcntl
                0x000000000000f177                sys_fcntl64
                0x000000000000f1cc                sys_ioctl
                0x000000000000f269                tty_ioctl
                0x000000000000f535                truncate
                0x000000000000f640                sys_getdents
                0x000000000000f7ce                sys_getdents64
 .text          0x000000000000f95c        0x0 lib/lib.a(ctype.o)
 .text          0x000000000000f95c        0xe lib/lib.a(_exit.o)
                0x000000000000f95c                _exit
 *fill*         0x000000000000f96a        0x2 90909090
 .text          0x000000000000f96c       0x3d lib/lib.a(open.o)
                0x000000000000f96c                open
 *fill*         0x000000000000f9a9        0x3 90909090
 .text          0x000000000000f9ac       0x23 lib/lib.a(close.o)
                0x000000000000f9ac                close
 *fill*         0x000000000000f9cf        0x1 90909090
 .text          0x000000000000f9d0        0x0 lib/lib.a(errno.o)
 .text          0x000000000000f9d0       0x3d lib/lib.a(write.o)
                0x000000000000f9d0                write
 *fill*         0x000000000000fa0d        0x3 90909090
 .text          0x000000000000fa10       0x23 lib/lib.a(dup.o)
                0x000000000000fa10                dup
 *fill*         0x000000000000fa33        0x1 90909090
 .text          0x000000000000fa34       0x1e lib/lib.a(setsid.o)
                0x000000000000fa34                setsid
 *fill*         0x000000000000fa52        0x2 90909090
 .text          0x000000000000fa54       0x3d lib/lib.a(execve.o)
                0x000000000000fa54                execve
 *fill*         0x000000000000fa91        0x3 90909090
 .text          0x000000000000fa94       0x60 lib/lib.a(wait.o)
                0x000000000000fa94                waitpid
                0x000000000000fad1                wait
 .text          0x000000000000faf4      0x421 lib/lib.a(string.o)
                0x000000000000faf4                strcpy
                0x000000000000fb1c                strncpy
                0x000000000000fb4d                strcat
                0x000000000000fb82                strncat
                0x000000000000fbc1                strcmp
                0x000000000000fbef                strncmp
                0x000000000000fc24                strchr
                0x000000000000fc42                strrchr
                0x000000000000fc63                strspn
                0x000000000000fcb0                strcspn
                0x000000000000fcfd                strpbrk
                0x000000000000fd42                strstr
                0x000000000000fd87                strlen
                0x000000000000fda0                strtok
                0x000000000000fe31                memcpy
                0x000000000000fe57                memmove
                0x000000000000fea5                memcmp
                0x000000000000fed9                memchr
                0x000000000000feff                memset
 *(.gnu.warning)

.fini
 *(.fini)
                0x000000000000ff15                PROVIDE (__etext, .)
                0x000000000000ff15                PROVIDE (_etext, .)
                0x000000000000ff15                PROVIDE (etext, .)

.rodata         0x000000000000ff20     0x1044
 *(.rodata .rodata.* .gnu.linkonce.r.*)
 .rodata.str1.1
                0x000000000000ff20       0x68 init/main.o
 .rodata.str1.4
                0x000000000000ff88       0x25 init/main.o
 *fill*         0x000000000000ffad       0x13 00
 .rodata        0x000000000000ffc0      0x270 kernel/kernel.o
 .rodata.str1.1
                0x0000000000010230      0x28d kernel/kernel.o
                                        0x297 (size before relaxing)
 *fill*         0x00000000000104bd        0x3 00
 .rodata.str1.4
                0x00000000000104c0      0x22c kernel/kernel.o
 .rodata.str1.4
                0x00000000000106ec       0xe9 mm/mm.o
 .rodata.str1.1
                0x00000000000107d5       0x68 mm/mm.o
 *fill*         0x000000000001083d        0x3 00
 .rodata        0x0000000000010840       0xc4 fs/fs.o
 .rodata.str1.1
                0x0000000000010904      0x32c fs/fs.o
                                        0x332 (size before relaxing)
 .rodata.str1.4
                0x0000000000010c30      0x334 fs/fs.o

.rodata1
 *(.rodata1)

.eh_frame_hdr
 *(.eh_frame_hdr)

.eh_frame       0x0000000000010f64     0x23c0
 *(.eh_frame)
 .eh_frame      0x0000000000010f64       0x74 init/main.o
 .eh_frame      0x0000000000010fd8      0xf3c kernel/kernel.o
                                       0x1074 (size before relaxing)
 .eh_frame      0x0000000000011f14      0x1a8 mm/mm.o
                                        0x1c0 (size before relaxing)
 .eh_frame      0x00000000000120bc      0xf0c fs/fs.o
                                       0x10bc (size before relaxing)
 .eh_frame      0x0000000000012fc8       0x1c lib/lib.a(_exit.o)
                                         0x34 (size before relaxing)
 .eh_frame      0x0000000000012fe4       0x20 lib/lib.a(open.o)
                                         0x38 (size before relaxing)
 .eh_frame      0x0000000000013004       0x1c lib/lib.a(close.o)
                                         0x34 (size before relaxing)
 .eh_frame      0x0000000000013020       0x20 lib/lib.a(write.o)
                                         0x38 (size before relaxing)
 .eh_frame      0x0000000000013040       0x1c lib/lib.a(dup.o)
                                         0x34 (size before relaxing)
 .eh_frame      0x000000000001305c       0x14 lib/lib.a(setsid.o)
                                         0x2c (size before relaxing)
 .eh_frame      0x0000000000013070       0x20 lib/lib.a(execve.o)
                                         0x38 (size before relaxing)
 .eh_frame      0x0000000000013090       0x38 lib/lib.a(wait.o)
                                         0x50 (size before relaxing)
 .eh_frame      0x00000000000130c8      0x25c lib/lib.a(string.o)
                                        0x274 (size before relaxing)

.gcc_except_table
 *(.gcc_except_table .gcc_except_table.*)

.exception_ranges
 *(.exception_ranges .exception_ranges*)
                0x0000000000013324                . = (ALIGN (0x1000) - ((0x1000 - .) & 0xfff))
                0x0000000000014000                . = DATA_SEGMENT_ALIGN (0x1000, 0x1000)

.eh_frame
 *(.eh_frame)

.gcc_except_table
 *(.gcc_except_table .gcc_except_table.*)

.exception_ranges
 *(.exception_ranges .exception_ranges*)

.tdata
 *(.tdata .tdata.* .gnu.linkonce.td.*)

.tbss
 *(.tbss .tbss.* .gnu.linkonce.tb.*)
 *(.tcommon)

.preinit_array  0x0000000000014000        0x0
                0x0000000000014000                PROVIDE (__preinit_array_start, .)
 *(.preinit_array)
                0x0000000000014000                PROVIDE (__preinit_array_end, .)

.init_array     0x0000000000014000        0x0
                0x0000000000014000                PROVIDE (__init_array_start, .)
 *(SORT(.init_array.*) SORT(.ctors.*))
 *(.init_array)
 *(EXCLUDE_FILE(*crtend?.o *crtend.o *crtbegin?.o *crtbegin.o) .ctors)
                0x0000000000014000                PROVIDE (__init_array_end, .)

.fini_array     0x0000000000014000        0x0
                0x0000000000014000                PROVIDE (__fini_array_start, .)
 *(SORT(.fini_array.*) SORT(.dtors.*))
 *(.fini_array)
 *(EXCLUDE_FILE(*crtend?.o *crtend.o *crtbegin?.o *crtbegin.o) .dtors)
                0x0000000000014000                PROVIDE (__fini_array_end, .)

.ctors
 *crtbegin.o(.ctors)
 *crtbegin?.o(.ctors)
 *(EXCLUDE_FILE(*crtend?.o *crtend.o) .ctors)
 *(SORT(.ctors.*))
 *(.ctors)

.dtors
 *crtbegin.o(.dtors)
 *crtbegin?.o(.dtors)
 *(EXCLUDE_FILE(*crtend?.o *crtend.o) .dtors)
 *(SORT(.dtors.*))
 *(.dtors)

.jcr
 *(.jcr)

.data.rel.ro
 *(.data.rel.ro.local* .gnu.linkonce.d.rel.ro.local.*)
 *(.data.rel.ro* .gnu.linkonce.d.rel.ro.*)

.dynamic
 *(.dynamic)

.got
 *(.got)
 *(.igot)
                0x0000000000014000                . = DATA_SEGMENT_RELRO_END (., 0xc)

.got.plt        0x0000000000014000        0x0
 *(.got.plt)
 *(.igot.plt)
 .igot.plt      0x0000000000000000        0x0 boot/head.o

.data           0x0000000000014000     0x3e64
 *(.data .data.* .gnu.linkonce.d.*)
 .data          0x0000000000014000        0x0 boot/head.o
 .data          0x0000000000014000       0x18 init/main.o
 *fill*         0x0000000000014018        0x8 00
 .data          0x0000000000014020     0x3d2c kernel/kernel.o
                0x0000000000014020                stack_start
                0x0000000000014040                task
                0x0000000000014140                current
                0x0000000000014160                sys_call_table
                0x0000000000015660                table_list
                0x0000000000015680                tty_table
 .data          0x0000000000017d4c        0x0 mm/mm.o
 .data          0x0000000000017d4c        0x4 fs/fs.o
                0x0000000000017d4c                start_buffer
 *fill*         0x0000000000017d50       0x10 00
 .data          0x0000000000017d60      0x101 lib/lib.a(ctype.o)
                0x0000000000017d60                _ctype
 *fill*         0x0000000000017e61        0x3 00
 .data          0x0000000000017e64        0x0 lib/lib.a(_exit.o)
 .data          0x0000000000017e64        0x0 lib/lib.a(open.o)
 .data          0x0000000000017e64        0x0 lib/lib.a(close.o)
 .data          0x0000000000017e64        0x0 lib/lib.a(errno.o)
 .data          0x0000000000017e64        0x0 lib/lib.a(write.o)
 .data          0x0000000000017e64        0x0 lib/lib.a(dup.o)
 .data          0x0000000000017e64        0x0 lib/lib.a(setsid.o)
 .data          0x0000000000017e64        0x0 lib/lib.a(execve.o)
 .data          0x0000000000017e64        0x0 lib/lib.a(wait.o)
 .data          0x0000000000017e64        0x0 lib/lib.a(string.o)

.data1
 *(.data1)
                0x0000000000017e64                _edata = .
                0x0000000000017e64                PROVIDE (edata, .)
                0x0000000000017e64                __bss_start = .

.bss            0x0000000000017e80     0x3e6c
 *(.dynbss)
 *(.bss .bss.* .gnu.linkonce.b.*)
 .bss           0x0000000000017e80        0x0 boot/head.o
 .bss           0x0000000000017e80      0x400 init/main.o
 .bss           0x0000000000018280      0xb0c kernel/kernel.o
                0x0000000000018280                last_task_used_math
                0x0000000000018284                startup_time
                0x0000000000018288                jiffies
                0x000000000001828c                last_pid
                0x00000000000186c0                f1_down_flag
                0x0000000000018880                do_hd
 *fill*         0x0000000000018d8c       0x14 00
 .bss           0x0000000000018da0      0xc00 mm/mm.o
 .bss           0x00000000000199a0      0x710 fs/fs.o
                0x00000000000199a0                inode_table
                0x000000000001a0a4                nr_buffers
 .bss           0x000000000001a0b0        0x0 lib/lib.a(ctype.o)
 .bss           0x000000000001a0b0        0x0 lib/lib.a(_exit.o)
 .bss           0x000000000001a0b0        0x0 lib/lib.a(open.o)
 .bss           0x000000000001a0b0        0x0 lib/lib.a(close.o)
 .bss           0x000000000001a0b0        0x0 lib/lib.a(errno.o)
 .bss           0x000000000001a0b0        0x0 lib/lib.a(write.o)
 .bss           0x000000000001a0b0        0x0 lib/lib.a(dup.o)
 .bss           0x000000000001a0b0        0x0 lib/lib.a(setsid.o)
 .bss           0x000000000001a0b0        0x0 lib/lib.a(execve.o)
 .bss           0x000000000001a0b0        0x0 lib/lib.a(wait.o)
 .bss           0x000000000001a0b0        0x0 lib/lib.a(string.o)
 *(COMMON)
 *fill*         0x000000000001a0b0       0x10 00
 COMMON         0x000000000001a0c0     0x1000 kernel/kernel.o
                0x000000000001a0c0                user_stack
 COMMON         0x000000000001b0c0      0xc20 fs/fs.o
                0x000000000001b0c0                hash_table
                0x000000000001b5a0                super_block
                0x000000000001b8e0                file_table
 COMMON         0x000000000001bce0        0x1 lib/lib.a(ctype.o)
                0x000000000001bce0                _ctmp
 *fill*         0x000000000001bce1        0x3 00
 COMMON         0x000000000001bce4        0x4 lib/lib.a(errno.o)
                0x000000000001bce4                errno
 COMMON         0x000000000001bce8        0x4 lib/lib.a(string.o)
                0x000000000001bce8                ___strtok
                0x000000000001bcec                . = ALIGN ((. != 0x0)?0x4:0x1)
                0x000000000001bcec                . = ALIGN (0x4)
                0x000000000001bcec                . = ALIGN (0x4)
                0x000000000001bcec                _end = .
                0x000000000001bcec                PROVIDE (end, .)
                0x000000000001bcec                . = DATA_SEGMENT_END (.)

.stab
 *(.stab)

.stabstr
 *(.stabstr)

.stab.excl
 *(.stab.excl)

.stab.exclstr
 *(.stab.exclstr)

.stab.index
 *(.stab.index)

.stab.indexstr
 *(.stab.indexstr)

.comment        0x0000000000000000       0x2a
 *(.comment)
 .comment       0x0000000000000000       0x2a init/main.o
                                         0x2b (size before relaxing)
 .comment       0x0000000000000000      0x22f kernel/kernel.o
 .comment       0x0000000000000000       0x2b mm/mm.o
 .comment       0x0000000000000000      0x331 fs/fs.o
 .comment       0x0000000000000000       0x2b lib/lib.a(ctype.o)
 .comment       0x0000000000000000       0x2b lib/lib.a(_exit.o)
 .comment       0x0000000000000000       0x2b lib/lib.a(open.o)
 .comment       0x0000000000000000       0x2b lib/lib.a(close.o)
 .comment       0x0000000000000000       0x2b lib/lib.a(errno.o)
 .comment       0x0000000000000000       0x2b lib/lib.a(write.o)
 .comment       0x0000000000000000       0x2b lib/lib.a(dup.o)
 .comment       0x0000000000000000       0x2b lib/lib.a(setsid.o)
 .comment       0x0000000000000000       0x2b lib/lib.a(execve.o)
 .comment       0x0000000000000000       0x2b lib/lib.a(wait.o)
 .comment       0x0000000000000000       0x2b lib/lib.a(string.o)

.debug
 *(.debug)

.line
 *(.line)

.debug_srcinfo
 *(.debug_srcinfo)

.debug_sfnames
 *(.debug_sfnames)

.debug_aranges  0x0000000000000000      0x540
 *(.debug_aranges)
 .debug_aranges
                0x0000000000000000       0x20 init/main.o
 .debug_aranges
                0x0000000000000020      0x1a0 kernel/kernel.o
 .debug_aranges
                0x00000000000001c0       0x20 mm/mm.o
 .debug_aranges
                0x00000000000001e0      0x240 fs/fs.o
 .debug_aranges
                0x0000000000000420       0x20 lib/lib.a(_exit.o)
 .debug_aranges
                0x0000000000000440       0x20 lib/lib.a(open.o)
 .debug_aranges
                0x0000000000000460       0x20 lib/lib.a(close.o)
 .debug_aranges
                0x0000000000000480       0x20 lib/lib.a(write.o)
 .debug_aranges
                0x00000000000004a0       0x20 lib/lib.a(dup.o)
 .debug_aranges
                0x00000000000004c0       0x20 lib/lib.a(setsid.o)
 .debug_aranges
                0x00000000000004e0       0x20 lib/lib.a(execve.o)
 .debug_aranges
                0x0000000000000500       0x20 lib/lib.a(wait.o)
 .debug_aranges
                0x0000000000000520       0x20 lib/lib.a(string.o)

.debug_pubnames
 *(.debug_pubnames)

.debug_info     0x0000000000000000    0x1ad1d
 *(.debug_info .gnu.linkonce.wi.*)
 .debug_info    0x0000000000000000      0xccf init/main.o
 .debug_info    0x0000000000000ccf     0x91b4 kernel/kernel.o
 .debug_info    0x0000000000009e83      0x4d6 mm/mm.o
 .debug_info    0x000000000000a359     0xe2d3 fs/fs.o
 .debug_info    0x000000000001862c       0x70 lib/lib.a(ctype.o)
 .debug_info    0x000000000001869c      0x3af lib/lib.a(_exit.o)
 .debug_info    0x0000000000018a4b      0x403 lib/lib.a(open.o)
 .debug_info    0x0000000000018e4e      0x3ce lib/lib.a(close.o)
 .debug_info    0x000000000001921c       0x3f lib/lib.a(errno.o)
 .debug_info    0x000000000001925b      0x400 lib/lib.a(write.o)
 .debug_info    0x000000000001965b      0x3ce lib/lib.a(dup.o)
 .debug_info    0x0000000000019a29      0x3cb lib/lib.a(setsid.o)
 .debug_info    0x0000000000019df4      0x3fc lib/lib.a(execve.o)
 .debug_info    0x000000000001a1f0      0x428 lib/lib.a(wait.o)
 .debug_info    0x000000000001a618      0x705 lib/lib.a(string.o)

.debug_abbrev   0x0000000000000000     0x446f
 *(.debug_abbrev)
 .debug_abbrev  0x0000000000000000      0x1d7 init/main.o
 .debug_abbrev  0x00000000000001d7     0x1826 kernel/kernel.o
 .debug_abbrev  0x00000000000019fd      0x1af mm/mm.o
 .debug_abbrev  0x0000000000001bac     0x212e fs/fs.o
 .debug_abbrev  0x0000000000003cda       0x42 lib/lib.a(ctype.o)
 .debug_abbrev  0x0000000000003d1c       0xa3 lib/lib.a(_exit.o)
 .debug_abbrev  0x0000000000003dbf       0xdc lib/lib.a(open.o)
 .debug_abbrev  0x0000000000003e9b       0xb4 lib/lib.a(close.o)
 .debug_abbrev  0x0000000000003f4f       0x30 lib/lib.a(errno.o)
 .debug_abbrev  0x0000000000003f7f       0xd7 lib/lib.a(write.o)
 .debug_abbrev  0x0000000000004056       0xb4 lib/lib.a(dup.o)
 .debug_abbrev  0x000000000000410a       0xb2 lib/lib.a(setsid.o)
 .debug_abbrev  0x00000000000041bc       0xbb lib/lib.a(execve.o)
 .debug_abbrev  0x0000000000004277       0xd0 lib/lib.a(wait.o)
 .debug_abbrev  0x0000000000004347      0x128 lib/lib.a(string.o)

.debug_line     0x0000000000000000     0x3848
 *(.debug_line)
 .debug_line    0x0000000000000000      0x11e init/main.o
 .debug_line    0x000000000000011e     0x15b8 kernel/kernel.o
 .debug_line    0x00000000000016d6      0x122 mm/mm.o
 .debug_line    0x00000000000017f8     0x1b88 fs/fs.o
 .debug_line    0x0000000000003380       0x28 lib/lib.a(ctype.o)
 .debug_line    0x00000000000033a8       0x50 lib/lib.a(_exit.o)
 .debug_line    0x00000000000033f8       0x76 lib/lib.a(open.o)
 .debug_line    0x000000000000346e       0x6e lib/lib.a(close.o)
 .debug_line    0x00000000000034dc       0x28 lib/lib.a(errno.o)
 .debug_line    0x0000000000003504       0x8c lib/lib.a(write.o)
 .debug_line    0x0000000000003590       0x6c lib/lib.a(dup.o)
 .debug_line    0x00000000000035fc       0x88 lib/lib.a(setsid.o)
 .debug_line    0x0000000000003684       0x73 lib/lib.a(execve.o)
 .debug_line    0x00000000000036f7       0x90 lib/lib.a(wait.o)
 .debug_line    0x0000000000003787       0xc1 lib/lib.a(string.o)

.debug_frame
 *(.debug_frame)

.debug_str      0x0000000000000000     0x1b03
 *(.debug_str)
 .debug_str     0x0000000000000000      0x3f7 init/main.o
                                        0x4a4 (size before relaxing)
 .debug_str     0x00000000000003f7      0xbf3 kernel/kernel.o
                                       0x32ba (size before relaxing)
 .debug_str     0x0000000000000fea      0x125 mm/mm.o
                                        0x1c0 (size before relaxing)
 .debug_str     0x000000000000110f      0x92a fs/fs.o
                                       0x53ba (size before relaxing)
 .debug_str     0x0000000000001a39       0x25 lib/lib.a(ctype.o)
                                         0x65 (size before relaxing)
 .debug_str     0x0000000000001a5e        0x8 lib/lib.a(_exit.o)
                                        0x283 (size before relaxing)
 .debug_str     0x0000000000000000        0x8 lib/lib.a(open.o)
                                        0x293 (size before relaxing)
 .debug_str     0x0000000000001a66        0x8 lib/lib.a(close.o)
                                        0x285 (size before relaxing)
 .debug_str     0x0000000000001a6e        0x8 lib/lib.a(errno.o)
                                         0x37 (size before relaxing)
 .debug_str     0x0000000000000000        0x8 lib/lib.a(write.o)
                                        0x291 (size before relaxing)
 .debug_str     0x0000000000001a76        0x6 lib/lib.a(dup.o)
                                        0x27d (size before relaxing)
 .debug_str     0x0000000000001a7c        0x9 lib/lib.a(setsid.o)
                                        0x28d (size before relaxing)
 .debug_str     0x0000000000001a85        0x9 lib/lib.a(execve.o)
                                        0x296 (size before relaxing)
 .debug_str     0x0000000000001a8e       0x11 lib/lib.a(wait.o)
                                        0x2a3 (size before relaxing)
 .debug_str     0x0000000000001a9f       0x64 lib/lib.a(string.o)
                                         0xeb (size before relaxing)

.debug_loc      0x0000000000000000     0xb158
 *(.debug_loc)
 .debug_loc     0x0000000000000000      0x256 init/main.o
 .debug_loc     0x0000000000000256     0x3f9c kernel/kernel.o
 .debug_loc     0x00000000000041f2      0x640 mm/mm.o
 .debug_loc     0x0000000000004832     0x6353 fs/fs.o
 .debug_loc     0x000000000000ab85       0x2c lib/lib.a(_exit.o)
 .debug_loc     0x000000000000abb1       0x3f lib/lib.a(open.o)
 .debug_loc     0x000000000000abf0       0x3f lib/lib.a(close.o)
 .debug_loc     0x000000000000ac2f       0x57 lib/lib.a(write.o)
 .debug_loc     0x000000000000ac86       0x3f lib/lib.a(dup.o)
 .debug_loc     0x000000000000acc5       0x13 lib/lib.a(setsid.o)
 .debug_loc     0x000000000000acd8       0x57 lib/lib.a(execve.o)
 .debug_loc     0x000000000000ad2f       0x83 lib/lib.a(wait.o)
 .debug_loc     0x000000000000adb2      0x3a6 lib/lib.a(string.o)

.debug_macinfo
 *(.debug_macinfo)

.debug_weaknames
 *(.debug_weaknames)

.debug_funcnames
 *(.debug_funcnames)

.debug_typenames
 *(.debug_typenames)

.debug_varnames
 *(.debug_varnames)

.debug_pubtypes
 *(.debug_pubtypes)

.debug_ranges   0x0000000000000000      0x500
 *(.debug_ranges)
 .debug_ranges  0x0000000000000000      0x1f8 kernel/kernel.o
 .debug_ranges  0x00000000000001f8      0x308 fs/fs.o

.gnu.attributes
 *(.gnu.attributes)

/DISCARD/
 *(.note.GNU-stack)
 *(.gnu_debuglink)
 *(.gnu.lto_*)
OUTPUT(tools/system elf32-i386)
