Archive member included because of file (symbol)

lib/lib.a(ctype.o)            kernel/kernel.o (_ctype)
lib/lib.a(_exit.o)            init/main.o (_exit)
lib/lib.a(open.o)             init/main.o (open)
lib/lib.a(close.o)            init/main.o (close)
lib/lib.a(errno.o)            init/main.o (errno)
lib/lib.a(write.o)            init/main.o (write)
lib/lib.a(dup.o)              init/main.o (dup)
lib/lib.a(setsid.o)           init/main.o (setsid)
lib/lib.a(execve.o)           init/main.o (execve)
lib/lib.a(wait.o)             init/main.o (wait)
lib/lib.a(string.o)           kernel/kernel.o (memcpy)

Allocating common symbols
Common symbol       size              file

errno               0x4               lib/lib.a(errno.o)
hash_table          0x4cc             fs/fs.o
___strtok           0x4               lib/lib.a(string.o)
user_stack          0x1000            kernel/kernel.o
_ctmp               0x1               lib/lib.a(ctype.o)
super_block         0x340             fs/fs.o
file_table          0x400             fs/fs.o

Discarded input sections

 .note.GNU-stack
                0x0000000000000000        0x0 init/main.o
 .note.GNU-stack
                0x0000000000000000        0x0 kernel/kernel.o
 .note.GNU-stack
                0x0000000000000000        0x0 mm/mm.o
 .note.GNU-stack
                0x0000000000000000        0x0 fs/fs.o
 .note.GNU-stack
                0x0000000000000000        0x0 lib/lib.a(ctype.o)
 .note.GNU-stack
                0x0000000000000000        0x0 lib/lib.a(_exit.o)
 .note.GNU-stack
                0x0000000000000000        0x0 lib/lib.a(open.o)
 .note.GNU-stack
                0x0000000000000000        0x0 lib/lib.a(close.o)
 .note.GNU-stack
                0x0000000000000000        0x0 lib/lib.a(errno.o)
 .note.GNU-stack
                0x0000000000000000        0x0 lib/lib.a(write.o)
 .note.GNU-stack
                0x0000000000000000        0x0 lib/lib.a(dup.o)
 .note.GNU-stack
                0x0000000000000000        0x0 lib/lib.a(setsid.o)
 .note.GNU-stack
                0x0000000000000000        0x0 lib/lib.a(execve.o)
 .note.GNU-stack
                0x0000000000000000        0x0 lib/lib.a(wait.o)
 .note.GNU-stack
                0x0000000000000000        0x0 lib/lib.a(string.o)

Memory Configuration

Name             Origin             Length             Attributes
*default*        0x0000000000000000 0xffffffffffffffff

Linker script and memory map

Address of section .text set to 0x0
LOAD boot/head.o
LOAD init/main.o
LOAD kernel/kernel.o
LOAD mm/mm.o
LOAD fs/fs.o
LOAD lib/lib.a
                0x0000000008048000                PROVIDE (__executable_start, 0x8048000)
                0x0000000008048094                . = (0x8048000 + SIZEOF_HEADERS)

.interp
 *(.interp)

.note.gnu.build-id
 *(.note.gnu.build-id)

.hash
 *(.hash)

.gnu.hash
 *(.gnu.hash)

.dynsym
 *(.dynsym)

.dynstr
 *(.dynstr)

.gnu.version
 *(.gnu.version)

.gnu.version_d
 *(.gnu.version_d)

.gnu.version_r
 *(.gnu.version_r)

.rel.dyn        0x0000000008048094        0x0
 *(.rel.init)
 *(.rel.text .rel.text.* .rel.gnu.linkonce.t.*)
 .rel.text      0x0000000000000000        0x0 boot/head.o
 *(.rel.fini)
 *(.rel.rodata .rel.rodata.* .rel.gnu.linkonce.r.*)
 *(.rel.data.rel.ro* .rel.gnu.linkonce.d.rel.ro.*)
 *(.rel.data .rel.data.* .rel.gnu.linkonce.d.*)
 .rel.data      0x0000000000000000        0x0 boot/head.o
 *(.rel.tdata .rel.tdata.* .rel.gnu.linkonce.td.*)
 *(.rel.tbss .rel.tbss.* .rel.gnu.linkonce.tb.*)
 *(.rel.ctors)
 *(.rel.dtors)
 *(.rel.got)
 *(.rel.bss .rel.bss.* .rel.gnu.linkonce.b.*)
 *(.rel.ifunc)

.rel.plt        0x0000000008048094        0x0
 *(.rel.plt)
                0x0000000008048094                PROVIDE (__rel_iplt_start, .)
 *(.rel.iplt)
 .rel.iplt      0x0000000000000000        0x0 boot/head.o
                0x0000000008048094                PROVIDE (__rel_iplt_end, .)

.init
 *(.init)

.plt            0x00000000080480a0        0x0
 *(.plt)
 *(.iplt)
 .iplt          0x0000000000000000        0x0 boot/head.o

.text           0x0000000000000000     0xfcf5
 *(.text.unlikely .text.*_unlikely)
 *(.text.exit .text.exit.*)
 *(.text.startup .text.startup.*)
 *(.text.hot .text.hot.*)
 *(.text .stub .text.* .gnu.linkonce.t.*)
 .text          0x0000000000000000     0x5078 boot/head.o
                0x0000000000000000                startup_32
                0x0000000000000000                pg_dir
                0x0000000000004078                idt
                0x0000000000004878                gdt
 *fill*         0x0000000000005078        0x8 90909090
 .text          0x0000000000005080      0x370 init/main.o
                0x00000000000050c1                init
                0x0000000000005232                main
 .text          0x00000000000053f0     0x4ee7 kernel/kernel.o
                0x00000000000053f0                sys_alarm
                0x0000000000005417                sys_getpid
                0x0000000000005423                sys_getppid
                0x000000000000542f                sys_getuid
                0x000000000000543c                sys_geteuid
                0x0000000000005449                sys_getgid
                0x0000000000005456                sys_getegid
                0x0000000000005463                sys_nice
                0x000000000000547c                sys_signal
                0x00000000000054b9                math_state_restore
                0x00000000000054f0                schedule
                0x00000000000055e1                sys_pause
                0x00000000000055f7                sleep_on
                0x0000000000005651                interruptible_sleep_on
                0x00000000000056bb                wake_up
                0x00000000000056d7                do_timer
                0x000000000000571d                sched_init
                0x0000000000005844                system_call
                0x0000000000005936                timer_interrupt
                0x000000000000596e                sys_execve
                0x000000000000597c                sys_fork
                0x0000000000005994                hd_interrupt
                0x0000000000005b41                do_double_fault
                0x0000000000005b5a                do_general_protection
                0x0000000000005b73                do_divide_error
                0x0000000000005b8c                do_int3
                0x0000000000005c44                do_nmi
                0x0000000000005c5d                do_debug
                0x0000000000005c76                do_overflow
                0x0000000000005c8f                do_bounds
                0x0000000000005ca8                do_invalid_op
                0x0000000000005cc1                do_device_not_available
                0x0000000000005cda                do_coprocessor_segment_overrun
                0x0000000000005cf3                do_invalid_TSS
                0x0000000000005d0c                do_segment_not_present
                0x0000000000005d25                do_stack_segment
                0x0000000000005d3e                do_coprocessor_error
                0x0000000000005d57                do_reserved
                0x0000000000005d70                trap_init
                0x0000000000005f2c                divide_error
                0x0000000000005f61                debug
                0x0000000000005f68                nmi
                0x0000000000005f6f                int3
                0x0000000000005f76                overflow
                0x0000000000005f7d                bounds
                0x0000000000005f84                invalid_op
                0x0000000000005f93                device_not_available
                0x0000000000005fc0                coprocessor_segment_overrun
                0x0000000000005fca                reserved
                0x0000000000005fd4                coprocessor_error
                0x0000000000005fde                double_fault
                0x0000000000006015                invalid_TSS
                0x000000000000601c                segment_not_present
                0x0000000000006023                stack_segment
                0x000000000000602a                general_protection
                0x0000000000006034                verify_area
                0x0000000000006099                copy_mem
                0x000000000000618f                copy_process
                0x000000000000641e                find_empty_process
                0x0000000000006480                panic
                0x000000000000649c                printk
                0x0000000000006726                vsprintf
                0x0000000000006a90                tty_init
                0x0000000000006aa1                tty_intr
                0x0000000000006ae6                copy_to_cooked
                0x0000000000006d66                tty_read
                0x000000000000702c                tty_write
                0x0000000000007209                do_tty_interrupt
                0x0000000000007435                tool_dir
                0x0000000000007459                fill_list
                0x0000000000007539                tool_start
                0x00000000000075ec                draw_list
                0x0000000000007787                mark_selected
                0x00000000000077e1                set_path_name
                0x00000000000078fa                csi_m
                0x0000000000007955                con_write
                0x00000000000082da                con_init
                0x000000000000835d                f1_down
                0x0000000000008368                f1_up
                0x0000000000008373                tool_draw
                0x000000000000850c                getDirectoriums
                0x00000000000085e9                print_name_and_index
                0x000000000000865b                keyboard_interrupt
                0x0000000000008e50                rs1_interrupt
                0x0000000000008e58                rs2_interrupt
                0x00000000000095b9                rw_hd
                0x0000000000009662                sys_setup
                0x0000000000009761                unexpected_hd_interrupt
                0x0000000000009774                hd_init
                0x00000000000097e4                sys_ftime
                0x00000000000097ea                sys_mknod
                0x00000000000097f0                sys_break
                0x00000000000097f6                sys_mount
                0x00000000000097fc                sys_umount
                0x0000000000009802                sys_ustat
                0x0000000000009808                sys_ptrace
                0x000000000000980e                sys_stty
                0x0000000000009814                sys_gtty
                0x000000000000981a                sys_rename
                0x0000000000009820                sys_prof
                0x0000000000009826                sys_setgid
                0x0000000000009883                sys_acct
                0x0000000000009889                sys_phys
                0x000000000000988f                sys_lock
                0x0000000000009895                sys_mpx
                0x000000000000989b                sys_ulimit
                0x00000000000098a1                sys_time
                0x00000000000098f4                sys_setuid
                0x000000000000994d                sys_stime
                0x000000000000999a                sys_times
                0x00000000000099f3                sys_brk
                0x0000000000009a26                sys_setpgid
                0x0000000000009a9b                sys_getpgrp
                0x0000000000009aa7                sys_setsid
                0x0000000000009afc                sys_oldolduname
                0x0000000000009b14                sys_uname
                0x0000000000009b61                sys_umask
                0x0000000000009b7f                sys_null
                0x0000000000009bb0                release
                0x0000000000009c0a                do_kill
                0x0000000000009e83                sys_kill
                0x0000000000009eb9                do_exit
                0x000000000000a04c                sys_exit
                0x000000000000a067                sys_waitpid
                0x000000000000a1ee                rs_init
                0x000000000000a246                rs_write
                0x000000000000a270                kernel_mktime
 *fill*         0x000000000000a2d7        0x1 90909090
 .text          0x000000000000a2d8      0x517 mm/mm.o
                0x000000000000a2d8                invalidate
                0x000000000000a2e1                copy_page
                0x000000000000a306                get_free_page
                0x000000000000a33e                free_page
                0x000000000000a39e                free_page_tables
                0x000000000000a44e                copy_page_tables
                0x000000000000a548                put_page
                0x000000000000a5f5                un_wp_page
                0x000000000000a685                do_wp_page
                0x000000000000a6b5                write_verify
                0x000000000000a6f4                do_no_page
                0x000000000000a724                calc_mem
                0x000000000000a7b8                page_fault
 *fill*         0x000000000000a7ef        0x1 90909090
 .text          0x000000000000a7f0     0x4f4c fs/fs.o
                0x000000000000a7f0                sys_utime
                0x000000000000a859                sys_access
                0x000000000000a8f0                sys_chdir
                0x000000000000a953                sys_chroot
                0x000000000000a9b6                sys_chmod
                0x000000000000aa4b                sys_chown
                0x000000000000aab2                sys_open
                0x000000000000ac46                sys_creat
                0x000000000000ac69                sys_close
                0x000000000000acf0                sys_lseek
                0x000000000000adac                sys_read
                0x000000000000af07                sys_write
                0x000000000000b41b                sync_inodes
                0x000000000000b465                bmap
                0x000000000000b47e                create_block
                0x000000000000b497                iput
                0x000000000000b585                get_empty_inode
                0x000000000000b673                get_pipe_inode
                0x000000000000b6ba                iget
                0x000000000000b8a7                sys_sync
                0x000000000000b90f                brelse
                0x000000000000b961                get_hash_table
                0x000000000000b9c0                getblk
                0x000000000000bc5f                bread
                0x000000000000bcb9                buffer_init
                0x000000000000bd54                do_mount
                0x000000000000bf5f                mount_root
                0x000000000000c0b0                block_write
                0x000000000000c193                block_read
                0x000000000000c26a                ll_rw_block
                0x000000000000c333                rw_char
                0x000000000000c3a4                file_read
                0x000000000000c54f                file_write
                0x000000000000c7ee                sys_stat
                0x000000000000c833                sys_lstat
                0x000000000000c84e                sys_fstat
                0x000000000000c891                sys_stat64
                0x000000000000c8d6                sys_fstat64
                0x000000000000c919                sys_lstat64
                0x000000000000c934                sys_oldstat
                0x000000000000c94c                sys_oldfstat
                0x000000000000ca94                cp_block
                0x000000000000cac9                is_valid_elf
                0x000000000000cb0e                read_file_block_ind
                0x000000000000cba3                read_file_block
                0x000000000000cca2                copy_section
                0x000000000000cd90                create_bss_section
                0x000000000000cdb6                load_elf_binary
                0x000000000000cfc1                do_execve
                0x000000000000d454                read_pipe
                0x000000000000d4ed                write_pipe
                0x000000000000d5e6                sys_pipe
                0x000000000000dc19                namei
                0x000000000000dccf                open_namei
                0x000000000000df35                sys_mkdir
                0x000000000000e1ea                sys_rmdir
                0x000000000000e55c                sys_unlink
                0x000000000000e6f8                sys_link
                0x000000000000e8a0                free_block
                0x000000000000e9db                new_block
                0x000000000000eb5e                free_inode
                0x000000000000ec8a                new_inode
                0x000000000000ee6a                sys_dup2
                0x000000000000ee8a                sys_dup
                0x000000000000ee9a                sys_fcntl
                0x000000000000ef57                sys_fcntl64
                0x000000000000efac                sys_ioctl
                0x000000000000f049                tty_ioctl
                0x000000000000f315                truncate
                0x000000000000f420                sys_getdents
                0x000000000000f5ae                sys_getdents64
 .text          0x000000000000f73c        0x0 lib/lib.a(ctype.o)
 .text          0x000000000000f73c        0xe lib/lib.a(_exit.o)
                0x000000000000f73c                _exit
 *fill*         0x000000000000f74a        0x2 90909090
 .text          0x000000000000f74c       0x3d lib/lib.a(open.o)
                0x000000000000f74c                open
 *fill*         0x000000000000f789        0x3 90909090
 .text          0x000000000000f78c       0x23 lib/lib.a(close.o)
                0x000000000000f78c                close
 *fill*         0x000000000000f7af        0x1 90909090
 .text          0x000000000000f7b0        0x0 lib/lib.a(errno.o)
 .text          0x000000000000f7b0       0x3d lib/lib.a(write.o)
                0x000000000000f7b0                write
 *fill*         0x000000000000f7ed        0x3 90909090
 .text          0x000000000000f7f0       0x23 lib/lib.a(dup.o)
                0x000000000000f7f0                dup
 *fill*         0x000000000000f813        0x1 90909090
 .text          0x000000000000f814       0x1e lib/lib.a(setsid.o)
                0x000000000000f814                setsid
 *fill*         0x000000000000f832        0x2 90909090
 .text          0x000000000000f834       0x3d lib/lib.a(execve.o)
                0x000000000000f834                execve
 *fill*         0x000000000000f871        0x3 90909090
 .text          0x000000000000f874       0x60 lib/lib.a(wait.o)
                0x000000000000f874                waitpid
                0x000000000000f8b1                wait
 .text          0x000000000000f8d4      0x421 lib/lib.a(string.o)
                0x000000000000f8d4                strcpy
                0x000000000000f8fc                strncpy
                0x000000000000f92d                strcat
                0x000000000000f962                strncat
                0x000000000000f9a1                strcmp
                0x000000000000f9cf                strncmp
                0x000000000000fa04                strchr
                0x000000000000fa22                strrchr
                0x000000000000fa43                strspn
                0x000000000000fa90                strcspn
                0x000000000000fadd                strpbrk
                0x000000000000fb22                strstr
                0x000000000000fb67                strlen
                0x000000000000fb80                strtok
                0x000000000000fc11                memcpy
                0x000000000000fc37                memmove
                0x000000000000fc85                memcmp
                0x000000000000fcb9                memchr
                0x000000000000fcdf                memset
 *(.gnu.warning)

.fini
 *(.fini)
                0x000000000000fcf5                PROVIDE (__etext, .)
                0x000000000000fcf5                PROVIDE (_etext, .)
                0x000000000000fcf5                PROVIDE (etext, .)

.rodata         0x000000000000fd00     0x1044
 *(.rodata .rodata.* .gnu.linkonce.r.*)
 .rodata.str1.1
                0x000000000000fd00       0x68 init/main.o
 .rodata.str1.4
                0x000000000000fd68       0x25 init/main.o
 *fill*         0x000000000000fd8d       0x13 00
 .rodata        0x000000000000fda0      0x270 kernel/kernel.o
 .rodata.str1.1
                0x0000000000010010      0x282 kernel/kernel.o
                                        0x291 (size before relaxing)
 *fill*         0x0000000000010292        0x2 00
 .rodata.str1.4
                0x0000000000010294      0x22c kernel/kernel.o
 .rodata.str1.4
                0x00000000000104c0       0xe9 mm/mm.o
 .rodata.str1.1
                0x00000000000105a9       0x68 mm/mm.o
 *fill*         0x0000000000010611        0xf 00
 .rodata        0x0000000000010620       0xc4 fs/fs.o
 .rodata.str1.1
                0x00000000000106e4      0x32c fs/fs.o
                                        0x332 (size before relaxing)
 .rodata.str1.4
                0x0000000000010a10      0x334 fs/fs.o

.rodata1
 *(.rodata1)

.eh_frame_hdr
 *(.eh_frame_hdr)

.eh_frame       0x0000000000010d44     0x2314
 *(.eh_frame)
 .eh_frame      0x0000000000010d44       0x74 init/main.o
 .eh_frame      0x0000000000010db8      0xe90 kernel/kernel.o
                                        0xfc8 (size before relaxing)
 .eh_frame      0x0000000000011c48      0x1a8 mm/mm.o
                                        0x1c0 (size before relaxing)
 .eh_frame      0x0000000000011df0      0xf0c fs/fs.o
                                       0x10bc (size before relaxing)
 .eh_frame      0x0000000000012cfc       0x1c lib/lib.a(_exit.o)
                                         0x34 (size before relaxing)
 .eh_frame      0x0000000000012d18       0x20 lib/lib.a(open.o)
                                         0x38 (size before relaxing)
 .eh_frame      0x0000000000012d38       0x1c lib/lib.a(close.o)
                                         0x34 (size before relaxing)
 .eh_frame      0x0000000000012d54       0x20 lib/lib.a(write.o)
                                         0x38 (size before relaxing)
 .eh_frame      0x0000000000012d74       0x1c lib/lib.a(dup.o)
                                         0x34 (size before relaxing)
 .eh_frame      0x0000000000012d90       0x14 lib/lib.a(setsid.o)
                                         0x2c (size before relaxing)
 .eh_frame      0x0000000000012da4       0x20 lib/lib.a(execve.o)
                                         0x38 (size before relaxing)
 .eh_frame      0x0000000000012dc4       0x38 lib/lib.a(wait.o)
                                         0x50 (size before relaxing)
 .eh_frame      0x0000000000012dfc      0x25c lib/lib.a(string.o)
                                        0x274 (size before relaxing)

.gcc_except_table
 *(.gcc_except_table .gcc_except_table.*)

.exception_ranges
 *(.exception_ranges .exception_ranges*)
                0x0000000000013058                . = (ALIGN (0x1000) - ((0x1000 - .) & 0xfff))
                0x0000000000014058                . = DATA_SEGMENT_ALIGN (0x1000, 0x1000)

.eh_frame
 *(.eh_frame)

.gcc_except_table
 *(.gcc_except_table .gcc_except_table.*)

.exception_ranges
 *(.exception_ranges .exception_ranges*)

.tdata
 *(.tdata .tdata.* .gnu.linkonce.td.*)

.tbss
 *(.tbss .tbss.* .gnu.linkonce.tb.*)
 *(.tcommon)

.preinit_array  0x0000000000014058        0x0
                0x0000000000014058                PROVIDE (__preinit_array_start, .)
 *(.preinit_array)
                0x0000000000014058                PROVIDE (__preinit_array_end, .)

.init_array     0x0000000000014058        0x0
                0x0000000000014058                PROVIDE (__init_array_start, .)
 *(SORT(.init_array.*) SORT(.ctors.*))
 *(.init_array)
 *(EXCLUDE_FILE(*crtend?.o *crtend.o *crtbegin?.o *crtbegin.o) .ctors)
                0x0000000000014058                PROVIDE (__init_array_end, .)

.fini_array     0x0000000000014058        0x0
                0x0000000000014058                PROVIDE (__fini_array_start, .)
 *(SORT(.fini_array.*) SORT(.dtors.*))
 *(.fini_array)
 *(EXCLUDE_FILE(*crtend?.o *crtend.o *crtbegin?.o *crtbegin.o) .dtors)
                0x0000000000014058                PROVIDE (__fini_array_end, .)

.ctors
 *crtbegin.o(.ctors)
 *crtbegin?.o(.ctors)
 *(EXCLUDE_FILE(*crtend?.o *crtend.o) .ctors)
 *(SORT(.ctors.*))
 *(.ctors)

.dtors
 *crtbegin.o(.dtors)
 *crtbegin?.o(.dtors)
 *(EXCLUDE_FILE(*crtend?.o *crtend.o) .dtors)
 *(SORT(.dtors.*))
 *(.dtors)

.jcr
 *(.jcr)

.data.rel.ro
 *(.data.rel.ro.local* .gnu.linkonce.d.rel.ro.local.*)
 *(.data.rel.ro* .gnu.linkonce.d.rel.ro.*)

.dynamic
 *(.dynamic)

.got
 *(.got)
 *(.igot)
                0x0000000000014058                . = DATA_SEGMENT_RELRO_END (., 0xc)

.got.plt        0x0000000000014058        0x0
 *(.got.plt)
 *(.igot.plt)
 .igot.plt      0x0000000000000000        0x0 boot/head.o

.data           0x0000000000014060     0x3e64
 *(.data .data.* .gnu.linkonce.d.*)
 .data          0x0000000000014060        0x0 boot/head.o
 .data          0x0000000000014060       0x18 init/main.o
 *fill*         0x0000000000014078        0x8 00
 .data          0x0000000000014080     0x3d2c kernel/kernel.o
                0x0000000000014080                stack_start
                0x00000000000140a0                task
                0x00000000000141a0                current
                0x00000000000141c0                sys_call_table
                0x00000000000156c0                table_list
                0x00000000000156e0                tty_table
 .data          0x0000000000017dac        0x0 mm/mm.o
 .data          0x0000000000017dac        0x4 fs/fs.o
                0x0000000000017dac                start_buffer
 *fill*         0x0000000000017db0       0x10 00
 .data          0x0000000000017dc0      0x101 lib/lib.a(ctype.o)
                0x0000000000017dc0                _ctype
 *fill*         0x0000000000017ec1        0x3 00
 .data          0x0000000000017ec4        0x0 lib/lib.a(_exit.o)
 .data          0x0000000000017ec4        0x0 lib/lib.a(open.o)
 .data          0x0000000000017ec4        0x0 lib/lib.a(close.o)
 .data          0x0000000000017ec4        0x0 lib/lib.a(errno.o)
 .data          0x0000000000017ec4        0x0 lib/lib.a(write.o)
 .data          0x0000000000017ec4        0x0 lib/lib.a(dup.o)
 .data          0x0000000000017ec4        0x0 lib/lib.a(setsid.o)
 .data          0x0000000000017ec4        0x0 lib/lib.a(execve.o)
 .data          0x0000000000017ec4        0x0 lib/lib.a(wait.o)
 .data          0x0000000000017ec4        0x0 lib/lib.a(string.o)

.data1
 *(.data1)
                0x0000000000017ec4                _edata = .
                0x0000000000017ec4                PROVIDE (edata, .)
                0x0000000000017ec4                __bss_start = .

.bss            0x0000000000017ee0     0x3e6c
 *(.dynbss)
 *(.bss .bss.* .gnu.linkonce.b.*)
 .bss           0x0000000000017ee0        0x0 boot/head.o
 .bss           0x0000000000017ee0      0x400 init/main.o
 .bss           0x00000000000182e0      0xb0c kernel/kernel.o
                0x00000000000182e0                last_task_used_math
                0x00000000000182e4                startup_time
                0x00000000000182e8                jiffies
                0x00000000000182ec                last_pid
                0x00000000000188e0                do_hd
 *fill*         0x0000000000018dec       0x14 00
 .bss           0x0000000000018e00      0xc00 mm/mm.o
 .bss           0x0000000000019a00      0x710 fs/fs.o
                0x0000000000019a00                inode_table
                0x000000000001a104                nr_buffers
 .bss           0x000000000001a110        0x0 lib/lib.a(ctype.o)
 .bss           0x000000000001a110        0x0 lib/lib.a(_exit.o)
 .bss           0x000000000001a110        0x0 lib/lib.a(open.o)
 .bss           0x000000000001a110        0x0 lib/lib.a(close.o)
 .bss           0x000000000001a110        0x0 lib/lib.a(errno.o)
 .bss           0x000000000001a110        0x0 lib/lib.a(write.o)
 .bss           0x000000000001a110        0x0 lib/lib.a(dup.o)
 .bss           0x000000000001a110        0x0 lib/lib.a(setsid.o)
 .bss           0x000000000001a110        0x0 lib/lib.a(execve.o)
 .bss           0x000000000001a110        0x0 lib/lib.a(wait.o)
 .bss           0x000000000001a110        0x0 lib/lib.a(string.o)
 *(COMMON)
 *fill*         0x000000000001a110       0x10 00
 COMMON         0x000000000001a120     0x1000 kernel/kernel.o
                0x000000000001a120                user_stack
 COMMON         0x000000000001b120      0xc20 fs/fs.o
                0x000000000001b120                hash_table
                0x000000000001b600                super_block
                0x000000000001b940                file_table
 COMMON         0x000000000001bd40        0x1 lib/lib.a(ctype.o)
                0x000000000001bd40                _ctmp
 *fill*         0x000000000001bd41        0x3 00
 COMMON         0x000000000001bd44        0x4 lib/lib.a(errno.o)
                0x000000000001bd44                errno
 COMMON         0x000000000001bd48        0x4 lib/lib.a(string.o)
                0x000000000001bd48                ___strtok
                0x000000000001bd4c                . = ALIGN ((. != 0x0)?0x4:0x1)
                0x000000000001bd4c                . = ALIGN (0x4)
                0x000000000001bd4c                . = ALIGN (0x4)
                0x000000000001bd4c                _end = .
                0x000000000001bd4c                PROVIDE (end, .)
                0x000000000001bd4c                . = DATA_SEGMENT_END (.)

.stab
 *(.stab)

.stabstr
 *(.stabstr)

.stab.excl
 *(.stab.excl)

.stab.exclstr
 *(.stab.exclstr)

.stab.index
 *(.stab.index)

.stab.indexstr
 *(.stab.indexstr)

.comment        0x0000000000000000       0x2a
 *(.comment)
 .comment       0x0000000000000000       0x2a init/main.o
                                         0x2b (size before relaxing)
 .comment       0x0000000000000000      0x22f kernel/kernel.o
 .comment       0x0000000000000000       0x2b mm/mm.o
 .comment       0x0000000000000000      0x331 fs/fs.o
 .comment       0x0000000000000000       0x2b lib/lib.a(ctype.o)
 .comment       0x0000000000000000       0x2b lib/lib.a(_exit.o)
 .comment       0x0000000000000000       0x2b lib/lib.a(open.o)
 .comment       0x0000000000000000       0x2b lib/lib.a(close.o)
 .comment       0x0000000000000000       0x2b lib/lib.a(errno.o)
 .comment       0x0000000000000000       0x2b lib/lib.a(write.o)
 .comment       0x0000000000000000       0x2b lib/lib.a(dup.o)
 .comment       0x0000000000000000       0x2b lib/lib.a(setsid.o)
 .comment       0x0000000000000000       0x2b lib/lib.a(execve.o)
 .comment       0x0000000000000000       0x2b lib/lib.a(wait.o)
 .comment       0x0000000000000000       0x2b lib/lib.a(string.o)

.debug
 *(.debug)

.line
 *(.line)

.debug_srcinfo
 *(.debug_srcinfo)

.debug_sfnames
 *(.debug_sfnames)

.debug_aranges  0x0000000000000000      0x540
 *(.debug_aranges)
 .debug_aranges
                0x0000000000000000       0x20 init/main.o
 .debug_aranges
                0x0000000000000020      0x1a0 kernel/kernel.o
 .debug_aranges
                0x00000000000001c0       0x20 mm/mm.o
 .debug_aranges
                0x00000000000001e0      0x240 fs/fs.o
 .debug_aranges
                0x0000000000000420       0x20 lib/lib.a(_exit.o)
 .debug_aranges
                0x0000000000000440       0x20 lib/lib.a(open.o)
 .debug_aranges
                0x0000000000000460       0x20 lib/lib.a(close.o)
 .debug_aranges
                0x0000000000000480       0x20 lib/lib.a(write.o)
 .debug_aranges
                0x00000000000004a0       0x20 lib/lib.a(dup.o)
 .debug_aranges
                0x00000000000004c0       0x20 lib/lib.a(setsid.o)
 .debug_aranges
                0x00000000000004e0       0x20 lib/lib.a(execve.o)
 .debug_aranges
                0x0000000000000500       0x20 lib/lib.a(wait.o)
 .debug_aranges
                0x0000000000000520       0x20 lib/lib.a(string.o)

.debug_pubnames
 *(.debug_pubnames)

.debug_info     0x0000000000000000    0x1aaf5
 *(.debug_info .gnu.linkonce.wi.*)
 .debug_info    0x0000000000000000      0xccf init/main.o
 .debug_info    0x0000000000000ccf     0x8f8c kernel/kernel.o
 .debug_info    0x0000000000009c5b      0x4d6 mm/mm.o
 .debug_info    0x000000000000a131     0xe2d3 fs/fs.o
 .debug_info    0x0000000000018404       0x70 lib/lib.a(ctype.o)
 .debug_info    0x0000000000018474      0x3af lib/lib.a(_exit.o)
 .debug_info    0x0000000000018823      0x403 lib/lib.a(open.o)
 .debug_info    0x0000000000018c26      0x3ce lib/lib.a(close.o)
 .debug_info    0x0000000000018ff4       0x3f lib/lib.a(errno.o)
 .debug_info    0x0000000000019033      0x400 lib/lib.a(write.o)
 .debug_info    0x0000000000019433      0x3ce lib/lib.a(dup.o)
 .debug_info    0x0000000000019801      0x3cb lib/lib.a(setsid.o)
 .debug_info    0x0000000000019bcc      0x3fc lib/lib.a(execve.o)
 .debug_info    0x0000000000019fc8      0x428 lib/lib.a(wait.o)
 .debug_info    0x000000000001a3f0      0x705 lib/lib.a(string.o)

.debug_abbrev   0x0000000000000000     0x4458
 *(.debug_abbrev)
 .debug_abbrev  0x0000000000000000      0x1d7 init/main.o
 .debug_abbrev  0x00000000000001d7     0x180f kernel/kernel.o
 .debug_abbrev  0x00000000000019e6      0x1af mm/mm.o
 .debug_abbrev  0x0000000000001b95     0x212e fs/fs.o
 .debug_abbrev  0x0000000000003cc3       0x42 lib/lib.a(ctype.o)
 .debug_abbrev  0x0000000000003d05       0xa3 lib/lib.a(_exit.o)
 .debug_abbrev  0x0000000000003da8       0xdc lib/lib.a(open.o)
 .debug_abbrev  0x0000000000003e84       0xb4 lib/lib.a(close.o)
 .debug_abbrev  0x0000000000003f38       0x30 lib/lib.a(errno.o)
 .debug_abbrev  0x0000000000003f68       0xd7 lib/lib.a(write.o)
 .debug_abbrev  0x000000000000403f       0xb4 lib/lib.a(dup.o)
 .debug_abbrev  0x00000000000040f3       0xb2 lib/lib.a(setsid.o)
 .debug_abbrev  0x00000000000041a5       0xbb lib/lib.a(execve.o)
 .debug_abbrev  0x0000000000004260       0xd0 lib/lib.a(wait.o)
 .debug_abbrev  0x0000000000004330      0x128 lib/lib.a(string.o)

.debug_line     0x0000000000000000     0x37d2
 *(.debug_line)
 .debug_line    0x0000000000000000      0x11e init/main.o
 .debug_line    0x000000000000011e     0x1542 kernel/kernel.o
 .debug_line    0x0000000000001660      0x122 mm/mm.o
 .debug_line    0x0000000000001782     0x1b88 fs/fs.o
 .debug_line    0x000000000000330a       0x28 lib/lib.a(ctype.o)
 .debug_line    0x0000000000003332       0x50 lib/lib.a(_exit.o)
 .debug_line    0x0000000000003382       0x76 lib/lib.a(open.o)
 .debug_line    0x00000000000033f8       0x6e lib/lib.a(close.o)
 .debug_line    0x0000000000003466       0x28 lib/lib.a(errno.o)
 .debug_line    0x000000000000348e       0x8c lib/lib.a(write.o)
 .debug_line    0x000000000000351a       0x6c lib/lib.a(dup.o)
 .debug_line    0x0000000000003586       0x88 lib/lib.a(setsid.o)
 .debug_line    0x000000000000360e       0x73 lib/lib.a(execve.o)
 .debug_line    0x0000000000003681       0x90 lib/lib.a(wait.o)
 .debug_line    0x0000000000003711       0xc1 lib/lib.a(string.o)

.debug_frame
 *(.debug_frame)

.debug_str      0x0000000000000000     0x1ad8
 *(.debug_str)
 .debug_str     0x0000000000000000      0x3f7 init/main.o
                                        0x4a4 (size before relaxing)
 .debug_str     0x00000000000003f7      0xbbc kernel/kernel.o
                                       0x3283 (size before relaxing)
 .debug_str     0x0000000000000fb3      0x125 mm/mm.o
                                        0x1c0 (size before relaxing)
 .debug_str     0x00000000000010d8      0x92f fs/fs.o
                                       0x53ba (size before relaxing)
 .debug_str     0x0000000000001a07       0x25 lib/lib.a(ctype.o)
                                         0x65 (size before relaxing)
 .debug_str     0x0000000000001a2c        0x8 lib/lib.a(_exit.o)
                                        0x283 (size before relaxing)
 .debug_str     0x0000000000000000        0x8 lib/lib.a(open.o)
                                        0x293 (size before relaxing)
 .debug_str     0x0000000000001a34        0x8 lib/lib.a(close.o)
                                        0x285 (size before relaxing)
 .debug_str     0x0000000000001a3c        0x8 lib/lib.a(errno.o)
                                         0x37 (size before relaxing)
 .debug_str     0x0000000000000000        0x8 lib/lib.a(write.o)
                                        0x291 (size before relaxing)
 .debug_str     0x0000000000001a44        0x6 lib/lib.a(dup.o)
                                        0x27d (size before relaxing)
 .debug_str     0x0000000000001a4a        0x9 lib/lib.a(setsid.o)
                                        0x28d (size before relaxing)
 .debug_str     0x0000000000001a53        0x9 lib/lib.a(execve.o)
                                        0x296 (size before relaxing)
 .debug_str     0x0000000000001a5c       0x11 lib/lib.a(wait.o)
                                        0x2a3 (size before relaxing)
 .debug_str     0x0000000000001a6d       0x6b lib/lib.a(string.o)
                                         0xeb (size before relaxing)

.debug_loc      0x0000000000000000     0xaf2b
 *(.debug_loc)
 .debug_loc     0x0000000000000000      0x256 init/main.o
 .debug_loc     0x0000000000000256     0x3d6f kernel/kernel.o
 .debug_loc     0x0000000000003fc5      0x640 mm/mm.o
 .debug_loc     0x0000000000004605     0x6353 fs/fs.o
 .debug_loc     0x000000000000a958       0x2c lib/lib.a(_exit.o)
 .debug_loc     0x000000000000a984       0x3f lib/lib.a(open.o)
 .debug_loc     0x000000000000a9c3       0x3f lib/lib.a(close.o)
 .debug_loc     0x000000000000aa02       0x57 lib/lib.a(write.o)
 .debug_loc     0x000000000000aa59       0x3f lib/lib.a(dup.o)
 .debug_loc     0x000000000000aa98       0x13 lib/lib.a(setsid.o)
 .debug_loc     0x000000000000aaab       0x57 lib/lib.a(execve.o)
 .debug_loc     0x000000000000ab02       0x83 lib/lib.a(wait.o)
 .debug_loc     0x000000000000ab85      0x3a6 lib/lib.a(string.o)

.debug_macinfo
 *(.debug_macinfo)

.debug_weaknames
 *(.debug_weaknames)

.debug_funcnames
 *(.debug_funcnames)

.debug_typenames
 *(.debug_typenames)

.debug_varnames
 *(.debug_varnames)

.debug_pubtypes
 *(.debug_pubtypes)

.debug_ranges   0x0000000000000000      0x4e8
 *(.debug_ranges)
 .debug_ranges  0x0000000000000000      0x1e0 kernel/kernel.o
 .debug_ranges  0x00000000000001e0      0x308 fs/fs.o

.gnu.attributes
 *(.gnu.attributes)

/DISCARD/
 *(.note.GNU-stack)
 *(.gnu_debuglink)
 *(.gnu.lto_*)
OUTPUT(tools/system elf32-i386)
