Archive member included because of file (symbol)

lib/lib.a(ctype.o)            kernel/kernel.o (_ctype)
lib/lib.a(_exit.o)            init/main.o (_exit)
lib/lib.a(open.o)             init/main.o (open)
lib/lib.a(close.o)            init/main.o (close)
lib/lib.a(errno.o)            init/main.o (errno)
lib/lib.a(write.o)            init/main.o (write)
lib/lib.a(dup.o)              init/main.o (dup)
lib/lib.a(setsid.o)           init/main.o (setsid)
lib/lib.a(execve.o)           init/main.o (execve)
lib/lib.a(wait.o)             init/main.o (wait)
lib/lib.a(string.o)           kernel/kernel.o (memcpy)
lib/lib.a(crypt.o)            kernel/kernel.o (clear_key)

Allocating common symbols
Common symbol       size              file

errno               0x4               lib/lib.a(errno.o)
hash_table          0x4cc             fs/fs.o
___strtok           0x4               lib/lib.a(string.o)
user_stack          0x1000            kernel/kernel.o
_ctmp               0x1               lib/lib.a(ctype.o)
super_block         0x340             fs/fs.o
character_for_input
                    0x1               kernel/kernel.o
file_table          0x400             fs/fs.o

Discarded input sections

 .note.GNU-stack
                0x0000000000000000        0x0 init/main.o
 .note.GNU-stack
                0x0000000000000000        0x0 kernel/kernel.o
 .note.GNU-stack
                0x0000000000000000        0x0 mm/mm.o
 .note.GNU-stack
                0x0000000000000000        0x0 fs/fs.o
 .note.GNU-stack
                0x0000000000000000        0x0 lib/lib.a(ctype.o)
 .note.GNU-stack
                0x0000000000000000        0x0 lib/lib.a(_exit.o)
 .note.GNU-stack
                0x0000000000000000        0x0 lib/lib.a(open.o)
 .note.GNU-stack
                0x0000000000000000        0x0 lib/lib.a(close.o)
 .note.GNU-stack
                0x0000000000000000        0x0 lib/lib.a(errno.o)
 .note.GNU-stack
                0x0000000000000000        0x0 lib/lib.a(write.o)
 .note.GNU-stack
                0x0000000000000000        0x0 lib/lib.a(dup.o)
 .note.GNU-stack
                0x0000000000000000        0x0 lib/lib.a(setsid.o)
 .note.GNU-stack
                0x0000000000000000        0x0 lib/lib.a(execve.o)
 .note.GNU-stack
                0x0000000000000000        0x0 lib/lib.a(wait.o)
 .note.GNU-stack
                0x0000000000000000        0x0 lib/lib.a(string.o)
 .note.GNU-stack
                0x0000000000000000        0x0 lib/lib.a(crypt.o)

Memory Configuration

Name             Origin             Length             Attributes
*default*        0x0000000000000000 0xffffffffffffffff

Linker script and memory map

Address of section .text set to 0x0
LOAD boot/head.o
LOAD init/main.o
LOAD kernel/kernel.o
LOAD mm/mm.o
LOAD fs/fs.o
LOAD lib/lib.a
                0x0000000008048000                PROVIDE (__executable_start, 0x8048000)
                0x0000000008048094                . = (0x8048000 + SIZEOF_HEADERS)

.interp
 *(.interp)

.note.gnu.build-id
 *(.note.gnu.build-id)

.hash
 *(.hash)

.gnu.hash
 *(.gnu.hash)

.dynsym
 *(.dynsym)

.dynstr
 *(.dynstr)

.gnu.version
 *(.gnu.version)

.gnu.version_d
 *(.gnu.version_d)

.gnu.version_r
 *(.gnu.version_r)

.rel.dyn        0x0000000008048094        0x0
 *(.rel.init)
 *(.rel.text .rel.text.* .rel.gnu.linkonce.t.*)
 .rel.text      0x0000000000000000        0x0 boot/head.o
 *(.rel.fini)
 *(.rel.rodata .rel.rodata.* .rel.gnu.linkonce.r.*)
 *(.rel.data.rel.ro* .rel.gnu.linkonce.d.rel.ro.*)
 *(.rel.data .rel.data.* .rel.gnu.linkonce.d.*)
 .rel.data      0x0000000000000000        0x0 boot/head.o
 *(.rel.tdata .rel.tdata.* .rel.gnu.linkonce.td.*)
 *(.rel.tbss .rel.tbss.* .rel.gnu.linkonce.tb.*)
 *(.rel.ctors)
 *(.rel.dtors)
 *(.rel.got)
 *(.rel.bss .rel.bss.* .rel.gnu.linkonce.b.*)
 *(.rel.ifunc)

.rel.plt        0x0000000008048094        0x0
 *(.rel.plt)
                0x0000000008048094                PROVIDE (__rel_iplt_start, .)
 *(.rel.iplt)
 .rel.iplt      0x0000000000000000        0x0 boot/head.o
                0x0000000008048094                PROVIDE (__rel_iplt_end, .)

.init
 *(.init)

.plt            0x00000000080480a0        0x0
 *(.plt)
 *(.iplt)
 .iplt          0x0000000000000000        0x0 boot/head.o

.text           0x0000000000000000    0x11917
 *(.text.unlikely .text.*_unlikely)
 *(.text.exit .text.exit.*)
 *(.text.startup .text.startup.*)
 *(.text.hot .text.hot.*)
 *(.text .stub .text.* .gnu.linkonce.t.*)
 .text          0x0000000000000000     0x5078 boot/head.o
                0x0000000000000000                startup_32
                0x0000000000000000                pg_dir
                0x0000000000004078                idt
                0x0000000000004878                gdt
 *fill*         0x0000000000005078        0x8 90909090
 .text          0x0000000000005080      0x370 init/main.o
                0x00000000000050c1                init
                0x0000000000005232                main
 .text          0x00000000000053f0     0x6747 kernel/kernel.o
                0x00000000000053f0                sys_activate_timer
                0x0000000000005400                sys_alarm
                0x0000000000005427                sys_getpid
                0x0000000000005433                sys_getppid
                0x000000000000543f                sys_getuid
                0x000000000000544c                sys_geteuid
                0x0000000000005459                sys_getgid
                0x0000000000005466                sys_getegid
                0x0000000000005473                sys_nice
                0x000000000000548c                sys_signal
                0x00000000000054c9                math_state_restore
                0x0000000000005500                schedule
                0x00000000000055f1                sys_pause
                0x0000000000005607                sleep_on
                0x0000000000005661                interruptible_sleep_on
                0x00000000000056cb                wake_up
                0x00000000000056e7                do_timer
                0x0000000000005770                sched_init
                0x0000000000005898                system_call
                0x000000000000598a                timer_interrupt
                0x00000000000059c2                sys_execve
                0x00000000000059d0                sys_fork
                0x00000000000059e8                hd_interrupt
                0x0000000000005b95                do_double_fault
                0x0000000000005bae                do_general_protection
                0x0000000000005bc7                do_divide_error
                0x0000000000005be0                do_int3
                0x0000000000005c98                do_nmi
                0x0000000000005cb1                do_debug
                0x0000000000005cca                do_overflow
                0x0000000000005ce3                do_bounds
                0x0000000000005cfc                do_invalid_op
                0x0000000000005d15                do_device_not_available
                0x0000000000005d2e                do_coprocessor_segment_overrun
                0x0000000000005d47                do_invalid_TSS
                0x0000000000005d60                do_segment_not_present
                0x0000000000005d79                do_stack_segment
                0x0000000000005d92                do_coprocessor_error
                0x0000000000005dab                do_reserved
                0x0000000000005dc4                trap_init
                0x0000000000005f80                divide_error
                0x0000000000005fb5                debug
                0x0000000000005fbc                nmi
                0x0000000000005fc3                int3
                0x0000000000005fca                overflow
                0x0000000000005fd1                bounds
                0x0000000000005fd8                invalid_op
                0x0000000000005fe7                device_not_available
                0x0000000000006014                coprocessor_segment_overrun
                0x000000000000601e                reserved
                0x0000000000006028                coprocessor_error
                0x0000000000006032                double_fault
                0x0000000000006069                invalid_TSS
                0x0000000000006070                segment_not_present
                0x0000000000006077                stack_segment
                0x000000000000607e                general_protection
                0x0000000000006088                verify_area
                0x00000000000060ed                copy_mem
                0x00000000000061e3                copy_process
                0x0000000000006472                find_empty_process
                0x00000000000064d4                panic
                0x00000000000064f0                printk
                0x0000000000006786                vsprintf
                0x0000000000006af0                tty_init
                0x0000000000006b01                tty_intr
                0x0000000000006b46                copy_to_cooked
                0x0000000000006dc6                tty_read
                0x000000000000708c                tty_write
                0x0000000000007269                do_tty_interrupt
                0x0000000000007495                fill_list
                0x0000000000007575                closeR
                0x00000000000075af                openR
                0x00000000000075f2                draw_list_clip
                0x0000000000007718                draw_list
                0x00000000000078b3                mark_selected_clip
                0x000000000000791b                mark_selected
                0x0000000000007983                set_path_name
                0x0000000000007a9c                csi_m
                0x0000000000007af7                con_write
                0x000000000000846c                con_init
                0x00000000000084ef                f1_down
                0x00000000000084fa                f1_up
                0x0000000000008505                tool_draw
                0x0000000000008699                tool_dir
                0x00000000000086c1                tool_clip
                0x00000000000086e3                tool_start
                0x0000000000008763                put_char_to_clip
                0x00000000000087f4                remove_char_for_clip
                0x000000000000887d                paste_to_con
                0x00000000000089f5                arr_right
                0x0000000000008ac4                arr_left
                0x0000000000008b6b                arr_down
                0x0000000000008c08                arr_up
                0x0000000000008c97                print_name_and_index
                0x0000000000008d07                keyboard_interrupt
                0x00000000000095d4                rs1_interrupt
                0x00000000000095dc                rs2_interrupt
                0x0000000000009d49                rw_hd
                0x0000000000009df2                sys_setup
                0x0000000000009ef1                unexpected_hd_interrupt
                0x0000000000009f04                hd_init
                0x0000000000009f74                copy_to_buffer
                0x0000000000009f9c                to_lower_case
                0x0000000000009ffd                sys_get_i_node
                0x0000000000009fff                buffer_decr
                0x000000000000a177                file_decr
                0x000000000000a1fd                is_key_set_
                0x000000000000a203                reverse_num
                0x000000000000a23b                mark
                0x000000000000a392                unmarkOld
                0x000000000000a4a2                unmark
                0x000000000000a569                compare_name
                0x000000000000a5cd                mark_file
                0x000000000000a6f0                remove_file_mark
                0x000000000000a813                i_node_check
                0x000000000000a8c9                check_for_encr
                0x000000000000a9fd                sys_decr
                0x000000000000aaa4                buffer_encr
                0x000000000000ac1c                file_encr
                0x000000000000aca2                sys_encr
                0x000000000000ad2a                partition
                0x000000000000adb7                sort_index_and_global
                0x000000000000ae3c                sys_generate_key_
                0x000000000000af58                sys_turn_on_key_set
                0x000000000000af68                sys_turn_off_key_set
                0x000000000000af78                sys_get_turn_on
                0x000000000000af7e                pow_check
                0x000000000000afab                clear_key_
                0x000000000000afc2                sys_clear_key
                0x000000000000afe0                sys_set_key
                0x000000000000b052                sys_ftime
                0x000000000000b058                sys_mknod
                0x000000000000b05e                sys_break
                0x000000000000b064                sys_mount
                0x000000000000b06a                sys_umount
                0x000000000000b070                sys_ustat
                0x000000000000b076                sys_ptrace
                0x000000000000b07c                sys_stty
                0x000000000000b082                sys_gtty
                0x000000000000b088                sys_rename
                0x000000000000b08e                sys_prof
                0x000000000000b094                sys_setgid
                0x000000000000b0f1                sys_acct
                0x000000000000b0f7                sys_phys
                0x000000000000b0fd                sys_lock
                0x000000000000b103                sys_mpx
                0x000000000000b109                sys_ulimit
                0x000000000000b10f                sys_time
                0x000000000000b162                sys_setuid
                0x000000000000b1bb                sys_stime
                0x000000000000b208                sys_times
                0x000000000000b261                sys_brk
                0x000000000000b294                sys_setpgid
                0x000000000000b309                sys_getpgrp
                0x000000000000b315                sys_setsid
                0x000000000000b36a                sys_oldolduname
                0x000000000000b382                sys_uname
                0x000000000000b3cf                sys_umask
                0x000000000000b3ed                sys_null
                0x000000000000b410                release
                0x000000000000b46a                do_kill
                0x000000000000b6e3                sys_kill
                0x000000000000b719                do_exit
                0x000000000000b8ac                sys_exit
                0x000000000000b8c7                sys_waitpid
                0x000000000000ba4e                rs_init
                0x000000000000baa6                rs_write
                0x000000000000bad0                kernel_mktime
 *fill*         0x000000000000bb37        0x1 90909090
 .text          0x000000000000bb38      0x517 mm/mm.o
                0x000000000000bb38                invalidate
                0x000000000000bb41                copy_page
                0x000000000000bb66                get_free_page
                0x000000000000bb9e                free_page
                0x000000000000bbfe                free_page_tables
                0x000000000000bcae                copy_page_tables
                0x000000000000bda8                put_page
                0x000000000000be55                un_wp_page
                0x000000000000bee5                do_wp_page
                0x000000000000bf15                write_verify
                0x000000000000bf54                do_no_page
                0x000000000000bf84                calc_mem
                0x000000000000c018                page_fault
 *fill*         0x000000000000c04f        0x1 90909090
 .text          0x000000000000c050     0x519d fs/fs.o
                0x000000000000c050                sys_utime
                0x000000000000c0b9                sys_access
                0x000000000000c150                sys_chdir
                0x000000000000c1b3                sys_chroot
                0x000000000000c216                sys_chmod
                0x000000000000c2ab                sys_chown
                0x000000000000c312                sys_open
                0x000000000000c4a6                sys_creat
                0x000000000000c4c9                sys_close
                0x000000000000c550                sys_lseek
                0x000000000000c60c                sys_read
                0x000000000000c767                sys_write
                0x000000000000cc7b                sync_inodes
                0x000000000000ccc5                bmap
                0x000000000000ccde                create_block
                0x000000000000ccf7                iput
                0x000000000000cde5                get_empty_inode
                0x000000000000ced3                get_pipe_inode
                0x000000000000cf1a                iget
                0x000000000000d107                sys_sync
                0x000000000000d16f                brelse
                0x000000000000d1c1                get_hash_table
                0x000000000000d220                getblk
                0x000000000000d4bf                bread
                0x000000000000d519                buffer_init
                0x000000000000d5b4                do_mount
                0x000000000000d7bf                mount_root
                0x000000000000d910                block_write
                0x000000000000d9f3                block_read
                0x000000000000daca                ll_rw_block
                0x000000000000db93                rw_char
                0x000000000000dc04                buffer_switch_case
                0x000000000000dc43                file_switch_case
                0x000000000000dd0a                sys_switch_case
                0x000000000000dd45                file_read
                0x000000000000df14                file_write
                0x000000000000e22e                sys_stat
                0x000000000000e273                sys_lstat
                0x000000000000e28e                sys_fstat
                0x000000000000e2d1                sys_stat64
                0x000000000000e316                sys_fstat64
                0x000000000000e359                sys_lstat64
                0x000000000000e374                sys_oldstat
                0x000000000000e38c                sys_oldfstat
                0x000000000000e4d4                cp_block
                0x000000000000e509                is_valid_elf
                0x000000000000e54e                read_file_block_ind
                0x000000000000e5e3                read_file_block
                0x000000000000e6e2                copy_section
                0x000000000000e7d0                create_bss_section
                0x000000000000e7f6                load_elf_binary
                0x000000000000ea01                do_execve
                0x000000000000ee94                read_pipe
                0x000000000000ef2d                write_pipe
                0x000000000000f026                sys_pipe
                0x000000000000f659                namei
                0x000000000000f70f                open_namei
                0x000000000000f975                sys_mkdir
                0x000000000000fc2a                sys_rmdir
                0x000000000000ff9c                sys_unlink
                0x000000000001015a                sys_link
                0x0000000000010300                free_block
                0x000000000001043b                new_block
                0x00000000000105be                free_inode
                0x00000000000106ea                new_inode
                0x00000000000108ca                sys_dup2
                0x00000000000108ea                sys_dup
                0x00000000000108fa                sys_fcntl
                0x00000000000109b7                sys_fcntl64
                0x0000000000010a0c                sys_ioctl
                0x0000000000010aa9                tty_ioctl
                0x0000000000010d75                truncate
                0x0000000000010e80                sys_getdents
                0x000000000001105a                sys_getdents64
 *fill*         0x00000000000111ed        0x3 90909090
 .text          0x00000000000111f0        0x0 lib/lib.a(ctype.o)
 .text          0x00000000000111f0        0xe lib/lib.a(_exit.o)
                0x00000000000111f0                _exit
 *fill*         0x00000000000111fe        0x2 90909090
 .text          0x0000000000011200       0x3d lib/lib.a(open.o)
                0x0000000000011200                open
 *fill*         0x000000000001123d        0x3 90909090
 .text          0x0000000000011240       0x23 lib/lib.a(close.o)
                0x0000000000011240                close
 *fill*         0x0000000000011263        0x1 90909090
 .text          0x0000000000011264        0x0 lib/lib.a(errno.o)
 .text          0x0000000000011264       0x60 lib/lib.a(write.o)
                0x0000000000011264                write
                0x00000000000112a1                switch_case
 .text          0x00000000000112c4       0x23 lib/lib.a(dup.o)
                0x00000000000112c4                dup
 *fill*         0x00000000000112e7        0x1 90909090
 .text          0x00000000000112e8       0x1e lib/lib.a(setsid.o)
                0x00000000000112e8                setsid
 *fill*         0x0000000000011306        0x2 90909090
 .text          0x0000000000011308       0x3d lib/lib.a(execve.o)
                0x0000000000011308                execve
 *fill*         0x0000000000011345        0x3 90909090
 .text          0x0000000000011348       0x60 lib/lib.a(wait.o)
                0x0000000000011348                waitpid
                0x0000000000011385                wait
 .text          0x00000000000113a8      0x421 lib/lib.a(string.o)
                0x00000000000113a8                strcpy
                0x00000000000113d0                strncpy
                0x0000000000011401                strcat
                0x0000000000011436                strncat
                0x0000000000011475                strcmp
                0x00000000000114a3                strncmp
                0x00000000000114d8                strchr
                0x00000000000114f6                strrchr
                0x0000000000011517                strspn
                0x0000000000011564                strcspn
                0x00000000000115b1                strpbrk
                0x00000000000115f6                strstr
                0x000000000001163b                strlen
                0x0000000000011654                strtok
                0x00000000000116e5                memcpy
                0x000000000001170b                memmove
                0x0000000000011759                memcmp
                0x000000000001178d                memchr
                0x00000000000117b3                memset
 *fill*         0x00000000000117c9        0x3 90909090
 .text          0x00000000000117cc      0x14b lib/lib.a(crypt.o)
                0x00000000000117cc                set_key
                0x00000000000117f3                clear_key
                0x0000000000011811                generate_key_
                0x0000000000011834                encr
                0x0000000000011857                decr
                0x000000000001187a                get_i_node
                0x000000000001189f                turn_on_key_set
                0x00000000000118bd                get_turn_on
                0x00000000000118db                turn_off_key_set
                0x00000000000118f9                activate_timer
 *(.gnu.warning)

.fini
 *(.fini)
                0x0000000000011917                PROVIDE (__etext, .)
                0x0000000000011917                PROVIDE (_etext, .)
                0x0000000000011917                PROVIDE (etext, .)

.rodata         0x0000000000011920     0x10f8
 *(.rodata .rodata.* .gnu.linkonce.r.*)
 .rodata.str1.1
                0x0000000000011920       0x68 init/main.o
 .rodata.str1.4
                0x0000000000011988       0x25 init/main.o
 *fill*         0x00000000000119ad       0x13 00
 .rodata        0x00000000000119c0      0x270 kernel/kernel.o
 .rodata.str1.1
                0x0000000000011c30      0x319 kernel/kernel.o
                                        0x325 (size before relaxing)
 *fill*         0x0000000000011f49        0x3 00
 .rodata.str1.4
                0x0000000000011f4c      0x22c kernel/kernel.o
 .rodata.str1.4
                0x0000000000012178       0xe9 mm/mm.o
 .rodata.str1.1
                0x0000000000012261       0x68 mm/mm.o
 *fill*         0x00000000000122c9       0x17 00
 .rodata        0x00000000000122e0       0xc4 fs/fs.o
 .rodata.str1.1
                0x00000000000123a4      0x33e fs/fs.o
                                        0x352 (size before relaxing)
 *fill*         0x00000000000126e2        0x2 00
 .rodata.str1.4
                0x00000000000126e4      0x334 fs/fs.o

.rodata1
 *(.rodata1)

.eh_frame_hdr
 *(.eh_frame_hdr)

.eh_frame       0x0000000000012a18     0x2ae0
 *(.eh_frame)
 .eh_frame      0x0000000000012a18       0x74 init/main.o
 .eh_frame      0x0000000000012a8c     0x14cc kernel/kernel.o
                                       0x1604 (size before relaxing)
 .eh_frame      0x0000000000013f58      0x1a8 mm/mm.o
                                        0x1c0 (size before relaxing)
 .eh_frame      0x0000000000014100      0xf90 fs/fs.o
                                       0x1140 (size before relaxing)
 .eh_frame      0x0000000000015090       0x1c lib/lib.a(_exit.o)
                                         0x34 (size before relaxing)
 .eh_frame      0x00000000000150ac       0x20 lib/lib.a(open.o)
                                         0x38 (size before relaxing)
 .eh_frame      0x00000000000150cc       0x1c lib/lib.a(close.o)
                                         0x34 (size before relaxing)
 .eh_frame      0x00000000000150e8       0x3c lib/lib.a(write.o)
                                         0x54 (size before relaxing)
 .eh_frame      0x0000000000015124       0x1c lib/lib.a(dup.o)
                                         0x34 (size before relaxing)
 .eh_frame      0x0000000000015140       0x14 lib/lib.a(setsid.o)
                                         0x2c (size before relaxing)
 .eh_frame      0x0000000000015154       0x20 lib/lib.a(execve.o)
                                         0x38 (size before relaxing)
 .eh_frame      0x0000000000015174       0x38 lib/lib.a(wait.o)
                                         0x50 (size before relaxing)
 .eh_frame      0x00000000000151ac      0x25c lib/lib.a(string.o)
                                        0x274 (size before relaxing)
 .eh_frame      0x0000000000015408       0xf0 lib/lib.a(crypt.o)
                                        0x108 (size before relaxing)

.gcc_except_table
 *(.gcc_except_table .gcc_except_table.*)

.exception_ranges
 *(.exception_ranges .exception_ranges*)
                0x00000000000154f8                . = (ALIGN (0x1000) - ((0x1000 - .) & 0xfff))
                0x0000000000016000                . = DATA_SEGMENT_ALIGN (0x1000, 0x1000)

.eh_frame
 *(.eh_frame)

.gcc_except_table
 *(.gcc_except_table .gcc_except_table.*)

.exception_ranges
 *(.exception_ranges .exception_ranges*)

.tdata
 *(.tdata .tdata.* .gnu.linkonce.td.*)

.tbss
 *(.tbss .tbss.* .gnu.linkonce.tb.*)
 *(.tcommon)

.preinit_array  0x0000000000016000        0x0
                0x0000000000016000                PROVIDE (__preinit_array_start, .)
 *(.preinit_array)
                0x0000000000016000                PROVIDE (__preinit_array_end, .)

.init_array     0x0000000000016000        0x0
                0x0000000000016000                PROVIDE (__init_array_start, .)
 *(SORT(.init_array.*) SORT(.ctors.*))
 *(.init_array)
 *(EXCLUDE_FILE(*crtend?.o *crtend.o *crtbegin?.o *crtbegin.o) .ctors)
                0x0000000000016000                PROVIDE (__init_array_end, .)

.fini_array     0x0000000000016000        0x0
                0x0000000000016000                PROVIDE (__fini_array_start, .)
 *(SORT(.fini_array.*) SORT(.dtors.*))
 *(.fini_array)
 *(EXCLUDE_FILE(*crtend?.o *crtend.o *crtbegin?.o *crtbegin.o) .dtors)
                0x0000000000016000                PROVIDE (__fini_array_end, .)

.ctors
 *crtbegin.o(.ctors)
 *crtbegin?.o(.ctors)
 *(EXCLUDE_FILE(*crtend?.o *crtend.o) .ctors)
 *(SORT(.ctors.*))
 *(.ctors)

.dtors
 *crtbegin.o(.dtors)
 *crtbegin?.o(.dtors)
 *(EXCLUDE_FILE(*crtend?.o *crtend.o) .dtors)
 *(SORT(.dtors.*))
 *(.dtors)

.jcr
 *(.jcr)

.data.rel.ro
 *(.data.rel.ro.local* .gnu.linkonce.d.rel.ro.local.*)
 *(.data.rel.ro* .gnu.linkonce.d.rel.ro.*)

.dynamic
 *(.dynamic)

.got
 *(.got)
 *(.igot)
                0x0000000000016000                . = DATA_SEGMENT_RELRO_END (., 0xc)

.got.plt        0x0000000000016000        0x0
 *(.got.plt)
 *(.igot.plt)
 .igot.plt      0x0000000000000000        0x0 boot/head.o

.data           0x0000000000016000     0x3e64
 *(.data .data.* .gnu.linkonce.d.*)
 .data          0x0000000000016000        0x0 boot/head.o
 .data          0x0000000000016000       0x18 init/main.o
 *fill*         0x0000000000016018        0x8 00
 .data          0x0000000000016020     0x3d2c kernel/kernel.o
                0x0000000000016020                stack_start
                0x0000000000016040                task
                0x0000000000016140                current
                0x0000000000016160                sys_call_table
                0x0000000000017660                table_list
                0x0000000000017680                tty_table
 .data          0x0000000000019d4c        0x0 mm/mm.o
 .data          0x0000000000019d4c        0x8 fs/fs.o
                0x0000000000019d4c                start_buffer
 *fill*         0x0000000000019d54        0xc 00
 .data          0x0000000000019d60      0x101 lib/lib.a(ctype.o)
                0x0000000000019d60                _ctype
 *fill*         0x0000000000019e61        0x3 00
 .data          0x0000000000019e64        0x0 lib/lib.a(_exit.o)
 .data          0x0000000000019e64        0x0 lib/lib.a(open.o)
 .data          0x0000000000019e64        0x0 lib/lib.a(close.o)
 .data          0x0000000000019e64        0x0 lib/lib.a(errno.o)
 .data          0x0000000000019e64        0x0 lib/lib.a(write.o)
 .data          0x0000000000019e64        0x0 lib/lib.a(dup.o)
 .data          0x0000000000019e64        0x0 lib/lib.a(setsid.o)
 .data          0x0000000000019e64        0x0 lib/lib.a(execve.o)
 .data          0x0000000000019e64        0x0 lib/lib.a(wait.o)
 .data          0x0000000000019e64        0x0 lib/lib.a(string.o)
 .data          0x0000000000019e64        0x0 lib/lib.a(crypt.o)

.data1
 *(.data1)
                0x0000000000019e64                _edata = .
                0x0000000000019e64                PROVIDE (edata, .)
                0x0000000000019e64                __bss_start = .

.bss            0x0000000000019e80     0x400c
 *(.dynbss)
 *(.bss .bss.* .gnu.linkonce.b.*)
 .bss           0x0000000000019e80        0x0 boot/head.o
 .bss           0x0000000000019e80      0x400 init/main.o
 .bss           0x000000000001a280      0xc84 kernel/kernel.o
                0x000000000001a280                last_task_used_math
                0x000000000001a284                startup_time
                0x000000000001a288                jiffies
                0x000000000001a294                last_pid
                0x000000000001a6c0                f1_down_flag
                0x000000000001a960                do_hd
 *fill*         0x000000000001af04       0x1c 00
 .bss           0x000000000001af20      0xc00 mm/mm.o
 .bss           0x000000000001bb20      0x71c fs/fs.o
                0x000000000001bb20                inode_table
                0x000000000001c224                nr_buffers
 .bss           0x000000000001c23c        0x0 lib/lib.a(ctype.o)
 .bss           0x000000000001c23c        0x0 lib/lib.a(_exit.o)
 .bss           0x000000000001c23c        0x0 lib/lib.a(open.o)
 .bss           0x000000000001c23c        0x0 lib/lib.a(close.o)
 .bss           0x000000000001c23c        0x0 lib/lib.a(errno.o)
 .bss           0x000000000001c23c        0x0 lib/lib.a(write.o)
 .bss           0x000000000001c23c        0x0 lib/lib.a(dup.o)
 .bss           0x000000000001c23c        0x0 lib/lib.a(setsid.o)
 .bss           0x000000000001c23c        0x0 lib/lib.a(execve.o)
 .bss           0x000000000001c23c        0x0 lib/lib.a(wait.o)
 .bss           0x000000000001c23c        0x0 lib/lib.a(string.o)
 .bss           0x000000000001c23c        0x0 lib/lib.a(crypt.o)
 *(COMMON)
 *fill*         0x000000000001c23c        0x4 00
 COMMON         0x000000000001c240     0x1001 kernel/kernel.o
                0x000000000001c240                user_stack
                0x000000000001d240                character_for_input
 *fill*         0x000000000001d241       0x1f 00
 COMMON         0x000000000001d260      0xc20 fs/fs.o
                0x000000000001d260                hash_table
                0x000000000001d740                super_block
                0x000000000001da80                file_table
 COMMON         0x000000000001de80        0x1 lib/lib.a(ctype.o)
                0x000000000001de80                _ctmp
 *fill*         0x000000000001de81        0x3 00
 COMMON         0x000000000001de84        0x4 lib/lib.a(errno.o)
                0x000000000001de84                errno
 COMMON         0x000000000001de88        0x4 lib/lib.a(string.o)
                0x000000000001de88                ___strtok
                0x000000000001de8c                . = ALIGN ((. != 0x0)?0x4:0x1)
                0x000000000001de8c                . = ALIGN (0x4)
                0x000000000001de8c                . = ALIGN (0x4)
                0x000000000001de8c                _end = .
                0x000000000001de8c                PROVIDE (end, .)
                0x000000000001de8c                . = DATA_SEGMENT_END (.)

.stab
 *(.stab)

.stabstr
 *(.stabstr)

.stab.excl
 *(.stab.excl)

.stab.exclstr
 *(.stab.exclstr)

.stab.index
 *(.stab.index)

.stab.indexstr
 *(.stab.indexstr)

.comment        0x0000000000000000       0x2a
 *(.comment)
 .comment       0x0000000000000000       0x2a init/main.o
                                         0x2b (size before relaxing)
 .comment       0x0000000000000000      0x22f kernel/kernel.o
 .comment       0x0000000000000000       0x2b mm/mm.o
 .comment       0x0000000000000000      0x331 fs/fs.o
 .comment       0x0000000000000000       0x2b lib/lib.a(ctype.o)
 .comment       0x0000000000000000       0x2b lib/lib.a(_exit.o)
 .comment       0x0000000000000000       0x2b lib/lib.a(open.o)
 .comment       0x0000000000000000       0x2b lib/lib.a(close.o)
 .comment       0x0000000000000000       0x2b lib/lib.a(errno.o)
 .comment       0x0000000000000000       0x2b lib/lib.a(write.o)
 .comment       0x0000000000000000       0x2b lib/lib.a(dup.o)
 .comment       0x0000000000000000       0x2b lib/lib.a(setsid.o)
 .comment       0x0000000000000000       0x2b lib/lib.a(execve.o)
 .comment       0x0000000000000000       0x2b lib/lib.a(wait.o)
 .comment       0x0000000000000000       0x2b lib/lib.a(string.o)
 .comment       0x0000000000000000       0x2b lib/lib.a(crypt.o)

.debug
 *(.debug)

.line
 *(.line)

.debug_srcinfo
 *(.debug_srcinfo)

.debug_sfnames
 *(.debug_sfnames)

.debug_aranges  0x0000000000000000      0x560
 *(.debug_aranges)
 .debug_aranges
                0x0000000000000000       0x20 init/main.o
 .debug_aranges
                0x0000000000000020      0x1a0 kernel/kernel.o
 .debug_aranges
                0x00000000000001c0       0x20 mm/mm.o
 .debug_aranges
                0x00000000000001e0      0x240 fs/fs.o
 .debug_aranges
                0x0000000000000420       0x20 lib/lib.a(_exit.o)
 .debug_aranges
                0x0000000000000440       0x20 lib/lib.a(open.o)
 .debug_aranges
                0x0000000000000460       0x20 lib/lib.a(close.o)
 .debug_aranges
                0x0000000000000480       0x20 lib/lib.a(write.o)
 .debug_aranges
                0x00000000000004a0       0x20 lib/lib.a(dup.o)
 .debug_aranges
                0x00000000000004c0       0x20 lib/lib.a(setsid.o)
 .debug_aranges
                0x00000000000004e0       0x20 lib/lib.a(execve.o)
 .debug_aranges
                0x0000000000000500       0x20 lib/lib.a(wait.o)
 .debug_aranges
                0x0000000000000520       0x20 lib/lib.a(string.o)
 .debug_aranges
                0x0000000000000540       0x20 lib/lib.a(crypt.o)

.debug_pubnames
 *(.debug_pubnames)

.debug_info     0x0000000000000000    0x1cc82
 *(.debug_info .gnu.linkonce.wi.*)
 .debug_info    0x0000000000000000      0xccf init/main.o
 .debug_info    0x0000000000000ccf     0xa85b kernel/kernel.o
 .debug_info    0x000000000000b52a      0x4d6 mm/mm.o
 .debug_info    0x000000000000ba00     0xe5b5 fs/fs.o
 .debug_info    0x0000000000019fb5       0x70 lib/lib.a(ctype.o)
 .debug_info    0x000000000001a025      0x3af lib/lib.a(_exit.o)
 .debug_info    0x000000000001a3d4      0x403 lib/lib.a(open.o)
 .debug_info    0x000000000001a7d7      0x3ce lib/lib.a(close.o)
 .debug_info    0x000000000001aba5       0x3f lib/lib.a(errno.o)
 .debug_info    0x000000000001abe4      0x43a lib/lib.a(write.o)
 .debug_info    0x000000000001b01e      0x3ce lib/lib.a(dup.o)
 .debug_info    0x000000000001b3ec      0x3cb lib/lib.a(setsid.o)
 .debug_info    0x000000000001b7b7      0x3fc lib/lib.a(execve.o)
 .debug_info    0x000000000001bbb3      0x428 lib/lib.a(wait.o)
 .debug_info    0x000000000001bfdb      0x705 lib/lib.a(string.o)
 .debug_info    0x000000000001c6e0      0x5a2 lib/lib.a(crypt.o)

.debug_abbrev   0x0000000000000000     0x47ef
 *(.debug_abbrev)
 .debug_abbrev  0x0000000000000000      0x1d7 init/main.o
 .debug_abbrev  0x00000000000001d7     0x1a3c kernel/kernel.o
 .debug_abbrev  0x0000000000001c13      0x1af mm/mm.o
 .debug_abbrev  0x0000000000001dc2     0x21bc fs/fs.o
 .debug_abbrev  0x0000000000003f7e       0x42 lib/lib.a(ctype.o)
 .debug_abbrev  0x0000000000003fc0       0xa3 lib/lib.a(_exit.o)
 .debug_abbrev  0x0000000000004063       0xdc lib/lib.a(open.o)
 .debug_abbrev  0x000000000000413f       0xb4 lib/lib.a(close.o)
 .debug_abbrev  0x00000000000041f3       0x30 lib/lib.a(errno.o)
 .debug_abbrev  0x0000000000004223       0xd7 lib/lib.a(write.o)
 .debug_abbrev  0x00000000000042fa       0xb4 lib/lib.a(dup.o)
 .debug_abbrev  0x00000000000043ae       0xb2 lib/lib.a(setsid.o)
 .debug_abbrev  0x0000000000004460       0xbb lib/lib.a(execve.o)
 .debug_abbrev  0x000000000000451b       0xd0 lib/lib.a(wait.o)
 .debug_abbrev  0x00000000000045eb      0x128 lib/lib.a(string.o)
 .debug_abbrev  0x0000000000004713       0xdc lib/lib.a(crypt.o)

.debug_line     0x0000000000000000     0x3f46
 *(.debug_line)
 .debug_line    0x0000000000000000      0x11e init/main.o
 .debug_line    0x000000000000011e     0x1b6f kernel/kernel.o
 .debug_line    0x0000000000001c8d      0x122 mm/mm.o
 .debug_line    0x0000000000001daf     0x1bf8 fs/fs.o
 .debug_line    0x00000000000039a7       0x28 lib/lib.a(ctype.o)
 .debug_line    0x00000000000039cf       0x50 lib/lib.a(_exit.o)
 .debug_line    0x0000000000003a1f       0x76 lib/lib.a(open.o)
 .debug_line    0x0000000000003a95       0x6e lib/lib.a(close.o)
 .debug_line    0x0000000000003b03       0x28 lib/lib.a(errno.o)
 .debug_line    0x0000000000003b2b       0x97 lib/lib.a(write.o)
 .debug_line    0x0000000000003bc2       0x6c lib/lib.a(dup.o)
 .debug_line    0x0000000000003c2e       0x88 lib/lib.a(setsid.o)
 .debug_line    0x0000000000003cb6       0x73 lib/lib.a(execve.o)
 .debug_line    0x0000000000003d29       0x90 lib/lib.a(wait.o)
 .debug_line    0x0000000000003db9       0xc1 lib/lib.a(string.o)
 .debug_line    0x0000000000003e7a       0xcc lib/lib.a(crypt.o)

.debug_frame
 *(.debug_frame)

.debug_str      0x0000000000000000     0x1dfe
 *(.debug_str)
 .debug_str     0x0000000000000000      0x3f0 init/main.o
                                        0x4a2 (size before relaxing)
 .debug_str     0x00000000000003f0      0xec0 kernel/kernel.o
                                       0x360f (size before relaxing)
 .debug_str     0x00000000000012b0      0x123 mm/mm.o
                                        0x1be (size before relaxing)
 .debug_str     0x00000000000013d3      0x95b fs/fs.o
                                       0x5419 (size before relaxing)
 .debug_str     0x0000000000001d2e       0x23 lib/lib.a(ctype.o)
                                         0x63 (size before relaxing)
 .debug_str     0x0000000000001d51        0x8 lib/lib.a(_exit.o)
                                        0x281 (size before relaxing)
 .debug_str     0x0000000000000000        0x8 lib/lib.a(open.o)
                                        0x291 (size before relaxing)
 .debug_str     0x0000000000001d59        0x8 lib/lib.a(close.o)
                                        0x283 (size before relaxing)
 .debug_str     0x0000000000001d61        0x8 lib/lib.a(errno.o)
                                         0x35 (size before relaxing)
 .debug_str     0x0000000000000000        0x8 lib/lib.a(write.o)
                                        0x29b (size before relaxing)
 .debug_str     0x0000000000001d69        0x6 lib/lib.a(dup.o)
                                        0x27b (size before relaxing)
 .debug_str     0x0000000000001d6f        0x9 lib/lib.a(setsid.o)
                                        0x28b (size before relaxing)
 .debug_str     0x0000000000001d78        0x9 lib/lib.a(execve.o)
                                        0x294 (size before relaxing)
 .debug_str     0x0000000000001d81       0x11 lib/lib.a(wait.o)
                                        0x2a1 (size before relaxing)
 .debug_str     0x0000000000001d92       0x64 lib/lib.a(string.o)
                                         0xe9 (size before relaxing)
 .debug_str     0x0000000000001df6        0x8 lib/lib.a(crypt.o)
                                        0x2f4 (size before relaxing)

.debug_loc      0x0000000000000000     0xd27d
 *(.debug_loc)
 .debug_loc     0x0000000000000000      0x256 init/main.o
 .debug_loc     0x0000000000000256     0x5c17 kernel/kernel.o
 .debug_loc     0x0000000000005e6d      0x640 mm/mm.o
 .debug_loc     0x00000000000064ad     0x6624 fs/fs.o
 .debug_loc     0x000000000000cad1       0x2c lib/lib.a(_exit.o)
 .debug_loc     0x000000000000cafd       0x3f lib/lib.a(open.o)
 .debug_loc     0x000000000000cb3c       0x3f lib/lib.a(close.o)
 .debug_loc     0x000000000000cb7b       0x96 lib/lib.a(write.o)
 .debug_loc     0x000000000000cc11       0x3f lib/lib.a(dup.o)
 .debug_loc     0x000000000000cc50       0x13 lib/lib.a(setsid.o)
 .debug_loc     0x000000000000cc63       0x57 lib/lib.a(execve.o)
 .debug_loc     0x000000000000ccba       0x83 lib/lib.a(wait.o)
 .debug_loc     0x000000000000cd3d      0x3a6 lib/lib.a(string.o)
 .debug_loc     0x000000000000d0e3      0x19a lib/lib.a(crypt.o)

.debug_macinfo
 *(.debug_macinfo)

.debug_weaknames
 *(.debug_weaknames)

.debug_funcnames
 *(.debug_funcnames)

.debug_typenames
 *(.debug_typenames)

.debug_varnames
 *(.debug_varnames)

.debug_pubtypes
 *(.debug_pubtypes)

.debug_ranges   0x0000000000000000      0x7d0
 *(.debug_ranges)
 .debug_ranges  0x0000000000000000      0x4c8 kernel/kernel.o
 .debug_ranges  0x00000000000004c8      0x308 fs/fs.o

.gnu.attributes
 *(.gnu.attributes)

/DISCARD/
 *(.note.GNU-stack)
 *(.gnu_debuglink)
 *(.gnu.lto_*)
OUTPUT(tools/system elf32-i386)
