Archive member included because of file (symbol)

lib/lib.a(ctype.o)            kernel/kernel.o (_ctype)
lib/lib.a(_exit.o)            init/main.o (_exit)
lib/lib.a(open.o)             init/main.o (open)
lib/lib.a(close.o)            init/main.o (close)
lib/lib.a(errno.o)            init/main.o (errno)
lib/lib.a(write.o)            init/main.o (write)
lib/lib.a(dup.o)              init/main.o (dup)
lib/lib.a(setsid.o)           init/main.o (setsid)
lib/lib.a(execve.o)           init/main.o (execve)
lib/lib.a(wait.o)             init/main.o (wait)
lib/lib.a(string.o)           kernel/kernel.o (memcpy)

Allocating common symbols
Common symbol       size              file

errno               0x4               lib/lib.a(errno.o)
hash_table          0x4cc             fs/fs.o
___strtok           0x4               lib/lib.a(string.o)
user_stack          0x1000            kernel/kernel.o
_ctmp               0x1               lib/lib.a(ctype.o)
super_block         0x340             fs/fs.o
file_table          0x400             fs/fs.o

Discarded input sections

 .note.GNU-stack
                0x0000000000000000        0x0 init/main.o
 .note.GNU-stack
                0x0000000000000000        0x0 kernel/kernel.o
 .note.GNU-stack
                0x0000000000000000        0x0 mm/mm.o
 .note.GNU-stack
                0x0000000000000000        0x0 fs/fs.o
 .note.GNU-stack
                0x0000000000000000        0x0 lib/lib.a(ctype.o)
 .note.GNU-stack
                0x0000000000000000        0x0 lib/lib.a(_exit.o)
 .note.GNU-stack
                0x0000000000000000        0x0 lib/lib.a(open.o)
 .note.GNU-stack
                0x0000000000000000        0x0 lib/lib.a(close.o)
 .note.GNU-stack
                0x0000000000000000        0x0 lib/lib.a(errno.o)
 .note.GNU-stack
                0x0000000000000000        0x0 lib/lib.a(write.o)
 .note.GNU-stack
                0x0000000000000000        0x0 lib/lib.a(dup.o)
 .note.GNU-stack
                0x0000000000000000        0x0 lib/lib.a(setsid.o)
 .note.GNU-stack
                0x0000000000000000        0x0 lib/lib.a(execve.o)
 .note.GNU-stack
                0x0000000000000000        0x0 lib/lib.a(wait.o)
 .note.GNU-stack
                0x0000000000000000        0x0 lib/lib.a(string.o)

Memory Configuration

Name             Origin             Length             Attributes
*default*        0x0000000000000000 0xffffffffffffffff

Linker script and memory map

Address of section .text set to 0x0
LOAD boot/head.o
LOAD init/main.o
LOAD kernel/kernel.o
LOAD mm/mm.o
LOAD fs/fs.o
LOAD lib/lib.a
                0x0000000008048000                PROVIDE (__executable_start, 0x8048000)
                0x0000000008048094                . = (0x8048000 + SIZEOF_HEADERS)

.interp
 *(.interp)

.note.gnu.build-id
 *(.note.gnu.build-id)

.hash
 *(.hash)

.gnu.hash
 *(.gnu.hash)

.dynsym
 *(.dynsym)

.dynstr
 *(.dynstr)

.gnu.version
 *(.gnu.version)

.gnu.version_d
 *(.gnu.version_d)

.gnu.version_r
 *(.gnu.version_r)

.rel.dyn        0x0000000008048094        0x0
 *(.rel.init)
 *(.rel.text .rel.text.* .rel.gnu.linkonce.t.*)
 .rel.text      0x0000000000000000        0x0 boot/head.o
 *(.rel.fini)
 *(.rel.rodata .rel.rodata.* .rel.gnu.linkonce.r.*)
 *(.rel.data.rel.ro* .rel.gnu.linkonce.d.rel.ro.*)
 *(.rel.data .rel.data.* .rel.gnu.linkonce.d.*)
 .rel.data      0x0000000000000000        0x0 boot/head.o
 *(.rel.tdata .rel.tdata.* .rel.gnu.linkonce.td.*)
 *(.rel.tbss .rel.tbss.* .rel.gnu.linkonce.tb.*)
 *(.rel.ctors)
 *(.rel.dtors)
 *(.rel.got)
 *(.rel.bss .rel.bss.* .rel.gnu.linkonce.b.*)
 *(.rel.ifunc)

.rel.plt        0x0000000008048094        0x0
 *(.rel.plt)
                0x0000000008048094                PROVIDE (__rel_iplt_start, .)
 *(.rel.iplt)
 .rel.iplt      0x0000000000000000        0x0 boot/head.o
                0x0000000008048094                PROVIDE (__rel_iplt_end, .)

.init
 *(.init)

.plt            0x00000000080480a0        0x0
 *(.plt)
 *(.iplt)
 .iplt          0x0000000000000000        0x0 boot/head.o

.text           0x0000000000000000     0xf7d5
 *(.text.unlikely .text.*_unlikely)
 *(.text.exit .text.exit.*)
 *(.text.startup .text.startup.*)
 *(.text.hot .text.hot.*)
 *(.text .stub .text.* .gnu.linkonce.t.*)
 .text          0x0000000000000000     0x5078 boot/head.o
                0x0000000000000000                startup_32
                0x0000000000000000                pg_dir
                0x0000000000004078                idt
                0x0000000000004878                gdt
 *fill*         0x0000000000005078        0x8 90909090
 .text          0x0000000000005080      0x370 init/main.o
                0x00000000000050c1                init
                0x0000000000005232                main
 .text          0x00000000000053f0     0x49c7 kernel/kernel.o
                0x00000000000053f0                sys_alarm
                0x0000000000005417                sys_getpid
                0x0000000000005423                sys_getppid
                0x000000000000542f                sys_getuid
                0x000000000000543c                sys_geteuid
                0x0000000000005449                sys_getgid
                0x0000000000005456                sys_getegid
                0x0000000000005463                sys_nice
                0x000000000000547c                sys_signal
                0x00000000000054b9                math_state_restore
                0x00000000000054f0                schedule
                0x00000000000055e1                sys_pause
                0x00000000000055f7                sleep_on
                0x0000000000005651                interruptible_sleep_on
                0x00000000000056bb                wake_up
                0x00000000000056d7                do_timer
                0x000000000000571d                sched_init
                0x0000000000005844                system_call
                0x0000000000005936                timer_interrupt
                0x000000000000596e                sys_execve
                0x000000000000597c                sys_fork
                0x0000000000005994                hd_interrupt
                0x0000000000005b41                do_double_fault
                0x0000000000005b5a                do_general_protection
                0x0000000000005b73                do_divide_error
                0x0000000000005b8c                do_int3
                0x0000000000005c44                do_nmi
                0x0000000000005c5d                do_debug
                0x0000000000005c76                do_overflow
                0x0000000000005c8f                do_bounds
                0x0000000000005ca8                do_invalid_op
                0x0000000000005cc1                do_device_not_available
                0x0000000000005cda                do_coprocessor_segment_overrun
                0x0000000000005cf3                do_invalid_TSS
                0x0000000000005d0c                do_segment_not_present
                0x0000000000005d25                do_stack_segment
                0x0000000000005d3e                do_coprocessor_error
                0x0000000000005d57                do_reserved
                0x0000000000005d70                trap_init
                0x0000000000005f2c                divide_error
                0x0000000000005f61                debug
                0x0000000000005f68                nmi
                0x0000000000005f6f                int3
                0x0000000000005f76                overflow
                0x0000000000005f7d                bounds
                0x0000000000005f84                invalid_op
                0x0000000000005f93                device_not_available
                0x0000000000005fc0                coprocessor_segment_overrun
                0x0000000000005fca                reserved
                0x0000000000005fd4                coprocessor_error
                0x0000000000005fde                double_fault
                0x0000000000006015                invalid_TSS
                0x000000000000601c                segment_not_present
                0x0000000000006023                stack_segment
                0x000000000000602a                general_protection
                0x0000000000006034                verify_area
                0x0000000000006099                copy_mem
                0x000000000000618f                copy_process
                0x000000000000641e                find_empty_process
                0x0000000000006480                panic
                0x000000000000649c                printk
                0x0000000000006726                vsprintf
                0x0000000000006a90                tty_init
                0x0000000000006aa1                tty_intr
                0x0000000000006ae6                copy_to_cooked
                0x0000000000006d66                tty_read
                0x000000000000702c                tty_write
                0x0000000000007209                do_tty_interrupt
                0x0000000000007435                csi_m
                0x0000000000007490                con_write
                0x0000000000007e1a                con_init
                0x0000000000007e9d                f1_down
                0x0000000000007ea8                f1_up
                0x0000000000007eb3                tool_draw
                0x0000000000008047                getdents_test
                0x00000000000080ca                print_name_and_index
                0x000000000000813b                keyboard_interrupt
                0x0000000000008930                rs1_interrupt
                0x0000000000008938                rs2_interrupt
                0x0000000000009099                rw_hd
                0x0000000000009142                sys_setup
                0x0000000000009241                unexpected_hd_interrupt
                0x0000000000009254                hd_init
                0x00000000000092c4                sys_ftime
                0x00000000000092ca                sys_mknod
                0x00000000000092d0                sys_break
                0x00000000000092d6                sys_mount
                0x00000000000092dc                sys_umount
                0x00000000000092e2                sys_ustat
                0x00000000000092e8                sys_ptrace
                0x00000000000092ee                sys_stty
                0x00000000000092f4                sys_gtty
                0x00000000000092fa                sys_rename
                0x0000000000009300                sys_prof
                0x0000000000009306                sys_setgid
                0x0000000000009363                sys_acct
                0x0000000000009369                sys_phys
                0x000000000000936f                sys_lock
                0x0000000000009375                sys_mpx
                0x000000000000937b                sys_ulimit
                0x0000000000009381                sys_time
                0x00000000000093d4                sys_setuid
                0x000000000000942d                sys_stime
                0x000000000000947a                sys_times
                0x00000000000094d3                sys_brk
                0x0000000000009506                sys_setpgid
                0x000000000000957b                sys_getpgrp
                0x0000000000009587                sys_setsid
                0x00000000000095dc                sys_oldolduname
                0x00000000000095f4                sys_uname
                0x0000000000009641                sys_umask
                0x000000000000965f                sys_null
                0x0000000000009690                release
                0x00000000000096ea                do_kill
                0x0000000000009963                sys_kill
                0x0000000000009999                do_exit
                0x0000000000009b2c                sys_exit
                0x0000000000009b47                sys_waitpid
                0x0000000000009cce                rs_init
                0x0000000000009d26                rs_write
                0x0000000000009d50                kernel_mktime
 *fill*         0x0000000000009db7        0x1 90909090
 .text          0x0000000000009db8      0x517 mm/mm.o
                0x0000000000009db8                invalidate
                0x0000000000009dc1                copy_page
                0x0000000000009de6                get_free_page
                0x0000000000009e1e                free_page
                0x0000000000009e7e                free_page_tables
                0x0000000000009f2e                copy_page_tables
                0x000000000000a028                put_page
                0x000000000000a0d5                un_wp_page
                0x000000000000a165                do_wp_page
                0x000000000000a195                write_verify
                0x000000000000a1d4                do_no_page
                0x000000000000a204                calc_mem
                0x000000000000a298                page_fault
 *fill*         0x000000000000a2cf        0x1 90909090
 .text          0x000000000000a2d0     0x4f4c fs/fs.o
                0x000000000000a2d0                sys_utime
                0x000000000000a339                sys_access
                0x000000000000a3d0                sys_chdir
                0x000000000000a433                sys_chroot
                0x000000000000a496                sys_chmod
                0x000000000000a52b                sys_chown
                0x000000000000a592                sys_open
                0x000000000000a726                sys_creat
                0x000000000000a749                sys_close
                0x000000000000a7d0                sys_lseek
                0x000000000000a88c                sys_read
                0x000000000000a9e7                sys_write
                0x000000000000aefb                sync_inodes
                0x000000000000af45                bmap
                0x000000000000af5e                create_block
                0x000000000000af77                iput
                0x000000000000b065                get_empty_inode
                0x000000000000b153                get_pipe_inode
                0x000000000000b19a                iget
                0x000000000000b387                sys_sync
                0x000000000000b3ef                brelse
                0x000000000000b441                get_hash_table
                0x000000000000b4a0                getblk
                0x000000000000b73f                bread
                0x000000000000b799                buffer_init
                0x000000000000b834                do_mount
                0x000000000000ba3f                mount_root
                0x000000000000bb90                block_write
                0x000000000000bc73                block_read
                0x000000000000bd4a                ll_rw_block
                0x000000000000be13                rw_char
                0x000000000000be84                file_read
                0x000000000000c02f                file_write
                0x000000000000c2ce                sys_stat
                0x000000000000c313                sys_lstat
                0x000000000000c32e                sys_fstat
                0x000000000000c371                sys_stat64
                0x000000000000c3b6                sys_fstat64
                0x000000000000c3f9                sys_lstat64
                0x000000000000c414                sys_oldstat
                0x000000000000c42c                sys_oldfstat
                0x000000000000c574                cp_block
                0x000000000000c5a9                is_valid_elf
                0x000000000000c5ee                read_file_block_ind
                0x000000000000c683                read_file_block
                0x000000000000c782                copy_section
                0x000000000000c870                create_bss_section
                0x000000000000c896                load_elf_binary
                0x000000000000caa1                do_execve
                0x000000000000cf34                read_pipe
                0x000000000000cfcd                write_pipe
                0x000000000000d0c6                sys_pipe
                0x000000000000d6f9                namei
                0x000000000000d7af                open_namei
                0x000000000000da15                sys_mkdir
                0x000000000000dcca                sys_rmdir
                0x000000000000e03c                sys_unlink
                0x000000000000e1d8                sys_link
                0x000000000000e380                free_block
                0x000000000000e4bb                new_block
                0x000000000000e63e                free_inode
                0x000000000000e76a                new_inode
                0x000000000000e94a                sys_dup2
                0x000000000000e96a                sys_dup
                0x000000000000e97a                sys_fcntl
                0x000000000000ea37                sys_fcntl64
                0x000000000000ea8c                sys_ioctl
                0x000000000000eb29                tty_ioctl
                0x000000000000edf5                truncate
                0x000000000000ef00                sys_getdents
                0x000000000000f08e                sys_getdents64
 .text          0x000000000000f21c        0x0 lib/lib.a(ctype.o)
 .text          0x000000000000f21c        0xe lib/lib.a(_exit.o)
                0x000000000000f21c                _exit
 *fill*         0x000000000000f22a        0x2 90909090
 .text          0x000000000000f22c       0x3d lib/lib.a(open.o)
                0x000000000000f22c                open
 *fill*         0x000000000000f269        0x3 90909090
 .text          0x000000000000f26c       0x23 lib/lib.a(close.o)
                0x000000000000f26c                close
 *fill*         0x000000000000f28f        0x1 90909090
 .text          0x000000000000f290        0x0 lib/lib.a(errno.o)
 .text          0x000000000000f290       0x3d lib/lib.a(write.o)
                0x000000000000f290                write
 *fill*         0x000000000000f2cd        0x3 90909090
 .text          0x000000000000f2d0       0x23 lib/lib.a(dup.o)
                0x000000000000f2d0                dup
 *fill*         0x000000000000f2f3        0x1 90909090
 .text          0x000000000000f2f4       0x1e lib/lib.a(setsid.o)
                0x000000000000f2f4                setsid
 *fill*         0x000000000000f312        0x2 90909090
 .text          0x000000000000f314       0x3d lib/lib.a(execve.o)
                0x000000000000f314                execve
 *fill*         0x000000000000f351        0x3 90909090
 .text          0x000000000000f354       0x60 lib/lib.a(wait.o)
                0x000000000000f354                waitpid
                0x000000000000f391                wait
 .text          0x000000000000f3b4      0x421 lib/lib.a(string.o)
                0x000000000000f3b4                strcpy
                0x000000000000f3dc                strncpy
                0x000000000000f40d                strcat
                0x000000000000f442                strncat
                0x000000000000f481                strcmp
                0x000000000000f4af                strncmp
                0x000000000000f4e4                strchr
                0x000000000000f502                strrchr
                0x000000000000f523                strspn
                0x000000000000f570                strcspn
                0x000000000000f5bd                strpbrk
                0x000000000000f602                strstr
                0x000000000000f647                strlen
                0x000000000000f660                strtok
                0x000000000000f6f1                memcpy
                0x000000000000f717                memmove
                0x000000000000f765                memcmp
                0x000000000000f799                memchr
                0x000000000000f7bf                memset
 *(.gnu.warning)

.fini
 *(.fini)
                0x000000000000f7d5                PROVIDE (__etext, .)
                0x000000000000f7d5                PROVIDE (_etext, .)
                0x000000000000f7d5                PROVIDE (etext, .)

.rodata         0x000000000000f7e0     0x1044
 *(.rodata .rodata.* .gnu.linkonce.r.*)
 .rodata.str1.1
                0x000000000000f7e0       0x68 init/main.o
 .rodata.str1.4
                0x000000000000f848       0x25 init/main.o
 *fill*         0x000000000000f86d       0x13 00
 .rodata        0x000000000000f880      0x270 kernel/kernel.o
 .rodata.str1.1
                0x000000000000faf0      0x27e kernel/kernel.o
                                        0x288 (size before relaxing)
 *fill*         0x000000000000fd6e        0x2 00
 .rodata.str1.4
                0x000000000000fd70      0x22c kernel/kernel.o
 .rodata.str1.4
                0x000000000000ff9c       0xe9 mm/mm.o
 .rodata.str1.1
                0x0000000000010085       0x68 mm/mm.o
 *fill*         0x00000000000100ed       0x13 00
 .rodata        0x0000000000010100       0xc4 fs/fs.o
 .rodata.str1.1
                0x00000000000101c4      0x32c fs/fs.o
                                        0x332 (size before relaxing)
 .rodata.str1.4
                0x00000000000104f0      0x334 fs/fs.o

.rodata1
 *(.rodata1)

.eh_frame_hdr
 *(.eh_frame_hdr)

.eh_frame       0x0000000000010824     0x2200
 *(.eh_frame)
 .eh_frame      0x0000000000010824       0x74 init/main.o
 .eh_frame      0x0000000000010898      0xd7c kernel/kernel.o
                                        0xeb4 (size before relaxing)
 .eh_frame      0x0000000000011614      0x1a8 mm/mm.o
                                        0x1c0 (size before relaxing)
 .eh_frame      0x00000000000117bc      0xf0c fs/fs.o
                                       0x10bc (size before relaxing)
 .eh_frame      0x00000000000126c8       0x1c lib/lib.a(_exit.o)
                                         0x34 (size before relaxing)
 .eh_frame      0x00000000000126e4       0x20 lib/lib.a(open.o)
                                         0x38 (size before relaxing)
 .eh_frame      0x0000000000012704       0x1c lib/lib.a(close.o)
                                         0x34 (size before relaxing)
 .eh_frame      0x0000000000012720       0x20 lib/lib.a(write.o)
                                         0x38 (size before relaxing)
 .eh_frame      0x0000000000012740       0x1c lib/lib.a(dup.o)
                                         0x34 (size before relaxing)
 .eh_frame      0x000000000001275c       0x14 lib/lib.a(setsid.o)
                                         0x2c (size before relaxing)
 .eh_frame      0x0000000000012770       0x20 lib/lib.a(execve.o)
                                         0x38 (size before relaxing)
 .eh_frame      0x0000000000012790       0x38 lib/lib.a(wait.o)
                                         0x50 (size before relaxing)
 .eh_frame      0x00000000000127c8      0x25c lib/lib.a(string.o)
                                        0x274 (size before relaxing)

.gcc_except_table
 *(.gcc_except_table .gcc_except_table.*)

.exception_ranges
 *(.exception_ranges .exception_ranges*)
                0x0000000000012a24                . = (ALIGN (0x1000) - ((0x1000 - .) & 0xfff))
                0x0000000000013000                . = DATA_SEGMENT_ALIGN (0x1000, 0x1000)

.eh_frame
 *(.eh_frame)

.gcc_except_table
 *(.gcc_except_table .gcc_except_table.*)

.exception_ranges
 *(.exception_ranges .exception_ranges*)

.tdata
 *(.tdata .tdata.* .gnu.linkonce.td.*)

.tbss
 *(.tbss .tbss.* .gnu.linkonce.tb.*)
 *(.tcommon)

.preinit_array  0x0000000000013000        0x0
                0x0000000000013000                PROVIDE (__preinit_array_start, .)
 *(.preinit_array)
                0x0000000000013000                PROVIDE (__preinit_array_end, .)

.init_array     0x0000000000013000        0x0
                0x0000000000013000                PROVIDE (__init_array_start, .)
 *(SORT(.init_array.*) SORT(.ctors.*))
 *(.init_array)
 *(EXCLUDE_FILE(*crtend?.o *crtend.o *crtbegin?.o *crtbegin.o) .ctors)
                0x0000000000013000                PROVIDE (__init_array_end, .)

.fini_array     0x0000000000013000        0x0
                0x0000000000013000                PROVIDE (__fini_array_start, .)
 *(SORT(.fini_array.*) SORT(.dtors.*))
 *(.fini_array)
 *(EXCLUDE_FILE(*crtend?.o *crtend.o *crtbegin?.o *crtbegin.o) .dtors)
                0x0000000000013000                PROVIDE (__fini_array_end, .)

.ctors
 *crtbegin.o(.ctors)
 *crtbegin?.o(.ctors)
 *(EXCLUDE_FILE(*crtend?.o *crtend.o) .ctors)
 *(SORT(.ctors.*))
 *(.ctors)

.dtors
 *crtbegin.o(.dtors)
 *crtbegin?.o(.dtors)
 *(EXCLUDE_FILE(*crtend?.o *crtend.o) .dtors)
 *(SORT(.dtors.*))
 *(.dtors)

.jcr
 *(.jcr)

.data.rel.ro
 *(.data.rel.ro.local* .gnu.linkonce.d.rel.ro.local.*)
 *(.data.rel.ro* .gnu.linkonce.d.rel.ro.*)

.dynamic
 *(.dynamic)

.got
 *(.got)
 *(.igot)
                0x0000000000013000                . = DATA_SEGMENT_RELRO_END (., 0xc)

.got.plt        0x0000000000013000        0x0
 *(.got.plt)
 *(.igot.plt)
 .igot.plt      0x0000000000000000        0x0 boot/head.o

.data           0x0000000000013000     0x3e64
 *(.data .data.* .gnu.linkonce.d.*)
 .data          0x0000000000013000        0x0 boot/head.o
 .data          0x0000000000013000       0x18 init/main.o
 *fill*         0x0000000000013018        0x8 00
 .data          0x0000000000013020     0x3d2c kernel/kernel.o
                0x0000000000013020                stack_start
                0x0000000000013040                task
                0x0000000000013140                current
                0x0000000000013160                sys_call_table
                0x0000000000014660                table_list
                0x0000000000014680                tty_table
 .data          0x0000000000016d4c        0x0 mm/mm.o
 .data          0x0000000000016d4c        0x4 fs/fs.o
                0x0000000000016d4c                start_buffer
 *fill*         0x0000000000016d50       0x10 00
 .data          0x0000000000016d60      0x101 lib/lib.a(ctype.o)
                0x0000000000016d60                _ctype
 *fill*         0x0000000000016e61        0x3 00
 .data          0x0000000000016e64        0x0 lib/lib.a(_exit.o)
 .data          0x0000000000016e64        0x0 lib/lib.a(open.o)
 .data          0x0000000000016e64        0x0 lib/lib.a(close.o)
 .data          0x0000000000016e64        0x0 lib/lib.a(errno.o)
 .data          0x0000000000016e64        0x0 lib/lib.a(write.o)
 .data          0x0000000000016e64        0x0 lib/lib.a(dup.o)
 .data          0x0000000000016e64        0x0 lib/lib.a(setsid.o)
 .data          0x0000000000016e64        0x0 lib/lib.a(execve.o)
 .data          0x0000000000016e64        0x0 lib/lib.a(wait.o)
 .data          0x0000000000016e64        0x0 lib/lib.a(string.o)

.data1
 *(.data1)
                0x0000000000016e64                _edata = .
                0x0000000000016e64                PROVIDE (edata, .)
                0x0000000000016e64                __bss_start = .

.bss            0x0000000000016e80     0x3d4c
 *(.dynbss)
 *(.bss .bss.* .gnu.linkonce.b.*)
 .bss           0x0000000000016e80        0x0 boot/head.o
 .bss           0x0000000000016e80      0x400 init/main.o
 .bss           0x0000000000017280      0x9ec kernel/kernel.o
                0x0000000000017280                last_task_used_math
                0x0000000000017284                startup_time
                0x0000000000017288                jiffies
                0x000000000001728c                last_pid
                0x0000000000017760                do_hd
 *fill*         0x0000000000017c6c       0x14 00
 .bss           0x0000000000017c80      0xc00 mm/mm.o
 .bss           0x0000000000018880      0x710 fs/fs.o
                0x0000000000018880                inode_table
                0x0000000000018f84                nr_buffers
 .bss           0x0000000000018f90        0x0 lib/lib.a(ctype.o)
 .bss           0x0000000000018f90        0x0 lib/lib.a(_exit.o)
 .bss           0x0000000000018f90        0x0 lib/lib.a(open.o)
 .bss           0x0000000000018f90        0x0 lib/lib.a(close.o)
 .bss           0x0000000000018f90        0x0 lib/lib.a(errno.o)
 .bss           0x0000000000018f90        0x0 lib/lib.a(write.o)
 .bss           0x0000000000018f90        0x0 lib/lib.a(dup.o)
 .bss           0x0000000000018f90        0x0 lib/lib.a(setsid.o)
 .bss           0x0000000000018f90        0x0 lib/lib.a(execve.o)
 .bss           0x0000000000018f90        0x0 lib/lib.a(wait.o)
 .bss           0x0000000000018f90        0x0 lib/lib.a(string.o)
 *(COMMON)
 *fill*         0x0000000000018f90       0x10 00
 COMMON         0x0000000000018fa0     0x1000 kernel/kernel.o
                0x0000000000018fa0                user_stack
 COMMON         0x0000000000019fa0      0xc20 fs/fs.o
                0x0000000000019fa0                hash_table
                0x000000000001a480                super_block
                0x000000000001a7c0                file_table
 COMMON         0x000000000001abc0        0x1 lib/lib.a(ctype.o)
                0x000000000001abc0                _ctmp
 *fill*         0x000000000001abc1        0x3 00
 COMMON         0x000000000001abc4        0x4 lib/lib.a(errno.o)
                0x000000000001abc4                errno
 COMMON         0x000000000001abc8        0x4 lib/lib.a(string.o)
                0x000000000001abc8                ___strtok
                0x000000000001abcc                . = ALIGN ((. != 0x0)?0x4:0x1)
                0x000000000001abcc                . = ALIGN (0x4)
                0x000000000001abcc                . = ALIGN (0x4)
                0x000000000001abcc                _end = .
                0x000000000001abcc                PROVIDE (end, .)
                0x000000000001abcc                . = DATA_SEGMENT_END (.)

.stab
 *(.stab)

.stabstr
 *(.stabstr)

.stab.excl
 *(.stab.excl)

.stab.exclstr
 *(.stab.exclstr)

.stab.index
 *(.stab.index)

.stab.indexstr
 *(.stab.indexstr)

.comment        0x0000000000000000       0x2a
 *(.comment)
 .comment       0x0000000000000000       0x2a init/main.o
                                         0x2b (size before relaxing)
 .comment       0x0000000000000000      0x22f kernel/kernel.o
 .comment       0x0000000000000000       0x2b mm/mm.o
 .comment       0x0000000000000000      0x331 fs/fs.o
 .comment       0x0000000000000000       0x2b lib/lib.a(ctype.o)
 .comment       0x0000000000000000       0x2b lib/lib.a(_exit.o)
 .comment       0x0000000000000000       0x2b lib/lib.a(open.o)
 .comment       0x0000000000000000       0x2b lib/lib.a(close.o)
 .comment       0x0000000000000000       0x2b lib/lib.a(errno.o)
 .comment       0x0000000000000000       0x2b lib/lib.a(write.o)
 .comment       0x0000000000000000       0x2b lib/lib.a(dup.o)
 .comment       0x0000000000000000       0x2b lib/lib.a(setsid.o)
 .comment       0x0000000000000000       0x2b lib/lib.a(execve.o)
 .comment       0x0000000000000000       0x2b lib/lib.a(wait.o)
 .comment       0x0000000000000000       0x2b lib/lib.a(string.o)

.debug
 *(.debug)

.line
 *(.line)

.debug_srcinfo
 *(.debug_srcinfo)

.debug_sfnames
 *(.debug_sfnames)

.debug_aranges  0x0000000000000000      0x540
 *(.debug_aranges)
 .debug_aranges
                0x0000000000000000       0x20 init/main.o
 .debug_aranges
                0x0000000000000020      0x1a0 kernel/kernel.o
 .debug_aranges
                0x00000000000001c0       0x20 mm/mm.o
 .debug_aranges
                0x00000000000001e0      0x240 fs/fs.o
 .debug_aranges
                0x0000000000000420       0x20 lib/lib.a(_exit.o)
 .debug_aranges
                0x0000000000000440       0x20 lib/lib.a(open.o)
 .debug_aranges
                0x0000000000000460       0x20 lib/lib.a(close.o)
 .debug_aranges
                0x0000000000000480       0x20 lib/lib.a(write.o)
 .debug_aranges
                0x00000000000004a0       0x20 lib/lib.a(dup.o)
 .debug_aranges
                0x00000000000004c0       0x20 lib/lib.a(setsid.o)
 .debug_aranges
                0x00000000000004e0       0x20 lib/lib.a(execve.o)
 .debug_aranges
                0x0000000000000500       0x20 lib/lib.a(wait.o)
 .debug_aranges
                0x0000000000000520       0x20 lib/lib.a(string.o)

.debug_pubnames
 *(.debug_pubnames)

.debug_info     0x0000000000000000    0x1a523
 *(.debug_info .gnu.linkonce.wi.*)
 .debug_info    0x0000000000000000      0xccf init/main.o
 .debug_info    0x0000000000000ccf     0x89ba kernel/kernel.o
 .debug_info    0x0000000000009689      0x4d6 mm/mm.o
 .debug_info    0x0000000000009b5f     0xe2d3 fs/fs.o
 .debug_info    0x0000000000017e32       0x70 lib/lib.a(ctype.o)
 .debug_info    0x0000000000017ea2      0x3af lib/lib.a(_exit.o)
 .debug_info    0x0000000000018251      0x403 lib/lib.a(open.o)
 .debug_info    0x0000000000018654      0x3ce lib/lib.a(close.o)
 .debug_info    0x0000000000018a22       0x3f lib/lib.a(errno.o)
 .debug_info    0x0000000000018a61      0x400 lib/lib.a(write.o)
 .debug_info    0x0000000000018e61      0x3ce lib/lib.a(dup.o)
 .debug_info    0x000000000001922f      0x3cb lib/lib.a(setsid.o)
 .debug_info    0x00000000000195fa      0x3fc lib/lib.a(execve.o)
 .debug_info    0x00000000000199f6      0x428 lib/lib.a(wait.o)
 .debug_info    0x0000000000019e1e      0x705 lib/lib.a(string.o)

.debug_abbrev   0x0000000000000000     0x43c0
 *(.debug_abbrev)
 .debug_abbrev  0x0000000000000000      0x1d7 init/main.o
 .debug_abbrev  0x00000000000001d7     0x1777 kernel/kernel.o
 .debug_abbrev  0x000000000000194e      0x1af mm/mm.o
 .debug_abbrev  0x0000000000001afd     0x212e fs/fs.o
 .debug_abbrev  0x0000000000003c2b       0x42 lib/lib.a(ctype.o)
 .debug_abbrev  0x0000000000003c6d       0xa3 lib/lib.a(_exit.o)
 .debug_abbrev  0x0000000000003d10       0xdc lib/lib.a(open.o)
 .debug_abbrev  0x0000000000003dec       0xb4 lib/lib.a(close.o)
 .debug_abbrev  0x0000000000003ea0       0x30 lib/lib.a(errno.o)
 .debug_abbrev  0x0000000000003ed0       0xd7 lib/lib.a(write.o)
 .debug_abbrev  0x0000000000003fa7       0xb4 lib/lib.a(dup.o)
 .debug_abbrev  0x000000000000405b       0xb2 lib/lib.a(setsid.o)
 .debug_abbrev  0x000000000000410d       0xbb lib/lib.a(execve.o)
 .debug_abbrev  0x00000000000041c8       0xd0 lib/lib.a(wait.o)
 .debug_abbrev  0x0000000000004298      0x128 lib/lib.a(string.o)

.debug_line     0x0000000000000000     0x3650
 *(.debug_line)
 .debug_line    0x0000000000000000      0x11e init/main.o
 .debug_line    0x000000000000011e     0x13c2 kernel/kernel.o
 .debug_line    0x00000000000014e0      0x122 mm/mm.o
 .debug_line    0x0000000000001602     0x1b86 fs/fs.o
 .debug_line    0x0000000000003188       0x28 lib/lib.a(ctype.o)
 .debug_line    0x00000000000031b0       0x50 lib/lib.a(_exit.o)
 .debug_line    0x0000000000003200       0x76 lib/lib.a(open.o)
 .debug_line    0x0000000000003276       0x6e lib/lib.a(close.o)
 .debug_line    0x00000000000032e4       0x28 lib/lib.a(errno.o)
 .debug_line    0x000000000000330c       0x8c lib/lib.a(write.o)
 .debug_line    0x0000000000003398       0x6c lib/lib.a(dup.o)
 .debug_line    0x0000000000003404       0x88 lib/lib.a(setsid.o)
 .debug_line    0x000000000000348c       0x73 lib/lib.a(execve.o)
 .debug_line    0x00000000000034ff       0x90 lib/lib.a(wait.o)
 .debug_line    0x000000000000358f       0xc1 lib/lib.a(string.o)

.debug_frame
 *(.debug_frame)

.debug_str      0x0000000000000000     0x1a2a
 *(.debug_str)
 .debug_str     0x0000000000000000      0x3f7 init/main.o
                                        0x4a4 (size before relaxing)
 .debug_str     0x00000000000003f7      0xb1e kernel/kernel.o
                                       0x31b9 (size before relaxing)
 .debug_str     0x0000000000000f15      0x125 mm/mm.o
                                        0x1c0 (size before relaxing)
 .debug_str     0x000000000000103a      0x91f fs/fs.o
                                       0x53ba (size before relaxing)
 .debug_str     0x0000000000001959       0x25 lib/lib.a(ctype.o)
                                         0x65 (size before relaxing)
 .debug_str     0x000000000000197e        0x8 lib/lib.a(_exit.o)
                                        0x283 (size before relaxing)
 .debug_str     0x0000000000000000        0x8 lib/lib.a(open.o)
                                        0x293 (size before relaxing)
 .debug_str     0x0000000000001986        0x8 lib/lib.a(close.o)
                                        0x285 (size before relaxing)
 .debug_str     0x000000000000198e        0x8 lib/lib.a(errno.o)
                                         0x37 (size before relaxing)
 .debug_str     0x0000000000000000        0x8 lib/lib.a(write.o)
                                        0x291 (size before relaxing)
 .debug_str     0x0000000000001996        0x6 lib/lib.a(dup.o)
                                        0x27d (size before relaxing)
 .debug_str     0x000000000000199c        0x9 lib/lib.a(setsid.o)
                                        0x28d (size before relaxing)
 .debug_str     0x00000000000019a5        0x9 lib/lib.a(execve.o)
                                        0x296 (size before relaxing)
 .debug_str     0x00000000000019ae       0x11 lib/lib.a(wait.o)
                                        0x2a3 (size before relaxing)
 .debug_str     0x00000000000019bf       0x6b lib/lib.a(string.o)
                                         0xeb (size before relaxing)

.debug_loc      0x0000000000000000     0xa8af
 *(.debug_loc)
 .debug_loc     0x0000000000000000      0x256 init/main.o
 .debug_loc     0x0000000000000256     0x36f3 kernel/kernel.o
 .debug_loc     0x0000000000003949      0x640 mm/mm.o
 .debug_loc     0x0000000000003f89     0x6353 fs/fs.o
 .debug_loc     0x000000000000a2dc       0x2c lib/lib.a(_exit.o)
 .debug_loc     0x000000000000a308       0x3f lib/lib.a(open.o)
 .debug_loc     0x000000000000a347       0x3f lib/lib.a(close.o)
 .debug_loc     0x000000000000a386       0x57 lib/lib.a(write.o)
 .debug_loc     0x000000000000a3dd       0x3f lib/lib.a(dup.o)
 .debug_loc     0x000000000000a41c       0x13 lib/lib.a(setsid.o)
 .debug_loc     0x000000000000a42f       0x57 lib/lib.a(execve.o)
 .debug_loc     0x000000000000a486       0x83 lib/lib.a(wait.o)
 .debug_loc     0x000000000000a509      0x3a6 lib/lib.a(string.o)

.debug_macinfo
 *(.debug_macinfo)

.debug_weaknames
 *(.debug_weaknames)

.debug_funcnames
 *(.debug_funcnames)

.debug_typenames
 *(.debug_typenames)

.debug_varnames
 *(.debug_varnames)

.debug_pubtypes
 *(.debug_pubtypes)

.debug_ranges   0x0000000000000000      0x428
 *(.debug_ranges)
 .debug_ranges  0x0000000000000000      0x120 kernel/kernel.o
 .debug_ranges  0x0000000000000120      0x308 fs/fs.o

.gnu.attributes
 *(.gnu.attributes)

/DISCARD/
 *(.note.GNU-stack)
 *(.gnu_debuglink)
 *(.gnu.lto_*)
OUTPUT(tools/system elf32-i386)
