Archive member included because of file (symbol)

lib/lib.a(ctype.o)            kernel/kernel.o (_ctype)
lib/lib.a(_exit.o)            init/main.o (_exit)
lib/lib.a(open.o)             init/main.o (open)
lib/lib.a(close.o)            init/main.o (close)
lib/lib.a(errno.o)            init/main.o (errno)
lib/lib.a(write.o)            init/main.o (write)
lib/lib.a(dup.o)              init/main.o (dup)
lib/lib.a(setsid.o)           init/main.o (setsid)
lib/lib.a(execve.o)           init/main.o (execve)
lib/lib.a(wait.o)             init/main.o (wait)
lib/lib.a(string.o)           kernel/kernel.o (memcpy)

Allocating common symbols
Common symbol       size              file

errno               0x4               lib/lib.a(errno.o)
hash_table          0x4cc             fs/fs.o
___strtok           0x4               lib/lib.a(string.o)
user_stack          0x1000            kernel/kernel.o
_ctmp               0x1               lib/lib.a(ctype.o)
super_block         0x340             fs/fs.o
character_for_input
                    0x1               kernel/kernel.o
file_table          0x400             fs/fs.o

Discarded input sections

 .note.GNU-stack
                0x0000000000000000        0x0 init/main.o
 .note.GNU-stack
                0x0000000000000000        0x0 kernel/kernel.o
 .note.GNU-stack
                0x0000000000000000        0x0 mm/mm.o
 .note.GNU-stack
                0x0000000000000000        0x0 fs/fs.o
 .note.GNU-stack
                0x0000000000000000        0x0 lib/lib.a(ctype.o)
 .note.GNU-stack
                0x0000000000000000        0x0 lib/lib.a(_exit.o)
 .note.GNU-stack
                0x0000000000000000        0x0 lib/lib.a(open.o)
 .note.GNU-stack
                0x0000000000000000        0x0 lib/lib.a(close.o)
 .note.GNU-stack
                0x0000000000000000        0x0 lib/lib.a(errno.o)
 .note.GNU-stack
                0x0000000000000000        0x0 lib/lib.a(write.o)
 .note.GNU-stack
                0x0000000000000000        0x0 lib/lib.a(dup.o)
 .note.GNU-stack
                0x0000000000000000        0x0 lib/lib.a(setsid.o)
 .note.GNU-stack
                0x0000000000000000        0x0 lib/lib.a(execve.o)
 .note.GNU-stack
                0x0000000000000000        0x0 lib/lib.a(wait.o)
 .note.GNU-stack
                0x0000000000000000        0x0 lib/lib.a(string.o)

Memory Configuration

Name             Origin             Length             Attributes
*default*        0x0000000000000000 0xffffffffffffffff

Linker script and memory map

Address of section .text set to 0x0
LOAD boot/head.o
LOAD init/main.o
LOAD kernel/kernel.o
LOAD mm/mm.o
LOAD fs/fs.o
LOAD lib/lib.a
                0x0000000008048000                PROVIDE (__executable_start, 0x8048000)
                0x0000000008048094                . = (0x8048000 + SIZEOF_HEADERS)

.interp
 *(.interp)

.note.gnu.build-id
 *(.note.gnu.build-id)

.hash
 *(.hash)

.gnu.hash
 *(.gnu.hash)

.dynsym
 *(.dynsym)

.dynstr
 *(.dynstr)

.gnu.version
 *(.gnu.version)

.gnu.version_d
 *(.gnu.version_d)

.gnu.version_r
 *(.gnu.version_r)

.rel.dyn        0x0000000008048094        0x0
 *(.rel.init)
 *(.rel.text .rel.text.* .rel.gnu.linkonce.t.*)
 .rel.text      0x0000000000000000        0x0 boot/head.o
 *(.rel.fini)
 *(.rel.rodata .rel.rodata.* .rel.gnu.linkonce.r.*)
 *(.rel.data.rel.ro* .rel.gnu.linkonce.d.rel.ro.*)
 *(.rel.data .rel.data.* .rel.gnu.linkonce.d.*)
 .rel.data      0x0000000000000000        0x0 boot/head.o
 *(.rel.tdata .rel.tdata.* .rel.gnu.linkonce.td.*)
 *(.rel.tbss .rel.tbss.* .rel.gnu.linkonce.tb.*)
 *(.rel.ctors)
 *(.rel.dtors)
 *(.rel.got)
 *(.rel.bss .rel.bss.* .rel.gnu.linkonce.b.*)
 *(.rel.ifunc)

.rel.plt        0x0000000008048094        0x0
 *(.rel.plt)
                0x0000000008048094                PROVIDE (__rel_iplt_start, .)
 *(.rel.iplt)
 .rel.iplt      0x0000000000000000        0x0 boot/head.o
                0x0000000008048094                PROVIDE (__rel_iplt_end, .)

.init
 *(.init)

.plt            0x00000000080480a0        0x0
 *(.plt)
 *(.iplt)
 .iplt          0x0000000000000000        0x0 boot/head.o

.text           0x0000000000000000    0x10615
 *(.text.unlikely .text.*_unlikely)
 *(.text.exit .text.exit.*)
 *(.text.startup .text.startup.*)
 *(.text.hot .text.hot.*)
 *(.text .stub .text.* .gnu.linkonce.t.*)
 .text          0x0000000000000000     0x5078 boot/head.o
                0x0000000000000000                startup_32
                0x0000000000000000                pg_dir
                0x0000000000004078                idt
                0x0000000000004878                gdt
 *fill*         0x0000000000005078        0x8 90909090
 .text          0x0000000000005080      0x370 init/main.o
                0x00000000000050c1                init
                0x0000000000005232                main
 .text          0x00000000000053f0     0x56a7 kernel/kernel.o
                0x00000000000053f0                sys_alarm
                0x0000000000005417                sys_getpid
                0x0000000000005423                sys_getppid
                0x000000000000542f                sys_getuid
                0x000000000000543c                sys_geteuid
                0x0000000000005449                sys_getgid
                0x0000000000005456                sys_getegid
                0x0000000000005463                sys_nice
                0x000000000000547c                sys_signal
                0x00000000000054b9                math_state_restore
                0x00000000000054f0                schedule
                0x00000000000055e1                sys_pause
                0x00000000000055f7                sleep_on
                0x0000000000005651                interruptible_sleep_on
                0x00000000000056bb                wake_up
                0x00000000000056d7                do_timer
                0x000000000000571d                sched_init
                0x0000000000005844                system_call
                0x0000000000005936                timer_interrupt
                0x000000000000596e                sys_execve
                0x000000000000597c                sys_fork
                0x0000000000005994                hd_interrupt
                0x0000000000005b41                do_double_fault
                0x0000000000005b5a                do_general_protection
                0x0000000000005b73                do_divide_error
                0x0000000000005b8c                do_int3
                0x0000000000005c44                do_nmi
                0x0000000000005c5d                do_debug
                0x0000000000005c76                do_overflow
                0x0000000000005c8f                do_bounds
                0x0000000000005ca8                do_invalid_op
                0x0000000000005cc1                do_device_not_available
                0x0000000000005cda                do_coprocessor_segment_overrun
                0x0000000000005cf3                do_invalid_TSS
                0x0000000000005d0c                do_segment_not_present
                0x0000000000005d25                do_stack_segment
                0x0000000000005d3e                do_coprocessor_error
                0x0000000000005d57                do_reserved
                0x0000000000005d70                trap_init
                0x0000000000005f2c                divide_error
                0x0000000000005f61                debug
                0x0000000000005f68                nmi
                0x0000000000005f6f                int3
                0x0000000000005f76                overflow
                0x0000000000005f7d                bounds
                0x0000000000005f84                invalid_op
                0x0000000000005f93                device_not_available
                0x0000000000005fc0                coprocessor_segment_overrun
                0x0000000000005fca                reserved
                0x0000000000005fd4                coprocessor_error
                0x0000000000005fde                double_fault
                0x0000000000006015                invalid_TSS
                0x000000000000601c                segment_not_present
                0x0000000000006023                stack_segment
                0x000000000000602a                general_protection
                0x0000000000006034                verify_area
                0x0000000000006099                copy_mem
                0x000000000000618f                copy_process
                0x000000000000641e                find_empty_process
                0x0000000000006480                panic
                0x000000000000649c                printk
                0x0000000000006726                vsprintf
                0x0000000000006a90                tty_init
                0x0000000000006aa1                tty_intr
                0x0000000000006ae6                copy_to_cooked
                0x0000000000006d66                tty_read
                0x000000000000702c                tty_write
                0x0000000000007209                do_tty_interrupt
                0x0000000000007435                fill_list
                0x0000000000007515                closeR
                0x000000000000754f                openR
                0x0000000000007592                draw_list_clip
                0x00000000000076b8                draw_list
                0x0000000000007853                mark_selected_clip
                0x00000000000078bb                mark_selected
                0x0000000000007923                set_path_name
                0x0000000000007a3c                csi_m
                0x0000000000007a97                con_write
                0x000000000000841a                con_init
                0x000000000000849d                f1_down
                0x00000000000084a8                f1_up
                0x00000000000084b3                tool_draw
                0x0000000000008647                tool_dir
                0x000000000000866e                tool_clip
                0x0000000000008691                tool_start
                0x0000000000008711                put_char_to_clip
                0x00000000000087a2                remove_char_for_clip
                0x000000000000882b                paste_to_con
                0x00000000000089a3                arr_right
                0x0000000000008a72                arr_left
                0x0000000000008b19                arr_down
                0x0000000000008bb2                arr_up
                0x0000000000008c41                print_name_and_index
                0x0000000000008cb3                keyboard_interrupt
                0x0000000000009580                rs1_interrupt
                0x0000000000009588                rs2_interrupt
                0x0000000000009ce9                rw_hd
                0x0000000000009d92                sys_setup
                0x0000000000009e91                unexpected_hd_interrupt
                0x0000000000009ea4                hd_init
                0x0000000000009f14                sys_generate_key_
                0x0000000000009f40                clear_key_
                0x0000000000009f57                sys_clear_key
                0x0000000000009f74                sys_set_key
                0x0000000000009fa5                sys_ftime
                0x0000000000009fab                sys_mknod
                0x0000000000009fb1                sys_break
                0x0000000000009fb7                sys_mount
                0x0000000000009fbd                sys_umount
                0x0000000000009fc3                sys_ustat
                0x0000000000009fc9                sys_ptrace
                0x0000000000009fcf                sys_stty
                0x0000000000009fd5                sys_gtty
                0x0000000000009fdb                sys_rename
                0x0000000000009fe1                sys_prof
                0x0000000000009fe7                sys_setgid
                0x000000000000a044                sys_acct
                0x000000000000a04a                sys_phys
                0x000000000000a050                sys_lock
                0x000000000000a056                sys_mpx
                0x000000000000a05c                sys_ulimit
                0x000000000000a062                sys_time
                0x000000000000a0b5                sys_setuid
                0x000000000000a10e                sys_stime
                0x000000000000a15b                sys_times
                0x000000000000a1b4                sys_brk
                0x000000000000a1e7                sys_setpgid
                0x000000000000a25c                sys_getpgrp
                0x000000000000a268                sys_setsid
                0x000000000000a2bd                sys_oldolduname
                0x000000000000a2d5                sys_uname
                0x000000000000a322                sys_umask
                0x000000000000a340                sys_null
                0x000000000000a370                release
                0x000000000000a3ca                do_kill
                0x000000000000a643                sys_kill
                0x000000000000a679                do_exit
                0x000000000000a80c                sys_exit
                0x000000000000a827                sys_waitpid
                0x000000000000a9ae                rs_init
                0x000000000000aa06                rs_write
                0x000000000000aa30                kernel_mktime
 *fill*         0x000000000000aa97        0x1 90909090
 .text          0x000000000000aa98      0x517 mm/mm.o
                0x000000000000aa98                invalidate
                0x000000000000aaa1                copy_page
                0x000000000000aac6                get_free_page
                0x000000000000aafe                free_page
                0x000000000000ab5e                free_page_tables
                0x000000000000ac0e                copy_page_tables
                0x000000000000ad08                put_page
                0x000000000000adb5                un_wp_page
                0x000000000000ae45                do_wp_page
                0x000000000000ae75                write_verify
                0x000000000000aeb4                do_no_page
                0x000000000000aee4                calc_mem
                0x000000000000af78                page_fault
 *fill*         0x000000000000afaf        0x1 90909090
 .text          0x000000000000afb0     0x508c fs/fs.o
                0x000000000000afb0                sys_utime
                0x000000000000b019                sys_access
                0x000000000000b0b0                sys_chdir
                0x000000000000b113                sys_chroot
                0x000000000000b176                sys_chmod
                0x000000000000b20b                sys_chown
                0x000000000000b272                sys_open
                0x000000000000b406                sys_creat
                0x000000000000b429                sys_close
                0x000000000000b4b0                sys_lseek
                0x000000000000b56c                sys_read
                0x000000000000b6c7                sys_write
                0x000000000000bbdb                sync_inodes
                0x000000000000bc25                bmap
                0x000000000000bc3e                create_block
                0x000000000000bc57                iput
                0x000000000000bd45                get_empty_inode
                0x000000000000be33                get_pipe_inode
                0x000000000000be7a                iget
                0x000000000000c067                sys_sync
                0x000000000000c0cf                brelse
                0x000000000000c121                get_hash_table
                0x000000000000c180                getblk
                0x000000000000c41f                bread
                0x000000000000c479                buffer_init
                0x000000000000c514                do_mount
                0x000000000000c71f                mount_root
                0x000000000000c870                block_write
                0x000000000000c953                block_read
                0x000000000000ca2a                ll_rw_block
                0x000000000000caf3                rw_char
                0x000000000000cb64                buffer_switch_case
                0x000000000000cba3                file_switch_case
                0x000000000000cc6a                sys_switch_case
                0x000000000000cca5                file_read
                0x000000000000ce50                file_write
                0x000000000000d0f2                sys_stat
                0x000000000000d137                sys_lstat
                0x000000000000d152                sys_fstat
                0x000000000000d195                sys_stat64
                0x000000000000d1da                sys_fstat64
                0x000000000000d21d                sys_lstat64
                0x000000000000d238                sys_oldstat
                0x000000000000d250                sys_oldfstat
                0x000000000000d394                cp_block
                0x000000000000d3c9                is_valid_elf
                0x000000000000d40e                read_file_block_ind
                0x000000000000d4a3                read_file_block
                0x000000000000d5a2                copy_section
                0x000000000000d690                create_bss_section
                0x000000000000d6b6                load_elf_binary
                0x000000000000d8c1                do_execve
                0x000000000000dd54                read_pipe
                0x000000000000dded                write_pipe
                0x000000000000dee6                sys_pipe
                0x000000000000e519                namei
                0x000000000000e5cf                open_namei
                0x000000000000e835                sys_mkdir
                0x000000000000eaea                sys_rmdir
                0x000000000000ee5c                sys_unlink
                0x000000000000eff8                sys_link
                0x000000000000f1a0                free_block
                0x000000000000f2db                new_block
                0x000000000000f45e                free_inode
                0x000000000000f58a                new_inode
                0x000000000000f76a                sys_dup2
                0x000000000000f78a                sys_dup
                0x000000000000f79a                sys_fcntl
                0x000000000000f857                sys_fcntl64
                0x000000000000f8ac                sys_ioctl
                0x000000000000f949                tty_ioctl
                0x000000000000fc15                truncate
                0x000000000000fd20                sys_getdents
                0x000000000000feae                sys_getdents64
 .text          0x000000000001003c        0x0 lib/lib.a(ctype.o)
 .text          0x000000000001003c        0xe lib/lib.a(_exit.o)
                0x000000000001003c                _exit
 *fill*         0x000000000001004a        0x2 90909090
 .text          0x000000000001004c       0x3d lib/lib.a(open.o)
                0x000000000001004c                open
 *fill*         0x0000000000010089        0x3 90909090
 .text          0x000000000001008c       0x23 lib/lib.a(close.o)
                0x000000000001008c                close
 *fill*         0x00000000000100af        0x1 90909090
 .text          0x00000000000100b0        0x0 lib/lib.a(errno.o)
 .text          0x00000000000100b0       0x60 lib/lib.a(write.o)
                0x00000000000100b0                write
                0x00000000000100ed                switch_case
 .text          0x0000000000010110       0x23 lib/lib.a(dup.o)
                0x0000000000010110                dup
 *fill*         0x0000000000010133        0x1 90909090
 .text          0x0000000000010134       0x1e lib/lib.a(setsid.o)
                0x0000000000010134                setsid
 *fill*         0x0000000000010152        0x2 90909090
 .text          0x0000000000010154       0x3d lib/lib.a(execve.o)
                0x0000000000010154                execve
 *fill*         0x0000000000010191        0x3 90909090
 .text          0x0000000000010194       0x60 lib/lib.a(wait.o)
                0x0000000000010194                waitpid
                0x00000000000101d1                wait
 .text          0x00000000000101f4      0x421 lib/lib.a(string.o)
                0x00000000000101f4                strcpy
                0x000000000001021c                strncpy
                0x000000000001024d                strcat
                0x0000000000010282                strncat
                0x00000000000102c1                strcmp
                0x00000000000102ef                strncmp
                0x0000000000010324                strchr
                0x0000000000010342                strrchr
                0x0000000000010363                strspn
                0x00000000000103b0                strcspn
                0x00000000000103fd                strpbrk
                0x0000000000010442                strstr
                0x0000000000010487                strlen
                0x00000000000104a0                strtok
                0x0000000000010531                memcpy
                0x0000000000010557                memmove
                0x00000000000105a5                memcmp
                0x00000000000105d9                memchr
                0x00000000000105ff                memset
 *(.gnu.warning)

.fini
 *(.fini)
                0x0000000000010615                PROVIDE (__etext, .)
                0x0000000000010615                PROVIDE (_etext, .)
                0x0000000000010615                PROVIDE (etext, .)

.rodata         0x0000000000010620     0x1084
 *(.rodata .rodata.* .gnu.linkonce.r.*)
 .rodata.str1.1
                0x0000000000010620       0x68 init/main.o
 .rodata.str1.4
                0x0000000000010688       0x25 init/main.o
 *fill*         0x00000000000106ad       0x13 00
 .rodata        0x00000000000106c0      0x270 kernel/kernel.o
 .rodata.str1.1
                0x0000000000010930      0x2bb kernel/kernel.o
                                        0x2c3 (size before relaxing)
 *fill*         0x0000000000010beb        0x1 00
 .rodata.str1.4
                0x0000000000010bec      0x22c kernel/kernel.o
 .rodata.str1.4
                0x0000000000010e18       0xe9 mm/mm.o
 .rodata.str1.1
                0x0000000000010f01       0x68 mm/mm.o
 *fill*         0x0000000000010f69       0x17 00
 .rodata        0x0000000000010f80       0xc4 fs/fs.o
 .rodata.str1.1
                0x0000000000011044      0x32c fs/fs.o
                                        0x332 (size before relaxing)
 .rodata.str1.4
                0x0000000000011370      0x334 fs/fs.o

.rodata1
 *(.rodata1)

.eh_frame_hdr
 *(.eh_frame_hdr)

.eh_frame       0x00000000000116a4     0x2568
 *(.eh_frame)
 .eh_frame      0x00000000000116a4       0x74 init/main.o
 .eh_frame      0x0000000000011718     0x1050 kernel/kernel.o
                                       0x1188 (size before relaxing)
 .eh_frame      0x0000000000012768      0x1a8 mm/mm.o
                                        0x1c0 (size before relaxing)
 .eh_frame      0x0000000000012910      0xf84 fs/fs.o
                                       0x1134 (size before relaxing)
 .eh_frame      0x0000000000013894       0x1c lib/lib.a(_exit.o)
                                         0x34 (size before relaxing)
 .eh_frame      0x00000000000138b0       0x20 lib/lib.a(open.o)
                                         0x38 (size before relaxing)
 .eh_frame      0x00000000000138d0       0x1c lib/lib.a(close.o)
                                         0x34 (size before relaxing)
 .eh_frame      0x00000000000138ec       0x3c lib/lib.a(write.o)
                                         0x54 (size before relaxing)
 .eh_frame      0x0000000000013928       0x1c lib/lib.a(dup.o)
                                         0x34 (size before relaxing)
 .eh_frame      0x0000000000013944       0x14 lib/lib.a(setsid.o)
                                         0x2c (size before relaxing)
 .eh_frame      0x0000000000013958       0x20 lib/lib.a(execve.o)
                                         0x38 (size before relaxing)
 .eh_frame      0x0000000000013978       0x38 lib/lib.a(wait.o)
                                         0x50 (size before relaxing)
 .eh_frame      0x00000000000139b0      0x25c lib/lib.a(string.o)
                                        0x274 (size before relaxing)

.gcc_except_table
 *(.gcc_except_table .gcc_except_table.*)

.exception_ranges
 *(.exception_ranges .exception_ranges*)
                0x0000000000013c0c                . = (ALIGN (0x1000) - ((0x1000 - .) & 0xfff))
                0x0000000000014000                . = DATA_SEGMENT_ALIGN (0x1000, 0x1000)

.eh_frame
 *(.eh_frame)

.gcc_except_table
 *(.gcc_except_table .gcc_except_table.*)

.exception_ranges
 *(.exception_ranges .exception_ranges*)

.tdata
 *(.tdata .tdata.* .gnu.linkonce.td.*)

.tbss
 *(.tbss .tbss.* .gnu.linkonce.tb.*)
 *(.tcommon)

.preinit_array  0x0000000000014000        0x0
                0x0000000000014000                PROVIDE (__preinit_array_start, .)
 *(.preinit_array)
                0x0000000000014000                PROVIDE (__preinit_array_end, .)

.init_array     0x0000000000014000        0x0
                0x0000000000014000                PROVIDE (__init_array_start, .)
 *(SORT(.init_array.*) SORT(.ctors.*))
 *(.init_array)
 *(EXCLUDE_FILE(*crtend?.o *crtend.o *crtbegin?.o *crtbegin.o) .ctors)
                0x0000000000014000                PROVIDE (__init_array_end, .)

.fini_array     0x0000000000014000        0x0
                0x0000000000014000                PROVIDE (__fini_array_start, .)
 *(SORT(.fini_array.*) SORT(.dtors.*))
 *(.fini_array)
 *(EXCLUDE_FILE(*crtend?.o *crtend.o *crtbegin?.o *crtbegin.o) .dtors)
                0x0000000000014000                PROVIDE (__fini_array_end, .)

.ctors
 *crtbegin.o(.ctors)
 *crtbegin?.o(.ctors)
 *(EXCLUDE_FILE(*crtend?.o *crtend.o) .ctors)
 *(SORT(.ctors.*))
 *(.ctors)

.dtors
 *crtbegin.o(.dtors)
 *crtbegin?.o(.dtors)
 *(EXCLUDE_FILE(*crtend?.o *crtend.o) .dtors)
 *(SORT(.dtors.*))
 *(.dtors)

.jcr
 *(.jcr)

.data.rel.ro
 *(.data.rel.ro.local* .gnu.linkonce.d.rel.ro.local.*)
 *(.data.rel.ro* .gnu.linkonce.d.rel.ro.*)

.dynamic
 *(.dynamic)

.got
 *(.got)
 *(.igot)
                0x0000000000014000                . = DATA_SEGMENT_RELRO_END (., 0xc)

.got.plt        0x0000000000014000        0x0
 *(.got.plt)
 *(.igot.plt)
 .igot.plt      0x0000000000000000        0x0 boot/head.o

.data           0x0000000000014000     0x3e64
 *(.data .data.* .gnu.linkonce.d.*)
 .data          0x0000000000014000        0x0 boot/head.o
 .data          0x0000000000014000       0x18 init/main.o
 *fill*         0x0000000000014018        0x8 00
 .data          0x0000000000014020     0x3d2c kernel/kernel.o
                0x0000000000014020                stack_start
                0x0000000000014040                task
                0x0000000000014140                current
                0x0000000000014160                sys_call_table
                0x0000000000015660                table_list
                0x0000000000015680                tty_table
 .data          0x0000000000017d4c        0x0 mm/mm.o
 .data          0x0000000000017d4c        0x4 fs/fs.o
                0x0000000000017d4c                start_buffer
 *fill*         0x0000000000017d50       0x10 00
 .data          0x0000000000017d60      0x101 lib/lib.a(ctype.o)
                0x0000000000017d60                _ctype
 *fill*         0x0000000000017e61        0x3 00
 .data          0x0000000000017e64        0x0 lib/lib.a(_exit.o)
 .data          0x0000000000017e64        0x0 lib/lib.a(open.o)
 .data          0x0000000000017e64        0x0 lib/lib.a(close.o)
 .data          0x0000000000017e64        0x0 lib/lib.a(errno.o)
 .data          0x0000000000017e64        0x0 lib/lib.a(write.o)
 .data          0x0000000000017e64        0x0 lib/lib.a(dup.o)
 .data          0x0000000000017e64        0x0 lib/lib.a(setsid.o)
 .data          0x0000000000017e64        0x0 lib/lib.a(execve.o)
 .data          0x0000000000017e64        0x0 lib/lib.a(wait.o)
 .data          0x0000000000017e64        0x0 lib/lib.a(string.o)

.data1
 *(.data1)
                0x0000000000017e64                _edata = .
                0x0000000000017e64                PROVIDE (edata, .)
                0x0000000000017e64                __bss_start = .

.bss            0x0000000000017e80     0x3fec
 *(.dynbss)
 *(.bss .bss.* .gnu.linkonce.b.*)
 .bss           0x0000000000017e80        0x0 boot/head.o
 .bss           0x0000000000017e80      0x400 init/main.o
 .bss           0x0000000000018280      0xc64 kernel/kernel.o
                0x0000000000018280                last_task_used_math
                0x0000000000018284                startup_time
                0x0000000000018288                jiffies
                0x000000000001828c                last_pid
                0x00000000000186c0                f1_down_flag
                0x0000000000018960                do_hd
 *fill*         0x0000000000018ee4       0x1c 00
 .bss           0x0000000000018f00      0xc00 mm/mm.o
 .bss           0x0000000000019b00      0x710 fs/fs.o
                0x0000000000019b00                inode_table
                0x000000000001a204                nr_buffers
 .bss           0x000000000001a210        0x0 lib/lib.a(ctype.o)
 .bss           0x000000000001a210        0x0 lib/lib.a(_exit.o)
 .bss           0x000000000001a210        0x0 lib/lib.a(open.o)
 .bss           0x000000000001a210        0x0 lib/lib.a(close.o)
 .bss           0x000000000001a210        0x0 lib/lib.a(errno.o)
 .bss           0x000000000001a210        0x0 lib/lib.a(write.o)
 .bss           0x000000000001a210        0x0 lib/lib.a(dup.o)
 .bss           0x000000000001a210        0x0 lib/lib.a(setsid.o)
 .bss           0x000000000001a210        0x0 lib/lib.a(execve.o)
 .bss           0x000000000001a210        0x0 lib/lib.a(wait.o)
 .bss           0x000000000001a210        0x0 lib/lib.a(string.o)
 *(COMMON)
 *fill*         0x000000000001a210       0x10 00
 COMMON         0x000000000001a220     0x1001 kernel/kernel.o
                0x000000000001a220                user_stack
                0x000000000001b220                character_for_input
 *fill*         0x000000000001b221       0x1f 00
 COMMON         0x000000000001b240      0xc20 fs/fs.o
                0x000000000001b240                hash_table
                0x000000000001b720                super_block
                0x000000000001ba60                file_table
 COMMON         0x000000000001be60        0x1 lib/lib.a(ctype.o)
                0x000000000001be60                _ctmp
 *fill*         0x000000000001be61        0x3 00
 COMMON         0x000000000001be64        0x4 lib/lib.a(errno.o)
                0x000000000001be64                errno
 COMMON         0x000000000001be68        0x4 lib/lib.a(string.o)
                0x000000000001be68                ___strtok
                0x000000000001be6c                . = ALIGN ((. != 0x0)?0x4:0x1)
                0x000000000001be6c                . = ALIGN (0x4)
                0x000000000001be6c                . = ALIGN (0x4)
                0x000000000001be6c                _end = .
                0x000000000001be6c                PROVIDE (end, .)
                0x000000000001be6c                . = DATA_SEGMENT_END (.)

.stab
 *(.stab)

.stabstr
 *(.stabstr)

.stab.excl
 *(.stab.excl)

.stab.exclstr
 *(.stab.exclstr)

.stab.index
 *(.stab.index)

.stab.indexstr
 *(.stab.indexstr)

.comment        0x0000000000000000       0x2a
 *(.comment)
 .comment       0x0000000000000000       0x2a init/main.o
                                         0x2b (size before relaxing)
 .comment       0x0000000000000000      0x22f kernel/kernel.o
 .comment       0x0000000000000000       0x2b mm/mm.o
 .comment       0x0000000000000000      0x331 fs/fs.o
 .comment       0x0000000000000000       0x2b lib/lib.a(ctype.o)
 .comment       0x0000000000000000       0x2b lib/lib.a(_exit.o)
 .comment       0x0000000000000000       0x2b lib/lib.a(open.o)
 .comment       0x0000000000000000       0x2b lib/lib.a(close.o)
 .comment       0x0000000000000000       0x2b lib/lib.a(errno.o)
 .comment       0x0000000000000000       0x2b lib/lib.a(write.o)
 .comment       0x0000000000000000       0x2b lib/lib.a(dup.o)
 .comment       0x0000000000000000       0x2b lib/lib.a(setsid.o)
 .comment       0x0000000000000000       0x2b lib/lib.a(execve.o)
 .comment       0x0000000000000000       0x2b lib/lib.a(wait.o)
 .comment       0x0000000000000000       0x2b lib/lib.a(string.o)

.debug
 *(.debug)

.line
 *(.line)

.debug_srcinfo
 *(.debug_srcinfo)

.debug_sfnames
 *(.debug_sfnames)

.debug_aranges  0x0000000000000000      0x540
 *(.debug_aranges)
 .debug_aranges
                0x0000000000000000       0x20 init/main.o
 .debug_aranges
                0x0000000000000020      0x1a0 kernel/kernel.o
 .debug_aranges
                0x00000000000001c0       0x20 mm/mm.o
 .debug_aranges
                0x00000000000001e0      0x240 fs/fs.o
 .debug_aranges
                0x0000000000000420       0x20 lib/lib.a(_exit.o)
 .debug_aranges
                0x0000000000000440       0x20 lib/lib.a(open.o)
 .debug_aranges
                0x0000000000000460       0x20 lib/lib.a(close.o)
 .debug_aranges
                0x0000000000000480       0x20 lib/lib.a(write.o)
 .debug_aranges
                0x00000000000004a0       0x20 lib/lib.a(dup.o)
 .debug_aranges
                0x00000000000004c0       0x20 lib/lib.a(setsid.o)
 .debug_aranges
                0x00000000000004e0       0x20 lib/lib.a(execve.o)
 .debug_aranges
                0x0000000000000500       0x20 lib/lib.a(wait.o)
 .debug_aranges
                0x0000000000000520       0x20 lib/lib.a(string.o)

.debug_pubnames
 *(.debug_pubnames)

.debug_info     0x0000000000000000    0x1b3f4
 *(.debug_info .gnu.linkonce.wi.*)
 .debug_info    0x0000000000000000      0xccf init/main.o
 .debug_info    0x0000000000000ccf     0x9700 kernel/kernel.o
 .debug_info    0x000000000000a3cf      0x4d6 mm/mm.o
 .debug_info    0x000000000000a8a5     0xe424 fs/fs.o
 .debug_info    0x0000000000018cc9       0x70 lib/lib.a(ctype.o)
 .debug_info    0x0000000000018d39      0x3af lib/lib.a(_exit.o)
 .debug_info    0x00000000000190e8      0x403 lib/lib.a(open.o)
 .debug_info    0x00000000000194eb      0x3ce lib/lib.a(close.o)
 .debug_info    0x00000000000198b9       0x3f lib/lib.a(errno.o)
 .debug_info    0x00000000000198f8      0x43a lib/lib.a(write.o)
 .debug_info    0x0000000000019d32      0x3ce lib/lib.a(dup.o)
 .debug_info    0x000000000001a100      0x3cb lib/lib.a(setsid.o)
 .debug_info    0x000000000001a4cb      0x3fc lib/lib.a(execve.o)
 .debug_info    0x000000000001a8c7      0x428 lib/lib.a(wait.o)
 .debug_info    0x000000000001acef      0x705 lib/lib.a(string.o)

.debug_abbrev   0x0000000000000000     0x4546
 *(.debug_abbrev)
 .debug_abbrev  0x0000000000000000      0x1d7 init/main.o
 .debug_abbrev  0x00000000000001d7     0x18dd kernel/kernel.o
 .debug_abbrev  0x0000000000001ab4      0x1af mm/mm.o
 .debug_abbrev  0x0000000000001c63     0x214e fs/fs.o
 .debug_abbrev  0x0000000000003db1       0x42 lib/lib.a(ctype.o)
 .debug_abbrev  0x0000000000003df3       0xa3 lib/lib.a(_exit.o)
 .debug_abbrev  0x0000000000003e96       0xdc lib/lib.a(open.o)
 .debug_abbrev  0x0000000000003f72       0xb4 lib/lib.a(close.o)
 .debug_abbrev  0x0000000000004026       0x30 lib/lib.a(errno.o)
 .debug_abbrev  0x0000000000004056       0xd7 lib/lib.a(write.o)
 .debug_abbrev  0x000000000000412d       0xb4 lib/lib.a(dup.o)
 .debug_abbrev  0x00000000000041e1       0xb2 lib/lib.a(setsid.o)
 .debug_abbrev  0x0000000000004293       0xbb lib/lib.a(execve.o)
 .debug_abbrev  0x000000000000434e       0xd0 lib/lib.a(wait.o)
 .debug_abbrev  0x000000000000441e      0x128 lib/lib.a(string.o)

.debug_line     0x0000000000000000     0x3ab0
 *(.debug_line)
 .debug_line    0x0000000000000000      0x11e init/main.o
 .debug_line    0x000000000000011e     0x17d5 kernel/kernel.o
 .debug_line    0x00000000000018f3      0x122 mm/mm.o
 .debug_line    0x0000000000001a15     0x1bc8 fs/fs.o
 .debug_line    0x00000000000035dd       0x28 lib/lib.a(ctype.o)
 .debug_line    0x0000000000003605       0x50 lib/lib.a(_exit.o)
 .debug_line    0x0000000000003655       0x76 lib/lib.a(open.o)
 .debug_line    0x00000000000036cb       0x6e lib/lib.a(close.o)
 .debug_line    0x0000000000003739       0x28 lib/lib.a(errno.o)
 .debug_line    0x0000000000003761       0x97 lib/lib.a(write.o)
 .debug_line    0x00000000000037f8       0x6c lib/lib.a(dup.o)
 .debug_line    0x0000000000003864       0x88 lib/lib.a(setsid.o)
 .debug_line    0x00000000000038ec       0x73 lib/lib.a(execve.o)
 .debug_line    0x000000000000395f       0x90 lib/lib.a(wait.o)
 .debug_line    0x00000000000039ef       0xc1 lib/lib.a(string.o)

.debug_frame
 *(.debug_frame)

.debug_str      0x0000000000000000     0x1bf0
 *(.debug_str)
 .debug_str     0x0000000000000000      0x3f5 init/main.o
                                        0x4a2 (size before relaxing)
 .debug_str     0x00000000000003f5      0xcb4 kernel/kernel.o
                                       0x3383 (size before relaxing)
 .debug_str     0x00000000000010a9      0x123 mm/mm.o
                                        0x1be (size before relaxing)
 .debug_str     0x00000000000011cc      0x95c fs/fs.o
                                       0x53d0 (size before relaxing)
 .debug_str     0x0000000000001b28       0x23 lib/lib.a(ctype.o)
                                         0x63 (size before relaxing)
 .debug_str     0x0000000000001b4b        0x8 lib/lib.a(_exit.o)
                                        0x281 (size before relaxing)
 .debug_str     0x0000000000000000        0x8 lib/lib.a(open.o)
                                        0x291 (size before relaxing)
 .debug_str     0x0000000000001b53        0x8 lib/lib.a(close.o)
                                        0x283 (size before relaxing)
 .debug_str     0x0000000000001b5b        0x8 lib/lib.a(errno.o)
                                         0x35 (size before relaxing)
 .debug_str     0x0000000000000000        0x8 lib/lib.a(write.o)
                                        0x29b (size before relaxing)
 .debug_str     0x0000000000001b63        0x6 lib/lib.a(dup.o)
                                        0x27b (size before relaxing)
 .debug_str     0x0000000000001b69        0x9 lib/lib.a(setsid.o)
                                        0x28b (size before relaxing)
 .debug_str     0x0000000000001b72        0x9 lib/lib.a(execve.o)
                                        0x294 (size before relaxing)
 .debug_str     0x0000000000001b7b       0x11 lib/lib.a(wait.o)
                                        0x2a1 (size before relaxing)
 .debug_str     0x0000000000001b8c       0x64 lib/lib.a(string.o)
                                         0xe9 (size before relaxing)

.debug_loc      0x0000000000000000     0xb905
 *(.debug_loc)
 .debug_loc     0x0000000000000000      0x256 init/main.o
 .debug_loc     0x0000000000000256     0x44db kernel/kernel.o
 .debug_loc     0x0000000000004731      0x640 mm/mm.o
 .debug_loc     0x0000000000004d71     0x6582 fs/fs.o
 .debug_loc     0x000000000000b2f3       0x2c lib/lib.a(_exit.o)
 .debug_loc     0x000000000000b31f       0x3f lib/lib.a(open.o)
 .debug_loc     0x000000000000b35e       0x3f lib/lib.a(close.o)
 .debug_loc     0x000000000000b39d       0x96 lib/lib.a(write.o)
 .debug_loc     0x000000000000b433       0x3f lib/lib.a(dup.o)
 .debug_loc     0x000000000000b472       0x13 lib/lib.a(setsid.o)
 .debug_loc     0x000000000000b485       0x57 lib/lib.a(execve.o)
 .debug_loc     0x000000000000b4dc       0x83 lib/lib.a(wait.o)
 .debug_loc     0x000000000000b55f      0x3a6 lib/lib.a(string.o)

.debug_macinfo
 *(.debug_macinfo)

.debug_weaknames
 *(.debug_weaknames)

.debug_funcnames
 *(.debug_funcnames)

.debug_typenames
 *(.debug_typenames)

.debug_varnames
 *(.debug_varnames)

.debug_pubtypes
 *(.debug_pubtypes)

.debug_ranges   0x0000000000000000      0x670
 *(.debug_ranges)
 .debug_ranges  0x0000000000000000      0x368 kernel/kernel.o
 .debug_ranges  0x0000000000000368      0x308 fs/fs.o

.gnu.attributes
 *(.gnu.attributes)

/DISCARD/
 *(.note.GNU-stack)
 *(.gnu_debuglink)
 *(.gnu.lto_*)
OUTPUT(tools/system elf32-i386)
