Archive member included because of file (symbol)

lib/lib.a(ctype.o)            kernel/kernel.o (_ctype)
lib/lib.a(_exit.o)            init/main.o (_exit)
lib/lib.a(open.o)             init/main.o (open)
lib/lib.a(close.o)            init/main.o (close)
lib/lib.a(errno.o)            init/main.o (errno)
lib/lib.a(write.o)            init/main.o (write)
lib/lib.a(dup.o)              init/main.o (dup)
lib/lib.a(setsid.o)           init/main.o (setsid)
lib/lib.a(execve.o)           init/main.o (execve)
lib/lib.a(wait.o)             init/main.o (wait)
lib/lib.a(string.o)           kernel/kernel.o (memcpy)

Allocating common symbols
Common symbol       size              file

errno               0x4               lib/lib.a(errno.o)
hash_table          0x4cc             fs/fs.o
___strtok           0x4               lib/lib.a(string.o)
user_stack          0x1000            kernel/kernel.o
_ctmp               0x1               lib/lib.a(ctype.o)
super_block         0x340             fs/fs.o
file_table          0x400             fs/fs.o

Discarded input sections

 .note.GNU-stack
                0x0000000000000000        0x0 init/main.o
 .note.GNU-stack
                0x0000000000000000        0x0 kernel/kernel.o
 .note.GNU-stack
                0x0000000000000000        0x0 mm/mm.o
 .note.GNU-stack
                0x0000000000000000        0x0 fs/fs.o
 .note.GNU-stack
                0x0000000000000000        0x0 lib/lib.a(ctype.o)
 .note.GNU-stack
                0x0000000000000000        0x0 lib/lib.a(_exit.o)
 .note.GNU-stack
                0x0000000000000000        0x0 lib/lib.a(open.o)
 .note.GNU-stack
                0x0000000000000000        0x0 lib/lib.a(close.o)
 .note.GNU-stack
                0x0000000000000000        0x0 lib/lib.a(errno.o)
 .note.GNU-stack
                0x0000000000000000        0x0 lib/lib.a(write.o)
 .note.GNU-stack
                0x0000000000000000        0x0 lib/lib.a(dup.o)
 .note.GNU-stack
                0x0000000000000000        0x0 lib/lib.a(setsid.o)
 .note.GNU-stack
                0x0000000000000000        0x0 lib/lib.a(execve.o)
 .note.GNU-stack
                0x0000000000000000        0x0 lib/lib.a(wait.o)
 .note.GNU-stack
                0x0000000000000000        0x0 lib/lib.a(string.o)

Memory Configuration

Name             Origin             Length             Attributes
*default*        0x0000000000000000 0xffffffffffffffff

Linker script and memory map

Address of section .text set to 0x0
LOAD boot/head.o
LOAD init/main.o
LOAD kernel/kernel.o
LOAD mm/mm.o
LOAD fs/fs.o
LOAD lib/lib.a
                0x0000000008048000                PROVIDE (__executable_start, 0x8048000)
                0x0000000008048094                . = (0x8048000 + SIZEOF_HEADERS)

.interp
 *(.interp)

.note.gnu.build-id
 *(.note.gnu.build-id)

.hash
 *(.hash)

.gnu.hash
 *(.gnu.hash)

.dynsym
 *(.dynsym)

.dynstr
 *(.dynstr)

.gnu.version
 *(.gnu.version)

.gnu.version_d
 *(.gnu.version_d)

.gnu.version_r
 *(.gnu.version_r)

.rel.dyn        0x0000000008048094        0x0
 *(.rel.init)
 *(.rel.text .rel.text.* .rel.gnu.linkonce.t.*)
 .rel.text      0x0000000000000000        0x0 boot/head.o
 *(.rel.fini)
 *(.rel.rodata .rel.rodata.* .rel.gnu.linkonce.r.*)
 *(.rel.data.rel.ro* .rel.gnu.linkonce.d.rel.ro.*)
 *(.rel.data .rel.data.* .rel.gnu.linkonce.d.*)
 .rel.data      0x0000000000000000        0x0 boot/head.o
 *(.rel.tdata .rel.tdata.* .rel.gnu.linkonce.td.*)
 *(.rel.tbss .rel.tbss.* .rel.gnu.linkonce.tb.*)
 *(.rel.ctors)
 *(.rel.dtors)
 *(.rel.got)
 *(.rel.bss .rel.bss.* .rel.gnu.linkonce.b.*)
 *(.rel.ifunc)

.rel.plt        0x0000000008048094        0x0
 *(.rel.plt)
                0x0000000008048094                PROVIDE (__rel_iplt_start, .)
 *(.rel.iplt)
 .rel.iplt      0x0000000000000000        0x0 boot/head.o
                0x0000000008048094                PROVIDE (__rel_iplt_end, .)

.init
 *(.init)

.plt            0x00000000080480a0        0x0
 *(.plt)
 *(.iplt)
 .iplt          0x0000000000000000        0x0 boot/head.o

.text           0x0000000000000000    0x10125
 *(.text.unlikely .text.*_unlikely)
 *(.text.exit .text.exit.*)
 *(.text.startup .text.startup.*)
 *(.text.hot .text.hot.*)
 *(.text .stub .text.* .gnu.linkonce.t.*)
 .text          0x0000000000000000     0x5078 boot/head.o
                0x0000000000000000                startup_32
                0x0000000000000000                pg_dir
                0x0000000000004078                idt
                0x0000000000004878                gdt
 *fill*         0x0000000000005078        0x8 90909090
 .text          0x0000000000005080      0x370 init/main.o
                0x00000000000050c1                init
                0x0000000000005232                main
 .text          0x00000000000053f0     0x5317 kernel/kernel.o
                0x00000000000053f0                sys_alarm
                0x0000000000005417                sys_getpid
                0x0000000000005423                sys_getppid
                0x000000000000542f                sys_getuid
                0x000000000000543c                sys_geteuid
                0x0000000000005449                sys_getgid
                0x0000000000005456                sys_getegid
                0x0000000000005463                sys_nice
                0x000000000000547c                sys_signal
                0x00000000000054b9                math_state_restore
                0x00000000000054f0                schedule
                0x00000000000055e1                sys_pause
                0x00000000000055f7                sleep_on
                0x0000000000005651                interruptible_sleep_on
                0x00000000000056bb                wake_up
                0x00000000000056d7                do_timer
                0x000000000000571d                sched_init
                0x0000000000005844                system_call
                0x0000000000005936                timer_interrupt
                0x000000000000596e                sys_execve
                0x000000000000597c                sys_fork
                0x0000000000005994                hd_interrupt
                0x0000000000005b41                do_double_fault
                0x0000000000005b5a                do_general_protection
                0x0000000000005b73                do_divide_error
                0x0000000000005b8c                do_int3
                0x0000000000005c44                do_nmi
                0x0000000000005c5d                do_debug
                0x0000000000005c76                do_overflow
                0x0000000000005c8f                do_bounds
                0x0000000000005ca8                do_invalid_op
                0x0000000000005cc1                do_device_not_available
                0x0000000000005cda                do_coprocessor_segment_overrun
                0x0000000000005cf3                do_invalid_TSS
                0x0000000000005d0c                do_segment_not_present
                0x0000000000005d25                do_stack_segment
                0x0000000000005d3e                do_coprocessor_error
                0x0000000000005d57                do_reserved
                0x0000000000005d70                trap_init
                0x0000000000005f2c                divide_error
                0x0000000000005f61                debug
                0x0000000000005f68                nmi
                0x0000000000005f6f                int3
                0x0000000000005f76                overflow
                0x0000000000005f7d                bounds
                0x0000000000005f84                invalid_op
                0x0000000000005f93                device_not_available
                0x0000000000005fc0                coprocessor_segment_overrun
                0x0000000000005fca                reserved
                0x0000000000005fd4                coprocessor_error
                0x0000000000005fde                double_fault
                0x0000000000006015                invalid_TSS
                0x000000000000601c                segment_not_present
                0x0000000000006023                stack_segment
                0x000000000000602a                general_protection
                0x0000000000006034                verify_area
                0x0000000000006099                copy_mem
                0x000000000000618f                copy_process
                0x000000000000641e                find_empty_process
                0x0000000000006480                panic
                0x000000000000649c                printk
                0x0000000000006726                vsprintf
                0x0000000000006a90                tty_init
                0x0000000000006aa1                tty_intr
                0x0000000000006ae6                copy_to_cooked
                0x0000000000006d66                tty_read
                0x000000000000702c                tty_write
                0x0000000000007209                do_tty_interrupt
                0x0000000000007435                openR
                0x0000000000007478                fill_list
                0x0000000000007558                closeR
                0x0000000000007592                draw_list_clip
                0x00000000000076a1                draw_list
                0x000000000000783c                mark_selected
                0x00000000000078a4                set_path_name
                0x00000000000079bd                csi_m
                0x0000000000007a18                con_write
                0x000000000000839a                con_init
                0x000000000000841d                f1_down
                0x0000000000008428                f1_up
                0x0000000000008433                tool_draw
                0x00000000000085c7                tool_dir
                0x00000000000085ee                tool_clip
                0x000000000000864f                tool_start
                0x00000000000086cf                mark_selected_clip
                0x0000000000008729                getDirectoriums
                0x0000000000008806                arr_right
                0x00000000000088c7                arr_left
                0x0000000000008960                arr_down
                0x0000000000008999                arr_up
                0x00000000000089ca                print_name_and_index
                0x0000000000008a3b                keyboard_interrupt
                0x0000000000009274                rs1_interrupt
                0x000000000000927c                rs2_interrupt
                0x00000000000099e9                rw_hd
                0x0000000000009a92                sys_setup
                0x0000000000009b91                unexpected_hd_interrupt
                0x0000000000009ba4                hd_init
                0x0000000000009c14                sys_ftime
                0x0000000000009c1a                sys_mknod
                0x0000000000009c20                sys_break
                0x0000000000009c26                sys_mount
                0x0000000000009c2c                sys_umount
                0x0000000000009c32                sys_ustat
                0x0000000000009c38                sys_ptrace
                0x0000000000009c3e                sys_stty
                0x0000000000009c44                sys_gtty
                0x0000000000009c4a                sys_rename
                0x0000000000009c50                sys_prof
                0x0000000000009c56                sys_setgid
                0x0000000000009cb3                sys_acct
                0x0000000000009cb9                sys_phys
                0x0000000000009cbf                sys_lock
                0x0000000000009cc5                sys_mpx
                0x0000000000009ccb                sys_ulimit
                0x0000000000009cd1                sys_time
                0x0000000000009d24                sys_setuid
                0x0000000000009d7d                sys_stime
                0x0000000000009dca                sys_times
                0x0000000000009e23                sys_brk
                0x0000000000009e56                sys_setpgid
                0x0000000000009ecb                sys_getpgrp
                0x0000000000009ed7                sys_setsid
                0x0000000000009f2c                sys_oldolduname
                0x0000000000009f44                sys_uname
                0x0000000000009f91                sys_umask
                0x0000000000009faf                sys_null
                0x0000000000009fe0                release
                0x000000000000a03a                do_kill
                0x000000000000a2b3                sys_kill
                0x000000000000a2e9                do_exit
                0x000000000000a47c                sys_exit
                0x000000000000a497                sys_waitpid
                0x000000000000a61e                rs_init
                0x000000000000a676                rs_write
                0x000000000000a6a0                kernel_mktime
 *fill*         0x000000000000a707        0x1 90909090
 .text          0x000000000000a708      0x517 mm/mm.o
                0x000000000000a708                invalidate
                0x000000000000a711                copy_page
                0x000000000000a736                get_free_page
                0x000000000000a76e                free_page
                0x000000000000a7ce                free_page_tables
                0x000000000000a87e                copy_page_tables
                0x000000000000a978                put_page
                0x000000000000aa25                un_wp_page
                0x000000000000aab5                do_wp_page
                0x000000000000aae5                write_verify
                0x000000000000ab24                do_no_page
                0x000000000000ab54                calc_mem
                0x000000000000abe8                page_fault
 *fill*         0x000000000000ac1f        0x1 90909090
 .text          0x000000000000ac20     0x4f4c fs/fs.o
                0x000000000000ac20                sys_utime
                0x000000000000ac89                sys_access
                0x000000000000ad20                sys_chdir
                0x000000000000ad83                sys_chroot
                0x000000000000ade6                sys_chmod
                0x000000000000ae7b                sys_chown
                0x000000000000aee2                sys_open
                0x000000000000b076                sys_creat
                0x000000000000b099                sys_close
                0x000000000000b120                sys_lseek
                0x000000000000b1dc                sys_read
                0x000000000000b337                sys_write
                0x000000000000b84b                sync_inodes
                0x000000000000b895                bmap
                0x000000000000b8ae                create_block
                0x000000000000b8c7                iput
                0x000000000000b9b5                get_empty_inode
                0x000000000000baa3                get_pipe_inode
                0x000000000000baea                iget
                0x000000000000bcd7                sys_sync
                0x000000000000bd3f                brelse
                0x000000000000bd91                get_hash_table
                0x000000000000bdf0                getblk
                0x000000000000c08f                bread
                0x000000000000c0e9                buffer_init
                0x000000000000c184                do_mount
                0x000000000000c38f                mount_root
                0x000000000000c4e0                block_write
                0x000000000000c5c3                block_read
                0x000000000000c69a                ll_rw_block
                0x000000000000c763                rw_char
                0x000000000000c7d4                file_read
                0x000000000000c97f                file_write
                0x000000000000cc1e                sys_stat
                0x000000000000cc63                sys_lstat
                0x000000000000cc7e                sys_fstat
                0x000000000000ccc1                sys_stat64
                0x000000000000cd06                sys_fstat64
                0x000000000000cd49                sys_lstat64
                0x000000000000cd64                sys_oldstat
                0x000000000000cd7c                sys_oldfstat
                0x000000000000cec4                cp_block
                0x000000000000cef9                is_valid_elf
                0x000000000000cf3e                read_file_block_ind
                0x000000000000cfd3                read_file_block
                0x000000000000d0d2                copy_section
                0x000000000000d1c0                create_bss_section
                0x000000000000d1e6                load_elf_binary
                0x000000000000d3f1                do_execve
                0x000000000000d884                read_pipe
                0x000000000000d91d                write_pipe
                0x000000000000da16                sys_pipe
                0x000000000000e049                namei
                0x000000000000e0ff                open_namei
                0x000000000000e365                sys_mkdir
                0x000000000000e61a                sys_rmdir
                0x000000000000e98c                sys_unlink
                0x000000000000eb28                sys_link
                0x000000000000ecd0                free_block
                0x000000000000ee0b                new_block
                0x000000000000ef8e                free_inode
                0x000000000000f0ba                new_inode
                0x000000000000f29a                sys_dup2
                0x000000000000f2ba                sys_dup
                0x000000000000f2ca                sys_fcntl
                0x000000000000f387                sys_fcntl64
                0x000000000000f3dc                sys_ioctl
                0x000000000000f479                tty_ioctl
                0x000000000000f745                truncate
                0x000000000000f850                sys_getdents
                0x000000000000f9de                sys_getdents64
 .text          0x000000000000fb6c        0x0 lib/lib.a(ctype.o)
 .text          0x000000000000fb6c        0xe lib/lib.a(_exit.o)
                0x000000000000fb6c                _exit
 *fill*         0x000000000000fb7a        0x2 90909090
 .text          0x000000000000fb7c       0x3d lib/lib.a(open.o)
                0x000000000000fb7c                open
 *fill*         0x000000000000fbb9        0x3 90909090
 .text          0x000000000000fbbc       0x23 lib/lib.a(close.o)
                0x000000000000fbbc                close
 *fill*         0x000000000000fbdf        0x1 90909090
 .text          0x000000000000fbe0        0x0 lib/lib.a(errno.o)
 .text          0x000000000000fbe0       0x3d lib/lib.a(write.o)
                0x000000000000fbe0                write
 *fill*         0x000000000000fc1d        0x3 90909090
 .text          0x000000000000fc20       0x23 lib/lib.a(dup.o)
                0x000000000000fc20                dup
 *fill*         0x000000000000fc43        0x1 90909090
 .text          0x000000000000fc44       0x1e lib/lib.a(setsid.o)
                0x000000000000fc44                setsid
 *fill*         0x000000000000fc62        0x2 90909090
 .text          0x000000000000fc64       0x3d lib/lib.a(execve.o)
                0x000000000000fc64                execve
 *fill*         0x000000000000fca1        0x3 90909090
 .text          0x000000000000fca4       0x60 lib/lib.a(wait.o)
                0x000000000000fca4                waitpid
                0x000000000000fce1                wait
 .text          0x000000000000fd04      0x421 lib/lib.a(string.o)
                0x000000000000fd04                strcpy
                0x000000000000fd2c                strncpy
                0x000000000000fd5d                strcat
                0x000000000000fd92                strncat
                0x000000000000fdd1                strcmp
                0x000000000000fdff                strncmp
                0x000000000000fe34                strchr
                0x000000000000fe52                strrchr
                0x000000000000fe73                strspn
                0x000000000000fec0                strcspn
                0x000000000000ff0d                strpbrk
                0x000000000000ff52                strstr
                0x000000000000ff97                strlen
                0x000000000000ffb0                strtok
                0x0000000000010041                memcpy
                0x0000000000010067                memmove
                0x00000000000100b5                memcmp
                0x00000000000100e9                memchr
                0x000000000001010f                memset
 *(.gnu.warning)

.fini
 *(.fini)
                0x0000000000010125                PROVIDE (__etext, .)
                0x0000000000010125                PROVIDE (_etext, .)
                0x0000000000010125                PROVIDE (etext, .)

.rodata         0x0000000000010140     0x1064
 *(.rodata .rodata.* .gnu.linkonce.r.*)
 .rodata.str1.1
                0x0000000000010140       0x68 init/main.o
 .rodata.str1.4
                0x00000000000101a8       0x25 init/main.o
 *fill*         0x00000000000101cd       0x13 00
 .rodata        0x00000000000101e0      0x270 kernel/kernel.o
 .rodata.str1.1
                0x0000000000010450      0x29d kernel/kernel.o
                                        0x2a7 (size before relaxing)
 *fill*         0x00000000000106ed        0x3 00
 .rodata.str1.4
                0x00000000000106f0      0x22c kernel/kernel.o
 .rodata.str1.4
                0x000000000001091c       0xe9 mm/mm.o
 .rodata.str1.1
                0x0000000000010a05       0x68 mm/mm.o
 *fill*         0x0000000000010a6d       0x13 00
 .rodata        0x0000000000010a80       0xc4 fs/fs.o
 .rodata.str1.1
                0x0000000000010b44      0x32c fs/fs.o
                                        0x332 (size before relaxing)
 .rodata.str1.4
                0x0000000000010e70      0x334 fs/fs.o

.rodata1
 *(.rodata1)

.eh_frame_hdr
 *(.eh_frame_hdr)

.eh_frame       0x00000000000111a4     0x2438
 *(.eh_frame)
 .eh_frame      0x00000000000111a4       0x74 init/main.o
 .eh_frame      0x0000000000011218      0xfb4 kernel/kernel.o
                                       0x10ec (size before relaxing)
 .eh_frame      0x00000000000121cc      0x1a8 mm/mm.o
                                        0x1c0 (size before relaxing)
 .eh_frame      0x0000000000012374      0xf0c fs/fs.o
                                       0x10bc (size before relaxing)
 .eh_frame      0x0000000000013280       0x1c lib/lib.a(_exit.o)
                                         0x34 (size before relaxing)
 .eh_frame      0x000000000001329c       0x20 lib/lib.a(open.o)
                                         0x38 (size before relaxing)
 .eh_frame      0x00000000000132bc       0x1c lib/lib.a(close.o)
                                         0x34 (size before relaxing)
 .eh_frame      0x00000000000132d8       0x20 lib/lib.a(write.o)
                                         0x38 (size before relaxing)
 .eh_frame      0x00000000000132f8       0x1c lib/lib.a(dup.o)
                                         0x34 (size before relaxing)
 .eh_frame      0x0000000000013314       0x14 lib/lib.a(setsid.o)
                                         0x2c (size before relaxing)
 .eh_frame      0x0000000000013328       0x20 lib/lib.a(execve.o)
                                         0x38 (size before relaxing)
 .eh_frame      0x0000000000013348       0x38 lib/lib.a(wait.o)
                                         0x50 (size before relaxing)
 .eh_frame      0x0000000000013380      0x25c lib/lib.a(string.o)
                                        0x274 (size before relaxing)

.gcc_except_table
 *(.gcc_except_table .gcc_except_table.*)

.exception_ranges
 *(.exception_ranges .exception_ranges*)
                0x00000000000135dc                . = (ALIGN (0x1000) - ((0x1000 - .) & 0xfff))
                0x00000000000145dc                . = DATA_SEGMENT_ALIGN (0x1000, 0x1000)

.eh_frame
 *(.eh_frame)

.gcc_except_table
 *(.gcc_except_table .gcc_except_table.*)

.exception_ranges
 *(.exception_ranges .exception_ranges*)

.tdata
 *(.tdata .tdata.* .gnu.linkonce.td.*)

.tbss
 *(.tbss .tbss.* .gnu.linkonce.tb.*)
 *(.tcommon)

.preinit_array  0x00000000000145dc        0x0
                0x00000000000145dc                PROVIDE (__preinit_array_start, .)
 *(.preinit_array)
                0x00000000000145dc                PROVIDE (__preinit_array_end, .)

.init_array     0x00000000000145dc        0x0
                0x00000000000145dc                PROVIDE (__init_array_start, .)
 *(SORT(.init_array.*) SORT(.ctors.*))
 *(.init_array)
 *(EXCLUDE_FILE(*crtend?.o *crtend.o *crtbegin?.o *crtbegin.o) .ctors)
                0x00000000000145dc                PROVIDE (__init_array_end, .)

.fini_array     0x00000000000145dc        0x0
                0x00000000000145dc                PROVIDE (__fini_array_start, .)
 *(SORT(.fini_array.*) SORT(.dtors.*))
 *(.fini_array)
 *(EXCLUDE_FILE(*crtend?.o *crtend.o *crtbegin?.o *crtbegin.o) .dtors)
                0x00000000000145dc                PROVIDE (__fini_array_end, .)

.ctors
 *crtbegin.o(.ctors)
 *crtbegin?.o(.ctors)
 *(EXCLUDE_FILE(*crtend?.o *crtend.o) .ctors)
 *(SORT(.ctors.*))
 *(.ctors)

.dtors
 *crtbegin.o(.dtors)
 *crtbegin?.o(.dtors)
 *(EXCLUDE_FILE(*crtend?.o *crtend.o) .dtors)
 *(SORT(.dtors.*))
 *(.dtors)

.jcr
 *(.jcr)

.data.rel.ro
 *(.data.rel.ro.local* .gnu.linkonce.d.rel.ro.local.*)
 *(.data.rel.ro* .gnu.linkonce.d.rel.ro.*)

.dynamic
 *(.dynamic)

.got
 *(.got)
 *(.igot)
                0x00000000000145dc                . = DATA_SEGMENT_RELRO_END (., 0xc)

.got.plt        0x00000000000145dc        0x0
 *(.got.plt)
 *(.igot.plt)
 .igot.plt      0x0000000000000000        0x0 boot/head.o

.data           0x00000000000145e0     0x3e64
 *(.data .data.* .gnu.linkonce.d.*)
 .data          0x00000000000145e0        0x0 boot/head.o
 .data          0x00000000000145e0       0x18 init/main.o
 *fill*         0x00000000000145f8        0x8 00
 .data          0x0000000000014600     0x3d2c kernel/kernel.o
                0x0000000000014600                stack_start
                0x0000000000014620                task
                0x0000000000014720                current
                0x0000000000014740                sys_call_table
                0x0000000000015c40                table_list
                0x0000000000015c60                tty_table
 .data          0x000000000001832c        0x0 mm/mm.o
 .data          0x000000000001832c        0x4 fs/fs.o
                0x000000000001832c                start_buffer
 *fill*         0x0000000000018330       0x10 00
 .data          0x0000000000018340      0x101 lib/lib.a(ctype.o)
                0x0000000000018340                _ctype
 *fill*         0x0000000000018441        0x3 00
 .data          0x0000000000018444        0x0 lib/lib.a(_exit.o)
 .data          0x0000000000018444        0x0 lib/lib.a(open.o)
 .data          0x0000000000018444        0x0 lib/lib.a(close.o)
 .data          0x0000000000018444        0x0 lib/lib.a(errno.o)
 .data          0x0000000000018444        0x0 lib/lib.a(write.o)
 .data          0x0000000000018444        0x0 lib/lib.a(dup.o)
 .data          0x0000000000018444        0x0 lib/lib.a(setsid.o)
 .data          0x0000000000018444        0x0 lib/lib.a(execve.o)
 .data          0x0000000000018444        0x0 lib/lib.a(wait.o)
 .data          0x0000000000018444        0x0 lib/lib.a(string.o)

.data1
 *(.data1)
                0x0000000000018444                _edata = .
                0x0000000000018444                PROVIDE (edata, .)
                0x0000000000018444                __bss_start = .

.bss            0x0000000000018460     0x41ac
 *(.dynbss)
 *(.bss .bss.* .gnu.linkonce.b.*)
 .bss           0x0000000000018460        0x0 boot/head.o
 .bss           0x0000000000018460      0x400 init/main.o
 .bss           0x0000000000018860      0xe4c kernel/kernel.o
                0x0000000000018860                last_task_used_math
                0x0000000000018864                startup_time
                0x0000000000018868                jiffies
                0x000000000001886c                last_pid
                0x0000000000018ca0                f1_down_flag
                0x00000000000191a0                do_hd
 *fill*         0x00000000000196ac       0x14 00
 .bss           0x00000000000196c0      0xc00 mm/mm.o
 .bss           0x000000000001a2c0      0x710 fs/fs.o
                0x000000000001a2c0                inode_table
                0x000000000001a9c4                nr_buffers
 .bss           0x000000000001a9d0        0x0 lib/lib.a(ctype.o)
 .bss           0x000000000001a9d0        0x0 lib/lib.a(_exit.o)
 .bss           0x000000000001a9d0        0x0 lib/lib.a(open.o)
 .bss           0x000000000001a9d0        0x0 lib/lib.a(close.o)
 .bss           0x000000000001a9d0        0x0 lib/lib.a(errno.o)
 .bss           0x000000000001a9d0        0x0 lib/lib.a(write.o)
 .bss           0x000000000001a9d0        0x0 lib/lib.a(dup.o)
 .bss           0x000000000001a9d0        0x0 lib/lib.a(setsid.o)
 .bss           0x000000000001a9d0        0x0 lib/lib.a(execve.o)
 .bss           0x000000000001a9d0        0x0 lib/lib.a(wait.o)
 .bss           0x000000000001a9d0        0x0 lib/lib.a(string.o)
 *(COMMON)
 *fill*         0x000000000001a9d0       0x10 00
 COMMON         0x000000000001a9e0     0x1000 kernel/kernel.o
                0x000000000001a9e0                user_stack
 COMMON         0x000000000001b9e0      0xc20 fs/fs.o
                0x000000000001b9e0                hash_table
                0x000000000001bec0                super_block
                0x000000000001c200                file_table
 COMMON         0x000000000001c600        0x1 lib/lib.a(ctype.o)
                0x000000000001c600                _ctmp
 *fill*         0x000000000001c601        0x3 00
 COMMON         0x000000000001c604        0x4 lib/lib.a(errno.o)
                0x000000000001c604                errno
 COMMON         0x000000000001c608        0x4 lib/lib.a(string.o)
                0x000000000001c608                ___strtok
                0x000000000001c60c                . = ALIGN ((. != 0x0)?0x4:0x1)
                0x000000000001c60c                . = ALIGN (0x4)
                0x000000000001c60c                . = ALIGN (0x4)
                0x000000000001c60c                _end = .
                0x000000000001c60c                PROVIDE (end, .)
                0x000000000001c60c                . = DATA_SEGMENT_END (.)

.stab
 *(.stab)

.stabstr
 *(.stabstr)

.stab.excl
 *(.stab.excl)

.stab.exclstr
 *(.stab.exclstr)

.stab.index
 *(.stab.index)

.stab.indexstr
 *(.stab.indexstr)

.comment        0x0000000000000000       0x2a
 *(.comment)
 .comment       0x0000000000000000       0x2a init/main.o
                                         0x2b (size before relaxing)
 .comment       0x0000000000000000      0x22f kernel/kernel.o
 .comment       0x0000000000000000       0x2b mm/mm.o
 .comment       0x0000000000000000      0x331 fs/fs.o
 .comment       0x0000000000000000       0x2b lib/lib.a(ctype.o)
 .comment       0x0000000000000000       0x2b lib/lib.a(_exit.o)
 .comment       0x0000000000000000       0x2b lib/lib.a(open.o)
 .comment       0x0000000000000000       0x2b lib/lib.a(close.o)
 .comment       0x0000000000000000       0x2b lib/lib.a(errno.o)
 .comment       0x0000000000000000       0x2b lib/lib.a(write.o)
 .comment       0x0000000000000000       0x2b lib/lib.a(dup.o)
 .comment       0x0000000000000000       0x2b lib/lib.a(setsid.o)
 .comment       0x0000000000000000       0x2b lib/lib.a(execve.o)
 .comment       0x0000000000000000       0x2b lib/lib.a(wait.o)
 .comment       0x0000000000000000       0x2b lib/lib.a(string.o)

.debug
 *(.debug)

.line
 *(.line)

.debug_srcinfo
 *(.debug_srcinfo)

.debug_sfnames
 *(.debug_sfnames)

.debug_aranges  0x0000000000000000      0x540
 *(.debug_aranges)
 .debug_aranges
                0x0000000000000000       0x20 init/main.o
 .debug_aranges
                0x0000000000000020      0x1a0 kernel/kernel.o
 .debug_aranges
                0x00000000000001c0       0x20 mm/mm.o
 .debug_aranges
                0x00000000000001e0      0x240 fs/fs.o
 .debug_aranges
                0x0000000000000420       0x20 lib/lib.a(_exit.o)
 .debug_aranges
                0x0000000000000440       0x20 lib/lib.a(open.o)
 .debug_aranges
                0x0000000000000460       0x20 lib/lib.a(close.o)
 .debug_aranges
                0x0000000000000480       0x20 lib/lib.a(write.o)
 .debug_aranges
                0x00000000000004a0       0x20 lib/lib.a(dup.o)
 .debug_aranges
                0x00000000000004c0       0x20 lib/lib.a(setsid.o)
 .debug_aranges
                0x00000000000004e0       0x20 lib/lib.a(execve.o)
 .debug_aranges
                0x0000000000000500       0x20 lib/lib.a(wait.o)
 .debug_aranges
                0x0000000000000520       0x20 lib/lib.a(string.o)

.debug_pubnames
 *(.debug_pubnames)

.debug_info     0x0000000000000000    0x1b00e
 *(.debug_info .gnu.linkonce.wi.*)
 .debug_info    0x0000000000000000      0xccf init/main.o
 .debug_info    0x0000000000000ccf     0x94a5 kernel/kernel.o
 .debug_info    0x000000000000a174      0x4d6 mm/mm.o
 .debug_info    0x000000000000a64a     0xe2d3 fs/fs.o
 .debug_info    0x000000000001891d       0x70 lib/lib.a(ctype.o)
 .debug_info    0x000000000001898d      0x3af lib/lib.a(_exit.o)
 .debug_info    0x0000000000018d3c      0x403 lib/lib.a(open.o)
 .debug_info    0x000000000001913f      0x3ce lib/lib.a(close.o)
 .debug_info    0x000000000001950d       0x3f lib/lib.a(errno.o)
 .debug_info    0x000000000001954c      0x400 lib/lib.a(write.o)
 .debug_info    0x000000000001994c      0x3ce lib/lib.a(dup.o)
 .debug_info    0x0000000000019d1a      0x3cb lib/lib.a(setsid.o)
 .debug_info    0x000000000001a0e5      0x3fc lib/lib.a(execve.o)
 .debug_info    0x000000000001a4e1      0x428 lib/lib.a(wait.o)
 .debug_info    0x000000000001a909      0x705 lib/lib.a(string.o)

.debug_abbrev   0x0000000000000000     0x447e
 *(.debug_abbrev)
 .debug_abbrev  0x0000000000000000      0x1d7 init/main.o
 .debug_abbrev  0x00000000000001d7     0x1835 kernel/kernel.o
 .debug_abbrev  0x0000000000001a0c      0x1af mm/mm.o
 .debug_abbrev  0x0000000000001bbb     0x212e fs/fs.o
 .debug_abbrev  0x0000000000003ce9       0x42 lib/lib.a(ctype.o)
 .debug_abbrev  0x0000000000003d2b       0xa3 lib/lib.a(_exit.o)
 .debug_abbrev  0x0000000000003dce       0xdc lib/lib.a(open.o)
 .debug_abbrev  0x0000000000003eaa       0xb4 lib/lib.a(close.o)
 .debug_abbrev  0x0000000000003f5e       0x30 lib/lib.a(errno.o)
 .debug_abbrev  0x0000000000003f8e       0xd7 lib/lib.a(write.o)
 .debug_abbrev  0x0000000000004065       0xb4 lib/lib.a(dup.o)
 .debug_abbrev  0x0000000000004119       0xb2 lib/lib.a(setsid.o)
 .debug_abbrev  0x00000000000041cb       0xbb lib/lib.a(execve.o)
 .debug_abbrev  0x0000000000004286       0xd0 lib/lib.a(wait.o)
 .debug_abbrev  0x0000000000004356      0x128 lib/lib.a(string.o)

.debug_line     0x0000000000000000     0x390d
 *(.debug_line)
 .debug_line    0x0000000000000000      0x11e init/main.o
 .debug_line    0x000000000000011e     0x167d kernel/kernel.o
 .debug_line    0x000000000000179b      0x122 mm/mm.o
 .debug_line    0x00000000000018bd     0x1b88 fs/fs.o
 .debug_line    0x0000000000003445       0x28 lib/lib.a(ctype.o)
 .debug_line    0x000000000000346d       0x50 lib/lib.a(_exit.o)
 .debug_line    0x00000000000034bd       0x76 lib/lib.a(open.o)
 .debug_line    0x0000000000003533       0x6e lib/lib.a(close.o)
 .debug_line    0x00000000000035a1       0x28 lib/lib.a(errno.o)
 .debug_line    0x00000000000035c9       0x8c lib/lib.a(write.o)
 .debug_line    0x0000000000003655       0x6c lib/lib.a(dup.o)
 .debug_line    0x00000000000036c1       0x88 lib/lib.a(setsid.o)
 .debug_line    0x0000000000003749       0x73 lib/lib.a(execve.o)
 .debug_line    0x00000000000037bc       0x90 lib/lib.a(wait.o)
 .debug_line    0x000000000000384c       0xc1 lib/lib.a(string.o)

.debug_frame
 *(.debug_frame)

.debug_str      0x0000000000000000     0x1b4c
 *(.debug_str)
 .debug_str     0x0000000000000000      0x3f7 init/main.o
                                        0x4a4 (size before relaxing)
 .debug_str     0x00000000000003f7      0xc3c kernel/kernel.o
                                       0x3303 (size before relaxing)
 .debug_str     0x0000000000001033      0x125 mm/mm.o
                                        0x1c0 (size before relaxing)
 .debug_str     0x0000000000001158      0x92a fs/fs.o
                                       0x53ba (size before relaxing)
 .debug_str     0x0000000000001a82       0x25 lib/lib.a(ctype.o)
                                         0x65 (size before relaxing)
 .debug_str     0x0000000000001aa7        0x8 lib/lib.a(_exit.o)
                                        0x283 (size before relaxing)
 .debug_str     0x0000000000000000        0x8 lib/lib.a(open.o)
                                        0x293 (size before relaxing)
 .debug_str     0x0000000000001aaf        0x8 lib/lib.a(close.o)
                                        0x285 (size before relaxing)
 .debug_str     0x0000000000001ab7        0x8 lib/lib.a(errno.o)
                                         0x37 (size before relaxing)
 .debug_str     0x0000000000000000        0x8 lib/lib.a(write.o)
                                        0x291 (size before relaxing)
 .debug_str     0x0000000000001abf        0x6 lib/lib.a(dup.o)
                                        0x27d (size before relaxing)
 .debug_str     0x0000000000001ac5        0x9 lib/lib.a(setsid.o)
                                        0x28d (size before relaxing)
 .debug_str     0x0000000000001ace        0x9 lib/lib.a(execve.o)
                                        0x296 (size before relaxing)
 .debug_str     0x0000000000001ad7       0x11 lib/lib.a(wait.o)
                                        0x2a3 (size before relaxing)
 .debug_str     0x0000000000001ae8       0x64 lib/lib.a(string.o)
                                         0xeb (size before relaxing)

.debug_loc      0x0000000000000000     0xb385
 *(.debug_loc)
 .debug_loc     0x0000000000000000      0x256 init/main.o
 .debug_loc     0x0000000000000256     0x41c9 kernel/kernel.o
 .debug_loc     0x000000000000441f      0x640 mm/mm.o
 .debug_loc     0x0000000000004a5f     0x6353 fs/fs.o
 .debug_loc     0x000000000000adb2       0x2c lib/lib.a(_exit.o)
 .debug_loc     0x000000000000adde       0x3f lib/lib.a(open.o)
 .debug_loc     0x000000000000ae1d       0x3f lib/lib.a(close.o)
 .debug_loc     0x000000000000ae5c       0x57 lib/lib.a(write.o)
 .debug_loc     0x000000000000aeb3       0x3f lib/lib.a(dup.o)
 .debug_loc     0x000000000000aef2       0x13 lib/lib.a(setsid.o)
 .debug_loc     0x000000000000af05       0x57 lib/lib.a(execve.o)
 .debug_loc     0x000000000000af5c       0x83 lib/lib.a(wait.o)
 .debug_loc     0x000000000000afdf      0x3a6 lib/lib.a(string.o)

.debug_macinfo
 *(.debug_macinfo)

.debug_weaknames
 *(.debug_weaknames)

.debug_funcnames
 *(.debug_funcnames)

.debug_typenames
 *(.debug_typenames)

.debug_varnames
 *(.debug_varnames)

.debug_pubtypes
 *(.debug_pubtypes)

.debug_ranges   0x0000000000000000      0x5b8
 *(.debug_ranges)
 .debug_ranges  0x0000000000000000      0x2b0 kernel/kernel.o
 .debug_ranges  0x00000000000002b0      0x308 fs/fs.o

.gnu.attributes
 *(.gnu.attributes)

/DISCARD/
 *(.note.GNU-stack)
 *(.gnu_debuglink)
 *(.gnu.lto_*)
OUTPUT(tools/system elf32-i386)
