Archive member included because of file (symbol)

lib/lib.a(ctype.o)            kernel/kernel.o (_ctype)
lib/lib.a(_exit.o)            init/main.o (_exit)
lib/lib.a(open.o)             init/main.o (open)
lib/lib.a(close.o)            init/main.o (close)
lib/lib.a(errno.o)            init/main.o (errno)
lib/lib.a(write.o)            init/main.o (write)
lib/lib.a(dup.o)              init/main.o (dup)
lib/lib.a(setsid.o)           init/main.o (setsid)
lib/lib.a(execve.o)           init/main.o (execve)
lib/lib.a(wait.o)             init/main.o (wait)
lib/lib.a(string.o)           kernel/kernel.o (memcpy)

Allocating common symbols
Common symbol       size              file

errno               0x4               lib/lib.a(errno.o)
hash_table          0x4cc             fs/fs.o
___strtok           0x4               lib/lib.a(string.o)
user_stack          0x1000            kernel/kernel.o
_ctmp               0x1               lib/lib.a(ctype.o)
super_block         0x340             fs/fs.o
file_table          0x400             fs/fs.o

Discarded input sections

 .note.GNU-stack
                0x0000000000000000        0x0 init/main.o
 .note.GNU-stack
                0x0000000000000000        0x0 kernel/kernel.o
 .note.GNU-stack
                0x0000000000000000        0x0 mm/mm.o
 .note.GNU-stack
                0x0000000000000000        0x0 fs/fs.o
 .note.GNU-stack
                0x0000000000000000        0x0 lib/lib.a(ctype.o)
 .note.GNU-stack
                0x0000000000000000        0x0 lib/lib.a(_exit.o)
 .note.GNU-stack
                0x0000000000000000        0x0 lib/lib.a(open.o)
 .note.GNU-stack
                0x0000000000000000        0x0 lib/lib.a(close.o)
 .note.GNU-stack
                0x0000000000000000        0x0 lib/lib.a(errno.o)
 .note.GNU-stack
                0x0000000000000000        0x0 lib/lib.a(write.o)
 .note.GNU-stack
                0x0000000000000000        0x0 lib/lib.a(dup.o)
 .note.GNU-stack
                0x0000000000000000        0x0 lib/lib.a(setsid.o)
 .note.GNU-stack
                0x0000000000000000        0x0 lib/lib.a(execve.o)
 .note.GNU-stack
                0x0000000000000000        0x0 lib/lib.a(wait.o)
 .note.GNU-stack
                0x0000000000000000        0x0 lib/lib.a(string.o)

Memory Configuration

Name             Origin             Length             Attributes
*default*        0x0000000000000000 0xffffffffffffffff

Linker script and memory map

Address of section .text set to 0x0
LOAD boot/head.o
LOAD init/main.o
LOAD kernel/kernel.o
LOAD mm/mm.o
LOAD fs/fs.o
LOAD lib/lib.a
                0x0000000008048000                PROVIDE (__executable_start, 0x8048000)
                0x0000000008048094                . = (0x8048000 + SIZEOF_HEADERS)

.interp
 *(.interp)

.note.gnu.build-id
 *(.note.gnu.build-id)

.hash
 *(.hash)

.gnu.hash
 *(.gnu.hash)

.dynsym
 *(.dynsym)

.dynstr
 *(.dynstr)

.gnu.version
 *(.gnu.version)

.gnu.version_d
 *(.gnu.version_d)

.gnu.version_r
 *(.gnu.version_r)

.rel.dyn        0x0000000008048094        0x0
 *(.rel.init)
 *(.rel.text .rel.text.* .rel.gnu.linkonce.t.*)
 .rel.text      0x0000000000000000        0x0 boot/head.o
 *(.rel.fini)
 *(.rel.rodata .rel.rodata.* .rel.gnu.linkonce.r.*)
 *(.rel.data.rel.ro* .rel.gnu.linkonce.d.rel.ro.*)
 *(.rel.data .rel.data.* .rel.gnu.linkonce.d.*)
 .rel.data      0x0000000000000000        0x0 boot/head.o
 *(.rel.tdata .rel.tdata.* .rel.gnu.linkonce.td.*)
 *(.rel.tbss .rel.tbss.* .rel.gnu.linkonce.tb.*)
 *(.rel.ctors)
 *(.rel.dtors)
 *(.rel.got)
 *(.rel.bss .rel.bss.* .rel.gnu.linkonce.b.*)
 *(.rel.ifunc)

.rel.plt        0x0000000008048094        0x0
 *(.rel.plt)
                0x0000000008048094                PROVIDE (__rel_iplt_start, .)
 *(.rel.iplt)
 .rel.iplt      0x0000000000000000        0x0 boot/head.o
                0x0000000008048094                PROVIDE (__rel_iplt_end, .)

.init
 *(.init)

.plt            0x00000000080480a0        0x0
 *(.plt)
 *(.iplt)
 .iplt          0x0000000000000000        0x0 boot/head.o

.text           0x0000000000000000     0xfa15
 *(.text.unlikely .text.*_unlikely)
 *(.text.exit .text.exit.*)
 *(.text.startup .text.startup.*)
 *(.text.hot .text.hot.*)
 *(.text .stub .text.* .gnu.linkonce.t.*)
 .text          0x0000000000000000     0x5078 boot/head.o
                0x0000000000000000                startup_32
                0x0000000000000000                pg_dir
                0x0000000000004078                idt
                0x0000000000004878                gdt
 *fill*         0x0000000000005078        0x8 90909090
 .text          0x0000000000005080      0x370 init/main.o
                0x00000000000050c1                init
                0x0000000000005232                main
 .text          0x00000000000053f0     0x4c07 kernel/kernel.o
                0x00000000000053f0                sys_alarm
                0x0000000000005417                sys_getpid
                0x0000000000005423                sys_getppid
                0x000000000000542f                sys_getuid
                0x000000000000543c                sys_geteuid
                0x0000000000005449                sys_getgid
                0x0000000000005456                sys_getegid
                0x0000000000005463                sys_nice
                0x000000000000547c                sys_signal
                0x00000000000054b9                math_state_restore
                0x00000000000054f0                schedule
                0x00000000000055e1                sys_pause
                0x00000000000055f7                sleep_on
                0x0000000000005651                interruptible_sleep_on
                0x00000000000056bb                wake_up
                0x00000000000056d7                do_timer
                0x000000000000571d                sched_init
                0x0000000000005844                system_call
                0x0000000000005936                timer_interrupt
                0x000000000000596e                sys_execve
                0x000000000000597c                sys_fork
                0x0000000000005994                hd_interrupt
                0x0000000000005b41                do_double_fault
                0x0000000000005b5a                do_general_protection
                0x0000000000005b73                do_divide_error
                0x0000000000005b8c                do_int3
                0x0000000000005c44                do_nmi
                0x0000000000005c5d                do_debug
                0x0000000000005c76                do_overflow
                0x0000000000005c8f                do_bounds
                0x0000000000005ca8                do_invalid_op
                0x0000000000005cc1                do_device_not_available
                0x0000000000005cda                do_coprocessor_segment_overrun
                0x0000000000005cf3                do_invalid_TSS
                0x0000000000005d0c                do_segment_not_present
                0x0000000000005d25                do_stack_segment
                0x0000000000005d3e                do_coprocessor_error
                0x0000000000005d57                do_reserved
                0x0000000000005d70                trap_init
                0x0000000000005f2c                divide_error
                0x0000000000005f61                debug
                0x0000000000005f68                nmi
                0x0000000000005f6f                int3
                0x0000000000005f76                overflow
                0x0000000000005f7d                bounds
                0x0000000000005f84                invalid_op
                0x0000000000005f93                device_not_available
                0x0000000000005fc0                coprocessor_segment_overrun
                0x0000000000005fca                reserved
                0x0000000000005fd4                coprocessor_error
                0x0000000000005fde                double_fault
                0x0000000000006015                invalid_TSS
                0x000000000000601c                segment_not_present
                0x0000000000006023                stack_segment
                0x000000000000602a                general_protection
                0x0000000000006034                verify_area
                0x0000000000006099                copy_mem
                0x000000000000618f                copy_process
                0x000000000000641e                find_empty_process
                0x0000000000006480                panic
                0x000000000000649c                printk
                0x0000000000006726                vsprintf
                0x0000000000006a90                tty_init
                0x0000000000006aa1                tty_intr
                0x0000000000006ae6                copy_to_cooked
                0x0000000000006d66                tty_read
                0x000000000000702c                tty_write
                0x0000000000007209                do_tty_interrupt
                0x0000000000007435                tool_dir
                0x0000000000007467                tool_start
                0x00000000000074fd                set_path_name
                0x0000000000007616                csi_m
                0x0000000000007671                con_write
                0x0000000000007ffa                con_init
                0x000000000000807d                f1_down
                0x0000000000008088                f1_up
                0x0000000000008093                tool_draw
                0x000000000000822c                getDirectoriums
                0x0000000000008309                print_name_and_index
                0x000000000000837b                keyboard_interrupt
                0x0000000000008b70                rs1_interrupt
                0x0000000000008b78                rs2_interrupt
                0x00000000000092d9                rw_hd
                0x0000000000009382                sys_setup
                0x0000000000009481                unexpected_hd_interrupt
                0x0000000000009494                hd_init
                0x0000000000009504                sys_ftime
                0x000000000000950a                sys_mknod
                0x0000000000009510                sys_break
                0x0000000000009516                sys_mount
                0x000000000000951c                sys_umount
                0x0000000000009522                sys_ustat
                0x0000000000009528                sys_ptrace
                0x000000000000952e                sys_stty
                0x0000000000009534                sys_gtty
                0x000000000000953a                sys_rename
                0x0000000000009540                sys_prof
                0x0000000000009546                sys_setgid
                0x00000000000095a3                sys_acct
                0x00000000000095a9                sys_phys
                0x00000000000095af                sys_lock
                0x00000000000095b5                sys_mpx
                0x00000000000095bb                sys_ulimit
                0x00000000000095c1                sys_time
                0x0000000000009614                sys_setuid
                0x000000000000966d                sys_stime
                0x00000000000096ba                sys_times
                0x0000000000009713                sys_brk
                0x0000000000009746                sys_setpgid
                0x00000000000097bb                sys_getpgrp
                0x00000000000097c7                sys_setsid
                0x000000000000981c                sys_oldolduname
                0x0000000000009834                sys_uname
                0x0000000000009881                sys_umask
                0x000000000000989f                sys_null
                0x00000000000098d0                release
                0x000000000000992a                do_kill
                0x0000000000009ba3                sys_kill
                0x0000000000009bd9                do_exit
                0x0000000000009d6c                sys_exit
                0x0000000000009d87                sys_waitpid
                0x0000000000009f0e                rs_init
                0x0000000000009f66                rs_write
                0x0000000000009f90                kernel_mktime
 *fill*         0x0000000000009ff7        0x1 90909090
 .text          0x0000000000009ff8      0x517 mm/mm.o
                0x0000000000009ff8                invalidate
                0x000000000000a001                copy_page
                0x000000000000a026                get_free_page
                0x000000000000a05e                free_page
                0x000000000000a0be                free_page_tables
                0x000000000000a16e                copy_page_tables
                0x000000000000a268                put_page
                0x000000000000a315                un_wp_page
                0x000000000000a3a5                do_wp_page
                0x000000000000a3d5                write_verify
                0x000000000000a414                do_no_page
                0x000000000000a444                calc_mem
                0x000000000000a4d8                page_fault
 *fill*         0x000000000000a50f        0x1 90909090
 .text          0x000000000000a510     0x4f4c fs/fs.o
                0x000000000000a510                sys_utime
                0x000000000000a579                sys_access
                0x000000000000a610                sys_chdir
                0x000000000000a673                sys_chroot
                0x000000000000a6d6                sys_chmod
                0x000000000000a76b                sys_chown
                0x000000000000a7d2                sys_open
                0x000000000000a966                sys_creat
                0x000000000000a989                sys_close
                0x000000000000aa10                sys_lseek
                0x000000000000aacc                sys_read
                0x000000000000ac27                sys_write
                0x000000000000b13b                sync_inodes
                0x000000000000b185                bmap
                0x000000000000b19e                create_block
                0x000000000000b1b7                iput
                0x000000000000b2a5                get_empty_inode
                0x000000000000b393                get_pipe_inode
                0x000000000000b3da                iget
                0x000000000000b5c7                sys_sync
                0x000000000000b62f                brelse
                0x000000000000b681                get_hash_table
                0x000000000000b6e0                getblk
                0x000000000000b97f                bread
                0x000000000000b9d9                buffer_init
                0x000000000000ba74                do_mount
                0x000000000000bc7f                mount_root
                0x000000000000bdd0                block_write
                0x000000000000beb3                block_read
                0x000000000000bf8a                ll_rw_block
                0x000000000000c053                rw_char
                0x000000000000c0c4                file_read
                0x000000000000c26f                file_write
                0x000000000000c50e                sys_stat
                0x000000000000c553                sys_lstat
                0x000000000000c56e                sys_fstat
                0x000000000000c5b1                sys_stat64
                0x000000000000c5f6                sys_fstat64
                0x000000000000c639                sys_lstat64
                0x000000000000c654                sys_oldstat
                0x000000000000c66c                sys_oldfstat
                0x000000000000c7b4                cp_block
                0x000000000000c7e9                is_valid_elf
                0x000000000000c82e                read_file_block_ind
                0x000000000000c8c3                read_file_block
                0x000000000000c9c2                copy_section
                0x000000000000cab0                create_bss_section
                0x000000000000cad6                load_elf_binary
                0x000000000000cce1                do_execve
                0x000000000000d174                read_pipe
                0x000000000000d20d                write_pipe
                0x000000000000d306                sys_pipe
                0x000000000000d939                namei
                0x000000000000d9ef                open_namei
                0x000000000000dc55                sys_mkdir
                0x000000000000df0a                sys_rmdir
                0x000000000000e27c                sys_unlink
                0x000000000000e418                sys_link
                0x000000000000e5c0                free_block
                0x000000000000e6fb                new_block
                0x000000000000e87e                free_inode
                0x000000000000e9aa                new_inode
                0x000000000000eb8a                sys_dup2
                0x000000000000ebaa                sys_dup
                0x000000000000ebba                sys_fcntl
                0x000000000000ec77                sys_fcntl64
                0x000000000000eccc                sys_ioctl
                0x000000000000ed69                tty_ioctl
                0x000000000000f035                truncate
                0x000000000000f140                sys_getdents
                0x000000000000f2ce                sys_getdents64
 .text          0x000000000000f45c        0x0 lib/lib.a(ctype.o)
 .text          0x000000000000f45c        0xe lib/lib.a(_exit.o)
                0x000000000000f45c                _exit
 *fill*         0x000000000000f46a        0x2 90909090
 .text          0x000000000000f46c       0x3d lib/lib.a(open.o)
                0x000000000000f46c                open
 *fill*         0x000000000000f4a9        0x3 90909090
 .text          0x000000000000f4ac       0x23 lib/lib.a(close.o)
                0x000000000000f4ac                close
 *fill*         0x000000000000f4cf        0x1 90909090
 .text          0x000000000000f4d0        0x0 lib/lib.a(errno.o)
 .text          0x000000000000f4d0       0x3d lib/lib.a(write.o)
                0x000000000000f4d0                write
 *fill*         0x000000000000f50d        0x3 90909090
 .text          0x000000000000f510       0x23 lib/lib.a(dup.o)
                0x000000000000f510                dup
 *fill*         0x000000000000f533        0x1 90909090
 .text          0x000000000000f534       0x1e lib/lib.a(setsid.o)
                0x000000000000f534                setsid
 *fill*         0x000000000000f552        0x2 90909090
 .text          0x000000000000f554       0x3d lib/lib.a(execve.o)
                0x000000000000f554                execve
 *fill*         0x000000000000f591        0x3 90909090
 .text          0x000000000000f594       0x60 lib/lib.a(wait.o)
                0x000000000000f594                waitpid
                0x000000000000f5d1                wait
 .text          0x000000000000f5f4      0x421 lib/lib.a(string.o)
                0x000000000000f5f4                strcpy
                0x000000000000f61c                strncpy
                0x000000000000f64d                strcat
                0x000000000000f682                strncat
                0x000000000000f6c1                strcmp
                0x000000000000f6ef                strncmp
                0x000000000000f724                strchr
                0x000000000000f742                strrchr
                0x000000000000f763                strspn
                0x000000000000f7b0                strcspn
                0x000000000000f7fd                strpbrk
                0x000000000000f842                strstr
                0x000000000000f887                strlen
                0x000000000000f8a0                strtok
                0x000000000000f931                memcpy
                0x000000000000f957                memmove
                0x000000000000f9a5                memcmp
                0x000000000000f9d9                memchr
                0x000000000000f9ff                memset
 *(.gnu.warning)

.fini
 *(.fini)
                0x000000000000fa15                PROVIDE (__etext, .)
                0x000000000000fa15                PROVIDE (_etext, .)
                0x000000000000fa15                PROVIDE (etext, .)

.rodata         0x000000000000fa20     0x1044
 *(.rodata .rodata.* .gnu.linkonce.r.*)
 .rodata.str1.1
                0x000000000000fa20       0x68 init/main.o
 .rodata.str1.4
                0x000000000000fa88       0x25 init/main.o
 *fill*         0x000000000000faad       0x13 00
 .rodata        0x000000000000fac0      0x270 kernel/kernel.o
 .rodata.str1.1
                0x000000000000fd30      0x282 kernel/kernel.o
                                        0x292 (size before relaxing)
 *fill*         0x000000000000ffb2        0x2 00
 .rodata.str1.4
                0x000000000000ffb4      0x22c kernel/kernel.o
 .rodata.str1.4
                0x00000000000101e0       0xe9 mm/mm.o
 .rodata.str1.1
                0x00000000000102c9       0x68 mm/mm.o
 *fill*         0x0000000000010331        0xf 00
 .rodata        0x0000000000010340       0xc4 fs/fs.o
 .rodata.str1.1
                0x0000000000010404      0x32c fs/fs.o
                                        0x332 (size before relaxing)
 .rodata.str1.4
                0x0000000000010730      0x334 fs/fs.o

.rodata1
 *(.rodata1)

.eh_frame_hdr
 *(.eh_frame_hdr)

.eh_frame       0x0000000000010a64     0x2280
 *(.eh_frame)
 .eh_frame      0x0000000000010a64       0x74 init/main.o
 .eh_frame      0x0000000000010ad8      0xdfc kernel/kernel.o
                                        0xf34 (size before relaxing)
 .eh_frame      0x00000000000118d4      0x1a8 mm/mm.o
                                        0x1c0 (size before relaxing)
 .eh_frame      0x0000000000011a7c      0xf0c fs/fs.o
                                       0x10bc (size before relaxing)
 .eh_frame      0x0000000000012988       0x1c lib/lib.a(_exit.o)
                                         0x34 (size before relaxing)
 .eh_frame      0x00000000000129a4       0x20 lib/lib.a(open.o)
                                         0x38 (size before relaxing)
 .eh_frame      0x00000000000129c4       0x1c lib/lib.a(close.o)
                                         0x34 (size before relaxing)
 .eh_frame      0x00000000000129e0       0x20 lib/lib.a(write.o)
                                         0x38 (size before relaxing)
 .eh_frame      0x0000000000012a00       0x1c lib/lib.a(dup.o)
                                         0x34 (size before relaxing)
 .eh_frame      0x0000000000012a1c       0x14 lib/lib.a(setsid.o)
                                         0x2c (size before relaxing)
 .eh_frame      0x0000000000012a30       0x20 lib/lib.a(execve.o)
                                         0x38 (size before relaxing)
 .eh_frame      0x0000000000012a50       0x38 lib/lib.a(wait.o)
                                         0x50 (size before relaxing)
 .eh_frame      0x0000000000012a88      0x25c lib/lib.a(string.o)
                                        0x274 (size before relaxing)

.gcc_except_table
 *(.gcc_except_table .gcc_except_table.*)

.exception_ranges
 *(.exception_ranges .exception_ranges*)
                0x0000000000012ce4                . = (ALIGN (0x1000) - ((0x1000 - .) & 0xfff))
                0x0000000000013000                . = DATA_SEGMENT_ALIGN (0x1000, 0x1000)

.eh_frame
 *(.eh_frame)

.gcc_except_table
 *(.gcc_except_table .gcc_except_table.*)

.exception_ranges
 *(.exception_ranges .exception_ranges*)

.tdata
 *(.tdata .tdata.* .gnu.linkonce.td.*)

.tbss
 *(.tbss .tbss.* .gnu.linkonce.tb.*)
 *(.tcommon)

.preinit_array  0x0000000000013000        0x0
                0x0000000000013000                PROVIDE (__preinit_array_start, .)
 *(.preinit_array)
                0x0000000000013000                PROVIDE (__preinit_array_end, .)

.init_array     0x0000000000013000        0x0
                0x0000000000013000                PROVIDE (__init_array_start, .)
 *(SORT(.init_array.*) SORT(.ctors.*))
 *(.init_array)
 *(EXCLUDE_FILE(*crtend?.o *crtend.o *crtbegin?.o *crtbegin.o) .ctors)
                0x0000000000013000                PROVIDE (__init_array_end, .)

.fini_array     0x0000000000013000        0x0
                0x0000000000013000                PROVIDE (__fini_array_start, .)
 *(SORT(.fini_array.*) SORT(.dtors.*))
 *(.fini_array)
 *(EXCLUDE_FILE(*crtend?.o *crtend.o *crtbegin?.o *crtbegin.o) .dtors)
                0x0000000000013000                PROVIDE (__fini_array_end, .)

.ctors
 *crtbegin.o(.ctors)
 *crtbegin?.o(.ctors)
 *(EXCLUDE_FILE(*crtend?.o *crtend.o) .ctors)
 *(SORT(.ctors.*))
 *(.ctors)

.dtors
 *crtbegin.o(.dtors)
 *crtbegin?.o(.dtors)
 *(EXCLUDE_FILE(*crtend?.o *crtend.o) .dtors)
 *(SORT(.dtors.*))
 *(.dtors)

.jcr
 *(.jcr)

.data.rel.ro
 *(.data.rel.ro.local* .gnu.linkonce.d.rel.ro.local.*)
 *(.data.rel.ro* .gnu.linkonce.d.rel.ro.*)

.dynamic
 *(.dynamic)

.got
 *(.got)
 *(.igot)
                0x0000000000013000                . = DATA_SEGMENT_RELRO_END (., 0xc)

.got.plt        0x0000000000013000        0x0
 *(.got.plt)
 *(.igot.plt)
 .igot.plt      0x0000000000000000        0x0 boot/head.o

.data           0x0000000000013000     0x3e64
 *(.data .data.* .gnu.linkonce.d.*)
 .data          0x0000000000013000        0x0 boot/head.o
 .data          0x0000000000013000       0x18 init/main.o
 *fill*         0x0000000000013018        0x8 00
 .data          0x0000000000013020     0x3d2c kernel/kernel.o
                0x0000000000013020                stack_start
                0x0000000000013040                task
                0x0000000000013140                current
                0x0000000000013160                sys_call_table
                0x0000000000014660                table_list
                0x0000000000014680                tty_table
 .data          0x0000000000016d4c        0x0 mm/mm.o
 .data          0x0000000000016d4c        0x4 fs/fs.o
                0x0000000000016d4c                start_buffer
 *fill*         0x0000000000016d50       0x10 00
 .data          0x0000000000016d60      0x101 lib/lib.a(ctype.o)
                0x0000000000016d60                _ctype
 *fill*         0x0000000000016e61        0x3 00
 .data          0x0000000000016e64        0x0 lib/lib.a(_exit.o)
 .data          0x0000000000016e64        0x0 lib/lib.a(open.o)
 .data          0x0000000000016e64        0x0 lib/lib.a(close.o)
 .data          0x0000000000016e64        0x0 lib/lib.a(errno.o)
 .data          0x0000000000016e64        0x0 lib/lib.a(write.o)
 .data          0x0000000000016e64        0x0 lib/lib.a(dup.o)
 .data          0x0000000000016e64        0x0 lib/lib.a(setsid.o)
 .data          0x0000000000016e64        0x0 lib/lib.a(execve.o)
 .data          0x0000000000016e64        0x0 lib/lib.a(wait.o)
 .data          0x0000000000016e64        0x0 lib/lib.a(string.o)

.data1
 *(.data1)
                0x0000000000016e64                _edata = .
                0x0000000000016e64                PROVIDE (edata, .)
                0x0000000000016e64                __bss_start = .

.bss            0x0000000000016e80     0x3d4c
 *(.dynbss)
 *(.bss .bss.* .gnu.linkonce.b.*)
 .bss           0x0000000000016e80        0x0 boot/head.o
 .bss           0x0000000000016e80      0x400 init/main.o
 .bss           0x0000000000017280      0x9ec kernel/kernel.o
                0x0000000000017280                last_task_used_math
                0x0000000000017284                startup_time
                0x0000000000017288                jiffies
                0x000000000001728c                last_pid
                0x0000000000017760                do_hd
 *fill*         0x0000000000017c6c       0x14 00
 .bss           0x0000000000017c80      0xc00 mm/mm.o
 .bss           0x0000000000018880      0x710 fs/fs.o
                0x0000000000018880                inode_table
                0x0000000000018f84                nr_buffers
 .bss           0x0000000000018f90        0x0 lib/lib.a(ctype.o)
 .bss           0x0000000000018f90        0x0 lib/lib.a(_exit.o)
 .bss           0x0000000000018f90        0x0 lib/lib.a(open.o)
 .bss           0x0000000000018f90        0x0 lib/lib.a(close.o)
 .bss           0x0000000000018f90        0x0 lib/lib.a(errno.o)
 .bss           0x0000000000018f90        0x0 lib/lib.a(write.o)
 .bss           0x0000000000018f90        0x0 lib/lib.a(dup.o)
 .bss           0x0000000000018f90        0x0 lib/lib.a(setsid.o)
 .bss           0x0000000000018f90        0x0 lib/lib.a(execve.o)
 .bss           0x0000000000018f90        0x0 lib/lib.a(wait.o)
 .bss           0x0000000000018f90        0x0 lib/lib.a(string.o)
 *(COMMON)
 *fill*         0x0000000000018f90       0x10 00
 COMMON         0x0000000000018fa0     0x1000 kernel/kernel.o
                0x0000000000018fa0                user_stack
 COMMON         0x0000000000019fa0      0xc20 fs/fs.o
                0x0000000000019fa0                hash_table
                0x000000000001a480                super_block
                0x000000000001a7c0                file_table
 COMMON         0x000000000001abc0        0x1 lib/lib.a(ctype.o)
                0x000000000001abc0                _ctmp
 *fill*         0x000000000001abc1        0x3 00
 COMMON         0x000000000001abc4        0x4 lib/lib.a(errno.o)
                0x000000000001abc4                errno
 COMMON         0x000000000001abc8        0x4 lib/lib.a(string.o)
                0x000000000001abc8                ___strtok
                0x000000000001abcc                . = ALIGN ((. != 0x0)?0x4:0x1)
                0x000000000001abcc                . = ALIGN (0x4)
                0x000000000001abcc                . = ALIGN (0x4)
                0x000000000001abcc                _end = .
                0x000000000001abcc                PROVIDE (end, .)
                0x000000000001abcc                . = DATA_SEGMENT_END (.)

.stab
 *(.stab)

.stabstr
 *(.stabstr)

.stab.excl
 *(.stab.excl)

.stab.exclstr
 *(.stab.exclstr)

.stab.index
 *(.stab.index)

.stab.indexstr
 *(.stab.indexstr)

.comment        0x0000000000000000       0x2a
 *(.comment)
 .comment       0x0000000000000000       0x2a init/main.o
                                         0x2b (size before relaxing)
 .comment       0x0000000000000000      0x22f kernel/kernel.o
 .comment       0x0000000000000000       0x2b mm/mm.o
 .comment       0x0000000000000000      0x331 fs/fs.o
 .comment       0x0000000000000000       0x2b lib/lib.a(ctype.o)
 .comment       0x0000000000000000       0x2b lib/lib.a(_exit.o)
 .comment       0x0000000000000000       0x2b lib/lib.a(open.o)
 .comment       0x0000000000000000       0x2b lib/lib.a(close.o)
 .comment       0x0000000000000000       0x2b lib/lib.a(errno.o)
 .comment       0x0000000000000000       0x2b lib/lib.a(write.o)
 .comment       0x0000000000000000       0x2b lib/lib.a(dup.o)
 .comment       0x0000000000000000       0x2b lib/lib.a(setsid.o)
 .comment       0x0000000000000000       0x2b lib/lib.a(execve.o)
 .comment       0x0000000000000000       0x2b lib/lib.a(wait.o)
 .comment       0x0000000000000000       0x2b lib/lib.a(string.o)

.debug
 *(.debug)

.line
 *(.line)

.debug_srcinfo
 *(.debug_srcinfo)

.debug_sfnames
 *(.debug_sfnames)

.debug_aranges  0x0000000000000000      0x540
 *(.debug_aranges)
 .debug_aranges
                0x0000000000000000       0x20 init/main.o
 .debug_aranges
                0x0000000000000020      0x1a0 kernel/kernel.o
 .debug_aranges
                0x00000000000001c0       0x20 mm/mm.o
 .debug_aranges
                0x00000000000001e0      0x240 fs/fs.o
 .debug_aranges
                0x0000000000000420       0x20 lib/lib.a(_exit.o)
 .debug_aranges
                0x0000000000000440       0x20 lib/lib.a(open.o)
 .debug_aranges
                0x0000000000000460       0x20 lib/lib.a(close.o)
 .debug_aranges
                0x0000000000000480       0x20 lib/lib.a(write.o)
 .debug_aranges
                0x00000000000004a0       0x20 lib/lib.a(dup.o)
 .debug_aranges
                0x00000000000004c0       0x20 lib/lib.a(setsid.o)
 .debug_aranges
                0x00000000000004e0       0x20 lib/lib.a(execve.o)
 .debug_aranges
                0x0000000000000500       0x20 lib/lib.a(wait.o)
 .debug_aranges
                0x0000000000000520       0x20 lib/lib.a(string.o)

.debug_pubnames
 *(.debug_pubnames)

.debug_info     0x0000000000000000    0x1a82f
 *(.debug_info .gnu.linkonce.wi.*)
 .debug_info    0x0000000000000000      0xccf init/main.o
 .debug_info    0x0000000000000ccf     0x8cc6 kernel/kernel.o
 .debug_info    0x0000000000009995      0x4d6 mm/mm.o
 .debug_info    0x0000000000009e6b     0xe2d3 fs/fs.o
 .debug_info    0x000000000001813e       0x70 lib/lib.a(ctype.o)
 .debug_info    0x00000000000181ae      0x3af lib/lib.a(_exit.o)
 .debug_info    0x000000000001855d      0x403 lib/lib.a(open.o)
 .debug_info    0x0000000000018960      0x3ce lib/lib.a(close.o)
 .debug_info    0x0000000000018d2e       0x3f lib/lib.a(errno.o)
 .debug_info    0x0000000000018d6d      0x400 lib/lib.a(write.o)
 .debug_info    0x000000000001916d      0x3ce lib/lib.a(dup.o)
 .debug_info    0x000000000001953b      0x3cb lib/lib.a(setsid.o)
 .debug_info    0x0000000000019906      0x3fc lib/lib.a(execve.o)
 .debug_info    0x0000000000019d02      0x428 lib/lib.a(wait.o)
 .debug_info    0x000000000001a12a      0x705 lib/lib.a(string.o)

.debug_abbrev   0x0000000000000000     0x443b
 *(.debug_abbrev)
 .debug_abbrev  0x0000000000000000      0x1d7 init/main.o
 .debug_abbrev  0x00000000000001d7     0x17f2 kernel/kernel.o
 .debug_abbrev  0x00000000000019c9      0x1af mm/mm.o
 .debug_abbrev  0x0000000000001b78     0x212e fs/fs.o
 .debug_abbrev  0x0000000000003ca6       0x42 lib/lib.a(ctype.o)
 .debug_abbrev  0x0000000000003ce8       0xa3 lib/lib.a(_exit.o)
 .debug_abbrev  0x0000000000003d8b       0xdc lib/lib.a(open.o)
 .debug_abbrev  0x0000000000003e67       0xb4 lib/lib.a(close.o)
 .debug_abbrev  0x0000000000003f1b       0x30 lib/lib.a(errno.o)
 .debug_abbrev  0x0000000000003f4b       0xd7 lib/lib.a(write.o)
 .debug_abbrev  0x0000000000004022       0xb4 lib/lib.a(dup.o)
 .debug_abbrev  0x00000000000040d6       0xb2 lib/lib.a(setsid.o)
 .debug_abbrev  0x0000000000004188       0xbb lib/lib.a(execve.o)
 .debug_abbrev  0x0000000000004243       0xd0 lib/lib.a(wait.o)
 .debug_abbrev  0x0000000000004313      0x128 lib/lib.a(string.o)

.debug_line     0x0000000000000000     0x36da
 *(.debug_line)
 .debug_line    0x0000000000000000      0x11e init/main.o
 .debug_line    0x000000000000011e     0x144c kernel/kernel.o
 .debug_line    0x000000000000156a      0x122 mm/mm.o
 .debug_line    0x000000000000168c     0x1b86 fs/fs.o
 .debug_line    0x0000000000003212       0x28 lib/lib.a(ctype.o)
 .debug_line    0x000000000000323a       0x50 lib/lib.a(_exit.o)
 .debug_line    0x000000000000328a       0x76 lib/lib.a(open.o)
 .debug_line    0x0000000000003300       0x6e lib/lib.a(close.o)
 .debug_line    0x000000000000336e       0x28 lib/lib.a(errno.o)
 .debug_line    0x0000000000003396       0x8c lib/lib.a(write.o)
 .debug_line    0x0000000000003422       0x6c lib/lib.a(dup.o)
 .debug_line    0x000000000000348e       0x88 lib/lib.a(setsid.o)
 .debug_line    0x0000000000003516       0x73 lib/lib.a(execve.o)
 .debug_line    0x0000000000003589       0x90 lib/lib.a(wait.o)
 .debug_line    0x0000000000003619       0xc1 lib/lib.a(string.o)

.debug_frame
 *(.debug_frame)

.debug_str      0x0000000000000000     0x1a9d
 *(.debug_str)
 .debug_str     0x0000000000000000      0x3f7 init/main.o
                                        0x4a4 (size before relaxing)
 .debug_str     0x00000000000003f7      0xb81 kernel/kernel.o
                                       0x3243 (size before relaxing)
 .debug_str     0x0000000000000f78      0x125 mm/mm.o
                                        0x1c0 (size before relaxing)
 .debug_str     0x000000000000109d      0x92f fs/fs.o
                                       0x53ba (size before relaxing)
 .debug_str     0x00000000000019cc       0x25 lib/lib.a(ctype.o)
                                         0x65 (size before relaxing)
 .debug_str     0x00000000000019f1        0x8 lib/lib.a(_exit.o)
                                        0x283 (size before relaxing)
 .debug_str     0x0000000000000000        0x8 lib/lib.a(open.o)
                                        0x293 (size before relaxing)
 .debug_str     0x00000000000019f9        0x8 lib/lib.a(close.o)
                                        0x285 (size before relaxing)
 .debug_str     0x0000000000001a01        0x8 lib/lib.a(errno.o)
                                         0x37 (size before relaxing)
 .debug_str     0x0000000000000000        0x8 lib/lib.a(write.o)
                                        0x291 (size before relaxing)
 .debug_str     0x0000000000001a09        0x6 lib/lib.a(dup.o)
                                        0x27d (size before relaxing)
 .debug_str     0x0000000000001a0f        0x9 lib/lib.a(setsid.o)
                                        0x28d (size before relaxing)
 .debug_str     0x0000000000001a18        0x9 lib/lib.a(execve.o)
                                        0x296 (size before relaxing)
 .debug_str     0x0000000000001a21       0x11 lib/lib.a(wait.o)
                                        0x2a3 (size before relaxing)
 .debug_str     0x0000000000001a32       0x6b lib/lib.a(string.o)
                                         0xeb (size before relaxing)

.debug_loc      0x0000000000000000     0xab6d
 *(.debug_loc)
 .debug_loc     0x0000000000000000      0x256 init/main.o
 .debug_loc     0x0000000000000256     0x39b1 kernel/kernel.o
 .debug_loc     0x0000000000003c07      0x640 mm/mm.o
 .debug_loc     0x0000000000004247     0x6353 fs/fs.o
 .debug_loc     0x000000000000a59a       0x2c lib/lib.a(_exit.o)
 .debug_loc     0x000000000000a5c6       0x3f lib/lib.a(open.o)
 .debug_loc     0x000000000000a605       0x3f lib/lib.a(close.o)
 .debug_loc     0x000000000000a644       0x57 lib/lib.a(write.o)
 .debug_loc     0x000000000000a69b       0x3f lib/lib.a(dup.o)
 .debug_loc     0x000000000000a6da       0x13 lib/lib.a(setsid.o)
 .debug_loc     0x000000000000a6ed       0x57 lib/lib.a(execve.o)
 .debug_loc     0x000000000000a744       0x83 lib/lib.a(wait.o)
 .debug_loc     0x000000000000a7c7      0x3a6 lib/lib.a(string.o)

.debug_macinfo
 *(.debug_macinfo)

.debug_weaknames
 *(.debug_weaknames)

.debug_funcnames
 *(.debug_funcnames)

.debug_typenames
 *(.debug_typenames)

.debug_varnames
 *(.debug_varnames)

.debug_pubtypes
 *(.debug_pubtypes)

.debug_ranges   0x0000000000000000      0x428
 *(.debug_ranges)
 .debug_ranges  0x0000000000000000      0x120 kernel/kernel.o
 .debug_ranges  0x0000000000000120      0x308 fs/fs.o

.gnu.attributes
 *(.gnu.attributes)

/DISCARD/
 *(.note.GNU-stack)
 *(.gnu_debuglink)
 *(.gnu.lto_*)
OUTPUT(tools/system elf32-i386)
