Archive member included because of file (symbol)

lib/lib.a(ctype.o)            kernel/kernel.o (_ctype)
lib/lib.a(_exit.o)            init/main.o (_exit)
lib/lib.a(open.o)             init/main.o (open)
lib/lib.a(close.o)            init/main.o (close)
lib/lib.a(errno.o)            init/main.o (errno)
lib/lib.a(write.o)            init/main.o (write)
lib/lib.a(dup.o)              init/main.o (dup)
lib/lib.a(setsid.o)           init/main.o (setsid)
lib/lib.a(execve.o)           init/main.o (execve)
lib/lib.a(wait.o)             init/main.o (wait)
lib/lib.a(string.o)           kernel/kernel.o (memcpy)

Allocating common symbols
Common symbol       size              file

errno               0x4               lib/lib.a(errno.o)
hash_table          0x4cc             fs/fs.o
___strtok           0x4               lib/lib.a(string.o)
user_stack          0x1000            kernel/kernel.o
_ctmp               0x1               lib/lib.a(ctype.o)
super_block         0x340             fs/fs.o
file_table          0x400             fs/fs.o

Discarded input sections

 .note.GNU-stack
                0x0000000000000000        0x0 init/main.o
 .note.GNU-stack
                0x0000000000000000        0x0 kernel/kernel.o
 .note.GNU-stack
                0x0000000000000000        0x0 mm/mm.o
 .note.GNU-stack
                0x0000000000000000        0x0 fs/fs.o
 .note.GNU-stack
                0x0000000000000000        0x0 lib/lib.a(ctype.o)
 .note.GNU-stack
                0x0000000000000000        0x0 lib/lib.a(_exit.o)
 .note.GNU-stack
                0x0000000000000000        0x0 lib/lib.a(open.o)
 .note.GNU-stack
                0x0000000000000000        0x0 lib/lib.a(close.o)
 .note.GNU-stack
                0x0000000000000000        0x0 lib/lib.a(errno.o)
 .note.GNU-stack
                0x0000000000000000        0x0 lib/lib.a(write.o)
 .note.GNU-stack
                0x0000000000000000        0x0 lib/lib.a(dup.o)
 .note.GNU-stack
                0x0000000000000000        0x0 lib/lib.a(setsid.o)
 .note.GNU-stack
                0x0000000000000000        0x0 lib/lib.a(execve.o)
 .note.GNU-stack
                0x0000000000000000        0x0 lib/lib.a(wait.o)
 .note.GNU-stack
                0x0000000000000000        0x0 lib/lib.a(string.o)

Memory Configuration

Name             Origin             Length             Attributes
*default*        0x0000000000000000 0xffffffffffffffff

Linker script and memory map

Address of section .text set to 0x0
LOAD boot/head.o
LOAD init/main.o
LOAD kernel/kernel.o
LOAD mm/mm.o
LOAD fs/fs.o
LOAD lib/lib.a
                0x0000000008048000                PROVIDE (__executable_start, 0x8048000)
                0x0000000008048094                . = (0x8048000 + SIZEOF_HEADERS)

.interp
 *(.interp)

.note.gnu.build-id
 *(.note.gnu.build-id)

.hash
 *(.hash)

.gnu.hash
 *(.gnu.hash)

.dynsym
 *(.dynsym)

.dynstr
 *(.dynstr)

.gnu.version
 *(.gnu.version)

.gnu.version_d
 *(.gnu.version_d)

.gnu.version_r
 *(.gnu.version_r)

.rel.dyn        0x0000000008048094        0x0
 *(.rel.init)
 *(.rel.text .rel.text.* .rel.gnu.linkonce.t.*)
 .rel.text      0x0000000000000000        0x0 boot/head.o
 *(.rel.fini)
 *(.rel.rodata .rel.rodata.* .rel.gnu.linkonce.r.*)
 *(.rel.data.rel.ro* .rel.gnu.linkonce.d.rel.ro.*)
 *(.rel.data .rel.data.* .rel.gnu.linkonce.d.*)
 .rel.data      0x0000000000000000        0x0 boot/head.o
 *(.rel.tdata .rel.tdata.* .rel.gnu.linkonce.td.*)
 *(.rel.tbss .rel.tbss.* .rel.gnu.linkonce.tb.*)
 *(.rel.ctors)
 *(.rel.dtors)
 *(.rel.got)
 *(.rel.bss .rel.bss.* .rel.gnu.linkonce.b.*)
 *(.rel.ifunc)

.rel.plt        0x0000000008048094        0x0
 *(.rel.plt)
                0x0000000008048094                PROVIDE (__rel_iplt_start, .)
 *(.rel.iplt)
 .rel.iplt      0x0000000000000000        0x0 boot/head.o
                0x0000000008048094                PROVIDE (__rel_iplt_end, .)

.init
 *(.init)

.plt            0x00000000080480a0        0x0
 *(.plt)
 *(.iplt)
 .iplt          0x0000000000000000        0x0 boot/head.o

.text           0x0000000000000000     0xff25
 *(.text.unlikely .text.*_unlikely)
 *(.text.exit .text.exit.*)
 *(.text.startup .text.startup.*)
 *(.text.hot .text.hot.*)
 *(.text .stub .text.* .gnu.linkonce.t.*)
 .text          0x0000000000000000     0x5078 boot/head.o
                0x0000000000000000                startup_32
                0x0000000000000000                pg_dir
                0x0000000000004078                idt
                0x0000000000004878                gdt
 *fill*         0x0000000000005078        0x8 90909090
 .text          0x0000000000005080      0x370 init/main.o
                0x00000000000050c1                init
                0x0000000000005232                main
 .text          0x00000000000053f0     0x5117 kernel/kernel.o
                0x00000000000053f0                sys_alarm
                0x0000000000005417                sys_getpid
                0x0000000000005423                sys_getppid
                0x000000000000542f                sys_getuid
                0x000000000000543c                sys_geteuid
                0x0000000000005449                sys_getgid
                0x0000000000005456                sys_getegid
                0x0000000000005463                sys_nice
                0x000000000000547c                sys_signal
                0x00000000000054b9                math_state_restore
                0x00000000000054f0                schedule
                0x00000000000055e1                sys_pause
                0x00000000000055f7                sleep_on
                0x0000000000005651                interruptible_sleep_on
                0x00000000000056bb                wake_up
                0x00000000000056d7                do_timer
                0x000000000000571d                sched_init
                0x0000000000005844                system_call
                0x0000000000005936                timer_interrupt
                0x000000000000596e                sys_execve
                0x000000000000597c                sys_fork
                0x0000000000005994                hd_interrupt
                0x0000000000005b41                do_double_fault
                0x0000000000005b5a                do_general_protection
                0x0000000000005b73                do_divide_error
                0x0000000000005b8c                do_int3
                0x0000000000005c44                do_nmi
                0x0000000000005c5d                do_debug
                0x0000000000005c76                do_overflow
                0x0000000000005c8f                do_bounds
                0x0000000000005ca8                do_invalid_op
                0x0000000000005cc1                do_device_not_available
                0x0000000000005cda                do_coprocessor_segment_overrun
                0x0000000000005cf3                do_invalid_TSS
                0x0000000000005d0c                do_segment_not_present
                0x0000000000005d25                do_stack_segment
                0x0000000000005d3e                do_coprocessor_error
                0x0000000000005d57                do_reserved
                0x0000000000005d70                trap_init
                0x0000000000005f2c                divide_error
                0x0000000000005f61                debug
                0x0000000000005f68                nmi
                0x0000000000005f6f                int3
                0x0000000000005f76                overflow
                0x0000000000005f7d                bounds
                0x0000000000005f84                invalid_op
                0x0000000000005f93                device_not_available
                0x0000000000005fc0                coprocessor_segment_overrun
                0x0000000000005fca                reserved
                0x0000000000005fd4                coprocessor_error
                0x0000000000005fde                double_fault
                0x0000000000006015                invalid_TSS
                0x000000000000601c                segment_not_present
                0x0000000000006023                stack_segment
                0x000000000000602a                general_protection
                0x0000000000006034                verify_area
                0x0000000000006099                copy_mem
                0x000000000000618f                copy_process
                0x000000000000641e                find_empty_process
                0x0000000000006480                panic
                0x000000000000649c                printk
                0x0000000000006726                vsprintf
                0x0000000000006a90                tty_init
                0x0000000000006aa1                tty_intr
                0x0000000000006ae6                copy_to_cooked
                0x0000000000006d66                tty_read
                0x000000000000702c                tty_write
                0x0000000000007209                do_tty_interrupt
                0x0000000000007435                tool_start
                0x000000000000747f                openR
                0x00000000000074c2                fill_list
                0x00000000000075a2                closeR
                0x00000000000075dc                draw_list
                0x0000000000007777                mark_selected
                0x00000000000077df                set_path_name
                0x00000000000078f8                csi_m
                0x0000000000007953                con_write
                0x00000000000082da                con_init
                0x000000000000835d                f1_down
                0x0000000000008368                f1_up
                0x0000000000008373                tool_draw
                0x000000000000850c                tool_dir
                0x0000000000008533                getDirectoriums
                0x0000000000008610                arr_right
                0x00000000000086d1                arr_left
                0x000000000000876a                arr_down
                0x00000000000087a3                arr_up
                0x00000000000087d4                print_name_and_index
                0x0000000000008843                keyboard_interrupt
                0x000000000000907c                rs1_interrupt
                0x0000000000009084                rs2_interrupt
                0x00000000000097e9                rw_hd
                0x0000000000009892                sys_setup
                0x0000000000009991                unexpected_hd_interrupt
                0x00000000000099a4                hd_init
                0x0000000000009a14                sys_ftime
                0x0000000000009a1a                sys_mknod
                0x0000000000009a20                sys_break
                0x0000000000009a26                sys_mount
                0x0000000000009a2c                sys_umount
                0x0000000000009a32                sys_ustat
                0x0000000000009a38                sys_ptrace
                0x0000000000009a3e                sys_stty
                0x0000000000009a44                sys_gtty
                0x0000000000009a4a                sys_rename
                0x0000000000009a50                sys_prof
                0x0000000000009a56                sys_setgid
                0x0000000000009ab3                sys_acct
                0x0000000000009ab9                sys_phys
                0x0000000000009abf                sys_lock
                0x0000000000009ac5                sys_mpx
                0x0000000000009acb                sys_ulimit
                0x0000000000009ad1                sys_time
                0x0000000000009b24                sys_setuid
                0x0000000000009b7d                sys_stime
                0x0000000000009bca                sys_times
                0x0000000000009c23                sys_brk
                0x0000000000009c56                sys_setpgid
                0x0000000000009ccb                sys_getpgrp
                0x0000000000009cd7                sys_setsid
                0x0000000000009d2c                sys_oldolduname
                0x0000000000009d44                sys_uname
                0x0000000000009d91                sys_umask
                0x0000000000009daf                sys_null
                0x0000000000009de0                release
                0x0000000000009e3a                do_kill
                0x000000000000a0b3                sys_kill
                0x000000000000a0e9                do_exit
                0x000000000000a27c                sys_exit
                0x000000000000a297                sys_waitpid
                0x000000000000a41e                rs_init
                0x000000000000a476                rs_write
                0x000000000000a4a0                kernel_mktime
 *fill*         0x000000000000a507        0x1 90909090
 .text          0x000000000000a508      0x517 mm/mm.o
                0x000000000000a508                invalidate
                0x000000000000a511                copy_page
                0x000000000000a536                get_free_page
                0x000000000000a56e                free_page
                0x000000000000a5ce                free_page_tables
                0x000000000000a67e                copy_page_tables
                0x000000000000a778                put_page
                0x000000000000a825                un_wp_page
                0x000000000000a8b5                do_wp_page
                0x000000000000a8e5                write_verify
                0x000000000000a924                do_no_page
                0x000000000000a954                calc_mem
                0x000000000000a9e8                page_fault
 *fill*         0x000000000000aa1f        0x1 90909090
 .text          0x000000000000aa20     0x4f4c fs/fs.o
                0x000000000000aa20                sys_utime
                0x000000000000aa89                sys_access
                0x000000000000ab20                sys_chdir
                0x000000000000ab83                sys_chroot
                0x000000000000abe6                sys_chmod
                0x000000000000ac7b                sys_chown
                0x000000000000ace2                sys_open
                0x000000000000ae76                sys_creat
                0x000000000000ae99                sys_close
                0x000000000000af20                sys_lseek
                0x000000000000afdc                sys_read
                0x000000000000b137                sys_write
                0x000000000000b64b                sync_inodes
                0x000000000000b695                bmap
                0x000000000000b6ae                create_block
                0x000000000000b6c7                iput
                0x000000000000b7b5                get_empty_inode
                0x000000000000b8a3                get_pipe_inode
                0x000000000000b8ea                iget
                0x000000000000bad7                sys_sync
                0x000000000000bb3f                brelse
                0x000000000000bb91                get_hash_table
                0x000000000000bbf0                getblk
                0x000000000000be8f                bread
                0x000000000000bee9                buffer_init
                0x000000000000bf84                do_mount
                0x000000000000c18f                mount_root
                0x000000000000c2e0                block_write
                0x000000000000c3c3                block_read
                0x000000000000c49a                ll_rw_block
                0x000000000000c563                rw_char
                0x000000000000c5d4                file_read
                0x000000000000c77f                file_write
                0x000000000000ca1e                sys_stat
                0x000000000000ca63                sys_lstat
                0x000000000000ca7e                sys_fstat
                0x000000000000cac1                sys_stat64
                0x000000000000cb06                sys_fstat64
                0x000000000000cb49                sys_lstat64
                0x000000000000cb64                sys_oldstat
                0x000000000000cb7c                sys_oldfstat
                0x000000000000ccc4                cp_block
                0x000000000000ccf9                is_valid_elf
                0x000000000000cd3e                read_file_block_ind
                0x000000000000cdd3                read_file_block
                0x000000000000ced2                copy_section
                0x000000000000cfc0                create_bss_section
                0x000000000000cfe6                load_elf_binary
                0x000000000000d1f1                do_execve
                0x000000000000d684                read_pipe
                0x000000000000d71d                write_pipe
                0x000000000000d816                sys_pipe
                0x000000000000de49                namei
                0x000000000000deff                open_namei
                0x000000000000e165                sys_mkdir
                0x000000000000e41a                sys_rmdir
                0x000000000000e78c                sys_unlink
                0x000000000000e928                sys_link
                0x000000000000ead0                free_block
                0x000000000000ec0b                new_block
                0x000000000000ed8e                free_inode
                0x000000000000eeba                new_inode
                0x000000000000f09a                sys_dup2
                0x000000000000f0ba                sys_dup
                0x000000000000f0ca                sys_fcntl
                0x000000000000f187                sys_fcntl64
                0x000000000000f1dc                sys_ioctl
                0x000000000000f279                tty_ioctl
                0x000000000000f545                truncate
                0x000000000000f650                sys_getdents
                0x000000000000f7de                sys_getdents64
 .text          0x000000000000f96c        0x0 lib/lib.a(ctype.o)
 .text          0x000000000000f96c        0xe lib/lib.a(_exit.o)
                0x000000000000f96c                _exit
 *fill*         0x000000000000f97a        0x2 90909090
 .text          0x000000000000f97c       0x3d lib/lib.a(open.o)
                0x000000000000f97c                open
 *fill*         0x000000000000f9b9        0x3 90909090
 .text          0x000000000000f9bc       0x23 lib/lib.a(close.o)
                0x000000000000f9bc                close
 *fill*         0x000000000000f9df        0x1 90909090
 .text          0x000000000000f9e0        0x0 lib/lib.a(errno.o)
 .text          0x000000000000f9e0       0x3d lib/lib.a(write.o)
                0x000000000000f9e0                write
 *fill*         0x000000000000fa1d        0x3 90909090
 .text          0x000000000000fa20       0x23 lib/lib.a(dup.o)
                0x000000000000fa20                dup
 *fill*         0x000000000000fa43        0x1 90909090
 .text          0x000000000000fa44       0x1e lib/lib.a(setsid.o)
                0x000000000000fa44                setsid
 *fill*         0x000000000000fa62        0x2 90909090
 .text          0x000000000000fa64       0x3d lib/lib.a(execve.o)
                0x000000000000fa64                execve
 *fill*         0x000000000000faa1        0x3 90909090
 .text          0x000000000000faa4       0x60 lib/lib.a(wait.o)
                0x000000000000faa4                waitpid
                0x000000000000fae1                wait
 .text          0x000000000000fb04      0x421 lib/lib.a(string.o)
                0x000000000000fb04                strcpy
                0x000000000000fb2c                strncpy
                0x000000000000fb5d                strcat
                0x000000000000fb92                strncat
                0x000000000000fbd1                strcmp
                0x000000000000fbff                strncmp
                0x000000000000fc34                strchr
                0x000000000000fc52                strrchr
                0x000000000000fc73                strspn
                0x000000000000fcc0                strcspn
                0x000000000000fd0d                strpbrk
                0x000000000000fd52                strstr
                0x000000000000fd97                strlen
                0x000000000000fdb0                strtok
                0x000000000000fe41                memcpy
                0x000000000000fe67                memmove
                0x000000000000feb5                memcmp
                0x000000000000fee9                memchr
                0x000000000000ff0f                memset
 *(.gnu.warning)

.fini
 *(.fini)
                0x000000000000ff25                PROVIDE (__etext, .)
                0x000000000000ff25                PROVIDE (_etext, .)
                0x000000000000ff25                PROVIDE (etext, .)

.rodata         0x000000000000ff40     0x1044
 *(.rodata .rodata.* .gnu.linkonce.r.*)
 .rodata.str1.1
                0x000000000000ff40       0x68 init/main.o
 .rodata.str1.4
                0x000000000000ffa8       0x25 init/main.o
 *fill*         0x000000000000ffcd       0x13 00
 .rodata        0x000000000000ffe0      0x270 kernel/kernel.o
 .rodata.str1.1
                0x0000000000010250      0x28d kernel/kernel.o
                                        0x297 (size before relaxing)
 *fill*         0x00000000000104dd        0x3 00
 .rodata.str1.4
                0x00000000000104e0      0x22c kernel/kernel.o
 .rodata.str1.4
                0x000000000001070c       0xe9 mm/mm.o
 .rodata.str1.1
                0x00000000000107f5       0x68 mm/mm.o
 *fill*         0x000000000001085d        0x3 00
 .rodata        0x0000000000010860       0xc4 fs/fs.o
 .rodata.str1.1
                0x0000000000010924      0x32c fs/fs.o
                                        0x332 (size before relaxing)
 .rodata.str1.4
                0x0000000000010c50      0x334 fs/fs.o

.rodata1
 *(.rodata1)

.eh_frame_hdr
 *(.eh_frame_hdr)

.eh_frame       0x0000000000010f84     0x23c0
 *(.eh_frame)
 .eh_frame      0x0000000000010f84       0x74 init/main.o
 .eh_frame      0x0000000000010ff8      0xf3c kernel/kernel.o
                                       0x1074 (size before relaxing)
 .eh_frame      0x0000000000011f34      0x1a8 mm/mm.o
                                        0x1c0 (size before relaxing)
 .eh_frame      0x00000000000120dc      0xf0c fs/fs.o
                                       0x10bc (size before relaxing)
 .eh_frame      0x0000000000012fe8       0x1c lib/lib.a(_exit.o)
                                         0x34 (size before relaxing)
 .eh_frame      0x0000000000013004       0x20 lib/lib.a(open.o)
                                         0x38 (size before relaxing)
 .eh_frame      0x0000000000013024       0x1c lib/lib.a(close.o)
                                         0x34 (size before relaxing)
 .eh_frame      0x0000000000013040       0x20 lib/lib.a(write.o)
                                         0x38 (size before relaxing)
 .eh_frame      0x0000000000013060       0x1c lib/lib.a(dup.o)
                                         0x34 (size before relaxing)
 .eh_frame      0x000000000001307c       0x14 lib/lib.a(setsid.o)
                                         0x2c (size before relaxing)
 .eh_frame      0x0000000000013090       0x20 lib/lib.a(execve.o)
                                         0x38 (size before relaxing)
 .eh_frame      0x00000000000130b0       0x38 lib/lib.a(wait.o)
                                         0x50 (size before relaxing)
 .eh_frame      0x00000000000130e8      0x25c lib/lib.a(string.o)
                                        0x274 (size before relaxing)

.gcc_except_table
 *(.gcc_except_table .gcc_except_table.*)

.exception_ranges
 *(.exception_ranges .exception_ranges*)
                0x0000000000013344                . = (ALIGN (0x1000) - ((0x1000 - .) & 0xfff))
                0x0000000000014000                . = DATA_SEGMENT_ALIGN (0x1000, 0x1000)

.eh_frame
 *(.eh_frame)

.gcc_except_table
 *(.gcc_except_table .gcc_except_table.*)

.exception_ranges
 *(.exception_ranges .exception_ranges*)

.tdata
 *(.tdata .tdata.* .gnu.linkonce.td.*)

.tbss
 *(.tbss .tbss.* .gnu.linkonce.tb.*)
 *(.tcommon)

.preinit_array  0x0000000000014000        0x0
                0x0000000000014000                PROVIDE (__preinit_array_start, .)
 *(.preinit_array)
                0x0000000000014000                PROVIDE (__preinit_array_end, .)

.init_array     0x0000000000014000        0x0
                0x0000000000014000                PROVIDE (__init_array_start, .)
 *(SORT(.init_array.*) SORT(.ctors.*))
 *(.init_array)
 *(EXCLUDE_FILE(*crtend?.o *crtend.o *crtbegin?.o *crtbegin.o) .ctors)
                0x0000000000014000                PROVIDE (__init_array_end, .)

.fini_array     0x0000000000014000        0x0
                0x0000000000014000                PROVIDE (__fini_array_start, .)
 *(SORT(.fini_array.*) SORT(.dtors.*))
 *(.fini_array)
 *(EXCLUDE_FILE(*crtend?.o *crtend.o *crtbegin?.o *crtbegin.o) .dtors)
                0x0000000000014000                PROVIDE (__fini_array_end, .)

.ctors
 *crtbegin.o(.ctors)
 *crtbegin?.o(.ctors)
 *(EXCLUDE_FILE(*crtend?.o *crtend.o) .ctors)
 *(SORT(.ctors.*))
 *(.ctors)

.dtors
 *crtbegin.o(.dtors)
 *crtbegin?.o(.dtors)
 *(EXCLUDE_FILE(*crtend?.o *crtend.o) .dtors)
 *(SORT(.dtors.*))
 *(.dtors)

.jcr
 *(.jcr)

.data.rel.ro
 *(.data.rel.ro.local* .gnu.linkonce.d.rel.ro.local.*)
 *(.data.rel.ro* .gnu.linkonce.d.rel.ro.*)

.dynamic
 *(.dynamic)

.got
 *(.got)
 *(.igot)
                0x0000000000014000                . = DATA_SEGMENT_RELRO_END (., 0xc)

.got.plt        0x0000000000014000        0x0
 *(.got.plt)
 *(.igot.plt)
 .igot.plt      0x0000000000000000        0x0 boot/head.o

.data           0x0000000000014000     0x3e64
 *(.data .data.* .gnu.linkonce.d.*)
 .data          0x0000000000014000        0x0 boot/head.o
 .data          0x0000000000014000       0x18 init/main.o
 *fill*         0x0000000000014018        0x8 00
 .data          0x0000000000014020     0x3d2c kernel/kernel.o
                0x0000000000014020                stack_start
                0x0000000000014040                task
                0x0000000000014140                current
                0x0000000000014160                sys_call_table
                0x0000000000015660                table_list
                0x0000000000015680                tty_table
 .data          0x0000000000017d4c        0x0 mm/mm.o
 .data          0x0000000000017d4c        0x4 fs/fs.o
                0x0000000000017d4c                start_buffer
 *fill*         0x0000000000017d50       0x10 00
 .data          0x0000000000017d60      0x101 lib/lib.a(ctype.o)
                0x0000000000017d60                _ctype
 *fill*         0x0000000000017e61        0x3 00
 .data          0x0000000000017e64        0x0 lib/lib.a(_exit.o)
 .data          0x0000000000017e64        0x0 lib/lib.a(open.o)
 .data          0x0000000000017e64        0x0 lib/lib.a(close.o)
 .data          0x0000000000017e64        0x0 lib/lib.a(errno.o)
 .data          0x0000000000017e64        0x0 lib/lib.a(write.o)
 .data          0x0000000000017e64        0x0 lib/lib.a(dup.o)
 .data          0x0000000000017e64        0x0 lib/lib.a(setsid.o)
 .data          0x0000000000017e64        0x0 lib/lib.a(execve.o)
 .data          0x0000000000017e64        0x0 lib/lib.a(wait.o)
 .data          0x0000000000017e64        0x0 lib/lib.a(string.o)

.data1
 *(.data1)
                0x0000000000017e64                _edata = .
                0x0000000000017e64                PROVIDE (edata, .)
                0x0000000000017e64                __bss_start = .

.bss            0x0000000000017e80     0x3e6c
 *(.dynbss)
 *(.bss .bss.* .gnu.linkonce.b.*)
 .bss           0x0000000000017e80        0x0 boot/head.o
 .bss           0x0000000000017e80      0x400 init/main.o
 .bss           0x0000000000018280      0xb0c kernel/kernel.o
                0x0000000000018280                last_task_used_math
                0x0000000000018284                startup_time
                0x0000000000018288                jiffies
                0x000000000001828c                last_pid
                0x00000000000186c0                f1_down_flag
                0x0000000000018880                do_hd
 *fill*         0x0000000000018d8c       0x14 00
 .bss           0x0000000000018da0      0xc00 mm/mm.o
 .bss           0x00000000000199a0      0x710 fs/fs.o
                0x00000000000199a0                inode_table
                0x000000000001a0a4                nr_buffers
 .bss           0x000000000001a0b0        0x0 lib/lib.a(ctype.o)
 .bss           0x000000000001a0b0        0x0 lib/lib.a(_exit.o)
 .bss           0x000000000001a0b0        0x0 lib/lib.a(open.o)
 .bss           0x000000000001a0b0        0x0 lib/lib.a(close.o)
 .bss           0x000000000001a0b0        0x0 lib/lib.a(errno.o)
 .bss           0x000000000001a0b0        0x0 lib/lib.a(write.o)
 .bss           0x000000000001a0b0        0x0 lib/lib.a(dup.o)
 .bss           0x000000000001a0b0        0x0 lib/lib.a(setsid.o)
 .bss           0x000000000001a0b0        0x0 lib/lib.a(execve.o)
 .bss           0x000000000001a0b0        0x0 lib/lib.a(wait.o)
 .bss           0x000000000001a0b0        0x0 lib/lib.a(string.o)
 *(COMMON)
 *fill*         0x000000000001a0b0       0x10 00
 COMMON         0x000000000001a0c0     0x1000 kernel/kernel.o
                0x000000000001a0c0                user_stack
 COMMON         0x000000000001b0c0      0xc20 fs/fs.o
                0x000000000001b0c0                hash_table
                0x000000000001b5a0                super_block
                0x000000000001b8e0                file_table
 COMMON         0x000000000001bce0        0x1 lib/lib.a(ctype.o)
                0x000000000001bce0                _ctmp
 *fill*         0x000000000001bce1        0x3 00
 COMMON         0x000000000001bce4        0x4 lib/lib.a(errno.o)
                0x000000000001bce4                errno
 COMMON         0x000000000001bce8        0x4 lib/lib.a(string.o)
                0x000000000001bce8                ___strtok
                0x000000000001bcec                . = ALIGN ((. != 0x0)?0x4:0x1)
                0x000000000001bcec                . = ALIGN (0x4)
                0x000000000001bcec                . = ALIGN (0x4)
                0x000000000001bcec                _end = .
                0x000000000001bcec                PROVIDE (end, .)
                0x000000000001bcec                . = DATA_SEGMENT_END (.)

.stab
 *(.stab)

.stabstr
 *(.stabstr)

.stab.excl
 *(.stab.excl)

.stab.exclstr
 *(.stab.exclstr)

.stab.index
 *(.stab.index)

.stab.indexstr
 *(.stab.indexstr)

.comment        0x0000000000000000       0x2a
 *(.comment)
 .comment       0x0000000000000000       0x2a init/main.o
                                         0x2b (size before relaxing)
 .comment       0x0000000000000000      0x22f kernel/kernel.o
 .comment       0x0000000000000000       0x2b mm/mm.o
 .comment       0x0000000000000000      0x331 fs/fs.o
 .comment       0x0000000000000000       0x2b lib/lib.a(ctype.o)
 .comment       0x0000000000000000       0x2b lib/lib.a(_exit.o)
 .comment       0x0000000000000000       0x2b lib/lib.a(open.o)
 .comment       0x0000000000000000       0x2b lib/lib.a(close.o)
 .comment       0x0000000000000000       0x2b lib/lib.a(errno.o)
 .comment       0x0000000000000000       0x2b lib/lib.a(write.o)
 .comment       0x0000000000000000       0x2b lib/lib.a(dup.o)
 .comment       0x0000000000000000       0x2b lib/lib.a(setsid.o)
 .comment       0x0000000000000000       0x2b lib/lib.a(execve.o)
 .comment       0x0000000000000000       0x2b lib/lib.a(wait.o)
 .comment       0x0000000000000000       0x2b lib/lib.a(string.o)

.debug
 *(.debug)

.line
 *(.line)

.debug_srcinfo
 *(.debug_srcinfo)

.debug_sfnames
 *(.debug_sfnames)

.debug_aranges  0x0000000000000000      0x540
 *(.debug_aranges)
 .debug_aranges
                0x0000000000000000       0x20 init/main.o
 .debug_aranges
                0x0000000000000020      0x1a0 kernel/kernel.o
 .debug_aranges
                0x00000000000001c0       0x20 mm/mm.o
 .debug_aranges
                0x00000000000001e0      0x240 fs/fs.o
 .debug_aranges
                0x0000000000000420       0x20 lib/lib.a(_exit.o)
 .debug_aranges
                0x0000000000000440       0x20 lib/lib.a(open.o)
 .debug_aranges
                0x0000000000000460       0x20 lib/lib.a(close.o)
 .debug_aranges
                0x0000000000000480       0x20 lib/lib.a(write.o)
 .debug_aranges
                0x00000000000004a0       0x20 lib/lib.a(dup.o)
 .debug_aranges
                0x00000000000004c0       0x20 lib/lib.a(setsid.o)
 .debug_aranges
                0x00000000000004e0       0x20 lib/lib.a(execve.o)
 .debug_aranges
                0x0000000000000500       0x20 lib/lib.a(wait.o)
 .debug_aranges
                0x0000000000000520       0x20 lib/lib.a(string.o)

.debug_pubnames
 *(.debug_pubnames)

.debug_info     0x0000000000000000    0x1ad1d
 *(.debug_info .gnu.linkonce.wi.*)
 .debug_info    0x0000000000000000      0xccf init/main.o
 .debug_info    0x0000000000000ccf     0x91b4 kernel/kernel.o
 .debug_info    0x0000000000009e83      0x4d6 mm/mm.o
 .debug_info    0x000000000000a359     0xe2d3 fs/fs.o
 .debug_info    0x000000000001862c       0x70 lib/lib.a(ctype.o)
 .debug_info    0x000000000001869c      0x3af lib/lib.a(_exit.o)
 .debug_info    0x0000000000018a4b      0x403 lib/lib.a(open.o)
 .debug_info    0x0000000000018e4e      0x3ce lib/lib.a(close.o)
 .debug_info    0x000000000001921c       0x3f lib/lib.a(errno.o)
 .debug_info    0x000000000001925b      0x400 lib/lib.a(write.o)
 .debug_info    0x000000000001965b      0x3ce lib/lib.a(dup.o)
 .debug_info    0x0000000000019a29      0x3cb lib/lib.a(setsid.o)
 .debug_info    0x0000000000019df4      0x3fc lib/lib.a(execve.o)
 .debug_info    0x000000000001a1f0      0x428 lib/lib.a(wait.o)
 .debug_info    0x000000000001a618      0x705 lib/lib.a(string.o)

.debug_abbrev   0x0000000000000000     0x446f
 *(.debug_abbrev)
 .debug_abbrev  0x0000000000000000      0x1d7 init/main.o
 .debug_abbrev  0x00000000000001d7     0x1826 kernel/kernel.o
 .debug_abbrev  0x00000000000019fd      0x1af mm/mm.o
 .debug_abbrev  0x0000000000001bac     0x212e fs/fs.o
 .debug_abbrev  0x0000000000003cda       0x42 lib/lib.a(ctype.o)
 .debug_abbrev  0x0000000000003d1c       0xa3 lib/lib.a(_exit.o)
 .debug_abbrev  0x0000000000003dbf       0xdc lib/lib.a(open.o)
 .debug_abbrev  0x0000000000003e9b       0xb4 lib/lib.a(close.o)
 .debug_abbrev  0x0000000000003f4f       0x30 lib/lib.a(errno.o)
 .debug_abbrev  0x0000000000003f7f       0xd7 lib/lib.a(write.o)
 .debug_abbrev  0x0000000000004056       0xb4 lib/lib.a(dup.o)
 .debug_abbrev  0x000000000000410a       0xb2 lib/lib.a(setsid.o)
 .debug_abbrev  0x00000000000041bc       0xbb lib/lib.a(execve.o)
 .debug_abbrev  0x0000000000004277       0xd0 lib/lib.a(wait.o)
 .debug_abbrev  0x0000000000004347      0x128 lib/lib.a(string.o)

.debug_line     0x0000000000000000     0x3844
 *(.debug_line)
 .debug_line    0x0000000000000000      0x11e init/main.o
 .debug_line    0x000000000000011e     0x15b4 kernel/kernel.o
 .debug_line    0x00000000000016d2      0x122 mm/mm.o
 .debug_line    0x00000000000017f4     0x1b88 fs/fs.o
 .debug_line    0x000000000000337c       0x28 lib/lib.a(ctype.o)
 .debug_line    0x00000000000033a4       0x50 lib/lib.a(_exit.o)
 .debug_line    0x00000000000033f4       0x76 lib/lib.a(open.o)
 .debug_line    0x000000000000346a       0x6e lib/lib.a(close.o)
 .debug_line    0x00000000000034d8       0x28 lib/lib.a(errno.o)
 .debug_line    0x0000000000003500       0x8c lib/lib.a(write.o)
 .debug_line    0x000000000000358c       0x6c lib/lib.a(dup.o)
 .debug_line    0x00000000000035f8       0x88 lib/lib.a(setsid.o)
 .debug_line    0x0000000000003680       0x73 lib/lib.a(execve.o)
 .debug_line    0x00000000000036f3       0x90 lib/lib.a(wait.o)
 .debug_line    0x0000000000003783       0xc1 lib/lib.a(string.o)

.debug_frame
 *(.debug_frame)

.debug_str      0x0000000000000000     0x1b03
 *(.debug_str)
 .debug_str     0x0000000000000000      0x3f7 init/main.o
                                        0x4a4 (size before relaxing)
 .debug_str     0x00000000000003f7      0xbf3 kernel/kernel.o
                                       0x32ba (size before relaxing)
 .debug_str     0x0000000000000fea      0x125 mm/mm.o
                                        0x1c0 (size before relaxing)
 .debug_str     0x000000000000110f      0x92a fs/fs.o
                                       0x53ba (size before relaxing)
 .debug_str     0x0000000000001a39       0x25 lib/lib.a(ctype.o)
                                         0x65 (size before relaxing)
 .debug_str     0x0000000000001a5e        0x8 lib/lib.a(_exit.o)
                                        0x283 (size before relaxing)
 .debug_str     0x0000000000000000        0x8 lib/lib.a(open.o)
                                        0x293 (size before relaxing)
 .debug_str     0x0000000000001a66        0x8 lib/lib.a(close.o)
                                        0x285 (size before relaxing)
 .debug_str     0x0000000000001a6e        0x8 lib/lib.a(errno.o)
                                         0x37 (size before relaxing)
 .debug_str     0x0000000000000000        0x8 lib/lib.a(write.o)
                                        0x291 (size before relaxing)
 .debug_str     0x0000000000001a76        0x6 lib/lib.a(dup.o)
                                        0x27d (size before relaxing)
 .debug_str     0x0000000000001a7c        0x9 lib/lib.a(setsid.o)
                                        0x28d (size before relaxing)
 .debug_str     0x0000000000001a85        0x9 lib/lib.a(execve.o)
                                        0x296 (size before relaxing)
 .debug_str     0x0000000000001a8e       0x11 lib/lib.a(wait.o)
                                        0x2a3 (size before relaxing)
 .debug_str     0x0000000000001a9f       0x64 lib/lib.a(string.o)
                                         0xeb (size before relaxing)

.debug_loc      0x0000000000000000     0xb158
 *(.debug_loc)
 .debug_loc     0x0000000000000000      0x256 init/main.o
 .debug_loc     0x0000000000000256     0x3f9c kernel/kernel.o
 .debug_loc     0x00000000000041f2      0x640 mm/mm.o
 .debug_loc     0x0000000000004832     0x6353 fs/fs.o
 .debug_loc     0x000000000000ab85       0x2c lib/lib.a(_exit.o)
 .debug_loc     0x000000000000abb1       0x3f lib/lib.a(open.o)
 .debug_loc     0x000000000000abf0       0x3f lib/lib.a(close.o)
 .debug_loc     0x000000000000ac2f       0x57 lib/lib.a(write.o)
 .debug_loc     0x000000000000ac86       0x3f lib/lib.a(dup.o)
 .debug_loc     0x000000000000acc5       0x13 lib/lib.a(setsid.o)
 .debug_loc     0x000000000000acd8       0x57 lib/lib.a(execve.o)
 .debug_loc     0x000000000000ad2f       0x83 lib/lib.a(wait.o)
 .debug_loc     0x000000000000adb2      0x3a6 lib/lib.a(string.o)

.debug_macinfo
 *(.debug_macinfo)

.debug_weaknames
 *(.debug_weaknames)

.debug_funcnames
 *(.debug_funcnames)

.debug_typenames
 *(.debug_typenames)

.debug_varnames
 *(.debug_varnames)

.debug_pubtypes
 *(.debug_pubtypes)

.debug_ranges   0x0000000000000000      0x500
 *(.debug_ranges)
 .debug_ranges  0x0000000000000000      0x1f8 kernel/kernel.o
 .debug_ranges  0x00000000000001f8      0x308 fs/fs.o

.gnu.attributes
 *(.gnu.attributes)

/DISCARD/
 *(.note.GNU-stack)
 *(.gnu_debuglink)
 *(.gnu.lto_*)
OUTPUT(tools/system elf32-i386)
