Archive member included because of file (symbol)

lib/lib.a(ctype.o)            kernel/kernel.o (_ctype)
lib/lib.a(_exit.o)            init/main.o (_exit)
lib/lib.a(open.o)             init/main.o (open)
lib/lib.a(close.o)            init/main.o (close)
lib/lib.a(errno.o)            init/main.o (errno)
lib/lib.a(write.o)            init/main.o (write)
lib/lib.a(dup.o)              init/main.o (dup)
lib/lib.a(setsid.o)           init/main.o (setsid)
lib/lib.a(execve.o)           init/main.o (execve)
lib/lib.a(wait.o)             init/main.o (wait)
lib/lib.a(string.o)           kernel/kernel.o (memcpy)

Allocating common symbols
Common symbol       size              file

errno               0x4               lib/lib.a(errno.o)
hash_table          0x4cc             fs/fs.o
___strtok           0x4               lib/lib.a(string.o)
user_stack          0x1000            kernel/kernel.o
_ctmp               0x1               lib/lib.a(ctype.o)
super_block         0x340             fs/fs.o
character_for_input
                    0x1               kernel/kernel.o
file_table          0x400             fs/fs.o

Discarded input sections

 .note.GNU-stack
                0x0000000000000000        0x0 init/main.o
 .note.GNU-stack
                0x0000000000000000        0x0 kernel/kernel.o
 .note.GNU-stack
                0x0000000000000000        0x0 mm/mm.o
 .note.GNU-stack
                0x0000000000000000        0x0 fs/fs.o
 .note.GNU-stack
                0x0000000000000000        0x0 lib/lib.a(ctype.o)
 .note.GNU-stack
                0x0000000000000000        0x0 lib/lib.a(_exit.o)
 .note.GNU-stack
                0x0000000000000000        0x0 lib/lib.a(open.o)
 .note.GNU-stack
                0x0000000000000000        0x0 lib/lib.a(close.o)
 .note.GNU-stack
                0x0000000000000000        0x0 lib/lib.a(errno.o)
 .note.GNU-stack
                0x0000000000000000        0x0 lib/lib.a(write.o)
 .note.GNU-stack
                0x0000000000000000        0x0 lib/lib.a(dup.o)
 .note.GNU-stack
                0x0000000000000000        0x0 lib/lib.a(setsid.o)
 .note.GNU-stack
                0x0000000000000000        0x0 lib/lib.a(execve.o)
 .note.GNU-stack
                0x0000000000000000        0x0 lib/lib.a(wait.o)
 .note.GNU-stack
                0x0000000000000000        0x0 lib/lib.a(string.o)

Memory Configuration

Name             Origin             Length             Attributes
*default*        0x0000000000000000 0xffffffffffffffff

Linker script and memory map

Address of section .text set to 0x0
LOAD boot/head.o
LOAD init/main.o
LOAD kernel/kernel.o
LOAD mm/mm.o
LOAD fs/fs.o
LOAD lib/lib.a
                0x0000000008048000                PROVIDE (__executable_start, 0x8048000)
                0x0000000008048094                . = (0x8048000 + SIZEOF_HEADERS)

.interp
 *(.interp)

.note.gnu.build-id
 *(.note.gnu.build-id)

.hash
 *(.hash)

.gnu.hash
 *(.gnu.hash)

.dynsym
 *(.dynsym)

.dynstr
 *(.dynstr)

.gnu.version
 *(.gnu.version)

.gnu.version_d
 *(.gnu.version_d)

.gnu.version_r
 *(.gnu.version_r)

.rel.dyn        0x0000000008048094        0x0
 *(.rel.init)
 *(.rel.text .rel.text.* .rel.gnu.linkonce.t.*)
 .rel.text      0x0000000000000000        0x0 boot/head.o
 *(.rel.fini)
 *(.rel.rodata .rel.rodata.* .rel.gnu.linkonce.r.*)
 *(.rel.data.rel.ro* .rel.gnu.linkonce.d.rel.ro.*)
 *(.rel.data .rel.data.* .rel.gnu.linkonce.d.*)
 .rel.data      0x0000000000000000        0x0 boot/head.o
 *(.rel.tdata .rel.tdata.* .rel.gnu.linkonce.td.*)
 *(.rel.tbss .rel.tbss.* .rel.gnu.linkonce.tb.*)
 *(.rel.ctors)
 *(.rel.dtors)
 *(.rel.got)
 *(.rel.bss .rel.bss.* .rel.gnu.linkonce.b.*)
 *(.rel.ifunc)

.rel.plt        0x0000000008048094        0x0
 *(.rel.plt)
                0x0000000008048094                PROVIDE (__rel_iplt_start, .)
 *(.rel.iplt)
 .rel.iplt      0x0000000000000000        0x0 boot/head.o
                0x0000000008048094                PROVIDE (__rel_iplt_end, .)

.init
 *(.init)

.plt            0x00000000080480a0        0x0
 *(.plt)
 *(.iplt)
 .iplt          0x0000000000000000        0x0 boot/head.o

.text           0x0000000000000000    0x10e75
 *(.text.unlikely .text.*_unlikely)
 *(.text.exit .text.exit.*)
 *(.text.startup .text.startup.*)
 *(.text.hot .text.hot.*)
 *(.text .stub .text.* .gnu.linkonce.t.*)
 .text          0x0000000000000000     0x5078 boot/head.o
                0x0000000000000000                startup_32
                0x0000000000000000                pg_dir
                0x0000000000004078                idt
                0x0000000000004878                gdt
 *fill*         0x0000000000005078        0x8 90909090
 .text          0x0000000000005080      0x370 init/main.o
                0x00000000000050c1                init
                0x0000000000005232                main
 .text          0x00000000000053f0     0x5f07 kernel/kernel.o
                0x00000000000053f0                sys_alarm
                0x0000000000005417                sys_getpid
                0x0000000000005423                sys_getppid
                0x000000000000542f                sys_getuid
                0x000000000000543c                sys_geteuid
                0x0000000000005449                sys_getgid
                0x0000000000005456                sys_getegid
                0x0000000000005463                sys_nice
                0x000000000000547c                sys_signal
                0x00000000000054b9                math_state_restore
                0x00000000000054f0                schedule
                0x00000000000055e1                sys_pause
                0x00000000000055f7                sleep_on
                0x0000000000005651                interruptible_sleep_on
                0x00000000000056bb                wake_up
                0x00000000000056d7                do_timer
                0x000000000000571d                sched_init
                0x0000000000005844                system_call
                0x0000000000005936                timer_interrupt
                0x000000000000596e                sys_execve
                0x000000000000597c                sys_fork
                0x0000000000005994                hd_interrupt
                0x0000000000005b41                do_double_fault
                0x0000000000005b5a                do_general_protection
                0x0000000000005b73                do_divide_error
                0x0000000000005b8c                do_int3
                0x0000000000005c44                do_nmi
                0x0000000000005c5d                do_debug
                0x0000000000005c76                do_overflow
                0x0000000000005c8f                do_bounds
                0x0000000000005ca8                do_invalid_op
                0x0000000000005cc1                do_device_not_available
                0x0000000000005cda                do_coprocessor_segment_overrun
                0x0000000000005cf3                do_invalid_TSS
                0x0000000000005d0c                do_segment_not_present
                0x0000000000005d25                do_stack_segment
                0x0000000000005d3e                do_coprocessor_error
                0x0000000000005d57                do_reserved
                0x0000000000005d70                trap_init
                0x0000000000005f2c                divide_error
                0x0000000000005f61                debug
                0x0000000000005f68                nmi
                0x0000000000005f6f                int3
                0x0000000000005f76                overflow
                0x0000000000005f7d                bounds
                0x0000000000005f84                invalid_op
                0x0000000000005f93                device_not_available
                0x0000000000005fc0                coprocessor_segment_overrun
                0x0000000000005fca                reserved
                0x0000000000005fd4                coprocessor_error
                0x0000000000005fde                double_fault
                0x0000000000006015                invalid_TSS
                0x000000000000601c                segment_not_present
                0x0000000000006023                stack_segment
                0x000000000000602a                general_protection
                0x0000000000006034                verify_area
                0x0000000000006099                copy_mem
                0x000000000000618f                copy_process
                0x000000000000641e                find_empty_process
                0x0000000000006480                panic
                0x000000000000649c                printk
                0x0000000000006726                vsprintf
                0x0000000000006a90                tty_init
                0x0000000000006aa1                tty_intr
                0x0000000000006ae6                copy_to_cooked
                0x0000000000006d66                tty_read
                0x000000000000702c                tty_write
                0x0000000000007209                do_tty_interrupt
                0x0000000000007435                fill_list
                0x0000000000007515                closeR
                0x000000000000754f                openR
                0x0000000000007592                draw_list_clip
                0x00000000000076b8                draw_list
                0x0000000000007853                mark_selected_clip
                0x00000000000078bb                mark_selected
                0x0000000000007923                set_path_name
                0x0000000000007a3c                csi_m
                0x0000000000007a97                con_write
                0x00000000000083fc                con_init
                0x000000000000847f                f1_down
                0x000000000000848a                f1_up
                0x0000000000008495                tool_draw
                0x0000000000008629                tool_dir
                0x0000000000008651                tool_clip
                0x0000000000008673                tool_start
                0x00000000000086f3                put_char_to_clip
                0x0000000000008784                remove_char_for_clip
                0x000000000000880d                paste_to_con
                0x0000000000008985                arr_right
                0x0000000000008a54                arr_left
                0x0000000000008afb                arr_down
                0x0000000000008b98                arr_up
                0x0000000000008c27                print_name_and_index
                0x0000000000008c97                keyboard_interrupt
                0x0000000000009564                rs1_interrupt
                0x000000000000956c                rs2_interrupt
                0x0000000000009cd9                rw_hd
                0x0000000000009d82                sys_setup
                0x0000000000009e81                unexpected_hd_interrupt
                0x0000000000009e94                hd_init
                0x0000000000009f04                copy_to_buffer
                0x0000000000009f2c                to_lower_case
                0x0000000000009f8d                sys_get_i_node
                0x0000000000009f8f                buffer_decr
                0x000000000000a107                file_decr
                0x000000000000a1be                sys_decr
                0x000000000000a1fe                check_for_encr
                0x000000000000a236                i_node_check
                0x000000000000a299                buffer_encr
                0x000000000000a411                file_encr
                0x000000000000a4d8                sys_encr
                0x000000000000a561                partition
                0x000000000000a5ee                sort_index_and_global
                0x000000000000a673                sys_generate_key_
                0x000000000000a78f                clear_key_
                0x000000000000a7a6                sys_clear_key
                0x000000000000a7cd                sys_set_key
                0x000000000000a808                sys_ftime
                0x000000000000a80e                sys_mknod
                0x000000000000a814                sys_break
                0x000000000000a81a                sys_mount
                0x000000000000a820                sys_umount
                0x000000000000a826                sys_ustat
                0x000000000000a82c                sys_ptrace
                0x000000000000a832                sys_stty
                0x000000000000a838                sys_gtty
                0x000000000000a83e                sys_rename
                0x000000000000a844                sys_prof
                0x000000000000a84a                sys_setgid
                0x000000000000a8a7                sys_acct
                0x000000000000a8ad                sys_phys
                0x000000000000a8b3                sys_lock
                0x000000000000a8b9                sys_mpx
                0x000000000000a8bf                sys_ulimit
                0x000000000000a8c5                sys_time
                0x000000000000a918                sys_setuid
                0x000000000000a971                sys_stime
                0x000000000000a9be                sys_times
                0x000000000000aa17                sys_brk
                0x000000000000aa4a                sys_setpgid
                0x000000000000aabf                sys_getpgrp
                0x000000000000aacb                sys_setsid
                0x000000000000ab20                sys_oldolduname
                0x000000000000ab38                sys_uname
                0x000000000000ab85                sys_umask
                0x000000000000aba3                sys_null
                0x000000000000abd0                release
                0x000000000000ac2a                do_kill
                0x000000000000aea3                sys_kill
                0x000000000000aed9                do_exit
                0x000000000000b06c                sys_exit
                0x000000000000b087                sys_waitpid
                0x000000000000b20e                rs_init
                0x000000000000b266                rs_write
                0x000000000000b290                kernel_mktime
 *fill*         0x000000000000b2f7        0x1 90909090
 .text          0x000000000000b2f8      0x517 mm/mm.o
                0x000000000000b2f8                invalidate
                0x000000000000b301                copy_page
                0x000000000000b326                get_free_page
                0x000000000000b35e                free_page
                0x000000000000b3be                free_page_tables
                0x000000000000b46e                copy_page_tables
                0x000000000000b568                put_page
                0x000000000000b615                un_wp_page
                0x000000000000b6a5                do_wp_page
                0x000000000000b6d5                write_verify
                0x000000000000b714                do_no_page
                0x000000000000b744                calc_mem
                0x000000000000b7d8                page_fault
 *fill*         0x000000000000b80f        0x1 90909090
 .text          0x000000000000b810     0x508c fs/fs.o
                0x000000000000b810                sys_utime
                0x000000000000b879                sys_access
                0x000000000000b910                sys_chdir
                0x000000000000b973                sys_chroot
                0x000000000000b9d6                sys_chmod
                0x000000000000ba6b                sys_chown
                0x000000000000bad2                sys_open
                0x000000000000bc66                sys_creat
                0x000000000000bc89                sys_close
                0x000000000000bd10                sys_lseek
                0x000000000000bdcc                sys_read
                0x000000000000bf27                sys_write
                0x000000000000c43b                sync_inodes
                0x000000000000c485                bmap
                0x000000000000c49e                create_block
                0x000000000000c4b7                iput
                0x000000000000c5a5                get_empty_inode
                0x000000000000c693                get_pipe_inode
                0x000000000000c6da                iget
                0x000000000000c8c7                sys_sync
                0x000000000000c92f                brelse
                0x000000000000c981                get_hash_table
                0x000000000000c9e0                getblk
                0x000000000000cc7f                bread
                0x000000000000ccd9                buffer_init
                0x000000000000cd74                do_mount
                0x000000000000cf7f                mount_root
                0x000000000000d0d0                block_write
                0x000000000000d1b3                block_read
                0x000000000000d28a                ll_rw_block
                0x000000000000d353                rw_char
                0x000000000000d3c4                buffer_switch_case
                0x000000000000d403                file_switch_case
                0x000000000000d4ca                sys_switch_case
                0x000000000000d505                file_read
                0x000000000000d6b0                file_write
                0x000000000000d952                sys_stat
                0x000000000000d997                sys_lstat
                0x000000000000d9b2                sys_fstat
                0x000000000000d9f5                sys_stat64
                0x000000000000da3a                sys_fstat64
                0x000000000000da7d                sys_lstat64
                0x000000000000da98                sys_oldstat
                0x000000000000dab0                sys_oldfstat
                0x000000000000dbf4                cp_block
                0x000000000000dc29                is_valid_elf
                0x000000000000dc6e                read_file_block_ind
                0x000000000000dd03                read_file_block
                0x000000000000de02                copy_section
                0x000000000000def0                create_bss_section
                0x000000000000df16                load_elf_binary
                0x000000000000e121                do_execve
                0x000000000000e5b4                read_pipe
                0x000000000000e64d                write_pipe
                0x000000000000e746                sys_pipe
                0x000000000000ed79                namei
                0x000000000000ee2f                open_namei
                0x000000000000f095                sys_mkdir
                0x000000000000f34a                sys_rmdir
                0x000000000000f6bc                sys_unlink
                0x000000000000f858                sys_link
                0x000000000000fa00                free_block
                0x000000000000fb3b                new_block
                0x000000000000fcbe                free_inode
                0x000000000000fdea                new_inode
                0x000000000000ffca                sys_dup2
                0x000000000000ffea                sys_dup
                0x000000000000fffa                sys_fcntl
                0x00000000000100b7                sys_fcntl64
                0x000000000001010c                sys_ioctl
                0x00000000000101a9                tty_ioctl
                0x0000000000010475                truncate
                0x0000000000010580                sys_getdents
                0x000000000001070e                sys_getdents64
 .text          0x000000000001089c        0x0 lib/lib.a(ctype.o)
 .text          0x000000000001089c        0xe lib/lib.a(_exit.o)
                0x000000000001089c                _exit
 *fill*         0x00000000000108aa        0x2 90909090
 .text          0x00000000000108ac       0x3d lib/lib.a(open.o)
                0x00000000000108ac                open
 *fill*         0x00000000000108e9        0x3 90909090
 .text          0x00000000000108ec       0x23 lib/lib.a(close.o)
                0x00000000000108ec                close
 *fill*         0x000000000001090f        0x1 90909090
 .text          0x0000000000010910        0x0 lib/lib.a(errno.o)
 .text          0x0000000000010910       0x60 lib/lib.a(write.o)
                0x0000000000010910                write
                0x000000000001094d                switch_case
 .text          0x0000000000010970       0x23 lib/lib.a(dup.o)
                0x0000000000010970                dup
 *fill*         0x0000000000010993        0x1 90909090
 .text          0x0000000000010994       0x1e lib/lib.a(setsid.o)
                0x0000000000010994                setsid
 *fill*         0x00000000000109b2        0x2 90909090
 .text          0x00000000000109b4       0x3d lib/lib.a(execve.o)
                0x00000000000109b4                execve
 *fill*         0x00000000000109f1        0x3 90909090
 .text          0x00000000000109f4       0x60 lib/lib.a(wait.o)
                0x00000000000109f4                waitpid
                0x0000000000010a31                wait
 .text          0x0000000000010a54      0x421 lib/lib.a(string.o)
                0x0000000000010a54                strcpy
                0x0000000000010a7c                strncpy
                0x0000000000010aad                strcat
                0x0000000000010ae2                strncat
                0x0000000000010b21                strcmp
                0x0000000000010b4f                strncmp
                0x0000000000010b84                strchr
                0x0000000000010ba2                strrchr
                0x0000000000010bc3                strspn
                0x0000000000010c10                strcspn
                0x0000000000010c5d                strpbrk
                0x0000000000010ca2                strstr
                0x0000000000010ce7                strlen
                0x0000000000010d00                strtok
                0x0000000000010d91                memcpy
                0x0000000000010db7                memmove
                0x0000000000010e05                memcmp
                0x0000000000010e39                memchr
                0x0000000000010e5f                memset
 *(.gnu.warning)

.fini
 *(.fini)
                0x0000000000010e75                PROVIDE (__etext, .)
                0x0000000000010e75                PROVIDE (_etext, .)
                0x0000000000010e75                PROVIDE (etext, .)

.rodata         0x0000000000010e80     0x10c4
 *(.rodata .rodata.* .gnu.linkonce.r.*)
 .rodata.str1.1
                0x0000000000010e80       0x68 init/main.o
 .rodata.str1.4
                0x0000000000010ee8       0x25 init/main.o
 *fill*         0x0000000000010f0d       0x13 00
 .rodata        0x0000000000010f20      0x270 kernel/kernel.o
 .rodata.str1.1
                0x0000000000011190      0x2f7 kernel/kernel.o
                                        0x301 (size before relaxing)
 *fill*         0x0000000000011487        0x1 00
 .rodata.str1.4
                0x0000000000011488      0x22c kernel/kernel.o
 .rodata.str1.4
                0x00000000000116b4       0xe9 mm/mm.o
 .rodata.str1.1
                0x000000000001179d       0x68 mm/mm.o
 *fill*         0x0000000000011805       0x1b 00
 .rodata        0x0000000000011820       0xc4 fs/fs.o
 .rodata.str1.1
                0x00000000000118e4      0x32c fs/fs.o
                                        0x332 (size before relaxing)
 .rodata.str1.4
                0x0000000000011c10      0x334 fs/fs.o

.rodata1
 *(.rodata1)

.eh_frame_hdr
 *(.eh_frame_hdr)

.eh_frame       0x0000000000011f44     0x27d0
 *(.eh_frame)
 .eh_frame      0x0000000000011f44       0x74 init/main.o
 .eh_frame      0x0000000000011fb8     0x12b8 kernel/kernel.o
                                       0x13f0 (size before relaxing)
 .eh_frame      0x0000000000013270      0x1a8 mm/mm.o
                                        0x1c0 (size before relaxing)
 .eh_frame      0x0000000000013418      0xf84 fs/fs.o
                                       0x1134 (size before relaxing)
 .eh_frame      0x000000000001439c       0x1c lib/lib.a(_exit.o)
                                         0x34 (size before relaxing)
 .eh_frame      0x00000000000143b8       0x20 lib/lib.a(open.o)
                                         0x38 (size before relaxing)
 .eh_frame      0x00000000000143d8       0x1c lib/lib.a(close.o)
                                         0x34 (size before relaxing)
 .eh_frame      0x00000000000143f4       0x3c lib/lib.a(write.o)
                                         0x54 (size before relaxing)
 .eh_frame      0x0000000000014430       0x1c lib/lib.a(dup.o)
                                         0x34 (size before relaxing)
 .eh_frame      0x000000000001444c       0x14 lib/lib.a(setsid.o)
                                         0x2c (size before relaxing)
 .eh_frame      0x0000000000014460       0x20 lib/lib.a(execve.o)
                                         0x38 (size before relaxing)
 .eh_frame      0x0000000000014480       0x38 lib/lib.a(wait.o)
                                         0x50 (size before relaxing)
 .eh_frame      0x00000000000144b8      0x25c lib/lib.a(string.o)
                                        0x274 (size before relaxing)

.gcc_except_table
 *(.gcc_except_table .gcc_except_table.*)

.exception_ranges
 *(.exception_ranges .exception_ranges*)
                0x0000000000014714                . = (ALIGN (0x1000) - ((0x1000 - .) & 0xfff))
                0x0000000000015000                . = DATA_SEGMENT_ALIGN (0x1000, 0x1000)

.eh_frame
 *(.eh_frame)

.gcc_except_table
 *(.gcc_except_table .gcc_except_table.*)

.exception_ranges
 *(.exception_ranges .exception_ranges*)

.tdata
 *(.tdata .tdata.* .gnu.linkonce.td.*)

.tbss
 *(.tbss .tbss.* .gnu.linkonce.tb.*)
 *(.tcommon)

.preinit_array  0x0000000000015000        0x0
                0x0000000000015000                PROVIDE (__preinit_array_start, .)
 *(.preinit_array)
                0x0000000000015000                PROVIDE (__preinit_array_end, .)

.init_array     0x0000000000015000        0x0
                0x0000000000015000                PROVIDE (__init_array_start, .)
 *(SORT(.init_array.*) SORT(.ctors.*))
 *(.init_array)
 *(EXCLUDE_FILE(*crtend?.o *crtend.o *crtbegin?.o *crtbegin.o) .ctors)
                0x0000000000015000                PROVIDE (__init_array_end, .)

.fini_array     0x0000000000015000        0x0
                0x0000000000015000                PROVIDE (__fini_array_start, .)
 *(SORT(.fini_array.*) SORT(.dtors.*))
 *(.fini_array)
 *(EXCLUDE_FILE(*crtend?.o *crtend.o *crtbegin?.o *crtbegin.o) .dtors)
                0x0000000000015000                PROVIDE (__fini_array_end, .)

.ctors
 *crtbegin.o(.ctors)
 *crtbegin?.o(.ctors)
 *(EXCLUDE_FILE(*crtend?.o *crtend.o) .ctors)
 *(SORT(.ctors.*))
 *(.ctors)

.dtors
 *crtbegin.o(.dtors)
 *crtbegin?.o(.dtors)
 *(EXCLUDE_FILE(*crtend?.o *crtend.o) .dtors)
 *(SORT(.dtors.*))
 *(.dtors)

.jcr
 *(.jcr)

.data.rel.ro
 *(.data.rel.ro.local* .gnu.linkonce.d.rel.ro.local.*)
 *(.data.rel.ro* .gnu.linkonce.d.rel.ro.*)

.dynamic
 *(.dynamic)

.got
 *(.got)
 *(.igot)
                0x0000000000015000                . = DATA_SEGMENT_RELRO_END (., 0xc)

.got.plt        0x0000000000015000        0x0
 *(.got.plt)
 *(.igot.plt)
 .igot.plt      0x0000000000000000        0x0 boot/head.o

.data           0x0000000000015000     0x3e64
 *(.data .data.* .gnu.linkonce.d.*)
 .data          0x0000000000015000        0x0 boot/head.o
 .data          0x0000000000015000       0x18 init/main.o
 *fill*         0x0000000000015018        0x8 00
 .data          0x0000000000015020     0x3d2c kernel/kernel.o
                0x0000000000015020                stack_start
                0x0000000000015040                task
                0x0000000000015140                current
                0x0000000000015160                sys_call_table
                0x0000000000016660                table_list
                0x0000000000016680                tty_table
 .data          0x0000000000018d4c        0x0 mm/mm.o
 .data          0x0000000000018d4c        0x4 fs/fs.o
                0x0000000000018d4c                start_buffer
 *fill*         0x0000000000018d50       0x10 00
 .data          0x0000000000018d60      0x101 lib/lib.a(ctype.o)
                0x0000000000018d60                _ctype
 *fill*         0x0000000000018e61        0x3 00
 .data          0x0000000000018e64        0x0 lib/lib.a(_exit.o)
 .data          0x0000000000018e64        0x0 lib/lib.a(open.o)
 .data          0x0000000000018e64        0x0 lib/lib.a(close.o)
 .data          0x0000000000018e64        0x0 lib/lib.a(errno.o)
 .data          0x0000000000018e64        0x0 lib/lib.a(write.o)
 .data          0x0000000000018e64        0x0 lib/lib.a(dup.o)
 .data          0x0000000000018e64        0x0 lib/lib.a(setsid.o)
 .data          0x0000000000018e64        0x0 lib/lib.a(execve.o)
 .data          0x0000000000018e64        0x0 lib/lib.a(wait.o)
 .data          0x0000000000018e64        0x0 lib/lib.a(string.o)

.data1
 *(.data1)
                0x0000000000018e64                _edata = .
                0x0000000000018e64                PROVIDE (edata, .)
                0x0000000000018e64                __bss_start = .

.bss            0x0000000000018e80     0x400c
 *(.dynbss)
 *(.bss .bss.* .gnu.linkonce.b.*)
 .bss           0x0000000000018e80        0x0 boot/head.o
 .bss           0x0000000000018e80      0x400 init/main.o
 .bss           0x0000000000019280      0xc88 kernel/kernel.o
                0x0000000000019280                last_task_used_math
                0x0000000000019284                startup_time
                0x0000000000019288                jiffies
                0x000000000001928c                last_pid
                0x00000000000196c0                f1_down_flag
                0x0000000000019960                do_hd
 *fill*         0x0000000000019f08       0x18 00
 .bss           0x0000000000019f20      0xc00 mm/mm.o
 .bss           0x000000000001ab20      0x710 fs/fs.o
                0x000000000001ab20                inode_table
                0x000000000001b224                nr_buffers
 .bss           0x000000000001b230        0x0 lib/lib.a(ctype.o)
 .bss           0x000000000001b230        0x0 lib/lib.a(_exit.o)
 .bss           0x000000000001b230        0x0 lib/lib.a(open.o)
 .bss           0x000000000001b230        0x0 lib/lib.a(close.o)
 .bss           0x000000000001b230        0x0 lib/lib.a(errno.o)
 .bss           0x000000000001b230        0x0 lib/lib.a(write.o)
 .bss           0x000000000001b230        0x0 lib/lib.a(dup.o)
 .bss           0x000000000001b230        0x0 lib/lib.a(setsid.o)
 .bss           0x000000000001b230        0x0 lib/lib.a(execve.o)
 .bss           0x000000000001b230        0x0 lib/lib.a(wait.o)
 .bss           0x000000000001b230        0x0 lib/lib.a(string.o)
 *(COMMON)
 *fill*         0x000000000001b230       0x10 00
 COMMON         0x000000000001b240     0x1001 kernel/kernel.o
                0x000000000001b240                user_stack
                0x000000000001c240                character_for_input
 *fill*         0x000000000001c241       0x1f 00
 COMMON         0x000000000001c260      0xc20 fs/fs.o
                0x000000000001c260                hash_table
                0x000000000001c740                super_block
                0x000000000001ca80                file_table
 COMMON         0x000000000001ce80        0x1 lib/lib.a(ctype.o)
                0x000000000001ce80                _ctmp
 *fill*         0x000000000001ce81        0x3 00
 COMMON         0x000000000001ce84        0x4 lib/lib.a(errno.o)
                0x000000000001ce84                errno
 COMMON         0x000000000001ce88        0x4 lib/lib.a(string.o)
                0x000000000001ce88                ___strtok
                0x000000000001ce8c                . = ALIGN ((. != 0x0)?0x4:0x1)
                0x000000000001ce8c                . = ALIGN (0x4)
                0x000000000001ce8c                . = ALIGN (0x4)
                0x000000000001ce8c                _end = .
                0x000000000001ce8c                PROVIDE (end, .)
                0x000000000001ce8c                . = DATA_SEGMENT_END (.)

.stab
 *(.stab)

.stabstr
 *(.stabstr)

.stab.excl
 *(.stab.excl)

.stab.exclstr
 *(.stab.exclstr)

.stab.index
 *(.stab.index)

.stab.indexstr
 *(.stab.indexstr)

.comment        0x0000000000000000       0x2a
 *(.comment)
 .comment       0x0000000000000000       0x2a init/main.o
                                         0x2b (size before relaxing)
 .comment       0x0000000000000000      0x22f kernel/kernel.o
 .comment       0x0000000000000000       0x2b mm/mm.o
 .comment       0x0000000000000000      0x331 fs/fs.o
 .comment       0x0000000000000000       0x2b lib/lib.a(ctype.o)
 .comment       0x0000000000000000       0x2b lib/lib.a(_exit.o)
 .comment       0x0000000000000000       0x2b lib/lib.a(open.o)
 .comment       0x0000000000000000       0x2b lib/lib.a(close.o)
 .comment       0x0000000000000000       0x2b lib/lib.a(errno.o)
 .comment       0x0000000000000000       0x2b lib/lib.a(write.o)
 .comment       0x0000000000000000       0x2b lib/lib.a(dup.o)
 .comment       0x0000000000000000       0x2b lib/lib.a(setsid.o)
 .comment       0x0000000000000000       0x2b lib/lib.a(execve.o)
 .comment       0x0000000000000000       0x2b lib/lib.a(wait.o)
 .comment       0x0000000000000000       0x2b lib/lib.a(string.o)

.debug
 *(.debug)

.line
 *(.line)

.debug_srcinfo
 *(.debug_srcinfo)

.debug_sfnames
 *(.debug_sfnames)

.debug_aranges  0x0000000000000000      0x540
 *(.debug_aranges)
 .debug_aranges
                0x0000000000000000       0x20 init/main.o
 .debug_aranges
                0x0000000000000020      0x1a0 kernel/kernel.o
 .debug_aranges
                0x00000000000001c0       0x20 mm/mm.o
 .debug_aranges
                0x00000000000001e0      0x240 fs/fs.o
 .debug_aranges
                0x0000000000000420       0x20 lib/lib.a(_exit.o)
 .debug_aranges
                0x0000000000000440       0x20 lib/lib.a(open.o)
 .debug_aranges
                0x0000000000000460       0x20 lib/lib.a(close.o)
 .debug_aranges
                0x0000000000000480       0x20 lib/lib.a(write.o)
 .debug_aranges
                0x00000000000004a0       0x20 lib/lib.a(dup.o)
 .debug_aranges
                0x00000000000004c0       0x20 lib/lib.a(setsid.o)
 .debug_aranges
                0x00000000000004e0       0x20 lib/lib.a(execve.o)
 .debug_aranges
                0x0000000000000500       0x20 lib/lib.a(wait.o)
 .debug_aranges
                0x0000000000000520       0x20 lib/lib.a(string.o)

.debug_pubnames
 *(.debug_pubnames)

.debug_info     0x0000000000000000    0x1bcff
 *(.debug_info .gnu.linkonce.wi.*)
 .debug_info    0x0000000000000000      0xccf init/main.o
 .debug_info    0x0000000000000ccf     0xa00b kernel/kernel.o
 .debug_info    0x000000000000acda      0x4d6 mm/mm.o
 .debug_info    0x000000000000b1b0     0xe424 fs/fs.o
 .debug_info    0x00000000000195d4       0x70 lib/lib.a(ctype.o)
 .debug_info    0x0000000000019644      0x3af lib/lib.a(_exit.o)
 .debug_info    0x00000000000199f3      0x403 lib/lib.a(open.o)
 .debug_info    0x0000000000019df6      0x3ce lib/lib.a(close.o)
 .debug_info    0x000000000001a1c4       0x3f lib/lib.a(errno.o)
 .debug_info    0x000000000001a203      0x43a lib/lib.a(write.o)
 .debug_info    0x000000000001a63d      0x3ce lib/lib.a(dup.o)
 .debug_info    0x000000000001aa0b      0x3cb lib/lib.a(setsid.o)
 .debug_info    0x000000000001add6      0x3fc lib/lib.a(execve.o)
 .debug_info    0x000000000001b1d2      0x428 lib/lib.a(wait.o)
 .debug_info    0x000000000001b5fa      0x705 lib/lib.a(string.o)

.debug_abbrev   0x0000000000000000     0x46aa
 *(.debug_abbrev)
 .debug_abbrev  0x0000000000000000      0x1d7 init/main.o
 .debug_abbrev  0x00000000000001d7     0x1a41 kernel/kernel.o
 .debug_abbrev  0x0000000000001c18      0x1af mm/mm.o
 .debug_abbrev  0x0000000000001dc7     0x214e fs/fs.o
 .debug_abbrev  0x0000000000003f15       0x42 lib/lib.a(ctype.o)
 .debug_abbrev  0x0000000000003f57       0xa3 lib/lib.a(_exit.o)
 .debug_abbrev  0x0000000000003ffa       0xdc lib/lib.a(open.o)
 .debug_abbrev  0x00000000000040d6       0xb4 lib/lib.a(close.o)
 .debug_abbrev  0x000000000000418a       0x30 lib/lib.a(errno.o)
 .debug_abbrev  0x00000000000041ba       0xd7 lib/lib.a(write.o)
 .debug_abbrev  0x0000000000004291       0xb4 lib/lib.a(dup.o)
 .debug_abbrev  0x0000000000004345       0xb2 lib/lib.a(setsid.o)
 .debug_abbrev  0x00000000000043f7       0xbb lib/lib.a(execve.o)
 .debug_abbrev  0x00000000000044b2       0xd0 lib/lib.a(wait.o)
 .debug_abbrev  0x0000000000004582      0x128 lib/lib.a(string.o)

.debug_line     0x0000000000000000     0x3c2f
 *(.debug_line)
 .debug_line    0x0000000000000000      0x11e init/main.o
 .debug_line    0x000000000000011e     0x1954 kernel/kernel.o
 .debug_line    0x0000000000001a72      0x122 mm/mm.o
 .debug_line    0x0000000000001b94     0x1bc8 fs/fs.o
 .debug_line    0x000000000000375c       0x28 lib/lib.a(ctype.o)
 .debug_line    0x0000000000003784       0x50 lib/lib.a(_exit.o)
 .debug_line    0x00000000000037d4       0x76 lib/lib.a(open.o)
 .debug_line    0x000000000000384a       0x6e lib/lib.a(close.o)
 .debug_line    0x00000000000038b8       0x28 lib/lib.a(errno.o)
 .debug_line    0x00000000000038e0       0x97 lib/lib.a(write.o)
 .debug_line    0x0000000000003977       0x6c lib/lib.a(dup.o)
 .debug_line    0x00000000000039e3       0x88 lib/lib.a(setsid.o)
 .debug_line    0x0000000000003a6b       0x73 lib/lib.a(execve.o)
 .debug_line    0x0000000000003ade       0x90 lib/lib.a(wait.o)
 .debug_line    0x0000000000003b6e       0xc1 lib/lib.a(string.o)

.debug_frame
 *(.debug_frame)

.debug_str      0x0000000000000000     0x1d02
 *(.debug_str)
 .debug_str     0x0000000000000000      0x3f5 init/main.o
                                        0x4a2 (size before relaxing)
 .debug_str     0x00000000000003f5      0xdcc kernel/kernel.o
                                       0x34e7 (size before relaxing)
 .debug_str     0x00000000000011c1      0x123 mm/mm.o
                                        0x1be (size before relaxing)
 .debug_str     0x00000000000012e4      0x956 fs/fs.o
                                       0x53d0 (size before relaxing)
 .debug_str     0x0000000000001c3a       0x23 lib/lib.a(ctype.o)
                                         0x63 (size before relaxing)
 .debug_str     0x0000000000001c5d        0x8 lib/lib.a(_exit.o)
                                        0x281 (size before relaxing)
 .debug_str     0x0000000000000000        0x8 lib/lib.a(open.o)
                                        0x291 (size before relaxing)
 .debug_str     0x0000000000001c65        0x8 lib/lib.a(close.o)
                                        0x283 (size before relaxing)
 .debug_str     0x0000000000001c6d        0x8 lib/lib.a(errno.o)
                                         0x35 (size before relaxing)
 .debug_str     0x0000000000000000        0x8 lib/lib.a(write.o)
                                        0x29b (size before relaxing)
 .debug_str     0x0000000000001c75        0x6 lib/lib.a(dup.o)
                                        0x27b (size before relaxing)
 .debug_str     0x0000000000001c7b        0x9 lib/lib.a(setsid.o)
                                        0x28b (size before relaxing)
 .debug_str     0x0000000000001c84        0x9 lib/lib.a(execve.o)
                                        0x294 (size before relaxing)
 .debug_str     0x0000000000001c8d       0x11 lib/lib.a(wait.o)
                                        0x2a1 (size before relaxing)
 .debug_str     0x0000000000001c9e       0x64 lib/lib.a(string.o)
                                         0xe9 (size before relaxing)

.debug_loc      0x0000000000000000     0xc54e
 *(.debug_loc)
 .debug_loc     0x0000000000000000      0x256 init/main.o
 .debug_loc     0x0000000000000256     0x5124 kernel/kernel.o
 .debug_loc     0x000000000000537a      0x640 mm/mm.o
 .debug_loc     0x00000000000059ba     0x6582 fs/fs.o
 .debug_loc     0x000000000000bf3c       0x2c lib/lib.a(_exit.o)
 .debug_loc     0x000000000000bf68       0x3f lib/lib.a(open.o)
 .debug_loc     0x000000000000bfa7       0x3f lib/lib.a(close.o)
 .debug_loc     0x000000000000bfe6       0x96 lib/lib.a(write.o)
 .debug_loc     0x000000000000c07c       0x3f lib/lib.a(dup.o)
 .debug_loc     0x000000000000c0bb       0x13 lib/lib.a(setsid.o)
 .debug_loc     0x000000000000c0ce       0x57 lib/lib.a(execve.o)
 .debug_loc     0x000000000000c125       0x83 lib/lib.a(wait.o)
 .debug_loc     0x000000000000c1a8      0x3a6 lib/lib.a(string.o)

.debug_macinfo
 *(.debug_macinfo)

.debug_weaknames
 *(.debug_weaknames)

.debug_funcnames
 *(.debug_funcnames)

.debug_typenames
 *(.debug_typenames)

.debug_varnames
 *(.debug_varnames)

.debug_pubtypes
 *(.debug_pubtypes)

.debug_ranges   0x0000000000000000      0x6c8
 *(.debug_ranges)
 .debug_ranges  0x0000000000000000      0x3c0 kernel/kernel.o
 .debug_ranges  0x00000000000003c0      0x308 fs/fs.o

.gnu.attributes
 *(.gnu.attributes)

/DISCARD/
 *(.note.GNU-stack)
 *(.gnu_debuglink)
 *(.gnu.lto_*)
OUTPUT(tools/system elf32-i386)
