Archive member included because of file (symbol)

lib/lib.a(ctype.o)            kernel/kernel.o (_ctype)
lib/lib.a(_exit.o)            init/main.o (_exit)
lib/lib.a(open.o)             init/main.o (open)
lib/lib.a(close.o)            init/main.o (close)
lib/lib.a(errno.o)            init/main.o (errno)
lib/lib.a(write.o)            init/main.o (write)
lib/lib.a(dup.o)              init/main.o (dup)
lib/lib.a(setsid.o)           init/main.o (setsid)
lib/lib.a(execve.o)           init/main.o (execve)
lib/lib.a(wait.o)             init/main.o (wait)
lib/lib.a(string.o)           kernel/kernel.o (memcpy)

Allocating common symbols
Common symbol       size              file

errno               0x4               lib/lib.a(errno.o)
hash_table          0x4cc             fs/fs.o
___strtok           0x4               lib/lib.a(string.o)
user_stack          0x1000            kernel/kernel.o
_ctmp               0x1               lib/lib.a(ctype.o)
super_block         0x340             fs/fs.o
character_for_input
                    0x1               kernel/kernel.o
file_table          0x400             fs/fs.o

Discarded input sections

 .note.GNU-stack
                0x0000000000000000        0x0 init/main.o
 .note.GNU-stack
                0x0000000000000000        0x0 kernel/kernel.o
 .note.GNU-stack
                0x0000000000000000        0x0 mm/mm.o
 .note.GNU-stack
                0x0000000000000000        0x0 fs/fs.o
 .note.GNU-stack
                0x0000000000000000        0x0 lib/lib.a(ctype.o)
 .note.GNU-stack
                0x0000000000000000        0x0 lib/lib.a(_exit.o)
 .note.GNU-stack
                0x0000000000000000        0x0 lib/lib.a(open.o)
 .note.GNU-stack
                0x0000000000000000        0x0 lib/lib.a(close.o)
 .note.GNU-stack
                0x0000000000000000        0x0 lib/lib.a(errno.o)
 .note.GNU-stack
                0x0000000000000000        0x0 lib/lib.a(write.o)
 .note.GNU-stack
                0x0000000000000000        0x0 lib/lib.a(dup.o)
 .note.GNU-stack
                0x0000000000000000        0x0 lib/lib.a(setsid.o)
 .note.GNU-stack
                0x0000000000000000        0x0 lib/lib.a(execve.o)
 .note.GNU-stack
                0x0000000000000000        0x0 lib/lib.a(wait.o)
 .note.GNU-stack
                0x0000000000000000        0x0 lib/lib.a(string.o)

Memory Configuration

Name             Origin             Length             Attributes
*default*        0x0000000000000000 0xffffffffffffffff

Linker script and memory map

Address of section .text set to 0x0
LOAD boot/head.o
LOAD init/main.o
LOAD kernel/kernel.o
LOAD mm/mm.o
LOAD fs/fs.o
LOAD lib/lib.a
                0x0000000008048000                PROVIDE (__executable_start, 0x8048000)
                0x0000000008048094                . = (0x8048000 + SIZEOF_HEADERS)

.interp
 *(.interp)

.note.gnu.build-id
 *(.note.gnu.build-id)

.hash
 *(.hash)

.gnu.hash
 *(.gnu.hash)

.dynsym
 *(.dynsym)

.dynstr
 *(.dynstr)

.gnu.version
 *(.gnu.version)

.gnu.version_d
 *(.gnu.version_d)

.gnu.version_r
 *(.gnu.version_r)

.rel.dyn        0x0000000008048094        0x0
 *(.rel.init)
 *(.rel.text .rel.text.* .rel.gnu.linkonce.t.*)
 .rel.text      0x0000000000000000        0x0 boot/head.o
 *(.rel.fini)
 *(.rel.rodata .rel.rodata.* .rel.gnu.linkonce.r.*)
 *(.rel.data.rel.ro* .rel.gnu.linkonce.d.rel.ro.*)
 *(.rel.data .rel.data.* .rel.gnu.linkonce.d.*)
 .rel.data      0x0000000000000000        0x0 boot/head.o
 *(.rel.tdata .rel.tdata.* .rel.gnu.linkonce.td.*)
 *(.rel.tbss .rel.tbss.* .rel.gnu.linkonce.tb.*)
 *(.rel.ctors)
 *(.rel.dtors)
 *(.rel.got)
 *(.rel.bss .rel.bss.* .rel.gnu.linkonce.b.*)
 *(.rel.ifunc)

.rel.plt        0x0000000008048094        0x0
 *(.rel.plt)
                0x0000000008048094                PROVIDE (__rel_iplt_start, .)
 *(.rel.iplt)
 .rel.iplt      0x0000000000000000        0x0 boot/head.o
                0x0000000008048094                PROVIDE (__rel_iplt_end, .)

.init
 *(.init)

.plt            0x00000000080480a0        0x0
 *(.plt)
 *(.iplt)
 .iplt          0x0000000000000000        0x0 boot/head.o

.text           0x0000000000000000    0x11235
 *(.text.unlikely .text.*_unlikely)
 *(.text.exit .text.exit.*)
 *(.text.startup .text.startup.*)
 *(.text.hot .text.hot.*)
 *(.text .stub .text.* .gnu.linkonce.t.*)
 .text          0x0000000000000000     0x5078 boot/head.o
                0x0000000000000000                startup_32
                0x0000000000000000                pg_dir
                0x0000000000004078                idt
                0x0000000000004878                gdt
 *fill*         0x0000000000005078        0x8 90909090
 .text          0x0000000000005080      0x370 init/main.o
                0x00000000000050c1                init
                0x0000000000005232                main
 .text          0x00000000000053f0     0x62c7 kernel/kernel.o
                0x00000000000053f0                sys_alarm
                0x0000000000005417                sys_getpid
                0x0000000000005423                sys_getppid
                0x000000000000542f                sys_getuid
                0x000000000000543c                sys_geteuid
                0x0000000000005449                sys_getgid
                0x0000000000005456                sys_getegid
                0x0000000000005463                sys_nice
                0x000000000000547c                sys_signal
                0x00000000000054b9                math_state_restore
                0x00000000000054f0                schedule
                0x00000000000055e1                sys_pause
                0x00000000000055f7                sleep_on
                0x0000000000005651                interruptible_sleep_on
                0x00000000000056bb                wake_up
                0x00000000000056d7                do_timer
                0x000000000000571d                sched_init
                0x0000000000005844                system_call
                0x0000000000005936                timer_interrupt
                0x000000000000596e                sys_execve
                0x000000000000597c                sys_fork
                0x0000000000005994                hd_interrupt
                0x0000000000005b41                do_double_fault
                0x0000000000005b5a                do_general_protection
                0x0000000000005b73                do_divide_error
                0x0000000000005b8c                do_int3
                0x0000000000005c44                do_nmi
                0x0000000000005c5d                do_debug
                0x0000000000005c76                do_overflow
                0x0000000000005c8f                do_bounds
                0x0000000000005ca8                do_invalid_op
                0x0000000000005cc1                do_device_not_available
                0x0000000000005cda                do_coprocessor_segment_overrun
                0x0000000000005cf3                do_invalid_TSS
                0x0000000000005d0c                do_segment_not_present
                0x0000000000005d25                do_stack_segment
                0x0000000000005d3e                do_coprocessor_error
                0x0000000000005d57                do_reserved
                0x0000000000005d70                trap_init
                0x0000000000005f2c                divide_error
                0x0000000000005f61                debug
                0x0000000000005f68                nmi
                0x0000000000005f6f                int3
                0x0000000000005f76                overflow
                0x0000000000005f7d                bounds
                0x0000000000005f84                invalid_op
                0x0000000000005f93                device_not_available
                0x0000000000005fc0                coprocessor_segment_overrun
                0x0000000000005fca                reserved
                0x0000000000005fd4                coprocessor_error
                0x0000000000005fde                double_fault
                0x0000000000006015                invalid_TSS
                0x000000000000601c                segment_not_present
                0x0000000000006023                stack_segment
                0x000000000000602a                general_protection
                0x0000000000006034                verify_area
                0x0000000000006099                copy_mem
                0x000000000000618f                copy_process
                0x000000000000641e                find_empty_process
                0x0000000000006480                panic
                0x000000000000649c                printk
                0x0000000000006726                vsprintf
                0x0000000000006a90                tty_init
                0x0000000000006aa1                tty_intr
                0x0000000000006ae6                copy_to_cooked
                0x0000000000006d66                tty_read
                0x000000000000702c                tty_write
                0x0000000000007209                do_tty_interrupt
                0x0000000000007435                fill_list
                0x0000000000007515                closeR
                0x000000000000754f                openR
                0x0000000000007592                draw_list_clip
                0x00000000000076b8                draw_list
                0x0000000000007853                mark_selected_clip
                0x00000000000078bb                mark_selected
                0x0000000000007923                set_path_name
                0x0000000000007a3c                csi_m
                0x0000000000007a97                con_write
                0x00000000000083fc                con_init
                0x000000000000847f                f1_down
                0x000000000000848a                f1_up
                0x0000000000008495                tool_draw
                0x0000000000008629                tool_dir
                0x0000000000008651                tool_clip
                0x0000000000008673                tool_start
                0x00000000000086f3                put_char_to_clip
                0x0000000000008784                remove_char_for_clip
                0x000000000000880d                paste_to_con
                0x0000000000008985                arr_right
                0x0000000000008a54                arr_left
                0x0000000000008afb                arr_down
                0x0000000000008b98                arr_up
                0x0000000000008c27                print_name_and_index
                0x0000000000008c97                keyboard_interrupt
                0x0000000000009564                rs1_interrupt
                0x000000000000956c                rs2_interrupt
                0x0000000000009cd9                rw_hd
                0x0000000000009d82                sys_setup
                0x0000000000009e81                unexpected_hd_interrupt
                0x0000000000009e94                hd_init
                0x0000000000009f04                copy_to_buffer
                0x0000000000009f2c                to_lower_case
                0x0000000000009f8d                sys_get_i_node
                0x0000000000009f8f                buffer_decr
                0x000000000000a107                file_decr
                0x000000000000a1be                sys_decr
                0x000000000000a21a                reverse_num
                0x000000000000a252                mark
                0x000000000000a306                compare_name
                0x000000000000a368                mark_file
                0x000000000000a48d                i_node_check
                0x000000000000a4e2                check_for_encr
                0x000000000000a60e                buffer_encr
                0x000000000000a786                file_encr
                0x000000000000a84d                sys_encr
                0x000000000000a8d5                partition
                0x000000000000a962                sort_index_and_global
                0x000000000000a9e7                sys_generate_key_
                0x000000000000ab03                pow_check
                0x000000000000ab30                clear_key_
                0x000000000000ab47                sys_clear_key
                0x000000000000ab6e                sys_set_key
                0x000000000000abd1                sys_ftime
                0x000000000000abd7                sys_mknod
                0x000000000000abdd                sys_break
                0x000000000000abe3                sys_mount
                0x000000000000abe9                sys_umount
                0x000000000000abef                sys_ustat
                0x000000000000abf5                sys_ptrace
                0x000000000000abfb                sys_stty
                0x000000000000ac01                sys_gtty
                0x000000000000ac07                sys_rename
                0x000000000000ac0d                sys_prof
                0x000000000000ac13                sys_setgid
                0x000000000000ac70                sys_acct
                0x000000000000ac76                sys_phys
                0x000000000000ac7c                sys_lock
                0x000000000000ac82                sys_mpx
                0x000000000000ac88                sys_ulimit
                0x000000000000ac8e                sys_time
                0x000000000000ace1                sys_setuid
                0x000000000000ad3a                sys_stime
                0x000000000000ad87                sys_times
                0x000000000000ade0                sys_brk
                0x000000000000ae13                sys_setpgid
                0x000000000000ae88                sys_getpgrp
                0x000000000000ae94                sys_setsid
                0x000000000000aee9                sys_oldolduname
                0x000000000000af01                sys_uname
                0x000000000000af4e                sys_umask
                0x000000000000af6c                sys_null
                0x000000000000af90                release
                0x000000000000afea                do_kill
                0x000000000000b263                sys_kill
                0x000000000000b299                do_exit
                0x000000000000b42c                sys_exit
                0x000000000000b447                sys_waitpid
                0x000000000000b5ce                rs_init
                0x000000000000b626                rs_write
                0x000000000000b650                kernel_mktime
 *fill*         0x000000000000b6b7        0x1 90909090
 .text          0x000000000000b6b8      0x517 mm/mm.o
                0x000000000000b6b8                invalidate
                0x000000000000b6c1                copy_page
                0x000000000000b6e6                get_free_page
                0x000000000000b71e                free_page
                0x000000000000b77e                free_page_tables
                0x000000000000b82e                copy_page_tables
                0x000000000000b928                put_page
                0x000000000000b9d5                un_wp_page
                0x000000000000ba65                do_wp_page
                0x000000000000ba95                write_verify
                0x000000000000bad4                do_no_page
                0x000000000000bb04                calc_mem
                0x000000000000bb98                page_fault
 *fill*         0x000000000000bbcf        0x1 90909090
 .text          0x000000000000bbd0     0x508c fs/fs.o
                0x000000000000bbd0                sys_utime
                0x000000000000bc39                sys_access
                0x000000000000bcd0                sys_chdir
                0x000000000000bd33                sys_chroot
                0x000000000000bd96                sys_chmod
                0x000000000000be2b                sys_chown
                0x000000000000be92                sys_open
                0x000000000000c026                sys_creat
                0x000000000000c049                sys_close
                0x000000000000c0d0                sys_lseek
                0x000000000000c18c                sys_read
                0x000000000000c2e7                sys_write
                0x000000000000c7fb                sync_inodes
                0x000000000000c845                bmap
                0x000000000000c85e                create_block
                0x000000000000c877                iput
                0x000000000000c965                get_empty_inode
                0x000000000000ca53                get_pipe_inode
                0x000000000000ca9a                iget
                0x000000000000cc87                sys_sync
                0x000000000000ccef                brelse
                0x000000000000cd41                get_hash_table
                0x000000000000cda0                getblk
                0x000000000000d03f                bread
                0x000000000000d099                buffer_init
                0x000000000000d134                do_mount
                0x000000000000d33f                mount_root
                0x000000000000d490                block_write
                0x000000000000d573                block_read
                0x000000000000d64a                ll_rw_block
                0x000000000000d713                rw_char
                0x000000000000d784                buffer_switch_case
                0x000000000000d7c3                file_switch_case
                0x000000000000d88a                sys_switch_case
                0x000000000000d8c5                file_read
                0x000000000000da70                file_write
                0x000000000000dd12                sys_stat
                0x000000000000dd57                sys_lstat
                0x000000000000dd72                sys_fstat
                0x000000000000ddb5                sys_stat64
                0x000000000000ddfa                sys_fstat64
                0x000000000000de3d                sys_lstat64
                0x000000000000de58                sys_oldstat
                0x000000000000de70                sys_oldfstat
                0x000000000000dfb4                cp_block
                0x000000000000dfe9                is_valid_elf
                0x000000000000e02e                read_file_block_ind
                0x000000000000e0c3                read_file_block
                0x000000000000e1c2                copy_section
                0x000000000000e2b0                create_bss_section
                0x000000000000e2d6                load_elf_binary
                0x000000000000e4e1                do_execve
                0x000000000000e974                read_pipe
                0x000000000000ea0d                write_pipe
                0x000000000000eb06                sys_pipe
                0x000000000000f139                namei
                0x000000000000f1ef                open_namei
                0x000000000000f455                sys_mkdir
                0x000000000000f70a                sys_rmdir
                0x000000000000fa7c                sys_unlink
                0x000000000000fc18                sys_link
                0x000000000000fdc0                free_block
                0x000000000000fefb                new_block
                0x000000000001007e                free_inode
                0x00000000000101aa                new_inode
                0x000000000001038a                sys_dup2
                0x00000000000103aa                sys_dup
                0x00000000000103ba                sys_fcntl
                0x0000000000010477                sys_fcntl64
                0x00000000000104cc                sys_ioctl
                0x0000000000010569                tty_ioctl
                0x0000000000010835                truncate
                0x0000000000010940                sys_getdents
                0x0000000000010ace                sys_getdents64
 .text          0x0000000000010c5c        0x0 lib/lib.a(ctype.o)
 .text          0x0000000000010c5c        0xe lib/lib.a(_exit.o)
                0x0000000000010c5c                _exit
 *fill*         0x0000000000010c6a        0x2 90909090
 .text          0x0000000000010c6c       0x3d lib/lib.a(open.o)
                0x0000000000010c6c                open
 *fill*         0x0000000000010ca9        0x3 90909090
 .text          0x0000000000010cac       0x23 lib/lib.a(close.o)
                0x0000000000010cac                close
 *fill*         0x0000000000010ccf        0x1 90909090
 .text          0x0000000000010cd0        0x0 lib/lib.a(errno.o)
 .text          0x0000000000010cd0       0x60 lib/lib.a(write.o)
                0x0000000000010cd0                write
                0x0000000000010d0d                switch_case
 .text          0x0000000000010d30       0x23 lib/lib.a(dup.o)
                0x0000000000010d30                dup
 *fill*         0x0000000000010d53        0x1 90909090
 .text          0x0000000000010d54       0x1e lib/lib.a(setsid.o)
                0x0000000000010d54                setsid
 *fill*         0x0000000000010d72        0x2 90909090
 .text          0x0000000000010d74       0x3d lib/lib.a(execve.o)
                0x0000000000010d74                execve
 *fill*         0x0000000000010db1        0x3 90909090
 .text          0x0000000000010db4       0x60 lib/lib.a(wait.o)
                0x0000000000010db4                waitpid
                0x0000000000010df1                wait
 .text          0x0000000000010e14      0x421 lib/lib.a(string.o)
                0x0000000000010e14                strcpy
                0x0000000000010e3c                strncpy
                0x0000000000010e6d                strcat
                0x0000000000010ea2                strncat
                0x0000000000010ee1                strcmp
                0x0000000000010f0f                strncmp
                0x0000000000010f44                strchr
                0x0000000000010f62                strrchr
                0x0000000000010f83                strspn
                0x0000000000010fd0                strcspn
                0x000000000001101d                strpbrk
                0x0000000000011062                strstr
                0x00000000000110a7                strlen
                0x00000000000110c0                strtok
                0x0000000000011151                memcpy
                0x0000000000011177                memmove
                0x00000000000111c5                memcmp
                0x00000000000111f9                memchr
                0x000000000001121f                memset
 *(.gnu.warning)

.fini
 *(.fini)
                0x0000000000011235                PROVIDE (__etext, .)
                0x0000000000011235                PROVIDE (_etext, .)
                0x0000000000011235                PROVIDE (etext, .)

.rodata         0x0000000000011240     0x10c4
 *(.rodata .rodata.* .gnu.linkonce.r.*)
 .rodata.str1.1
                0x0000000000011240       0x68 init/main.o
 .rodata.str1.4
                0x00000000000112a8       0x25 init/main.o
 *fill*         0x00000000000112cd       0x13 00
 .rodata        0x00000000000112e0      0x270 kernel/kernel.o
 .rodata.str1.1
                0x0000000000011550      0x304 kernel/kernel.o
                                        0x310 (size before relaxing)
 .rodata.str1.4
                0x0000000000011854      0x22c kernel/kernel.o
 .rodata.str1.4
                0x0000000000011a80       0xe9 mm/mm.o
 .rodata.str1.1
                0x0000000000011b69       0x68 mm/mm.o
 *fill*         0x0000000000011bd1        0xf 00
 .rodata        0x0000000000011be0       0xc4 fs/fs.o
 .rodata.str1.1
                0x0000000000011ca4      0x32c fs/fs.o
                                        0x332 (size before relaxing)
 .rodata.str1.4
                0x0000000000011fd0      0x334 fs/fs.o

.rodata1
 *(.rodata1)

.eh_frame_hdr
 *(.eh_frame_hdr)

.eh_frame       0x0000000000012304     0x28c8
 *(.eh_frame)
 .eh_frame      0x0000000000012304       0x74 init/main.o
 .eh_frame      0x0000000000012378     0x13b0 kernel/kernel.o
                                       0x14e8 (size before relaxing)
 .eh_frame      0x0000000000013728      0x1a8 mm/mm.o
                                        0x1c0 (size before relaxing)
 .eh_frame      0x00000000000138d0      0xf84 fs/fs.o
                                       0x1134 (size before relaxing)
 .eh_frame      0x0000000000014854       0x1c lib/lib.a(_exit.o)
                                         0x34 (size before relaxing)
 .eh_frame      0x0000000000014870       0x20 lib/lib.a(open.o)
                                         0x38 (size before relaxing)
 .eh_frame      0x0000000000014890       0x1c lib/lib.a(close.o)
                                         0x34 (size before relaxing)
 .eh_frame      0x00000000000148ac       0x3c lib/lib.a(write.o)
                                         0x54 (size before relaxing)
 .eh_frame      0x00000000000148e8       0x1c lib/lib.a(dup.o)
                                         0x34 (size before relaxing)
 .eh_frame      0x0000000000014904       0x14 lib/lib.a(setsid.o)
                                         0x2c (size before relaxing)
 .eh_frame      0x0000000000014918       0x20 lib/lib.a(execve.o)
                                         0x38 (size before relaxing)
 .eh_frame      0x0000000000014938       0x38 lib/lib.a(wait.o)
                                         0x50 (size before relaxing)
 .eh_frame      0x0000000000014970      0x25c lib/lib.a(string.o)
                                        0x274 (size before relaxing)

.gcc_except_table
 *(.gcc_except_table .gcc_except_table.*)

.exception_ranges
 *(.exception_ranges .exception_ranges*)
                0x0000000000014bcc                . = (ALIGN (0x1000) - ((0x1000 - .) & 0xfff))
                0x0000000000015000                . = DATA_SEGMENT_ALIGN (0x1000, 0x1000)

.eh_frame
 *(.eh_frame)

.gcc_except_table
 *(.gcc_except_table .gcc_except_table.*)

.exception_ranges
 *(.exception_ranges .exception_ranges*)

.tdata
 *(.tdata .tdata.* .gnu.linkonce.td.*)

.tbss
 *(.tbss .tbss.* .gnu.linkonce.tb.*)
 *(.tcommon)

.preinit_array  0x0000000000015000        0x0
                0x0000000000015000                PROVIDE (__preinit_array_start, .)
 *(.preinit_array)
                0x0000000000015000                PROVIDE (__preinit_array_end, .)

.init_array     0x0000000000015000        0x0
                0x0000000000015000                PROVIDE (__init_array_start, .)
 *(SORT(.init_array.*) SORT(.ctors.*))
 *(.init_array)
 *(EXCLUDE_FILE(*crtend?.o *crtend.o *crtbegin?.o *crtbegin.o) .ctors)
                0x0000000000015000                PROVIDE (__init_array_end, .)

.fini_array     0x0000000000015000        0x0
                0x0000000000015000                PROVIDE (__fini_array_start, .)
 *(SORT(.fini_array.*) SORT(.dtors.*))
 *(.fini_array)
 *(EXCLUDE_FILE(*crtend?.o *crtend.o *crtbegin?.o *crtbegin.o) .dtors)
                0x0000000000015000                PROVIDE (__fini_array_end, .)

.ctors
 *crtbegin.o(.ctors)
 *crtbegin?.o(.ctors)
 *(EXCLUDE_FILE(*crtend?.o *crtend.o) .ctors)
 *(SORT(.ctors.*))
 *(.ctors)

.dtors
 *crtbegin.o(.dtors)
 *crtbegin?.o(.dtors)
 *(EXCLUDE_FILE(*crtend?.o *crtend.o) .dtors)
 *(SORT(.dtors.*))
 *(.dtors)

.jcr
 *(.jcr)

.data.rel.ro
 *(.data.rel.ro.local* .gnu.linkonce.d.rel.ro.local.*)
 *(.data.rel.ro* .gnu.linkonce.d.rel.ro.*)

.dynamic
 *(.dynamic)

.got
 *(.got)
 *(.igot)
                0x0000000000015000                . = DATA_SEGMENT_RELRO_END (., 0xc)

.got.plt        0x0000000000015000        0x0
 *(.got.plt)
 *(.igot.plt)
 .igot.plt      0x0000000000000000        0x0 boot/head.o

.data           0x0000000000015000     0x3e64
 *(.data .data.* .gnu.linkonce.d.*)
 .data          0x0000000000015000        0x0 boot/head.o
 .data          0x0000000000015000       0x18 init/main.o
 *fill*         0x0000000000015018        0x8 00
 .data          0x0000000000015020     0x3d2c kernel/kernel.o
                0x0000000000015020                stack_start
                0x0000000000015040                task
                0x0000000000015140                current
                0x0000000000015160                sys_call_table
                0x0000000000016660                table_list
                0x0000000000016680                tty_table
 .data          0x0000000000018d4c        0x0 mm/mm.o
 .data          0x0000000000018d4c        0x4 fs/fs.o
                0x0000000000018d4c                start_buffer
 *fill*         0x0000000000018d50       0x10 00
 .data          0x0000000000018d60      0x101 lib/lib.a(ctype.o)
                0x0000000000018d60                _ctype
 *fill*         0x0000000000018e61        0x3 00
 .data          0x0000000000018e64        0x0 lib/lib.a(_exit.o)
 .data          0x0000000000018e64        0x0 lib/lib.a(open.o)
 .data          0x0000000000018e64        0x0 lib/lib.a(close.o)
 .data          0x0000000000018e64        0x0 lib/lib.a(errno.o)
 .data          0x0000000000018e64        0x0 lib/lib.a(write.o)
 .data          0x0000000000018e64        0x0 lib/lib.a(dup.o)
 .data          0x0000000000018e64        0x0 lib/lib.a(setsid.o)
 .data          0x0000000000018e64        0x0 lib/lib.a(execve.o)
 .data          0x0000000000018e64        0x0 lib/lib.a(wait.o)
 .data          0x0000000000018e64        0x0 lib/lib.a(string.o)

.data1
 *(.data1)
                0x0000000000018e64                _edata = .
                0x0000000000018e64                PROVIDE (edata, .)
                0x0000000000018e64                __bss_start = .

.bss            0x0000000000018e80     0x400c
 *(.dynbss)
 *(.bss .bss.* .gnu.linkonce.b.*)
 .bss           0x0000000000018e80        0x0 boot/head.o
 .bss           0x0000000000018e80      0x400 init/main.o
 .bss           0x0000000000019280      0xc84 kernel/kernel.o
                0x0000000000019280                last_task_used_math
                0x0000000000019284                startup_time
                0x0000000000019288                jiffies
                0x000000000001928c                last_pid
                0x00000000000196c0                f1_down_flag
                0x0000000000019960                do_hd
 *fill*         0x0000000000019f04       0x1c 00
 .bss           0x0000000000019f20      0xc00 mm/mm.o
 .bss           0x000000000001ab20      0x710 fs/fs.o
                0x000000000001ab20                inode_table
                0x000000000001b224                nr_buffers
 .bss           0x000000000001b230        0x0 lib/lib.a(ctype.o)
 .bss           0x000000000001b230        0x0 lib/lib.a(_exit.o)
 .bss           0x000000000001b230        0x0 lib/lib.a(open.o)
 .bss           0x000000000001b230        0x0 lib/lib.a(close.o)
 .bss           0x000000000001b230        0x0 lib/lib.a(errno.o)
 .bss           0x000000000001b230        0x0 lib/lib.a(write.o)
 .bss           0x000000000001b230        0x0 lib/lib.a(dup.o)
 .bss           0x000000000001b230        0x0 lib/lib.a(setsid.o)
 .bss           0x000000000001b230        0x0 lib/lib.a(execve.o)
 .bss           0x000000000001b230        0x0 lib/lib.a(wait.o)
 .bss           0x000000000001b230        0x0 lib/lib.a(string.o)
 *(COMMON)
 *fill*         0x000000000001b230       0x10 00
 COMMON         0x000000000001b240     0x1001 kernel/kernel.o
                0x000000000001b240                user_stack
                0x000000000001c240                character_for_input
 *fill*         0x000000000001c241       0x1f 00
 COMMON         0x000000000001c260      0xc20 fs/fs.o
                0x000000000001c260                hash_table
                0x000000000001c740                super_block
                0x000000000001ca80                file_table
 COMMON         0x000000000001ce80        0x1 lib/lib.a(ctype.o)
                0x000000000001ce80                _ctmp
 *fill*         0x000000000001ce81        0x3 00
 COMMON         0x000000000001ce84        0x4 lib/lib.a(errno.o)
                0x000000000001ce84                errno
 COMMON         0x000000000001ce88        0x4 lib/lib.a(string.o)
                0x000000000001ce88                ___strtok
                0x000000000001ce8c                . = ALIGN ((. != 0x0)?0x4:0x1)
                0x000000000001ce8c                . = ALIGN (0x4)
                0x000000000001ce8c                . = ALIGN (0x4)
                0x000000000001ce8c                _end = .
                0x000000000001ce8c                PROVIDE (end, .)
                0x000000000001ce8c                . = DATA_SEGMENT_END (.)

.stab
 *(.stab)

.stabstr
 *(.stabstr)

.stab.excl
 *(.stab.excl)

.stab.exclstr
 *(.stab.exclstr)

.stab.index
 *(.stab.index)

.stab.indexstr
 *(.stab.indexstr)

.comment        0x0000000000000000       0x2a
 *(.comment)
 .comment       0x0000000000000000       0x2a init/main.o
                                         0x2b (size before relaxing)
 .comment       0x0000000000000000      0x22f kernel/kernel.o
 .comment       0x0000000000000000       0x2b mm/mm.o
 .comment       0x0000000000000000      0x331 fs/fs.o
 .comment       0x0000000000000000       0x2b lib/lib.a(ctype.o)
 .comment       0x0000000000000000       0x2b lib/lib.a(_exit.o)
 .comment       0x0000000000000000       0x2b lib/lib.a(open.o)
 .comment       0x0000000000000000       0x2b lib/lib.a(close.o)
 .comment       0x0000000000000000       0x2b lib/lib.a(errno.o)
 .comment       0x0000000000000000       0x2b lib/lib.a(write.o)
 .comment       0x0000000000000000       0x2b lib/lib.a(dup.o)
 .comment       0x0000000000000000       0x2b lib/lib.a(setsid.o)
 .comment       0x0000000000000000       0x2b lib/lib.a(execve.o)
 .comment       0x0000000000000000       0x2b lib/lib.a(wait.o)
 .comment       0x0000000000000000       0x2b lib/lib.a(string.o)

.debug
 *(.debug)

.line
 *(.line)

.debug_srcinfo
 *(.debug_srcinfo)

.debug_sfnames
 *(.debug_sfnames)

.debug_aranges  0x0000000000000000      0x540
 *(.debug_aranges)
 .debug_aranges
                0x0000000000000000       0x20 init/main.o
 .debug_aranges
                0x0000000000000020      0x1a0 kernel/kernel.o
 .debug_aranges
                0x00000000000001c0       0x20 mm/mm.o
 .debug_aranges
                0x00000000000001e0      0x240 fs/fs.o
 .debug_aranges
                0x0000000000000420       0x20 lib/lib.a(_exit.o)
 .debug_aranges
                0x0000000000000440       0x20 lib/lib.a(open.o)
 .debug_aranges
                0x0000000000000460       0x20 lib/lib.a(close.o)
 .debug_aranges
                0x0000000000000480       0x20 lib/lib.a(write.o)
 .debug_aranges
                0x00000000000004a0       0x20 lib/lib.a(dup.o)
 .debug_aranges
                0x00000000000004c0       0x20 lib/lib.a(setsid.o)
 .debug_aranges
                0x00000000000004e0       0x20 lib/lib.a(execve.o)
 .debug_aranges
                0x0000000000000500       0x20 lib/lib.a(wait.o)
 .debug_aranges
                0x0000000000000520       0x20 lib/lib.a(string.o)

.debug_pubnames
 *(.debug_pubnames)

.debug_info     0x0000000000000000    0x1c058
 *(.debug_info .gnu.linkonce.wi.*)
 .debug_info    0x0000000000000000      0xccf init/main.o
 .debug_info    0x0000000000000ccf     0xa364 kernel/kernel.o
 .debug_info    0x000000000000b033      0x4d6 mm/mm.o
 .debug_info    0x000000000000b509     0xe424 fs/fs.o
 .debug_info    0x000000000001992d       0x70 lib/lib.a(ctype.o)
 .debug_info    0x000000000001999d      0x3af lib/lib.a(_exit.o)
 .debug_info    0x0000000000019d4c      0x403 lib/lib.a(open.o)
 .debug_info    0x000000000001a14f      0x3ce lib/lib.a(close.o)
 .debug_info    0x000000000001a51d       0x3f lib/lib.a(errno.o)
 .debug_info    0x000000000001a55c      0x43a lib/lib.a(write.o)
 .debug_info    0x000000000001a996      0x3ce lib/lib.a(dup.o)
 .debug_info    0x000000000001ad64      0x3cb lib/lib.a(setsid.o)
 .debug_info    0x000000000001b12f      0x3fc lib/lib.a(execve.o)
 .debug_info    0x000000000001b52b      0x428 lib/lib.a(wait.o)
 .debug_info    0x000000000001b953      0x705 lib/lib.a(string.o)

.debug_abbrev   0x0000000000000000     0x46b6
 *(.debug_abbrev)
 .debug_abbrev  0x0000000000000000      0x1d7 init/main.o
 .debug_abbrev  0x00000000000001d7     0x1a4d kernel/kernel.o
 .debug_abbrev  0x0000000000001c24      0x1af mm/mm.o
 .debug_abbrev  0x0000000000001dd3     0x214e fs/fs.o
 .debug_abbrev  0x0000000000003f21       0x42 lib/lib.a(ctype.o)
 .debug_abbrev  0x0000000000003f63       0xa3 lib/lib.a(_exit.o)
 .debug_abbrev  0x0000000000004006       0xdc lib/lib.a(open.o)
 .debug_abbrev  0x00000000000040e2       0xb4 lib/lib.a(close.o)
 .debug_abbrev  0x0000000000004196       0x30 lib/lib.a(errno.o)
 .debug_abbrev  0x00000000000041c6       0xd7 lib/lib.a(write.o)
 .debug_abbrev  0x000000000000429d       0xb4 lib/lib.a(dup.o)
 .debug_abbrev  0x0000000000004351       0xb2 lib/lib.a(setsid.o)
 .debug_abbrev  0x0000000000004403       0xbb lib/lib.a(execve.o)
 .debug_abbrev  0x00000000000044be       0xd0 lib/lib.a(wait.o)
 .debug_abbrev  0x000000000000458e      0x128 lib/lib.a(string.o)

.debug_line     0x0000000000000000     0x3cfd
 *(.debug_line)
 .debug_line    0x0000000000000000      0x11e init/main.o
 .debug_line    0x000000000000011e     0x1a22 kernel/kernel.o
 .debug_line    0x0000000000001b40      0x122 mm/mm.o
 .debug_line    0x0000000000001c62     0x1bc8 fs/fs.o
 .debug_line    0x000000000000382a       0x28 lib/lib.a(ctype.o)
 .debug_line    0x0000000000003852       0x50 lib/lib.a(_exit.o)
 .debug_line    0x00000000000038a2       0x76 lib/lib.a(open.o)
 .debug_line    0x0000000000003918       0x6e lib/lib.a(close.o)
 .debug_line    0x0000000000003986       0x28 lib/lib.a(errno.o)
 .debug_line    0x00000000000039ae       0x97 lib/lib.a(write.o)
 .debug_line    0x0000000000003a45       0x6c lib/lib.a(dup.o)
 .debug_line    0x0000000000003ab1       0x88 lib/lib.a(setsid.o)
 .debug_line    0x0000000000003b39       0x73 lib/lib.a(execve.o)
 .debug_line    0x0000000000003bac       0x90 lib/lib.a(wait.o)
 .debug_line    0x0000000000003c3c       0xc1 lib/lib.a(string.o)

.debug_frame
 *(.debug_frame)

.debug_str      0x0000000000000000     0x1d33
 *(.debug_str)
 .debug_str     0x0000000000000000      0x3f0 init/main.o
                                        0x4a2 (size before relaxing)
 .debug_str     0x00000000000003f0      0xe02 kernel/kernel.o
                                       0x3534 (size before relaxing)
 .debug_str     0x00000000000011f2      0x123 mm/mm.o
                                        0x1be (size before relaxing)
 .debug_str     0x0000000000001315      0x956 fs/fs.o
                                       0x53d0 (size before relaxing)
 .debug_str     0x0000000000001c6b       0x23 lib/lib.a(ctype.o)
                                         0x63 (size before relaxing)
 .debug_str     0x0000000000001c8e        0x8 lib/lib.a(_exit.o)
                                        0x281 (size before relaxing)
 .debug_str     0x0000000000000000        0x8 lib/lib.a(open.o)
                                        0x291 (size before relaxing)
 .debug_str     0x0000000000001c96        0x8 lib/lib.a(close.o)
                                        0x283 (size before relaxing)
 .debug_str     0x0000000000001c9e        0x8 lib/lib.a(errno.o)
                                         0x35 (size before relaxing)
 .debug_str     0x0000000000000000        0x8 lib/lib.a(write.o)
                                        0x29b (size before relaxing)
 .debug_str     0x0000000000001ca6        0x6 lib/lib.a(dup.o)
                                        0x27b (size before relaxing)
 .debug_str     0x0000000000001cac        0x9 lib/lib.a(setsid.o)
                                        0x28b (size before relaxing)
 .debug_str     0x0000000000001cb5        0x9 lib/lib.a(execve.o)
                                        0x294 (size before relaxing)
 .debug_str     0x0000000000001cbe       0x11 lib/lib.a(wait.o)
                                        0x2a1 (size before relaxing)
 .debug_str     0x0000000000001ccf       0x64 lib/lib.a(string.o)
                                         0xe9 (size before relaxing)

.debug_loc      0x0000000000000000     0xca42
 *(.debug_loc)
 .debug_loc     0x0000000000000000      0x256 init/main.o
 .debug_loc     0x0000000000000256     0x5618 kernel/kernel.o
 .debug_loc     0x000000000000586e      0x640 mm/mm.o
 .debug_loc     0x0000000000005eae     0x6582 fs/fs.o
 .debug_loc     0x000000000000c430       0x2c lib/lib.a(_exit.o)
 .debug_loc     0x000000000000c45c       0x3f lib/lib.a(open.o)
 .debug_loc     0x000000000000c49b       0x3f lib/lib.a(close.o)
 .debug_loc     0x000000000000c4da       0x96 lib/lib.a(write.o)
 .debug_loc     0x000000000000c570       0x3f lib/lib.a(dup.o)
 .debug_loc     0x000000000000c5af       0x13 lib/lib.a(setsid.o)
 .debug_loc     0x000000000000c5c2       0x57 lib/lib.a(execve.o)
 .debug_loc     0x000000000000c619       0x83 lib/lib.a(wait.o)
 .debug_loc     0x000000000000c69c      0x3a6 lib/lib.a(string.o)

.debug_macinfo
 *(.debug_macinfo)

.debug_weaknames
 *(.debug_weaknames)

.debug_funcnames
 *(.debug_funcnames)

.debug_typenames
 *(.debug_typenames)

.debug_varnames
 *(.debug_varnames)

.debug_pubtypes
 *(.debug_pubtypes)

.debug_ranges   0x0000000000000000      0x758
 *(.debug_ranges)
 .debug_ranges  0x0000000000000000      0x450 kernel/kernel.o
 .debug_ranges  0x0000000000000450      0x308 fs/fs.o

.gnu.attributes
 *(.gnu.attributes)

/DISCARD/
 *(.note.GNU-stack)
 *(.gnu_debuglink)
 *(.gnu.lto_*)
OUTPUT(tools/system elf32-i386)
