Archive member included because of file (symbol)

lib/lib.a(ctype.o)            kernel/kernel.o (_ctype)
lib/lib.a(_exit.o)            init/main.o (_exit)
lib/lib.a(open.o)             init/main.o (open)
lib/lib.a(close.o)            init/main.o (close)
lib/lib.a(errno.o)            init/main.o (errno)
lib/lib.a(write.o)            init/main.o (write)
lib/lib.a(dup.o)              init/main.o (dup)
lib/lib.a(setsid.o)           init/main.o (setsid)
lib/lib.a(execve.o)           init/main.o (execve)
lib/lib.a(wait.o)             init/main.o (wait)
lib/lib.a(string.o)           kernel/kernel.o (memcpy)

Allocating common symbols
Common symbol       size              file

errno               0x4               lib/lib.a(errno.o)
hash_table          0x4cc             fs/fs.o
___strtok           0x4               lib/lib.a(string.o)
user_stack          0x1000            kernel/kernel.o
_ctmp               0x1               lib/lib.a(ctype.o)
super_block         0x340             fs/fs.o
character_for_input
                    0x1               kernel/kernel.o
file_table          0x400             fs/fs.o

Discarded input sections

 .note.GNU-stack
                0x0000000000000000        0x0 init/main.o
 .note.GNU-stack
                0x0000000000000000        0x0 kernel/kernel.o
 .note.GNU-stack
                0x0000000000000000        0x0 mm/mm.o
 .note.GNU-stack
                0x0000000000000000        0x0 fs/fs.o
 .note.GNU-stack
                0x0000000000000000        0x0 lib/lib.a(ctype.o)
 .note.GNU-stack
                0x0000000000000000        0x0 lib/lib.a(_exit.o)
 .note.GNU-stack
                0x0000000000000000        0x0 lib/lib.a(open.o)
 .note.GNU-stack
                0x0000000000000000        0x0 lib/lib.a(close.o)
 .note.GNU-stack
                0x0000000000000000        0x0 lib/lib.a(errno.o)
 .note.GNU-stack
                0x0000000000000000        0x0 lib/lib.a(write.o)
 .note.GNU-stack
                0x0000000000000000        0x0 lib/lib.a(dup.o)
 .note.GNU-stack
                0x0000000000000000        0x0 lib/lib.a(setsid.o)
 .note.GNU-stack
                0x0000000000000000        0x0 lib/lib.a(execve.o)
 .note.GNU-stack
                0x0000000000000000        0x0 lib/lib.a(wait.o)
 .note.GNU-stack
                0x0000000000000000        0x0 lib/lib.a(string.o)

Memory Configuration

Name             Origin             Length             Attributes
*default*        0x0000000000000000 0xffffffffffffffff

Linker script and memory map

Address of section .text set to 0x0
LOAD boot/head.o
LOAD init/main.o
LOAD kernel/kernel.o
LOAD mm/mm.o
LOAD fs/fs.o
LOAD lib/lib.a
                0x0000000008048000                PROVIDE (__executable_start, 0x8048000)
                0x0000000008048094                . = (0x8048000 + SIZEOF_HEADERS)

.interp
 *(.interp)

.note.gnu.build-id
 *(.note.gnu.build-id)

.hash
 *(.hash)

.gnu.hash
 *(.gnu.hash)

.dynsym
 *(.dynsym)

.dynstr
 *(.dynstr)

.gnu.version
 *(.gnu.version)

.gnu.version_d
 *(.gnu.version_d)

.gnu.version_r
 *(.gnu.version_r)

.rel.dyn        0x0000000008048094        0x0
 *(.rel.init)
 *(.rel.text .rel.text.* .rel.gnu.linkonce.t.*)
 .rel.text      0x0000000000000000        0x0 boot/head.o
 *(.rel.fini)
 *(.rel.rodata .rel.rodata.* .rel.gnu.linkonce.r.*)
 *(.rel.data.rel.ro* .rel.gnu.linkonce.d.rel.ro.*)
 *(.rel.data .rel.data.* .rel.gnu.linkonce.d.*)
 .rel.data      0x0000000000000000        0x0 boot/head.o
 *(.rel.tdata .rel.tdata.* .rel.gnu.linkonce.td.*)
 *(.rel.tbss .rel.tbss.* .rel.gnu.linkonce.tb.*)
 *(.rel.ctors)
 *(.rel.dtors)
 *(.rel.got)
 *(.rel.bss .rel.bss.* .rel.gnu.linkonce.b.*)
 *(.rel.ifunc)

.rel.plt        0x0000000008048094        0x0
 *(.rel.plt)
                0x0000000008048094                PROVIDE (__rel_iplt_start, .)
 *(.rel.iplt)
 .rel.iplt      0x0000000000000000        0x0 boot/head.o
                0x0000000008048094                PROVIDE (__rel_iplt_end, .)

.init
 *(.init)

.plt            0x00000000080480a0        0x0
 *(.plt)
 *(.iplt)
 .iplt          0x0000000000000000        0x0 boot/head.o

.text           0x0000000000000000    0x10b75
 *(.text.unlikely .text.*_unlikely)
 *(.text.exit .text.exit.*)
 *(.text.startup .text.startup.*)
 *(.text.hot .text.hot.*)
 *(.text .stub .text.* .gnu.linkonce.t.*)
 .text          0x0000000000000000     0x5078 boot/head.o
                0x0000000000000000                startup_32
                0x0000000000000000                pg_dir
                0x0000000000004078                idt
                0x0000000000004878                gdt
 *fill*         0x0000000000005078        0x8 90909090
 .text          0x0000000000005080      0x370 init/main.o
                0x00000000000050c1                init
                0x0000000000005232                main
 .text          0x00000000000053f0     0x5c07 kernel/kernel.o
                0x00000000000053f0                sys_alarm
                0x0000000000005417                sys_getpid
                0x0000000000005423                sys_getppid
                0x000000000000542f                sys_getuid
                0x000000000000543c                sys_geteuid
                0x0000000000005449                sys_getgid
                0x0000000000005456                sys_getegid
                0x0000000000005463                sys_nice
                0x000000000000547c                sys_signal
                0x00000000000054b9                math_state_restore
                0x00000000000054f0                schedule
                0x00000000000055e1                sys_pause
                0x00000000000055f7                sleep_on
                0x0000000000005651                interruptible_sleep_on
                0x00000000000056bb                wake_up
                0x00000000000056d7                do_timer
                0x000000000000571d                sched_init
                0x0000000000005844                system_call
                0x0000000000005936                timer_interrupt
                0x000000000000596e                sys_execve
                0x000000000000597c                sys_fork
                0x0000000000005994                hd_interrupt
                0x0000000000005b41                do_double_fault
                0x0000000000005b5a                do_general_protection
                0x0000000000005b73                do_divide_error
                0x0000000000005b8c                do_int3
                0x0000000000005c44                do_nmi
                0x0000000000005c5d                do_debug
                0x0000000000005c76                do_overflow
                0x0000000000005c8f                do_bounds
                0x0000000000005ca8                do_invalid_op
                0x0000000000005cc1                do_device_not_available
                0x0000000000005cda                do_coprocessor_segment_overrun
                0x0000000000005cf3                do_invalid_TSS
                0x0000000000005d0c                do_segment_not_present
                0x0000000000005d25                do_stack_segment
                0x0000000000005d3e                do_coprocessor_error
                0x0000000000005d57                do_reserved
                0x0000000000005d70                trap_init
                0x0000000000005f2c                divide_error
                0x0000000000005f61                debug
                0x0000000000005f68                nmi
                0x0000000000005f6f                int3
                0x0000000000005f76                overflow
                0x0000000000005f7d                bounds
                0x0000000000005f84                invalid_op
                0x0000000000005f93                device_not_available
                0x0000000000005fc0                coprocessor_segment_overrun
                0x0000000000005fca                reserved
                0x0000000000005fd4                coprocessor_error
                0x0000000000005fde                double_fault
                0x0000000000006015                invalid_TSS
                0x000000000000601c                segment_not_present
                0x0000000000006023                stack_segment
                0x000000000000602a                general_protection
                0x0000000000006034                verify_area
                0x0000000000006099                copy_mem
                0x000000000000618f                copy_process
                0x000000000000641e                find_empty_process
                0x0000000000006480                panic
                0x000000000000649c                printk
                0x0000000000006726                vsprintf
                0x0000000000006a90                tty_init
                0x0000000000006aa1                tty_intr
                0x0000000000006ae6                copy_to_cooked
                0x0000000000006d66                tty_read
                0x000000000000702c                tty_write
                0x0000000000007209                do_tty_interrupt
                0x0000000000007435                fill_list
                0x0000000000007515                closeR
                0x000000000000754f                openR
                0x0000000000007592                draw_list_clip
                0x00000000000076b8                draw_list
                0x0000000000007853                mark_selected_clip
                0x00000000000078bb                mark_selected
                0x0000000000007923                set_path_name
                0x0000000000007a3c                csi_m
                0x0000000000007a97                con_write
                0x000000000000841a                con_init
                0x000000000000849d                f1_down
                0x00000000000084a8                f1_up
                0x00000000000084b3                tool_draw
                0x0000000000008647                tool_dir
                0x000000000000866e                tool_clip
                0x0000000000008691                tool_start
                0x0000000000008711                put_char_to_clip
                0x00000000000087a2                remove_char_for_clip
                0x000000000000882b                paste_to_con
                0x00000000000089a3                arr_right
                0x0000000000008a72                arr_left
                0x0000000000008b19                arr_down
                0x0000000000008bb2                arr_up
                0x0000000000008c41                print_name_and_index
                0x0000000000008cb3                keyboard_interrupt
                0x0000000000009580                rs1_interrupt
                0x0000000000009588                rs2_interrupt
                0x0000000000009ce9                rw_hd
                0x0000000000009d92                sys_setup
                0x0000000000009e91                unexpected_hd_interrupt
                0x0000000000009ea4                hd_init
                0x0000000000009f14                copy_to_buffer
                0x0000000000009f5e                to_lower_case
                0x0000000000009fbf                buffer_encr
                0x000000000000a135                file_encr
                0x000000000000a1fc                sys_encr
                0x000000000000a23c                partition
                0x000000000000a2c9                sort_index_and_global
                0x000000000000a34e                sys_generate_key_
                0x000000000000a4a4                clear_key_
                0x000000000000a4bb                sys_clear_key
                0x000000000000a4d8                sys_set_key
                0x000000000000a509                sys_ftime
                0x000000000000a50f                sys_mknod
                0x000000000000a515                sys_break
                0x000000000000a51b                sys_mount
                0x000000000000a521                sys_umount
                0x000000000000a527                sys_ustat
                0x000000000000a52d                sys_ptrace
                0x000000000000a533                sys_stty
                0x000000000000a539                sys_gtty
                0x000000000000a53f                sys_rename
                0x000000000000a545                sys_prof
                0x000000000000a54b                sys_setgid
                0x000000000000a5a8                sys_acct
                0x000000000000a5ae                sys_phys
                0x000000000000a5b4                sys_lock
                0x000000000000a5ba                sys_mpx
                0x000000000000a5c0                sys_ulimit
                0x000000000000a5c6                sys_time
                0x000000000000a619                sys_setuid
                0x000000000000a672                sys_stime
                0x000000000000a6bf                sys_times
                0x000000000000a718                sys_brk
                0x000000000000a74b                sys_setpgid
                0x000000000000a7c0                sys_getpgrp
                0x000000000000a7cc                sys_setsid
                0x000000000000a821                sys_oldolduname
                0x000000000000a839                sys_uname
                0x000000000000a886                sys_umask
                0x000000000000a8a4                sys_null
                0x000000000000a8d0                release
                0x000000000000a92a                do_kill
                0x000000000000aba3                sys_kill
                0x000000000000abd9                do_exit
                0x000000000000ad6c                sys_exit
                0x000000000000ad87                sys_waitpid
                0x000000000000af0e                rs_init
                0x000000000000af66                rs_write
                0x000000000000af90                kernel_mktime
 *fill*         0x000000000000aff7        0x1 90909090
 .text          0x000000000000aff8      0x517 mm/mm.o
                0x000000000000aff8                invalidate
                0x000000000000b001                copy_page
                0x000000000000b026                get_free_page
                0x000000000000b05e                free_page
                0x000000000000b0be                free_page_tables
                0x000000000000b16e                copy_page_tables
                0x000000000000b268                put_page
                0x000000000000b315                un_wp_page
                0x000000000000b3a5                do_wp_page
                0x000000000000b3d5                write_verify
                0x000000000000b414                do_no_page
                0x000000000000b444                calc_mem
                0x000000000000b4d8                page_fault
 *fill*         0x000000000000b50f        0x1 90909090
 .text          0x000000000000b510     0x508c fs/fs.o
                0x000000000000b510                sys_utime
                0x000000000000b579                sys_access
                0x000000000000b610                sys_chdir
                0x000000000000b673                sys_chroot
                0x000000000000b6d6                sys_chmod
                0x000000000000b76b                sys_chown
                0x000000000000b7d2                sys_open
                0x000000000000b966                sys_creat
                0x000000000000b989                sys_close
                0x000000000000ba10                sys_lseek
                0x000000000000bacc                sys_read
                0x000000000000bc27                sys_write
                0x000000000000c13b                sync_inodes
                0x000000000000c185                bmap
                0x000000000000c19e                create_block
                0x000000000000c1b7                iput
                0x000000000000c2a5                get_empty_inode
                0x000000000000c393                get_pipe_inode
                0x000000000000c3da                iget
                0x000000000000c5c7                sys_sync
                0x000000000000c62f                brelse
                0x000000000000c681                get_hash_table
                0x000000000000c6e0                getblk
                0x000000000000c97f                bread
                0x000000000000c9d9                buffer_init
                0x000000000000ca74                do_mount
                0x000000000000cc7f                mount_root
                0x000000000000cdd0                block_write
                0x000000000000ceb3                block_read
                0x000000000000cf8a                ll_rw_block
                0x000000000000d053                rw_char
                0x000000000000d0c4                buffer_switch_case
                0x000000000000d103                file_switch_case
                0x000000000000d1ca                sys_switch_case
                0x000000000000d205                file_read
                0x000000000000d3b0                file_write
                0x000000000000d652                sys_stat
                0x000000000000d697                sys_lstat
                0x000000000000d6b2                sys_fstat
                0x000000000000d6f5                sys_stat64
                0x000000000000d73a                sys_fstat64
                0x000000000000d77d                sys_lstat64
                0x000000000000d798                sys_oldstat
                0x000000000000d7b0                sys_oldfstat
                0x000000000000d8f4                cp_block
                0x000000000000d929                is_valid_elf
                0x000000000000d96e                read_file_block_ind
                0x000000000000da03                read_file_block
                0x000000000000db02                copy_section
                0x000000000000dbf0                create_bss_section
                0x000000000000dc16                load_elf_binary
                0x000000000000de21                do_execve
                0x000000000000e2b4                read_pipe
                0x000000000000e34d                write_pipe
                0x000000000000e446                sys_pipe
                0x000000000000ea79                namei
                0x000000000000eb2f                open_namei
                0x000000000000ed95                sys_mkdir
                0x000000000000f04a                sys_rmdir
                0x000000000000f3bc                sys_unlink
                0x000000000000f558                sys_link
                0x000000000000f700                free_block
                0x000000000000f83b                new_block
                0x000000000000f9be                free_inode
                0x000000000000faea                new_inode
                0x000000000000fcca                sys_dup2
                0x000000000000fcea                sys_dup
                0x000000000000fcfa                sys_fcntl
                0x000000000000fdb7                sys_fcntl64
                0x000000000000fe0c                sys_ioctl
                0x000000000000fea9                tty_ioctl
                0x0000000000010175                truncate
                0x0000000000010280                sys_getdents
                0x000000000001040e                sys_getdents64
 .text          0x000000000001059c        0x0 lib/lib.a(ctype.o)
 .text          0x000000000001059c        0xe lib/lib.a(_exit.o)
                0x000000000001059c                _exit
 *fill*         0x00000000000105aa        0x2 90909090
 .text          0x00000000000105ac       0x3d lib/lib.a(open.o)
                0x00000000000105ac                open
 *fill*         0x00000000000105e9        0x3 90909090
 .text          0x00000000000105ec       0x23 lib/lib.a(close.o)
                0x00000000000105ec                close
 *fill*         0x000000000001060f        0x1 90909090
 .text          0x0000000000010610        0x0 lib/lib.a(errno.o)
 .text          0x0000000000010610       0x60 lib/lib.a(write.o)
                0x0000000000010610                write
                0x000000000001064d                switch_case
 .text          0x0000000000010670       0x23 lib/lib.a(dup.o)
                0x0000000000010670                dup
 *fill*         0x0000000000010693        0x1 90909090
 .text          0x0000000000010694       0x1e lib/lib.a(setsid.o)
                0x0000000000010694                setsid
 *fill*         0x00000000000106b2        0x2 90909090
 .text          0x00000000000106b4       0x3d lib/lib.a(execve.o)
                0x00000000000106b4                execve
 *fill*         0x00000000000106f1        0x3 90909090
 .text          0x00000000000106f4       0x60 lib/lib.a(wait.o)
                0x00000000000106f4                waitpid
                0x0000000000010731                wait
 .text          0x0000000000010754      0x421 lib/lib.a(string.o)
                0x0000000000010754                strcpy
                0x000000000001077c                strncpy
                0x00000000000107ad                strcat
                0x00000000000107e2                strncat
                0x0000000000010821                strcmp
                0x000000000001084f                strncmp
                0x0000000000010884                strchr
                0x00000000000108a2                strrchr
                0x00000000000108c3                strspn
                0x0000000000010910                strcspn
                0x000000000001095d                strpbrk
                0x00000000000109a2                strstr
                0x00000000000109e7                strlen
                0x0000000000010a00                strtok
                0x0000000000010a91                memcpy
                0x0000000000010ab7                memmove
                0x0000000000010b05                memcmp
                0x0000000000010b39                memchr
                0x0000000000010b5f                memset
 *(.gnu.warning)

.fini
 *(.fini)
                0x0000000000010b75                PROVIDE (__etext, .)
                0x0000000000010b75                PROVIDE (_etext, .)
                0x0000000000010b75                PROVIDE (etext, .)

.rodata         0x0000000000010b80     0x1084
 *(.rodata .rodata.* .gnu.linkonce.r.*)
 .rodata.str1.1
                0x0000000000010b80       0x68 init/main.o
 .rodata.str1.4
                0x0000000000010be8       0x25 init/main.o
 *fill*         0x0000000000010c0d       0x13 00
 .rodata        0x0000000000010c20      0x270 kernel/kernel.o
 .rodata.str1.1
                0x0000000000010e90      0x2ba kernel/kernel.o
                                        0x2c4 (size before relaxing)
 *fill*         0x000000000001114a        0x2 00
 .rodata.str1.4
                0x000000000001114c      0x22c kernel/kernel.o
 .rodata.str1.4
                0x0000000000011378       0xe9 mm/mm.o
 .rodata.str1.1
                0x0000000000011461       0x68 mm/mm.o
 *fill*         0x00000000000114c9       0x17 00
 .rodata        0x00000000000114e0       0xc4 fs/fs.o
 .rodata.str1.1
                0x00000000000115a4      0x32c fs/fs.o
                                        0x332 (size before relaxing)
 .rodata.str1.4
                0x00000000000118d0      0x334 fs/fs.o

.rodata1
 *(.rodata1)

.eh_frame_hdr
 *(.eh_frame_hdr)

.eh_frame       0x0000000000011c04     0x26e8
 *(.eh_frame)
 .eh_frame      0x0000000000011c04       0x74 init/main.o
 .eh_frame      0x0000000000011c78     0x11d0 kernel/kernel.o
                                       0x1308 (size before relaxing)
 .eh_frame      0x0000000000012e48      0x1a8 mm/mm.o
                                        0x1c0 (size before relaxing)
 .eh_frame      0x0000000000012ff0      0xf84 fs/fs.o
                                       0x1134 (size before relaxing)
 .eh_frame      0x0000000000013f74       0x1c lib/lib.a(_exit.o)
                                         0x34 (size before relaxing)
 .eh_frame      0x0000000000013f90       0x20 lib/lib.a(open.o)
                                         0x38 (size before relaxing)
 .eh_frame      0x0000000000013fb0       0x1c lib/lib.a(close.o)
                                         0x34 (size before relaxing)
 .eh_frame      0x0000000000013fcc       0x3c lib/lib.a(write.o)
                                         0x54 (size before relaxing)
 .eh_frame      0x0000000000014008       0x1c lib/lib.a(dup.o)
                                         0x34 (size before relaxing)
 .eh_frame      0x0000000000014024       0x14 lib/lib.a(setsid.o)
                                         0x2c (size before relaxing)
 .eh_frame      0x0000000000014038       0x20 lib/lib.a(execve.o)
                                         0x38 (size before relaxing)
 .eh_frame      0x0000000000014058       0x38 lib/lib.a(wait.o)
                                         0x50 (size before relaxing)
 .eh_frame      0x0000000000014090      0x25c lib/lib.a(string.o)
                                        0x274 (size before relaxing)

.gcc_except_table
 *(.gcc_except_table .gcc_except_table.*)

.exception_ranges
 *(.exception_ranges .exception_ranges*)
                0x00000000000142ec                . = (ALIGN (0x1000) - ((0x1000 - .) & 0xfff))
                0x0000000000015000                . = DATA_SEGMENT_ALIGN (0x1000, 0x1000)

.eh_frame
 *(.eh_frame)

.gcc_except_table
 *(.gcc_except_table .gcc_except_table.*)

.exception_ranges
 *(.exception_ranges .exception_ranges*)

.tdata
 *(.tdata .tdata.* .gnu.linkonce.td.*)

.tbss
 *(.tbss .tbss.* .gnu.linkonce.tb.*)
 *(.tcommon)

.preinit_array  0x0000000000015000        0x0
                0x0000000000015000                PROVIDE (__preinit_array_start, .)
 *(.preinit_array)
                0x0000000000015000                PROVIDE (__preinit_array_end, .)

.init_array     0x0000000000015000        0x0
                0x0000000000015000                PROVIDE (__init_array_start, .)
 *(SORT(.init_array.*) SORT(.ctors.*))
 *(.init_array)
 *(EXCLUDE_FILE(*crtend?.o *crtend.o *crtbegin?.o *crtbegin.o) .ctors)
                0x0000000000015000                PROVIDE (__init_array_end, .)

.fini_array     0x0000000000015000        0x0
                0x0000000000015000                PROVIDE (__fini_array_start, .)
 *(SORT(.fini_array.*) SORT(.dtors.*))
 *(.fini_array)
 *(EXCLUDE_FILE(*crtend?.o *crtend.o *crtbegin?.o *crtbegin.o) .dtors)
                0x0000000000015000                PROVIDE (__fini_array_end, .)

.ctors
 *crtbegin.o(.ctors)
 *crtbegin?.o(.ctors)
 *(EXCLUDE_FILE(*crtend?.o *crtend.o) .ctors)
 *(SORT(.ctors.*))
 *(.ctors)

.dtors
 *crtbegin.o(.dtors)
 *crtbegin?.o(.dtors)
 *(EXCLUDE_FILE(*crtend?.o *crtend.o) .dtors)
 *(SORT(.dtors.*))
 *(.dtors)

.jcr
 *(.jcr)

.data.rel.ro
 *(.data.rel.ro.local* .gnu.linkonce.d.rel.ro.local.*)
 *(.data.rel.ro* .gnu.linkonce.d.rel.ro.*)

.dynamic
 *(.dynamic)

.got
 *(.got)
 *(.igot)
                0x0000000000015000                . = DATA_SEGMENT_RELRO_END (., 0xc)

.got.plt        0x0000000000015000        0x0
 *(.got.plt)
 *(.igot.plt)
 .igot.plt      0x0000000000000000        0x0 boot/head.o

.data           0x0000000000015000     0x3e64
 *(.data .data.* .gnu.linkonce.d.*)
 .data          0x0000000000015000        0x0 boot/head.o
 .data          0x0000000000015000       0x18 init/main.o
 *fill*         0x0000000000015018        0x8 00
 .data          0x0000000000015020     0x3d2c kernel/kernel.o
                0x0000000000015020                stack_start
                0x0000000000015040                task
                0x0000000000015140                current
                0x0000000000015160                sys_call_table
                0x0000000000016660                table_list
                0x0000000000016680                tty_table
 .data          0x0000000000018d4c        0x0 mm/mm.o
 .data          0x0000000000018d4c        0x4 fs/fs.o
                0x0000000000018d4c                start_buffer
 *fill*         0x0000000000018d50       0x10 00
 .data          0x0000000000018d60      0x101 lib/lib.a(ctype.o)
                0x0000000000018d60                _ctype
 *fill*         0x0000000000018e61        0x3 00
 .data          0x0000000000018e64        0x0 lib/lib.a(_exit.o)
 .data          0x0000000000018e64        0x0 lib/lib.a(open.o)
 .data          0x0000000000018e64        0x0 lib/lib.a(close.o)
 .data          0x0000000000018e64        0x0 lib/lib.a(errno.o)
 .data          0x0000000000018e64        0x0 lib/lib.a(write.o)
 .data          0x0000000000018e64        0x0 lib/lib.a(dup.o)
 .data          0x0000000000018e64        0x0 lib/lib.a(setsid.o)
 .data          0x0000000000018e64        0x0 lib/lib.a(execve.o)
 .data          0x0000000000018e64        0x0 lib/lib.a(wait.o)
 .data          0x0000000000018e64        0x0 lib/lib.a(string.o)

.data1
 *(.data1)
                0x0000000000018e64                _edata = .
                0x0000000000018e64                PROVIDE (edata, .)
                0x0000000000018e64                __bss_start = .

.bss            0x0000000000018e80     0x3fec
 *(.dynbss)
 *(.bss .bss.* .gnu.linkonce.b.*)
 .bss           0x0000000000018e80        0x0 boot/head.o
 .bss           0x0000000000018e80      0x400 init/main.o
 .bss           0x0000000000019280      0xc64 kernel/kernel.o
                0x0000000000019280                last_task_used_math
                0x0000000000019284                startup_time
                0x0000000000019288                jiffies
                0x000000000001928c                last_pid
                0x00000000000196c0                f1_down_flag
                0x0000000000019960                do_hd
 *fill*         0x0000000000019ee4       0x1c 00
 .bss           0x0000000000019f00      0xc00 mm/mm.o
 .bss           0x000000000001ab00      0x710 fs/fs.o
                0x000000000001ab00                inode_table
                0x000000000001b204                nr_buffers
 .bss           0x000000000001b210        0x0 lib/lib.a(ctype.o)
 .bss           0x000000000001b210        0x0 lib/lib.a(_exit.o)
 .bss           0x000000000001b210        0x0 lib/lib.a(open.o)
 .bss           0x000000000001b210        0x0 lib/lib.a(close.o)
 .bss           0x000000000001b210        0x0 lib/lib.a(errno.o)
 .bss           0x000000000001b210        0x0 lib/lib.a(write.o)
 .bss           0x000000000001b210        0x0 lib/lib.a(dup.o)
 .bss           0x000000000001b210        0x0 lib/lib.a(setsid.o)
 .bss           0x000000000001b210        0x0 lib/lib.a(execve.o)
 .bss           0x000000000001b210        0x0 lib/lib.a(wait.o)
 .bss           0x000000000001b210        0x0 lib/lib.a(string.o)
 *(COMMON)
 *fill*         0x000000000001b210       0x10 00
 COMMON         0x000000000001b220     0x1001 kernel/kernel.o
                0x000000000001b220                user_stack
                0x000000000001c220                character_for_input
 *fill*         0x000000000001c221       0x1f 00
 COMMON         0x000000000001c240      0xc20 fs/fs.o
                0x000000000001c240                hash_table
                0x000000000001c720                super_block
                0x000000000001ca60                file_table
 COMMON         0x000000000001ce60        0x1 lib/lib.a(ctype.o)
                0x000000000001ce60                _ctmp
 *fill*         0x000000000001ce61        0x3 00
 COMMON         0x000000000001ce64        0x4 lib/lib.a(errno.o)
                0x000000000001ce64                errno
 COMMON         0x000000000001ce68        0x4 lib/lib.a(string.o)
                0x000000000001ce68                ___strtok
                0x000000000001ce6c                . = ALIGN ((. != 0x0)?0x4:0x1)
                0x000000000001ce6c                . = ALIGN (0x4)
                0x000000000001ce6c                . = ALIGN (0x4)
                0x000000000001ce6c                _end = .
                0x000000000001ce6c                PROVIDE (end, .)
                0x000000000001ce6c                . = DATA_SEGMENT_END (.)

.stab
 *(.stab)

.stabstr
 *(.stabstr)

.stab.excl
 *(.stab.excl)

.stab.exclstr
 *(.stab.exclstr)

.stab.index
 *(.stab.index)

.stab.indexstr
 *(.stab.indexstr)

.comment        0x0000000000000000       0x2a
 *(.comment)
 .comment       0x0000000000000000       0x2a init/main.o
                                         0x2b (size before relaxing)
 .comment       0x0000000000000000      0x22f kernel/kernel.o
 .comment       0x0000000000000000       0x2b mm/mm.o
 .comment       0x0000000000000000      0x331 fs/fs.o
 .comment       0x0000000000000000       0x2b lib/lib.a(ctype.o)
 .comment       0x0000000000000000       0x2b lib/lib.a(_exit.o)
 .comment       0x0000000000000000       0x2b lib/lib.a(open.o)
 .comment       0x0000000000000000       0x2b lib/lib.a(close.o)
 .comment       0x0000000000000000       0x2b lib/lib.a(errno.o)
 .comment       0x0000000000000000       0x2b lib/lib.a(write.o)
 .comment       0x0000000000000000       0x2b lib/lib.a(dup.o)
 .comment       0x0000000000000000       0x2b lib/lib.a(setsid.o)
 .comment       0x0000000000000000       0x2b lib/lib.a(execve.o)
 .comment       0x0000000000000000       0x2b lib/lib.a(wait.o)
 .comment       0x0000000000000000       0x2b lib/lib.a(string.o)

.debug
 *(.debug)

.line
 *(.line)

.debug_srcinfo
 *(.debug_srcinfo)

.debug_sfnames
 *(.debug_sfnames)

.debug_aranges  0x0000000000000000      0x540
 *(.debug_aranges)
 .debug_aranges
                0x0000000000000000       0x20 init/main.o
 .debug_aranges
                0x0000000000000020      0x1a0 kernel/kernel.o
 .debug_aranges
                0x00000000000001c0       0x20 mm/mm.o
 .debug_aranges
                0x00000000000001e0      0x240 fs/fs.o
 .debug_aranges
                0x0000000000000420       0x20 lib/lib.a(_exit.o)
 .debug_aranges
                0x0000000000000440       0x20 lib/lib.a(open.o)
 .debug_aranges
                0x0000000000000460       0x20 lib/lib.a(close.o)
 .debug_aranges
                0x0000000000000480       0x20 lib/lib.a(write.o)
 .debug_aranges
                0x00000000000004a0       0x20 lib/lib.a(dup.o)
 .debug_aranges
                0x00000000000004c0       0x20 lib/lib.a(setsid.o)
 .debug_aranges
                0x00000000000004e0       0x20 lib/lib.a(execve.o)
 .debug_aranges
                0x0000000000000500       0x20 lib/lib.a(wait.o)
 .debug_aranges
                0x0000000000000520       0x20 lib/lib.a(string.o)

.debug_pubnames
 *(.debug_pubnames)

.debug_info     0x0000000000000000    0x1b98e
 *(.debug_info .gnu.linkonce.wi.*)
 .debug_info    0x0000000000000000      0xccf init/main.o
 .debug_info    0x0000000000000ccf     0x9c9a kernel/kernel.o
 .debug_info    0x000000000000a969      0x4d6 mm/mm.o
 .debug_info    0x000000000000ae3f     0xe424 fs/fs.o
 .debug_info    0x0000000000019263       0x70 lib/lib.a(ctype.o)
 .debug_info    0x00000000000192d3      0x3af lib/lib.a(_exit.o)
 .debug_info    0x0000000000019682      0x403 lib/lib.a(open.o)
 .debug_info    0x0000000000019a85      0x3ce lib/lib.a(close.o)
 .debug_info    0x0000000000019e53       0x3f lib/lib.a(errno.o)
 .debug_info    0x0000000000019e92      0x43a lib/lib.a(write.o)
 .debug_info    0x000000000001a2cc      0x3ce lib/lib.a(dup.o)
 .debug_info    0x000000000001a69a      0x3cb lib/lib.a(setsid.o)
 .debug_info    0x000000000001aa65      0x3fc lib/lib.a(execve.o)
 .debug_info    0x000000000001ae61      0x428 lib/lib.a(wait.o)
 .debug_info    0x000000000001b289      0x705 lib/lib.a(string.o)

.debug_abbrev   0x0000000000000000     0x464e
 *(.debug_abbrev)
 .debug_abbrev  0x0000000000000000      0x1d7 init/main.o
 .debug_abbrev  0x00000000000001d7     0x19e5 kernel/kernel.o
 .debug_abbrev  0x0000000000001bbc      0x1af mm/mm.o
 .debug_abbrev  0x0000000000001d6b     0x214e fs/fs.o
 .debug_abbrev  0x0000000000003eb9       0x42 lib/lib.a(ctype.o)
 .debug_abbrev  0x0000000000003efb       0xa3 lib/lib.a(_exit.o)
 .debug_abbrev  0x0000000000003f9e       0xdc lib/lib.a(open.o)
 .debug_abbrev  0x000000000000407a       0xb4 lib/lib.a(close.o)
 .debug_abbrev  0x000000000000412e       0x30 lib/lib.a(errno.o)
 .debug_abbrev  0x000000000000415e       0xd7 lib/lib.a(write.o)
 .debug_abbrev  0x0000000000004235       0xb4 lib/lib.a(dup.o)
 .debug_abbrev  0x00000000000042e9       0xb2 lib/lib.a(setsid.o)
 .debug_abbrev  0x000000000000439b       0xbb lib/lib.a(execve.o)
 .debug_abbrev  0x0000000000004456       0xd0 lib/lib.a(wait.o)
 .debug_abbrev  0x0000000000004526      0x128 lib/lib.a(string.o)

.debug_line     0x0000000000000000     0x3bec
 *(.debug_line)
 .debug_line    0x0000000000000000      0x11e init/main.o
 .debug_line    0x000000000000011e     0x1911 kernel/kernel.o
 .debug_line    0x0000000000001a2f      0x122 mm/mm.o
 .debug_line    0x0000000000001b51     0x1bc8 fs/fs.o
 .debug_line    0x0000000000003719       0x28 lib/lib.a(ctype.o)
 .debug_line    0x0000000000003741       0x50 lib/lib.a(_exit.o)
 .debug_line    0x0000000000003791       0x76 lib/lib.a(open.o)
 .debug_line    0x0000000000003807       0x6e lib/lib.a(close.o)
 .debug_line    0x0000000000003875       0x28 lib/lib.a(errno.o)
 .debug_line    0x000000000000389d       0x97 lib/lib.a(write.o)
 .debug_line    0x0000000000003934       0x6c lib/lib.a(dup.o)
 .debug_line    0x00000000000039a0       0x88 lib/lib.a(setsid.o)
 .debug_line    0x0000000000003a28       0x73 lib/lib.a(execve.o)
 .debug_line    0x0000000000003a9b       0x90 lib/lib.a(wait.o)
 .debug_line    0x0000000000003b2b       0xc1 lib/lib.a(string.o)

.debug_frame
 *(.debug_frame)

.debug_str      0x0000000000000000     0x1c9b
 *(.debug_str)
 .debug_str     0x0000000000000000      0x3f5 init/main.o
                                        0x4a2 (size before relaxing)
 .debug_str     0x00000000000003f5      0xd65 kernel/kernel.o
                                       0x3471 (size before relaxing)
 .debug_str     0x000000000000115a      0x123 mm/mm.o
                                        0x1be (size before relaxing)
 .debug_str     0x000000000000127d      0x956 fs/fs.o
                                       0x53d0 (size before relaxing)
 .debug_str     0x0000000000001bd3       0x23 lib/lib.a(ctype.o)
                                         0x63 (size before relaxing)
 .debug_str     0x0000000000001bf6        0x8 lib/lib.a(_exit.o)
                                        0x281 (size before relaxing)
 .debug_str     0x0000000000000000        0x8 lib/lib.a(open.o)
                                        0x291 (size before relaxing)
 .debug_str     0x0000000000001bfe        0x8 lib/lib.a(close.o)
                                        0x283 (size before relaxing)
 .debug_str     0x0000000000001c06        0x8 lib/lib.a(errno.o)
                                         0x35 (size before relaxing)
 .debug_str     0x0000000000000000        0x8 lib/lib.a(write.o)
                                        0x29b (size before relaxing)
 .debug_str     0x0000000000001c0e        0x6 lib/lib.a(dup.o)
                                        0x27b (size before relaxing)
 .debug_str     0x0000000000001c14        0x9 lib/lib.a(setsid.o)
                                        0x28b (size before relaxing)
 .debug_str     0x0000000000001c1d        0x9 lib/lib.a(execve.o)
                                        0x294 (size before relaxing)
 .debug_str     0x0000000000001c26       0x11 lib/lib.a(wait.o)
                                        0x2a1 (size before relaxing)
 .debug_str     0x0000000000001c37       0x64 lib/lib.a(string.o)
                                         0xe9 (size before relaxing)

.debug_loc      0x0000000000000000     0xc16b
 *(.debug_loc)
 .debug_loc     0x0000000000000000      0x256 init/main.o
 .debug_loc     0x0000000000000256     0x4d41 kernel/kernel.o
 .debug_loc     0x0000000000004f97      0x640 mm/mm.o
 .debug_loc     0x00000000000055d7     0x6582 fs/fs.o
 .debug_loc     0x000000000000bb59       0x2c lib/lib.a(_exit.o)
 .debug_loc     0x000000000000bb85       0x3f lib/lib.a(open.o)
 .debug_loc     0x000000000000bbc4       0x3f lib/lib.a(close.o)
 .debug_loc     0x000000000000bc03       0x96 lib/lib.a(write.o)
 .debug_loc     0x000000000000bc99       0x3f lib/lib.a(dup.o)
 .debug_loc     0x000000000000bcd8       0x13 lib/lib.a(setsid.o)
 .debug_loc     0x000000000000bceb       0x57 lib/lib.a(execve.o)
 .debug_loc     0x000000000000bd42       0x83 lib/lib.a(wait.o)
 .debug_loc     0x000000000000bdc5      0x3a6 lib/lib.a(string.o)

.debug_macinfo
 *(.debug_macinfo)

.debug_weaknames
 *(.debug_weaknames)

.debug_funcnames
 *(.debug_funcnames)

.debug_typenames
 *(.debug_typenames)

.debug_varnames
 *(.debug_varnames)

.debug_pubtypes
 *(.debug_pubtypes)

.debug_ranges   0x0000000000000000      0x708
 *(.debug_ranges)
 .debug_ranges  0x0000000000000000      0x400 kernel/kernel.o
 .debug_ranges  0x0000000000000400      0x308 fs/fs.o

.gnu.attributes
 *(.gnu.attributes)

/DISCARD/
 *(.note.GNU-stack)
 *(.gnu_debuglink)
 *(.gnu.lto_*)
OUTPUT(tools/system elf32-i386)
