Archive member included because of file (symbol)

lib/lib.a(ctype.o)            kernel/kernel.o (_ctype)
lib/lib.a(_exit.o)            init/main.o (_exit)
lib/lib.a(open.o)             init/main.o (open)
lib/lib.a(close.o)            init/main.o (close)
lib/lib.a(errno.o)            init/main.o (errno)
lib/lib.a(write.o)            init/main.o (write)
lib/lib.a(dup.o)              init/main.o (dup)
lib/lib.a(setsid.o)           init/main.o (setsid)
lib/lib.a(execve.o)           init/main.o (execve)
lib/lib.a(wait.o)             init/main.o (wait)
lib/lib.a(string.o)           kernel/kernel.o (memcpy)

Allocating common symbols
Common symbol       size              file

errno               0x4               lib/lib.a(errno.o)
hash_table          0x4cc             fs/fs.o
___strtok           0x4               lib/lib.a(string.o)
user_stack          0x1000            kernel/kernel.o
_ctmp               0x1               lib/lib.a(ctype.o)
super_block         0x340             fs/fs.o
character_for_input
                    0x1               kernel/kernel.o
file_table          0x400             fs/fs.o

Discarded input sections

 .note.GNU-stack
                0x0000000000000000        0x0 init/main.o
 .note.GNU-stack
                0x0000000000000000        0x0 kernel/kernel.o
 .note.GNU-stack
                0x0000000000000000        0x0 mm/mm.o
 .note.GNU-stack
                0x0000000000000000        0x0 fs/fs.o
 .note.GNU-stack
                0x0000000000000000        0x0 lib/lib.a(ctype.o)
 .note.GNU-stack
                0x0000000000000000        0x0 lib/lib.a(_exit.o)
 .note.GNU-stack
                0x0000000000000000        0x0 lib/lib.a(open.o)
 .note.GNU-stack
                0x0000000000000000        0x0 lib/lib.a(close.o)
 .note.GNU-stack
                0x0000000000000000        0x0 lib/lib.a(errno.o)
 .note.GNU-stack
                0x0000000000000000        0x0 lib/lib.a(write.o)
 .note.GNU-stack
                0x0000000000000000        0x0 lib/lib.a(dup.o)
 .note.GNU-stack
                0x0000000000000000        0x0 lib/lib.a(setsid.o)
 .note.GNU-stack
                0x0000000000000000        0x0 lib/lib.a(execve.o)
 .note.GNU-stack
                0x0000000000000000        0x0 lib/lib.a(wait.o)
 .note.GNU-stack
                0x0000000000000000        0x0 lib/lib.a(string.o)

Memory Configuration

Name             Origin             Length             Attributes
*default*        0x0000000000000000 0xffffffffffffffff

Linker script and memory map

Address of section .text set to 0x0
LOAD boot/head.o
LOAD init/main.o
LOAD kernel/kernel.o
LOAD mm/mm.o
LOAD fs/fs.o
LOAD lib/lib.a
                0x0000000008048000                PROVIDE (__executable_start, 0x8048000)
                0x0000000008048094                . = (0x8048000 + SIZEOF_HEADERS)

.interp
 *(.interp)

.note.gnu.build-id
 *(.note.gnu.build-id)

.hash
 *(.hash)

.gnu.hash
 *(.gnu.hash)

.dynsym
 *(.dynsym)

.dynstr
 *(.dynstr)

.gnu.version
 *(.gnu.version)

.gnu.version_d
 *(.gnu.version_d)

.gnu.version_r
 *(.gnu.version_r)

.rel.dyn        0x0000000008048094        0x0
 *(.rel.init)
 *(.rel.text .rel.text.* .rel.gnu.linkonce.t.*)
 .rel.text      0x0000000000000000        0x0 boot/head.o
 *(.rel.fini)
 *(.rel.rodata .rel.rodata.* .rel.gnu.linkonce.r.*)
 *(.rel.data.rel.ro* .rel.gnu.linkonce.d.rel.ro.*)
 *(.rel.data .rel.data.* .rel.gnu.linkonce.d.*)
 .rel.data      0x0000000000000000        0x0 boot/head.o
 *(.rel.tdata .rel.tdata.* .rel.gnu.linkonce.td.*)
 *(.rel.tbss .rel.tbss.* .rel.gnu.linkonce.tb.*)
 *(.rel.ctors)
 *(.rel.dtors)
 *(.rel.got)
 *(.rel.bss .rel.bss.* .rel.gnu.linkonce.b.*)
 *(.rel.ifunc)

.rel.plt        0x0000000008048094        0x0
 *(.rel.plt)
                0x0000000008048094                PROVIDE (__rel_iplt_start, .)
 *(.rel.iplt)
 .rel.iplt      0x0000000000000000        0x0 boot/head.o
                0x0000000008048094                PROVIDE (__rel_iplt_end, .)

.init
 *(.init)

.plt            0x00000000080480a0        0x0
 *(.plt)
 *(.iplt)
 .iplt          0x0000000000000000        0x0 boot/head.o

.text           0x0000000000000000    0x10b85
 *(.text.unlikely .text.*_unlikely)
 *(.text.exit .text.exit.*)
 *(.text.startup .text.startup.*)
 *(.text.hot .text.hot.*)
 *(.text .stub .text.* .gnu.linkonce.t.*)
 .text          0x0000000000000000     0x5078 boot/head.o
                0x0000000000000000                startup_32
                0x0000000000000000                pg_dir
                0x0000000000004078                idt
                0x0000000000004878                gdt
 *fill*         0x0000000000005078        0x8 90909090
 .text          0x0000000000005080      0x370 init/main.o
                0x00000000000050c1                init
                0x0000000000005232                main
 .text          0x00000000000053f0     0x5c17 kernel/kernel.o
                0x00000000000053f0                sys_alarm
                0x0000000000005417                sys_getpid
                0x0000000000005423                sys_getppid
                0x000000000000542f                sys_getuid
                0x000000000000543c                sys_geteuid
                0x0000000000005449                sys_getgid
                0x0000000000005456                sys_getegid
                0x0000000000005463                sys_nice
                0x000000000000547c                sys_signal
                0x00000000000054b9                math_state_restore
                0x00000000000054f0                schedule
                0x00000000000055e1                sys_pause
                0x00000000000055f7                sleep_on
                0x0000000000005651                interruptible_sleep_on
                0x00000000000056bb                wake_up
                0x00000000000056d7                do_timer
                0x000000000000571d                sched_init
                0x0000000000005844                system_call
                0x0000000000005936                timer_interrupt
                0x000000000000596e                sys_execve
                0x000000000000597c                sys_fork
                0x0000000000005994                hd_interrupt
                0x0000000000005b41                do_double_fault
                0x0000000000005b5a                do_general_protection
                0x0000000000005b73                do_divide_error
                0x0000000000005b8c                do_int3
                0x0000000000005c44                do_nmi
                0x0000000000005c5d                do_debug
                0x0000000000005c76                do_overflow
                0x0000000000005c8f                do_bounds
                0x0000000000005ca8                do_invalid_op
                0x0000000000005cc1                do_device_not_available
                0x0000000000005cda                do_coprocessor_segment_overrun
                0x0000000000005cf3                do_invalid_TSS
                0x0000000000005d0c                do_segment_not_present
                0x0000000000005d25                do_stack_segment
                0x0000000000005d3e                do_coprocessor_error
                0x0000000000005d57                do_reserved
                0x0000000000005d70                trap_init
                0x0000000000005f2c                divide_error
                0x0000000000005f61                debug
                0x0000000000005f68                nmi
                0x0000000000005f6f                int3
                0x0000000000005f76                overflow
                0x0000000000005f7d                bounds
                0x0000000000005f84                invalid_op
                0x0000000000005f93                device_not_available
                0x0000000000005fc0                coprocessor_segment_overrun
                0x0000000000005fca                reserved
                0x0000000000005fd4                coprocessor_error
                0x0000000000005fde                double_fault
                0x0000000000006015                invalid_TSS
                0x000000000000601c                segment_not_present
                0x0000000000006023                stack_segment
                0x000000000000602a                general_protection
                0x0000000000006034                verify_area
                0x0000000000006099                copy_mem
                0x000000000000618f                copy_process
                0x000000000000641e                find_empty_process
                0x0000000000006480                panic
                0x000000000000649c                printk
                0x0000000000006726                vsprintf
                0x0000000000006a90                tty_init
                0x0000000000006aa1                tty_intr
                0x0000000000006ae6                copy_to_cooked
                0x0000000000006d66                tty_read
                0x000000000000702c                tty_write
                0x0000000000007209                do_tty_interrupt
                0x0000000000007435                fill_list
                0x0000000000007515                closeR
                0x000000000000754f                openR
                0x0000000000007592                draw_list_clip
                0x00000000000076b8                draw_list
                0x0000000000007853                mark_selected_clip
                0x00000000000078bb                mark_selected
                0x0000000000007923                set_path_name
                0x0000000000007a3c                csi_m
                0x0000000000007a97                con_write
                0x000000000000841a                con_init
                0x000000000000849d                f1_down
                0x00000000000084a8                f1_up
                0x00000000000084b3                tool_draw
                0x0000000000008647                tool_dir
                0x000000000000866e                tool_clip
                0x0000000000008691                tool_start
                0x0000000000008711                put_char_to_clip
                0x00000000000087a2                remove_char_for_clip
                0x000000000000882b                paste_to_con
                0x00000000000089a3                arr_right
                0x0000000000008a72                arr_left
                0x0000000000008b19                arr_down
                0x0000000000008bb2                arr_up
                0x0000000000008c41                print_name_and_index
                0x0000000000008cb3                keyboard_interrupt
                0x0000000000009580                rs1_interrupt
                0x0000000000009588                rs2_interrupt
                0x0000000000009ce9                rw_hd
                0x0000000000009d92                sys_setup
                0x0000000000009e91                unexpected_hd_interrupt
                0x0000000000009ea4                hd_init
                0x0000000000009f14                copy_to_buffer
                0x0000000000009f5e                to_lower_case
                0x0000000000009fbf                sys_decr
                0x0000000000009fd2                buffer_encr
                0x000000000000a14f                file_encr
                0x000000000000a216                sys_encr
                0x000000000000a256                partition
                0x000000000000a2e3                sort_index_and_global
                0x000000000000a368                sys_generate_key_
                0x000000000000a4be                clear_key_
                0x000000000000a4d5                sys_clear_key
                0x000000000000a4f2                sys_set_key
                0x000000000000a523                sys_ftime
                0x000000000000a529                sys_mknod
                0x000000000000a52f                sys_break
                0x000000000000a535                sys_mount
                0x000000000000a53b                sys_umount
                0x000000000000a541                sys_ustat
                0x000000000000a547                sys_ptrace
                0x000000000000a54d                sys_stty
                0x000000000000a553                sys_gtty
                0x000000000000a559                sys_rename
                0x000000000000a55f                sys_prof
                0x000000000000a565                sys_setgid
                0x000000000000a5c2                sys_acct
                0x000000000000a5c8                sys_phys
                0x000000000000a5ce                sys_lock
                0x000000000000a5d4                sys_mpx
                0x000000000000a5da                sys_ulimit
                0x000000000000a5e0                sys_time
                0x000000000000a633                sys_setuid
                0x000000000000a68c                sys_stime
                0x000000000000a6d9                sys_times
                0x000000000000a732                sys_brk
                0x000000000000a765                sys_setpgid
                0x000000000000a7da                sys_getpgrp
                0x000000000000a7e6                sys_setsid
                0x000000000000a83b                sys_oldolduname
                0x000000000000a853                sys_uname
                0x000000000000a8a0                sys_umask
                0x000000000000a8be                sys_null
                0x000000000000a8e0                release
                0x000000000000a93a                do_kill
                0x000000000000abb3                sys_kill
                0x000000000000abe9                do_exit
                0x000000000000ad7c                sys_exit
                0x000000000000ad97                sys_waitpid
                0x000000000000af1e                rs_init
                0x000000000000af76                rs_write
                0x000000000000afa0                kernel_mktime
 *fill*         0x000000000000b007        0x1 90909090
 .text          0x000000000000b008      0x517 mm/mm.o
                0x000000000000b008                invalidate
                0x000000000000b011                copy_page
                0x000000000000b036                get_free_page
                0x000000000000b06e                free_page
                0x000000000000b0ce                free_page_tables
                0x000000000000b17e                copy_page_tables
                0x000000000000b278                put_page
                0x000000000000b325                un_wp_page
                0x000000000000b3b5                do_wp_page
                0x000000000000b3e5                write_verify
                0x000000000000b424                do_no_page
                0x000000000000b454                calc_mem
                0x000000000000b4e8                page_fault
 *fill*         0x000000000000b51f        0x1 90909090
 .text          0x000000000000b520     0x508c fs/fs.o
                0x000000000000b520                sys_utime
                0x000000000000b589                sys_access
                0x000000000000b620                sys_chdir
                0x000000000000b683                sys_chroot
                0x000000000000b6e6                sys_chmod
                0x000000000000b77b                sys_chown
                0x000000000000b7e2                sys_open
                0x000000000000b976                sys_creat
                0x000000000000b999                sys_close
                0x000000000000ba20                sys_lseek
                0x000000000000badc                sys_read
                0x000000000000bc37                sys_write
                0x000000000000c14b                sync_inodes
                0x000000000000c195                bmap
                0x000000000000c1ae                create_block
                0x000000000000c1c7                iput
                0x000000000000c2b5                get_empty_inode
                0x000000000000c3a3                get_pipe_inode
                0x000000000000c3ea                iget
                0x000000000000c5d7                sys_sync
                0x000000000000c63f                brelse
                0x000000000000c691                get_hash_table
                0x000000000000c6f0                getblk
                0x000000000000c98f                bread
                0x000000000000c9e9                buffer_init
                0x000000000000ca84                do_mount
                0x000000000000cc8f                mount_root
                0x000000000000cde0                block_write
                0x000000000000cec3                block_read
                0x000000000000cf9a                ll_rw_block
                0x000000000000d063                rw_char
                0x000000000000d0d4                buffer_switch_case
                0x000000000000d113                file_switch_case
                0x000000000000d1da                sys_switch_case
                0x000000000000d215                file_read
                0x000000000000d3c0                file_write
                0x000000000000d662                sys_stat
                0x000000000000d6a7                sys_lstat
                0x000000000000d6c2                sys_fstat
                0x000000000000d705                sys_stat64
                0x000000000000d74a                sys_fstat64
                0x000000000000d78d                sys_lstat64
                0x000000000000d7a8                sys_oldstat
                0x000000000000d7c0                sys_oldfstat
                0x000000000000d904                cp_block
                0x000000000000d939                is_valid_elf
                0x000000000000d97e                read_file_block_ind
                0x000000000000da13                read_file_block
                0x000000000000db12                copy_section
                0x000000000000dc00                create_bss_section
                0x000000000000dc26                load_elf_binary
                0x000000000000de31                do_execve
                0x000000000000e2c4                read_pipe
                0x000000000000e35d                write_pipe
                0x000000000000e456                sys_pipe
                0x000000000000ea89                namei
                0x000000000000eb3f                open_namei
                0x000000000000eda5                sys_mkdir
                0x000000000000f05a                sys_rmdir
                0x000000000000f3cc                sys_unlink
                0x000000000000f568                sys_link
                0x000000000000f710                free_block
                0x000000000000f84b                new_block
                0x000000000000f9ce                free_inode
                0x000000000000fafa                new_inode
                0x000000000000fcda                sys_dup2
                0x000000000000fcfa                sys_dup
                0x000000000000fd0a                sys_fcntl
                0x000000000000fdc7                sys_fcntl64
                0x000000000000fe1c                sys_ioctl
                0x000000000000feb9                tty_ioctl
                0x0000000000010185                truncate
                0x0000000000010290                sys_getdents
                0x000000000001041e                sys_getdents64
 .text          0x00000000000105ac        0x0 lib/lib.a(ctype.o)
 .text          0x00000000000105ac        0xe lib/lib.a(_exit.o)
                0x00000000000105ac                _exit
 *fill*         0x00000000000105ba        0x2 90909090
 .text          0x00000000000105bc       0x3d lib/lib.a(open.o)
                0x00000000000105bc                open
 *fill*         0x00000000000105f9        0x3 90909090
 .text          0x00000000000105fc       0x23 lib/lib.a(close.o)
                0x00000000000105fc                close
 *fill*         0x000000000001061f        0x1 90909090
 .text          0x0000000000010620        0x0 lib/lib.a(errno.o)
 .text          0x0000000000010620       0x60 lib/lib.a(write.o)
                0x0000000000010620                write
                0x000000000001065d                switch_case
 .text          0x0000000000010680       0x23 lib/lib.a(dup.o)
                0x0000000000010680                dup
 *fill*         0x00000000000106a3        0x1 90909090
 .text          0x00000000000106a4       0x1e lib/lib.a(setsid.o)
                0x00000000000106a4                setsid
 *fill*         0x00000000000106c2        0x2 90909090
 .text          0x00000000000106c4       0x3d lib/lib.a(execve.o)
                0x00000000000106c4                execve
 *fill*         0x0000000000010701        0x3 90909090
 .text          0x0000000000010704       0x60 lib/lib.a(wait.o)
                0x0000000000010704                waitpid
                0x0000000000010741                wait
 .text          0x0000000000010764      0x421 lib/lib.a(string.o)
                0x0000000000010764                strcpy
                0x000000000001078c                strncpy
                0x00000000000107bd                strcat
                0x00000000000107f2                strncat
                0x0000000000010831                strcmp
                0x000000000001085f                strncmp
                0x0000000000010894                strchr
                0x00000000000108b2                strrchr
                0x00000000000108d3                strspn
                0x0000000000010920                strcspn
                0x000000000001096d                strpbrk
                0x00000000000109b2                strstr
                0x00000000000109f7                strlen
                0x0000000000010a10                strtok
                0x0000000000010aa1                memcpy
                0x0000000000010ac7                memmove
                0x0000000000010b15                memcmp
                0x0000000000010b49                memchr
                0x0000000000010b6f                memset
 *(.gnu.warning)

.fini
 *(.fini)
                0x0000000000010b85                PROVIDE (__etext, .)
                0x0000000000010b85                PROVIDE (_etext, .)
                0x0000000000010b85                PROVIDE (etext, .)

.rodata         0x0000000000010ba0     0x10a4
 *(.rodata .rodata.* .gnu.linkonce.r.*)
 .rodata.str1.1
                0x0000000000010ba0       0x68 init/main.o
 .rodata.str1.4
                0x0000000000010c08       0x25 init/main.o
 *fill*         0x0000000000010c2d       0x13 00
 .rodata        0x0000000000010c40      0x270 kernel/kernel.o
 .rodata.str1.1
                0x0000000000010eb0      0x2d3 kernel/kernel.o
                                        0x2dd (size before relaxing)
 *fill*         0x0000000000011183        0x1 00
 .rodata.str1.4
                0x0000000000011184      0x22c kernel/kernel.o
 .rodata.str1.4
                0x00000000000113b0       0xe9 mm/mm.o
 .rodata.str1.1
                0x0000000000011499       0x68 mm/mm.o
 *fill*         0x0000000000011501       0x1f 00
 .rodata        0x0000000000011520       0xc4 fs/fs.o
 .rodata.str1.1
                0x00000000000115e4      0x32c fs/fs.o
                                        0x332 (size before relaxing)
 .rodata.str1.4
                0x0000000000011910      0x334 fs/fs.o

.rodata1
 *(.rodata1)

.eh_frame_hdr
 *(.eh_frame_hdr)

.eh_frame       0x0000000000011c44     0x2700
 *(.eh_frame)
 .eh_frame      0x0000000000011c44       0x74 init/main.o
 .eh_frame      0x0000000000011cb8     0x11e8 kernel/kernel.o
                                       0x1320 (size before relaxing)
 .eh_frame      0x0000000000012ea0      0x1a8 mm/mm.o
                                        0x1c0 (size before relaxing)
 .eh_frame      0x0000000000013048      0xf84 fs/fs.o
                                       0x1134 (size before relaxing)
 .eh_frame      0x0000000000013fcc       0x1c lib/lib.a(_exit.o)
                                         0x34 (size before relaxing)
 .eh_frame      0x0000000000013fe8       0x20 lib/lib.a(open.o)
                                         0x38 (size before relaxing)
 .eh_frame      0x0000000000014008       0x1c lib/lib.a(close.o)
                                         0x34 (size before relaxing)
 .eh_frame      0x0000000000014024       0x3c lib/lib.a(write.o)
                                         0x54 (size before relaxing)
 .eh_frame      0x0000000000014060       0x1c lib/lib.a(dup.o)
                                         0x34 (size before relaxing)
 .eh_frame      0x000000000001407c       0x14 lib/lib.a(setsid.o)
                                         0x2c (size before relaxing)
 .eh_frame      0x0000000000014090       0x20 lib/lib.a(execve.o)
                                         0x38 (size before relaxing)
 .eh_frame      0x00000000000140b0       0x38 lib/lib.a(wait.o)
                                         0x50 (size before relaxing)
 .eh_frame      0x00000000000140e8      0x25c lib/lib.a(string.o)
                                        0x274 (size before relaxing)

.gcc_except_table
 *(.gcc_except_table .gcc_except_table.*)

.exception_ranges
 *(.exception_ranges .exception_ranges*)
                0x0000000000014344                . = (ALIGN (0x1000) - ((0x1000 - .) & 0xfff))
                0x0000000000015000                . = DATA_SEGMENT_ALIGN (0x1000, 0x1000)

.eh_frame
 *(.eh_frame)

.gcc_except_table
 *(.gcc_except_table .gcc_except_table.*)

.exception_ranges
 *(.exception_ranges .exception_ranges*)

.tdata
 *(.tdata .tdata.* .gnu.linkonce.td.*)

.tbss
 *(.tbss .tbss.* .gnu.linkonce.tb.*)
 *(.tcommon)

.preinit_array  0x0000000000015000        0x0
                0x0000000000015000                PROVIDE (__preinit_array_start, .)
 *(.preinit_array)
                0x0000000000015000                PROVIDE (__preinit_array_end, .)

.init_array     0x0000000000015000        0x0
                0x0000000000015000                PROVIDE (__init_array_start, .)
 *(SORT(.init_array.*) SORT(.ctors.*))
 *(.init_array)
 *(EXCLUDE_FILE(*crtend?.o *crtend.o *crtbegin?.o *crtbegin.o) .ctors)
                0x0000000000015000                PROVIDE (__init_array_end, .)

.fini_array     0x0000000000015000        0x0
                0x0000000000015000                PROVIDE (__fini_array_start, .)
 *(SORT(.fini_array.*) SORT(.dtors.*))
 *(.fini_array)
 *(EXCLUDE_FILE(*crtend?.o *crtend.o *crtbegin?.o *crtbegin.o) .dtors)
                0x0000000000015000                PROVIDE (__fini_array_end, .)

.ctors
 *crtbegin.o(.ctors)
 *crtbegin?.o(.ctors)
 *(EXCLUDE_FILE(*crtend?.o *crtend.o) .ctors)
 *(SORT(.ctors.*))
 *(.ctors)

.dtors
 *crtbegin.o(.dtors)
 *crtbegin?.o(.dtors)
 *(EXCLUDE_FILE(*crtend?.o *crtend.o) .dtors)
 *(SORT(.dtors.*))
 *(.dtors)

.jcr
 *(.jcr)

.data.rel.ro
 *(.data.rel.ro.local* .gnu.linkonce.d.rel.ro.local.*)
 *(.data.rel.ro* .gnu.linkonce.d.rel.ro.*)

.dynamic
 *(.dynamic)

.got
 *(.got)
 *(.igot)
                0x0000000000015000                . = DATA_SEGMENT_RELRO_END (., 0xc)

.got.plt        0x0000000000015000        0x0
 *(.got.plt)
 *(.igot.plt)
 .igot.plt      0x0000000000000000        0x0 boot/head.o

.data           0x0000000000015000     0x3e64
 *(.data .data.* .gnu.linkonce.d.*)
 .data          0x0000000000015000        0x0 boot/head.o
 .data          0x0000000000015000       0x18 init/main.o
 *fill*         0x0000000000015018        0x8 00
 .data          0x0000000000015020     0x3d2c kernel/kernel.o
                0x0000000000015020                stack_start
                0x0000000000015040                task
                0x0000000000015140                current
                0x0000000000015160                sys_call_table
                0x0000000000016660                table_list
                0x0000000000016680                tty_table
 .data          0x0000000000018d4c        0x0 mm/mm.o
 .data          0x0000000000018d4c        0x4 fs/fs.o
                0x0000000000018d4c                start_buffer
 *fill*         0x0000000000018d50       0x10 00
 .data          0x0000000000018d60      0x101 lib/lib.a(ctype.o)
                0x0000000000018d60                _ctype
 *fill*         0x0000000000018e61        0x3 00
 .data          0x0000000000018e64        0x0 lib/lib.a(_exit.o)
 .data          0x0000000000018e64        0x0 lib/lib.a(open.o)
 .data          0x0000000000018e64        0x0 lib/lib.a(close.o)
 .data          0x0000000000018e64        0x0 lib/lib.a(errno.o)
 .data          0x0000000000018e64        0x0 lib/lib.a(write.o)
 .data          0x0000000000018e64        0x0 lib/lib.a(dup.o)
 .data          0x0000000000018e64        0x0 lib/lib.a(setsid.o)
 .data          0x0000000000018e64        0x0 lib/lib.a(execve.o)
 .data          0x0000000000018e64        0x0 lib/lib.a(wait.o)
 .data          0x0000000000018e64        0x0 lib/lib.a(string.o)

.data1
 *(.data1)
                0x0000000000018e64                _edata = .
                0x0000000000018e64                PROVIDE (edata, .)
                0x0000000000018e64                __bss_start = .

.bss            0x0000000000018e80     0x3fec
 *(.dynbss)
 *(.bss .bss.* .gnu.linkonce.b.*)
 .bss           0x0000000000018e80        0x0 boot/head.o
 .bss           0x0000000000018e80      0x400 init/main.o
 .bss           0x0000000000019280      0xc64 kernel/kernel.o
                0x0000000000019280                last_task_used_math
                0x0000000000019284                startup_time
                0x0000000000019288                jiffies
                0x000000000001928c                last_pid
                0x00000000000196c0                f1_down_flag
                0x0000000000019960                do_hd
 *fill*         0x0000000000019ee4       0x1c 00
 .bss           0x0000000000019f00      0xc00 mm/mm.o
 .bss           0x000000000001ab00      0x710 fs/fs.o
                0x000000000001ab00                inode_table
                0x000000000001b204                nr_buffers
 .bss           0x000000000001b210        0x0 lib/lib.a(ctype.o)
 .bss           0x000000000001b210        0x0 lib/lib.a(_exit.o)
 .bss           0x000000000001b210        0x0 lib/lib.a(open.o)
 .bss           0x000000000001b210        0x0 lib/lib.a(close.o)
 .bss           0x000000000001b210        0x0 lib/lib.a(errno.o)
 .bss           0x000000000001b210        0x0 lib/lib.a(write.o)
 .bss           0x000000000001b210        0x0 lib/lib.a(dup.o)
 .bss           0x000000000001b210        0x0 lib/lib.a(setsid.o)
 .bss           0x000000000001b210        0x0 lib/lib.a(execve.o)
 .bss           0x000000000001b210        0x0 lib/lib.a(wait.o)
 .bss           0x000000000001b210        0x0 lib/lib.a(string.o)
 *(COMMON)
 *fill*         0x000000000001b210       0x10 00
 COMMON         0x000000000001b220     0x1001 kernel/kernel.o
                0x000000000001b220                user_stack
                0x000000000001c220                character_for_input
 *fill*         0x000000000001c221       0x1f 00
 COMMON         0x000000000001c240      0xc20 fs/fs.o
                0x000000000001c240                hash_table
                0x000000000001c720                super_block
                0x000000000001ca60                file_table
 COMMON         0x000000000001ce60        0x1 lib/lib.a(ctype.o)
                0x000000000001ce60                _ctmp
 *fill*         0x000000000001ce61        0x3 00
 COMMON         0x000000000001ce64        0x4 lib/lib.a(errno.o)
                0x000000000001ce64                errno
 COMMON         0x000000000001ce68        0x4 lib/lib.a(string.o)
                0x000000000001ce68                ___strtok
                0x000000000001ce6c                . = ALIGN ((. != 0x0)?0x4:0x1)
                0x000000000001ce6c                . = ALIGN (0x4)
                0x000000000001ce6c                . = ALIGN (0x4)
                0x000000000001ce6c                _end = .
                0x000000000001ce6c                PROVIDE (end, .)
                0x000000000001ce6c                . = DATA_SEGMENT_END (.)

.stab
 *(.stab)

.stabstr
 *(.stabstr)

.stab.excl
 *(.stab.excl)

.stab.exclstr
 *(.stab.exclstr)

.stab.index
 *(.stab.index)

.stab.indexstr
 *(.stab.indexstr)

.comment        0x0000000000000000       0x2a
 *(.comment)
 .comment       0x0000000000000000       0x2a init/main.o
                                         0x2b (size before relaxing)
 .comment       0x0000000000000000      0x22f kernel/kernel.o
 .comment       0x0000000000000000       0x2b mm/mm.o
 .comment       0x0000000000000000      0x331 fs/fs.o
 .comment       0x0000000000000000       0x2b lib/lib.a(ctype.o)
 .comment       0x0000000000000000       0x2b lib/lib.a(_exit.o)
 .comment       0x0000000000000000       0x2b lib/lib.a(open.o)
 .comment       0x0000000000000000       0x2b lib/lib.a(close.o)
 .comment       0x0000000000000000       0x2b lib/lib.a(errno.o)
 .comment       0x0000000000000000       0x2b lib/lib.a(write.o)
 .comment       0x0000000000000000       0x2b lib/lib.a(dup.o)
 .comment       0x0000000000000000       0x2b lib/lib.a(setsid.o)
 .comment       0x0000000000000000       0x2b lib/lib.a(execve.o)
 .comment       0x0000000000000000       0x2b lib/lib.a(wait.o)
 .comment       0x0000000000000000       0x2b lib/lib.a(string.o)

.debug
 *(.debug)

.line
 *(.line)

.debug_srcinfo
 *(.debug_srcinfo)

.debug_sfnames
 *(.debug_sfnames)

.debug_aranges  0x0000000000000000      0x540
 *(.debug_aranges)
 .debug_aranges
                0x0000000000000000       0x20 init/main.o
 .debug_aranges
                0x0000000000000020      0x1a0 kernel/kernel.o
 .debug_aranges
                0x00000000000001c0       0x20 mm/mm.o
 .debug_aranges
                0x00000000000001e0      0x240 fs/fs.o
 .debug_aranges
                0x0000000000000420       0x20 lib/lib.a(_exit.o)
 .debug_aranges
                0x0000000000000440       0x20 lib/lib.a(open.o)
 .debug_aranges
                0x0000000000000460       0x20 lib/lib.a(close.o)
 .debug_aranges
                0x0000000000000480       0x20 lib/lib.a(write.o)
 .debug_aranges
                0x00000000000004a0       0x20 lib/lib.a(dup.o)
 .debug_aranges
                0x00000000000004c0       0x20 lib/lib.a(setsid.o)
 .debug_aranges
                0x00000000000004e0       0x20 lib/lib.a(execve.o)
 .debug_aranges
                0x0000000000000500       0x20 lib/lib.a(wait.o)
 .debug_aranges
                0x0000000000000520       0x20 lib/lib.a(string.o)

.debug_pubnames
 *(.debug_pubnames)

.debug_info     0x0000000000000000    0x1b9e7
 *(.debug_info .gnu.linkonce.wi.*)
 .debug_info    0x0000000000000000      0xccf init/main.o
 .debug_info    0x0000000000000ccf     0x9cf3 kernel/kernel.o
 .debug_info    0x000000000000a9c2      0x4d6 mm/mm.o
 .debug_info    0x000000000000ae98     0xe424 fs/fs.o
 .debug_info    0x00000000000192bc       0x70 lib/lib.a(ctype.o)
 .debug_info    0x000000000001932c      0x3af lib/lib.a(_exit.o)
 .debug_info    0x00000000000196db      0x403 lib/lib.a(open.o)
 .debug_info    0x0000000000019ade      0x3ce lib/lib.a(close.o)
 .debug_info    0x0000000000019eac       0x3f lib/lib.a(errno.o)
 .debug_info    0x0000000000019eeb      0x43a lib/lib.a(write.o)
 .debug_info    0x000000000001a325      0x3ce lib/lib.a(dup.o)
 .debug_info    0x000000000001a6f3      0x3cb lib/lib.a(setsid.o)
 .debug_info    0x000000000001aabe      0x3fc lib/lib.a(execve.o)
 .debug_info    0x000000000001aeba      0x428 lib/lib.a(wait.o)
 .debug_info    0x000000000001b2e2      0x705 lib/lib.a(string.o)

.debug_abbrev   0x0000000000000000     0x464e
 *(.debug_abbrev)
 .debug_abbrev  0x0000000000000000      0x1d7 init/main.o
 .debug_abbrev  0x00000000000001d7     0x19e5 kernel/kernel.o
 .debug_abbrev  0x0000000000001bbc      0x1af mm/mm.o
 .debug_abbrev  0x0000000000001d6b     0x214e fs/fs.o
 .debug_abbrev  0x0000000000003eb9       0x42 lib/lib.a(ctype.o)
 .debug_abbrev  0x0000000000003efb       0xa3 lib/lib.a(_exit.o)
 .debug_abbrev  0x0000000000003f9e       0xdc lib/lib.a(open.o)
 .debug_abbrev  0x000000000000407a       0xb4 lib/lib.a(close.o)
 .debug_abbrev  0x000000000000412e       0x30 lib/lib.a(errno.o)
 .debug_abbrev  0x000000000000415e       0xd7 lib/lib.a(write.o)
 .debug_abbrev  0x0000000000004235       0xb4 lib/lib.a(dup.o)
 .debug_abbrev  0x00000000000042e9       0xb2 lib/lib.a(setsid.o)
 .debug_abbrev  0x000000000000439b       0xbb lib/lib.a(execve.o)
 .debug_abbrev  0x0000000000004456       0xd0 lib/lib.a(wait.o)
 .debug_abbrev  0x0000000000004526      0x128 lib/lib.a(string.o)

.debug_line     0x0000000000000000     0x3c0e
 *(.debug_line)
 .debug_line    0x0000000000000000      0x11e init/main.o
 .debug_line    0x000000000000011e     0x1933 kernel/kernel.o
 .debug_line    0x0000000000001a51      0x122 mm/mm.o
 .debug_line    0x0000000000001b73     0x1bc8 fs/fs.o
 .debug_line    0x000000000000373b       0x28 lib/lib.a(ctype.o)
 .debug_line    0x0000000000003763       0x50 lib/lib.a(_exit.o)
 .debug_line    0x00000000000037b3       0x76 lib/lib.a(open.o)
 .debug_line    0x0000000000003829       0x6e lib/lib.a(close.o)
 .debug_line    0x0000000000003897       0x28 lib/lib.a(errno.o)
 .debug_line    0x00000000000038bf       0x97 lib/lib.a(write.o)
 .debug_line    0x0000000000003956       0x6c lib/lib.a(dup.o)
 .debug_line    0x00000000000039c2       0x88 lib/lib.a(setsid.o)
 .debug_line    0x0000000000003a4a       0x73 lib/lib.a(execve.o)
 .debug_line    0x0000000000003abd       0x90 lib/lib.a(wait.o)
 .debug_line    0x0000000000003b4d       0xc1 lib/lib.a(string.o)

.debug_frame
 *(.debug_frame)

.debug_str      0x0000000000000000     0x1ca4
 *(.debug_str)
 .debug_str     0x0000000000000000      0x3f5 init/main.o
                                        0x4a2 (size before relaxing)
 .debug_str     0x00000000000003f5      0xd6e kernel/kernel.o
                                       0x347a (size before relaxing)
 .debug_str     0x0000000000001163      0x123 mm/mm.o
                                        0x1be (size before relaxing)
 .debug_str     0x0000000000001286      0x956 fs/fs.o
                                       0x53d0 (size before relaxing)
 .debug_str     0x0000000000001bdc       0x23 lib/lib.a(ctype.o)
                                         0x63 (size before relaxing)
 .debug_str     0x0000000000001bff        0x8 lib/lib.a(_exit.o)
                                        0x281 (size before relaxing)
 .debug_str     0x0000000000000000        0x8 lib/lib.a(open.o)
                                        0x291 (size before relaxing)
 .debug_str     0x0000000000001c07        0x8 lib/lib.a(close.o)
                                        0x283 (size before relaxing)
 .debug_str     0x0000000000001c0f        0x8 lib/lib.a(errno.o)
                                         0x35 (size before relaxing)
 .debug_str     0x0000000000000000        0x8 lib/lib.a(write.o)
                                        0x29b (size before relaxing)
 .debug_str     0x0000000000001c17        0x6 lib/lib.a(dup.o)
                                        0x27b (size before relaxing)
 .debug_str     0x0000000000001c1d        0x9 lib/lib.a(setsid.o)
                                        0x28b (size before relaxing)
 .debug_str     0x0000000000001c26        0x9 lib/lib.a(execve.o)
                                        0x294 (size before relaxing)
 .debug_str     0x0000000000001c2f       0x11 lib/lib.a(wait.o)
                                        0x2a1 (size before relaxing)
 .debug_str     0x0000000000001c40       0x64 lib/lib.a(string.o)
                                         0xe9 (size before relaxing)

.debug_loc      0x0000000000000000     0xc1d9
 *(.debug_loc)
 .debug_loc     0x0000000000000000      0x256 init/main.o
 .debug_loc     0x0000000000000256     0x4daf kernel/kernel.o
 .debug_loc     0x0000000000005005      0x640 mm/mm.o
 .debug_loc     0x0000000000005645     0x6582 fs/fs.o
 .debug_loc     0x000000000000bbc7       0x2c lib/lib.a(_exit.o)
 .debug_loc     0x000000000000bbf3       0x3f lib/lib.a(open.o)
 .debug_loc     0x000000000000bc32       0x3f lib/lib.a(close.o)
 .debug_loc     0x000000000000bc71       0x96 lib/lib.a(write.o)
 .debug_loc     0x000000000000bd07       0x3f lib/lib.a(dup.o)
 .debug_loc     0x000000000000bd46       0x13 lib/lib.a(setsid.o)
 .debug_loc     0x000000000000bd59       0x57 lib/lib.a(execve.o)
 .debug_loc     0x000000000000bdb0       0x83 lib/lib.a(wait.o)
 .debug_loc     0x000000000000be33      0x3a6 lib/lib.a(string.o)

.debug_macinfo
 *(.debug_macinfo)

.debug_weaknames
 *(.debug_weaknames)

.debug_funcnames
 *(.debug_funcnames)

.debug_typenames
 *(.debug_typenames)

.debug_varnames
 *(.debug_varnames)

.debug_pubtypes
 *(.debug_pubtypes)

.debug_ranges   0x0000000000000000      0x748
 *(.debug_ranges)
 .debug_ranges  0x0000000000000000      0x440 kernel/kernel.o
 .debug_ranges  0x0000000000000440      0x308 fs/fs.o

.gnu.attributes
 *(.gnu.attributes)

/DISCARD/
 *(.note.GNU-stack)
 *(.gnu_debuglink)
 *(.gnu.lto_*)
OUTPUT(tools/system elf32-i386)
