Archive member included because of file (symbol)

lib/lib.a(ctype.o)            kernel/kernel.o (_ctype)
lib/lib.a(_exit.o)            init/main.o (_exit)
lib/lib.a(open.o)             init/main.o (open)
lib/lib.a(close.o)            init/main.o (close)
lib/lib.a(errno.o)            init/main.o (errno)
lib/lib.a(write.o)            init/main.o (write)
lib/lib.a(dup.o)              init/main.o (dup)
lib/lib.a(setsid.o)           init/main.o (setsid)
lib/lib.a(execve.o)           init/main.o (execve)
lib/lib.a(wait.o)             init/main.o (wait)
lib/lib.a(string.o)           kernel/kernel.o (memcpy)

Allocating common symbols
Common symbol       size              file

errno               0x4               lib/lib.a(errno.o)
hash_table          0x4cc             fs/fs.o
___strtok           0x4               lib/lib.a(string.o)
user_stack          0x1000            kernel/kernel.o
_ctmp               0x1               lib/lib.a(ctype.o)
super_block         0x340             fs/fs.o
character_for_input
                    0x1               kernel/kernel.o
file_table          0x400             fs/fs.o

Discarded input sections

 .note.GNU-stack
                0x0000000000000000        0x0 init/main.o
 .note.GNU-stack
                0x0000000000000000        0x0 kernel/kernel.o
 .note.GNU-stack
                0x0000000000000000        0x0 mm/mm.o
 .note.GNU-stack
                0x0000000000000000        0x0 fs/fs.o
 .note.GNU-stack
                0x0000000000000000        0x0 lib/lib.a(ctype.o)
 .note.GNU-stack
                0x0000000000000000        0x0 lib/lib.a(_exit.o)
 .note.GNU-stack
                0x0000000000000000        0x0 lib/lib.a(open.o)
 .note.GNU-stack
                0x0000000000000000        0x0 lib/lib.a(close.o)
 .note.GNU-stack
                0x0000000000000000        0x0 lib/lib.a(errno.o)
 .note.GNU-stack
                0x0000000000000000        0x0 lib/lib.a(write.o)
 .note.GNU-stack
                0x0000000000000000        0x0 lib/lib.a(dup.o)
 .note.GNU-stack
                0x0000000000000000        0x0 lib/lib.a(setsid.o)
 .note.GNU-stack
                0x0000000000000000        0x0 lib/lib.a(execve.o)
 .note.GNU-stack
                0x0000000000000000        0x0 lib/lib.a(wait.o)
 .note.GNU-stack
                0x0000000000000000        0x0 lib/lib.a(string.o)

Memory Configuration

Name             Origin             Length             Attributes
*default*        0x0000000000000000 0xffffffffffffffff

Linker script and memory map

Address of section .text set to 0x0
LOAD boot/head.o
LOAD init/main.o
LOAD kernel/kernel.o
LOAD mm/mm.o
LOAD fs/fs.o
LOAD lib/lib.a
                0x0000000008048000                PROVIDE (__executable_start, 0x8048000)
                0x0000000008048094                . = (0x8048000 + SIZEOF_HEADERS)

.interp
 *(.interp)

.note.gnu.build-id
 *(.note.gnu.build-id)

.hash
 *(.hash)

.gnu.hash
 *(.gnu.hash)

.dynsym
 *(.dynsym)

.dynstr
 *(.dynstr)

.gnu.version
 *(.gnu.version)

.gnu.version_d
 *(.gnu.version_d)

.gnu.version_r
 *(.gnu.version_r)

.rel.dyn        0x0000000008048094        0x0
 *(.rel.init)
 *(.rel.text .rel.text.* .rel.gnu.linkonce.t.*)
 .rel.text      0x0000000000000000        0x0 boot/head.o
 *(.rel.fini)
 *(.rel.rodata .rel.rodata.* .rel.gnu.linkonce.r.*)
 *(.rel.data.rel.ro* .rel.gnu.linkonce.d.rel.ro.*)
 *(.rel.data .rel.data.* .rel.gnu.linkonce.d.*)
 .rel.data      0x0000000000000000        0x0 boot/head.o
 *(.rel.tdata .rel.tdata.* .rel.gnu.linkonce.td.*)
 *(.rel.tbss .rel.tbss.* .rel.gnu.linkonce.tb.*)
 *(.rel.ctors)
 *(.rel.dtors)
 *(.rel.got)
 *(.rel.bss .rel.bss.* .rel.gnu.linkonce.b.*)
 *(.rel.ifunc)

.rel.plt        0x0000000008048094        0x0
 *(.rel.plt)
                0x0000000008048094                PROVIDE (__rel_iplt_start, .)
 *(.rel.iplt)
 .rel.iplt      0x0000000000000000        0x0 boot/head.o
                0x0000000008048094                PROVIDE (__rel_iplt_end, .)

.init
 *(.init)

.plt            0x00000000080480a0        0x0
 *(.plt)
 *(.iplt)
 .iplt          0x0000000000000000        0x0 boot/head.o

.text           0x0000000000000000    0x105e5
 *(.text.unlikely .text.*_unlikely)
 *(.text.exit .text.exit.*)
 *(.text.startup .text.startup.*)
 *(.text.hot .text.hot.*)
 *(.text .stub .text.* .gnu.linkonce.t.*)
 .text          0x0000000000000000     0x5078 boot/head.o
                0x0000000000000000                startup_32
                0x0000000000000000                pg_dir
                0x0000000000004078                idt
                0x0000000000004878                gdt
 *fill*         0x0000000000005078        0x8 90909090
 .text          0x0000000000005080      0x370 init/main.o
                0x00000000000050c1                init
                0x0000000000005232                main
 .text          0x00000000000053f0     0x5647 kernel/kernel.o
                0x00000000000053f0                sys_alarm
                0x0000000000005417                sys_getpid
                0x0000000000005423                sys_getppid
                0x000000000000542f                sys_getuid
                0x000000000000543c                sys_geteuid
                0x0000000000005449                sys_getgid
                0x0000000000005456                sys_getegid
                0x0000000000005463                sys_nice
                0x000000000000547c                sys_signal
                0x00000000000054b9                math_state_restore
                0x00000000000054f0                schedule
                0x00000000000055e1                sys_pause
                0x00000000000055f7                sleep_on
                0x0000000000005651                interruptible_sleep_on
                0x00000000000056bb                wake_up
                0x00000000000056d7                do_timer
                0x000000000000571d                sched_init
                0x0000000000005844                system_call
                0x0000000000005936                timer_interrupt
                0x000000000000596e                sys_execve
                0x000000000000597c                sys_fork
                0x0000000000005994                hd_interrupt
                0x0000000000005b41                do_double_fault
                0x0000000000005b5a                do_general_protection
                0x0000000000005b73                do_divide_error
                0x0000000000005b8c                do_int3
                0x0000000000005c44                do_nmi
                0x0000000000005c5d                do_debug
                0x0000000000005c76                do_overflow
                0x0000000000005c8f                do_bounds
                0x0000000000005ca8                do_invalid_op
                0x0000000000005cc1                do_device_not_available
                0x0000000000005cda                do_coprocessor_segment_overrun
                0x0000000000005cf3                do_invalid_TSS
                0x0000000000005d0c                do_segment_not_present
                0x0000000000005d25                do_stack_segment
                0x0000000000005d3e                do_coprocessor_error
                0x0000000000005d57                do_reserved
                0x0000000000005d70                trap_init
                0x0000000000005f2c                divide_error
                0x0000000000005f61                debug
                0x0000000000005f68                nmi
                0x0000000000005f6f                int3
                0x0000000000005f76                overflow
                0x0000000000005f7d                bounds
                0x0000000000005f84                invalid_op
                0x0000000000005f93                device_not_available
                0x0000000000005fc0                coprocessor_segment_overrun
                0x0000000000005fca                reserved
                0x0000000000005fd4                coprocessor_error
                0x0000000000005fde                double_fault
                0x0000000000006015                invalid_TSS
                0x000000000000601c                segment_not_present
                0x0000000000006023                stack_segment
                0x000000000000602a                general_protection
                0x0000000000006034                verify_area
                0x0000000000006099                copy_mem
                0x000000000000618f                copy_process
                0x000000000000641e                find_empty_process
                0x0000000000006480                panic
                0x000000000000649c                printk
                0x0000000000006726                vsprintf
                0x0000000000006a90                tty_init
                0x0000000000006aa1                tty_intr
                0x0000000000006ae6                copy_to_cooked
                0x0000000000006d66                tty_read
                0x000000000000702c                tty_write
                0x0000000000007209                do_tty_interrupt
                0x0000000000007435                fill_list
                0x0000000000007515                closeR
                0x000000000000754f                openR
                0x0000000000007592                draw_list_clip
                0x00000000000076b8                draw_list
                0x0000000000007853                mark_selected_clip
                0x00000000000078bb                mark_selected
                0x0000000000007923                set_path_name
                0x0000000000007a3c                csi_m
                0x0000000000007a97                con_write
                0x000000000000841a                con_init
                0x000000000000849d                f1_down
                0x00000000000084a8                f1_up
                0x00000000000084b3                tool_draw
                0x0000000000008647                tool_dir
                0x000000000000866e                tool_clip
                0x0000000000008691                tool_start
                0x0000000000008711                put_char_to_clip
                0x00000000000087a2                remove_char_for_clip
                0x000000000000882b                paste_to_con
                0x00000000000089a3                arr_right
                0x0000000000008a72                arr_left
                0x0000000000008b19                arr_down
                0x0000000000008bb2                arr_up
                0x0000000000008c41                print_name_and_index
                0x0000000000008cb3                keyboard_interrupt
                0x0000000000009580                rs1_interrupt
                0x0000000000009588                rs2_interrupt
                0x0000000000009ce9                rw_hd
                0x0000000000009d92                sys_setup
                0x0000000000009e91                unexpected_hd_interrupt
                0x0000000000009ea4                hd_init
                0x0000000000009f14                setujKljuc
                0x0000000000009f27                sys_set_key
                0x0000000000009f44                sys_ftime
                0x0000000000009f4a                sys_mknod
                0x0000000000009f50                sys_break
                0x0000000000009f56                sys_mount
                0x0000000000009f5c                sys_umount
                0x0000000000009f62                sys_ustat
                0x0000000000009f68                sys_ptrace
                0x0000000000009f6e                sys_stty
                0x0000000000009f74                sys_gtty
                0x0000000000009f7a                sys_rename
                0x0000000000009f80                sys_prof
                0x0000000000009f86                sys_setgid
                0x0000000000009fe3                sys_acct
                0x0000000000009fe9                sys_phys
                0x0000000000009fef                sys_lock
                0x0000000000009ff5                sys_mpx
                0x0000000000009ffb                sys_ulimit
                0x000000000000a001                sys_time
                0x000000000000a054                sys_setuid
                0x000000000000a0ad                sys_stime
                0x000000000000a0fa                sys_times
                0x000000000000a153                sys_brk
                0x000000000000a186                sys_setpgid
                0x000000000000a1fb                sys_getpgrp
                0x000000000000a207                sys_setsid
                0x000000000000a25c                sys_oldolduname
                0x000000000000a274                sys_uname
                0x000000000000a2c1                sys_umask
                0x000000000000a2df                sys_null
                0x000000000000a310                release
                0x000000000000a36a                do_kill
                0x000000000000a5e3                sys_kill
                0x000000000000a619                do_exit
                0x000000000000a7ac                sys_exit
                0x000000000000a7c7                sys_waitpid
                0x000000000000a94e                rs_init
                0x000000000000a9a6                rs_write
                0x000000000000a9d0                kernel_mktime
 *fill*         0x000000000000aa37        0x1 90909090
 .text          0x000000000000aa38      0x517 mm/mm.o
                0x000000000000aa38                invalidate
                0x000000000000aa41                copy_page
                0x000000000000aa66                get_free_page
                0x000000000000aa9e                free_page
                0x000000000000aafe                free_page_tables
                0x000000000000abae                copy_page_tables
                0x000000000000aca8                put_page
                0x000000000000ad55                un_wp_page
                0x000000000000ade5                do_wp_page
                0x000000000000ae15                write_verify
                0x000000000000ae54                do_no_page
                0x000000000000ae84                calc_mem
                0x000000000000af18                page_fault
 *fill*         0x000000000000af4f        0x1 90909090
 .text          0x000000000000af50     0x509c fs/fs.o
                0x000000000000af50                sys_utime
                0x000000000000afb9                sys_access
                0x000000000000b050                sys_chdir
                0x000000000000b0b3                sys_chroot
                0x000000000000b116                sys_chmod
                0x000000000000b1ab                sys_chown
                0x000000000000b212                sys_open
                0x000000000000b3a6                sys_creat
                0x000000000000b3c9                sys_close
                0x000000000000b450                sys_lseek
                0x000000000000b50c                sys_read
                0x000000000000b667                sys_write
                0x000000000000bb7b                sync_inodes
                0x000000000000bbc5                bmap
                0x000000000000bbde                create_block
                0x000000000000bbf7                iput
                0x000000000000bce5                get_empty_inode
                0x000000000000bdd3                get_pipe_inode
                0x000000000000be1a                iget
                0x000000000000c007                sys_sync
                0x000000000000c06f                brelse
                0x000000000000c0c1                get_hash_table
                0x000000000000c120                getblk
                0x000000000000c3bf                bread
                0x000000000000c419                buffer_init
                0x000000000000c4b4                do_mount
                0x000000000000c6bf                mount_root
                0x000000000000c810                block_write
                0x000000000000c8f3                block_read
                0x000000000000c9ca                ll_rw_block
                0x000000000000ca93                rw_char
                0x000000000000cb04                sys_ispisi_test
                0x000000000000cb1c                buffer_switch_case
                0x000000000000cb5b                file_switch_case
                0x000000000000cc22                sys_switch_case
                0x000000000000cc5d                file_read
                0x000000000000ce08                file_write
                0x000000000000d0aa                sys_stat
                0x000000000000d0ef                sys_lstat
                0x000000000000d10a                sys_fstat
                0x000000000000d14d                sys_stat64
                0x000000000000d192                sys_fstat64
                0x000000000000d1d5                sys_lstat64
                0x000000000000d1f0                sys_oldstat
                0x000000000000d208                sys_oldfstat
                0x000000000000d344                cp_block
                0x000000000000d379                is_valid_elf
                0x000000000000d3be                read_file_block_ind
                0x000000000000d453                read_file_block
                0x000000000000d552                copy_section
                0x000000000000d640                create_bss_section
                0x000000000000d666                load_elf_binary
                0x000000000000d871                do_execve
                0x000000000000dd04                read_pipe
                0x000000000000dd9d                write_pipe
                0x000000000000de96                sys_pipe
                0x000000000000e4c9                namei
                0x000000000000e57f                open_namei
                0x000000000000e7e5                sys_mkdir
                0x000000000000ea9a                sys_rmdir
                0x000000000000ee0c                sys_unlink
                0x000000000000efa8                sys_link
                0x000000000000f150                free_block
                0x000000000000f28b                new_block
                0x000000000000f40e                free_inode
                0x000000000000f53a                new_inode
                0x000000000000f71a                sys_dup2
                0x000000000000f73a                sys_dup
                0x000000000000f74a                sys_fcntl
                0x000000000000f807                sys_fcntl64
                0x000000000000f85c                sys_ioctl
                0x000000000000f8f9                tty_ioctl
                0x000000000000fbc5                truncate
                0x000000000000fcd0                sys_getdents
                0x000000000000fe5e                sys_getdents64
 .text          0x000000000000ffec        0x0 lib/lib.a(ctype.o)
 .text          0x000000000000ffec        0xe lib/lib.a(_exit.o)
                0x000000000000ffec                _exit
 *fill*         0x000000000000fffa        0x2 90909090
 .text          0x000000000000fffc       0x3d lib/lib.a(open.o)
                0x000000000000fffc                open
 *fill*         0x0000000000010039        0x3 90909090
 .text          0x000000000001003c       0x23 lib/lib.a(close.o)
                0x000000000001003c                close
 *fill*         0x000000000001005f        0x1 90909090
 .text          0x0000000000010060        0x0 lib/lib.a(errno.o)
 .text          0x0000000000010060       0x7e lib/lib.a(write.o)
                0x0000000000010060                ispisi_test
                0x000000000001007e                write
                0x00000000000100bb                switch_case
 *fill*         0x00000000000100de        0x2 90909090
 .text          0x00000000000100e0       0x23 lib/lib.a(dup.o)
                0x00000000000100e0                dup
 *fill*         0x0000000000010103        0x1 90909090
 .text          0x0000000000010104       0x1e lib/lib.a(setsid.o)
                0x0000000000010104                setsid
 *fill*         0x0000000000010122        0x2 90909090
 .text          0x0000000000010124       0x3d lib/lib.a(execve.o)
                0x0000000000010124                execve
 *fill*         0x0000000000010161        0x3 90909090
 .text          0x0000000000010164       0x60 lib/lib.a(wait.o)
                0x0000000000010164                waitpid
                0x00000000000101a1                wait
 .text          0x00000000000101c4      0x421 lib/lib.a(string.o)
                0x00000000000101c4                strcpy
                0x00000000000101ec                strncpy
                0x000000000001021d                strcat
                0x0000000000010252                strncat
                0x0000000000010291                strcmp
                0x00000000000102bf                strncmp
                0x00000000000102f4                strchr
                0x0000000000010312                strrchr
                0x0000000000010333                strspn
                0x0000000000010380                strcspn
                0x00000000000103cd                strpbrk
                0x0000000000010412                strstr
                0x0000000000010457                strlen
                0x0000000000010470                strtok
                0x0000000000010501                memcpy
                0x0000000000010527                memmove
                0x0000000000010575                memcmp
                0x00000000000105a9                memchr
                0x00000000000105cf                memset
 *(.gnu.warning)

.fini
 *(.fini)
                0x00000000000105e5                PROVIDE (__etext, .)
                0x00000000000105e5                PROVIDE (_etext, .)
                0x00000000000105e5                PROVIDE (etext, .)

.rodata         0x0000000000010600     0x1074
 *(.rodata .rodata.* .gnu.linkonce.r.*)
 .rodata.str1.1
                0x0000000000010600       0x68 init/main.o
 .rodata.str1.4
                0x0000000000010668       0x25 init/main.o
 *fill*         0x000000000001068d       0x13 00
 .rodata        0x00000000000106a0      0x270 kernel/kernel.o
 .rodata.str1.1
                0x0000000000010910      0x293 kernel/kernel.o
                                        0x29b (size before relaxing)
 *fill*         0x0000000000010ba3        0x1 00
 .rodata.str1.4
                0x0000000000010ba4      0x22c kernel/kernel.o
 .rodata.str1.4
                0x0000000000010dd0       0xe9 mm/mm.o
 .rodata.str1.1
                0x0000000000010eb9       0x68 mm/mm.o
 *fill*         0x0000000000010f21       0x1f 00
 .rodata        0x0000000000010f40       0xc4 fs/fs.o
 .rodata.str1.1
                0x0000000000011004      0x339 fs/fs.o
                                        0x33f (size before relaxing)
 *fill*         0x000000000001133d        0x3 00
 .rodata.str1.4
                0x0000000000011340      0x334 fs/fs.o

.rodata1
 *(.rodata1)

.eh_frame_hdr
 *(.eh_frame_hdr)

.eh_frame       0x0000000000011674     0x255c
 *(.eh_frame)
 .eh_frame      0x0000000000011674       0x74 init/main.o
 .eh_frame      0x00000000000116e8     0x1018 kernel/kernel.o
                                       0x1150 (size before relaxing)
 .eh_frame      0x0000000000012700      0x1a8 mm/mm.o
                                        0x1c0 (size before relaxing)
 .eh_frame      0x00000000000128a8      0xf9c fs/fs.o
                                       0x114c (size before relaxing)
 .eh_frame      0x0000000000013844       0x1c lib/lib.a(_exit.o)
                                         0x34 (size before relaxing)
 .eh_frame      0x0000000000013860       0x20 lib/lib.a(open.o)
                                         0x38 (size before relaxing)
 .eh_frame      0x0000000000013880       0x1c lib/lib.a(close.o)
                                         0x34 (size before relaxing)
 .eh_frame      0x000000000001389c       0x50 lib/lib.a(write.o)
                                         0x68 (size before relaxing)
 .eh_frame      0x00000000000138ec       0x1c lib/lib.a(dup.o)
                                         0x34 (size before relaxing)
 .eh_frame      0x0000000000013908       0x14 lib/lib.a(setsid.o)
                                         0x2c (size before relaxing)
 .eh_frame      0x000000000001391c       0x20 lib/lib.a(execve.o)
                                         0x38 (size before relaxing)
 .eh_frame      0x000000000001393c       0x38 lib/lib.a(wait.o)
                                         0x50 (size before relaxing)
 .eh_frame      0x0000000000013974      0x25c lib/lib.a(string.o)
                                        0x274 (size before relaxing)

.gcc_except_table
 *(.gcc_except_table .gcc_except_table.*)

.exception_ranges
 *(.exception_ranges .exception_ranges*)
                0x0000000000013bd0                . = (ALIGN (0x1000) - ((0x1000 - .) & 0xfff))
                0x0000000000014000                . = DATA_SEGMENT_ALIGN (0x1000, 0x1000)

.eh_frame
 *(.eh_frame)

.gcc_except_table
 *(.gcc_except_table .gcc_except_table.*)

.exception_ranges
 *(.exception_ranges .exception_ranges*)

.tdata
 *(.tdata .tdata.* .gnu.linkonce.td.*)

.tbss
 *(.tbss .tbss.* .gnu.linkonce.tb.*)
 *(.tcommon)

.preinit_array  0x0000000000014000        0x0
                0x0000000000014000                PROVIDE (__preinit_array_start, .)
 *(.preinit_array)
                0x0000000000014000                PROVIDE (__preinit_array_end, .)

.init_array     0x0000000000014000        0x0
                0x0000000000014000                PROVIDE (__init_array_start, .)
 *(SORT(.init_array.*) SORT(.ctors.*))
 *(.init_array)
 *(EXCLUDE_FILE(*crtend?.o *crtend.o *crtbegin?.o *crtbegin.o) .ctors)
                0x0000000000014000                PROVIDE (__init_array_end, .)

.fini_array     0x0000000000014000        0x0
                0x0000000000014000                PROVIDE (__fini_array_start, .)
 *(SORT(.fini_array.*) SORT(.dtors.*))
 *(.fini_array)
 *(EXCLUDE_FILE(*crtend?.o *crtend.o *crtbegin?.o *crtbegin.o) .dtors)
                0x0000000000014000                PROVIDE (__fini_array_end, .)

.ctors
 *crtbegin.o(.ctors)
 *crtbegin?.o(.ctors)
 *(EXCLUDE_FILE(*crtend?.o *crtend.o) .ctors)
 *(SORT(.ctors.*))
 *(.ctors)

.dtors
 *crtbegin.o(.dtors)
 *crtbegin?.o(.dtors)
 *(EXCLUDE_FILE(*crtend?.o *crtend.o) .dtors)
 *(SORT(.dtors.*))
 *(.dtors)

.jcr
 *(.jcr)

.data.rel.ro
 *(.data.rel.ro.local* .gnu.linkonce.d.rel.ro.local.*)
 *(.data.rel.ro* .gnu.linkonce.d.rel.ro.*)

.dynamic
 *(.dynamic)

.got
 *(.got)
 *(.igot)
                0x0000000000014000                . = DATA_SEGMENT_RELRO_END (., 0xc)

.got.plt        0x0000000000014000        0x0
 *(.got.plt)
 *(.igot.plt)
 .igot.plt      0x0000000000000000        0x0 boot/head.o

.data           0x0000000000014000     0x3e64
 *(.data .data.* .gnu.linkonce.d.*)
 .data          0x0000000000014000        0x0 boot/head.o
 .data          0x0000000000014000       0x18 init/main.o
 *fill*         0x0000000000014018        0x8 00
 .data          0x0000000000014020     0x3d2c kernel/kernel.o
                0x0000000000014020                stack_start
                0x0000000000014040                task
                0x0000000000014140                current
                0x0000000000014160                sys_call_table
                0x0000000000015660                table_list
                0x0000000000015680                tty_table
 .data          0x0000000000017d4c        0x0 mm/mm.o
 .data          0x0000000000017d4c        0x4 fs/fs.o
                0x0000000000017d4c                start_buffer
 *fill*         0x0000000000017d50       0x10 00
 .data          0x0000000000017d60      0x101 lib/lib.a(ctype.o)
                0x0000000000017d60                _ctype
 *fill*         0x0000000000017e61        0x3 00
 .data          0x0000000000017e64        0x0 lib/lib.a(_exit.o)
 .data          0x0000000000017e64        0x0 lib/lib.a(open.o)
 .data          0x0000000000017e64        0x0 lib/lib.a(close.o)
 .data          0x0000000000017e64        0x0 lib/lib.a(errno.o)
 .data          0x0000000000017e64        0x0 lib/lib.a(write.o)
 .data          0x0000000000017e64        0x0 lib/lib.a(dup.o)
 .data          0x0000000000017e64        0x0 lib/lib.a(setsid.o)
 .data          0x0000000000017e64        0x0 lib/lib.a(execve.o)
 .data          0x0000000000017e64        0x0 lib/lib.a(wait.o)
 .data          0x0000000000017e64        0x0 lib/lib.a(string.o)

.data1
 *(.data1)
                0x0000000000017e64                _edata = .
                0x0000000000017e64                PROVIDE (edata, .)
                0x0000000000017e64                __bss_start = .

.bss            0x0000000000017e80     0x3f6c
 *(.dynbss)
 *(.bss .bss.* .gnu.linkonce.b.*)
 .bss           0x0000000000017e80        0x0 boot/head.o
 .bss           0x0000000000017e80      0x400 init/main.o
 .bss           0x0000000000018280      0xbf0 kernel/kernel.o
                0x0000000000018280                last_task_used_math
                0x0000000000018284                startup_time
                0x0000000000018288                jiffies
                0x000000000001828c                last_pid
                0x00000000000186c0                f1_down_flag
                0x0000000000018960                do_hd
 *fill*         0x0000000000018e70       0x10 00
 .bss           0x0000000000018e80      0xc00 mm/mm.o
 .bss           0x0000000000019a80      0x710 fs/fs.o
                0x0000000000019a80                inode_table
                0x000000000001a184                nr_buffers
 .bss           0x000000000001a190        0x0 lib/lib.a(ctype.o)
 .bss           0x000000000001a190        0x0 lib/lib.a(_exit.o)
 .bss           0x000000000001a190        0x0 lib/lib.a(open.o)
 .bss           0x000000000001a190        0x0 lib/lib.a(close.o)
 .bss           0x000000000001a190        0x0 lib/lib.a(errno.o)
 .bss           0x000000000001a190        0x0 lib/lib.a(write.o)
 .bss           0x000000000001a190        0x0 lib/lib.a(dup.o)
 .bss           0x000000000001a190        0x0 lib/lib.a(setsid.o)
 .bss           0x000000000001a190        0x0 lib/lib.a(execve.o)
 .bss           0x000000000001a190        0x0 lib/lib.a(wait.o)
 .bss           0x000000000001a190        0x0 lib/lib.a(string.o)
 *(COMMON)
 *fill*         0x000000000001a190       0x10 00
 COMMON         0x000000000001a1a0     0x1001 kernel/kernel.o
                0x000000000001a1a0                user_stack
                0x000000000001b1a0                character_for_input
 *fill*         0x000000000001b1a1       0x1f 00
 COMMON         0x000000000001b1c0      0xc20 fs/fs.o
                0x000000000001b1c0                hash_table
                0x000000000001b6a0                super_block
                0x000000000001b9e0                file_table
 COMMON         0x000000000001bde0        0x1 lib/lib.a(ctype.o)
                0x000000000001bde0                _ctmp
 *fill*         0x000000000001bde1        0x3 00
 COMMON         0x000000000001bde4        0x4 lib/lib.a(errno.o)
                0x000000000001bde4                errno
 COMMON         0x000000000001bde8        0x4 lib/lib.a(string.o)
                0x000000000001bde8                ___strtok
                0x000000000001bdec                . = ALIGN ((. != 0x0)?0x4:0x1)
                0x000000000001bdec                . = ALIGN (0x4)
                0x000000000001bdec                . = ALIGN (0x4)
                0x000000000001bdec                _end = .
                0x000000000001bdec                PROVIDE (end, .)
                0x000000000001bdec                . = DATA_SEGMENT_END (.)

.stab
 *(.stab)

.stabstr
 *(.stabstr)

.stab.excl
 *(.stab.excl)

.stab.exclstr
 *(.stab.exclstr)

.stab.index
 *(.stab.index)

.stab.indexstr
 *(.stab.indexstr)

.comment        0x0000000000000000       0x2a
 *(.comment)
 .comment       0x0000000000000000       0x2a init/main.o
                                         0x2b (size before relaxing)
 .comment       0x0000000000000000      0x22f kernel/kernel.o
 .comment       0x0000000000000000       0x2b mm/mm.o
 .comment       0x0000000000000000      0x331 fs/fs.o
 .comment       0x0000000000000000       0x2b lib/lib.a(ctype.o)
 .comment       0x0000000000000000       0x2b lib/lib.a(_exit.o)
 .comment       0x0000000000000000       0x2b lib/lib.a(open.o)
 .comment       0x0000000000000000       0x2b lib/lib.a(close.o)
 .comment       0x0000000000000000       0x2b lib/lib.a(errno.o)
 .comment       0x0000000000000000       0x2b lib/lib.a(write.o)
 .comment       0x0000000000000000       0x2b lib/lib.a(dup.o)
 .comment       0x0000000000000000       0x2b lib/lib.a(setsid.o)
 .comment       0x0000000000000000       0x2b lib/lib.a(execve.o)
 .comment       0x0000000000000000       0x2b lib/lib.a(wait.o)
 .comment       0x0000000000000000       0x2b lib/lib.a(string.o)

.debug
 *(.debug)

.line
 *(.line)

.debug_srcinfo
 *(.debug_srcinfo)

.debug_sfnames
 *(.debug_sfnames)

.debug_aranges  0x0000000000000000      0x540
 *(.debug_aranges)
 .debug_aranges
                0x0000000000000000       0x20 init/main.o
 .debug_aranges
                0x0000000000000020      0x1a0 kernel/kernel.o
 .debug_aranges
                0x00000000000001c0       0x20 mm/mm.o
 .debug_aranges
                0x00000000000001e0      0x240 fs/fs.o
 .debug_aranges
                0x0000000000000420       0x20 lib/lib.a(_exit.o)
 .debug_aranges
                0x0000000000000440       0x20 lib/lib.a(open.o)
 .debug_aranges
                0x0000000000000460       0x20 lib/lib.a(close.o)
 .debug_aranges
                0x0000000000000480       0x20 lib/lib.a(write.o)
 .debug_aranges
                0x00000000000004a0       0x20 lib/lib.a(dup.o)
 .debug_aranges
                0x00000000000004c0       0x20 lib/lib.a(setsid.o)
 .debug_aranges
                0x00000000000004e0       0x20 lib/lib.a(execve.o)
 .debug_aranges
                0x0000000000000500       0x20 lib/lib.a(wait.o)
 .debug_aranges
                0x0000000000000520       0x20 lib/lib.a(string.o)

.debug_pubnames
 *(.debug_pubnames)

.debug_info     0x0000000000000000    0x1b34c
 *(.debug_info .gnu.linkonce.wi.*)
 .debug_info    0x0000000000000000      0xccf init/main.o
 .debug_info    0x0000000000000ccf     0x9600 kernel/kernel.o
 .debug_info    0x000000000000a2cf      0x4d6 mm/mm.o
 .debug_info    0x000000000000a7a5     0xe450 fs/fs.o
 .debug_info    0x0000000000018bf5       0x70 lib/lib.a(ctype.o)
 .debug_info    0x0000000000018c65      0x3af lib/lib.a(_exit.o)
 .debug_info    0x0000000000019014      0x403 lib/lib.a(open.o)
 .debug_info    0x0000000000019417      0x3ce lib/lib.a(close.o)
 .debug_info    0x00000000000197e5       0x3f lib/lib.a(errno.o)
 .debug_info    0x0000000000019824      0x466 lib/lib.a(write.o)
 .debug_info    0x0000000000019c8a      0x3ce lib/lib.a(dup.o)
 .debug_info    0x000000000001a058      0x3cb lib/lib.a(setsid.o)
 .debug_info    0x000000000001a423      0x3fc lib/lib.a(execve.o)
 .debug_info    0x000000000001a81f      0x428 lib/lib.a(wait.o)
 .debug_info    0x000000000001ac47      0x705 lib/lib.a(string.o)

.debug_abbrev   0x0000000000000000     0x44cf
 *(.debug_abbrev)
 .debug_abbrev  0x0000000000000000      0x1d7 init/main.o
 .debug_abbrev  0x00000000000001d7     0x184d kernel/kernel.o
 .debug_abbrev  0x0000000000001a24      0x1af mm/mm.o
 .debug_abbrev  0x0000000000001bd3     0x214e fs/fs.o
 .debug_abbrev  0x0000000000003d21       0x42 lib/lib.a(ctype.o)
 .debug_abbrev  0x0000000000003d63       0xa3 lib/lib.a(_exit.o)
 .debug_abbrev  0x0000000000003e06       0xdc lib/lib.a(open.o)
 .debug_abbrev  0x0000000000003ee2       0xb4 lib/lib.a(close.o)
 .debug_abbrev  0x0000000000003f96       0x30 lib/lib.a(errno.o)
 .debug_abbrev  0x0000000000003fc6       0xf0 lib/lib.a(write.o)
 .debug_abbrev  0x00000000000040b6       0xb4 lib/lib.a(dup.o)
 .debug_abbrev  0x000000000000416a       0xb2 lib/lib.a(setsid.o)
 .debug_abbrev  0x000000000000421c       0xbb lib/lib.a(execve.o)
 .debug_abbrev  0x00000000000042d7       0xd0 lib/lib.a(wait.o)
 .debug_abbrev  0x00000000000043a7      0x128 lib/lib.a(string.o)

.debug_line     0x0000000000000000     0x3a78
 *(.debug_line)
 .debug_line    0x0000000000000000      0x11e init/main.o
 .debug_line    0x000000000000011e     0x178e kernel/kernel.o
 .debug_line    0x00000000000018ac      0x122 mm/mm.o
 .debug_line    0x00000000000019ce     0x1bcd fs/fs.o
 .debug_line    0x000000000000359b       0x28 lib/lib.a(ctype.o)
 .debug_line    0x00000000000035c3       0x50 lib/lib.a(_exit.o)
 .debug_line    0x0000000000003613       0x76 lib/lib.a(open.o)
 .debug_line    0x0000000000003689       0x6e lib/lib.a(close.o)
 .debug_line    0x00000000000036f7       0x28 lib/lib.a(errno.o)
 .debug_line    0x000000000000371f       0xa1 lib/lib.a(write.o)
 .debug_line    0x00000000000037c0       0x6c lib/lib.a(dup.o)
 .debug_line    0x000000000000382c       0x88 lib/lib.a(setsid.o)
 .debug_line    0x00000000000038b4       0x73 lib/lib.a(execve.o)
 .debug_line    0x0000000000003927       0x90 lib/lib.a(wait.o)
 .debug_line    0x00000000000039b7       0xc1 lib/lib.a(string.o)

.debug_frame
 *(.debug_frame)

.debug_str      0x0000000000000000     0x1bdf
 *(.debug_str)
 .debug_str     0x0000000000000000      0x3f5 init/main.o
                                        0x4a2 (size before relaxing)
 .debug_str     0x00000000000003f5      0xc8e kernel/kernel.o
                                       0x3347 (size before relaxing)
 .debug_str     0x0000000000001083      0x123 mm/mm.o
                                        0x1be (size before relaxing)
 .debug_str     0x00000000000011a6      0x971 fs/fs.o
                                       0x53e5 (size before relaxing)
 .debug_str     0x0000000000001b17       0x23 lib/lib.a(ctype.o)
                                         0x63 (size before relaxing)
 .debug_str     0x0000000000001b3a        0x8 lib/lib.a(_exit.o)
                                        0x281 (size before relaxing)
 .debug_str     0x0000000000000000        0x8 lib/lib.a(open.o)
                                        0x291 (size before relaxing)
 .debug_str     0x0000000000001b42        0x8 lib/lib.a(close.o)
                                        0x283 (size before relaxing)
 .debug_str     0x0000000000001b4a        0x8 lib/lib.a(errno.o)
                                         0x35 (size before relaxing)
 .debug_str     0x0000000000000000        0x8 lib/lib.a(write.o)
                                        0x2a7 (size before relaxing)
 .debug_str     0x0000000000001b52        0x6 lib/lib.a(dup.o)
                                        0x27b (size before relaxing)
 .debug_str     0x0000000000001b58        0x9 lib/lib.a(setsid.o)
                                        0x28b (size before relaxing)
 .debug_str     0x0000000000001b61        0x9 lib/lib.a(execve.o)
                                        0x294 (size before relaxing)
 .debug_str     0x0000000000001b6a       0x11 lib/lib.a(wait.o)
                                        0x2a1 (size before relaxing)
 .debug_str     0x0000000000001b7b       0x64 lib/lib.a(string.o)
                                         0xe9 (size before relaxing)

.debug_loc      0x0000000000000000     0xb883
 *(.debug_loc)
 .debug_loc     0x0000000000000000      0x256 init/main.o
 .debug_loc     0x0000000000000256     0x441a kernel/kernel.o
 .debug_loc     0x0000000000004670      0x640 mm/mm.o
 .debug_loc     0x0000000000004cb0     0x65ae fs/fs.o
 .debug_loc     0x000000000000b25e       0x2c lib/lib.a(_exit.o)
 .debug_loc     0x000000000000b28a       0x3f lib/lib.a(open.o)
 .debug_loc     0x000000000000b2c9       0x3f lib/lib.a(close.o)
 .debug_loc     0x000000000000b308       0xa9 lib/lib.a(write.o)
 .debug_loc     0x000000000000b3b1       0x3f lib/lib.a(dup.o)
 .debug_loc     0x000000000000b3f0       0x13 lib/lib.a(setsid.o)
 .debug_loc     0x000000000000b403       0x57 lib/lib.a(execve.o)
 .debug_loc     0x000000000000b45a       0x83 lib/lib.a(wait.o)
 .debug_loc     0x000000000000b4dd      0x3a6 lib/lib.a(string.o)

.debug_macinfo
 *(.debug_macinfo)

.debug_weaknames
 *(.debug_weaknames)

.debug_funcnames
 *(.debug_funcnames)

.debug_typenames
 *(.debug_typenames)

.debug_varnames
 *(.debug_varnames)

.debug_pubtypes
 *(.debug_pubtypes)

.debug_ranges   0x0000000000000000      0x670
 *(.debug_ranges)
 .debug_ranges  0x0000000000000000      0x368 kernel/kernel.o
 .debug_ranges  0x0000000000000368      0x308 fs/fs.o

.gnu.attributes
 *(.gnu.attributes)

/DISCARD/
 *(.note.GNU-stack)
 *(.gnu_debuglink)
 *(.gnu.lto_*)
OUTPUT(tools/system elf32-i386)
