Archive member included because of file (symbol)

lib/lib.a(ctype.o)            kernel/kernel.o (_ctype)
lib/lib.a(_exit.o)            init/main.o (_exit)
lib/lib.a(open.o)             init/main.o (open)
lib/lib.a(close.o)            init/main.o (close)
lib/lib.a(errno.o)            init/main.o (errno)
lib/lib.a(write.o)            init/main.o (write)
lib/lib.a(dup.o)              init/main.o (dup)
lib/lib.a(setsid.o)           init/main.o (setsid)
lib/lib.a(execve.o)           init/main.o (execve)
lib/lib.a(wait.o)             init/main.o (wait)
lib/lib.a(string.o)           kernel/kernel.o (memcpy)
lib/lib.a(crypt.o)            kernel/kernel.o (get_turn_on)

Allocating common symbols
Common symbol       size              file

errno               0x4               lib/lib.a(errno.o)
hash_table          0x4cc             fs/fs.o
___strtok           0x4               lib/lib.a(string.o)
user_stack          0x1000            kernel/kernel.o
_ctmp               0x1               lib/lib.a(ctype.o)
super_block         0x340             fs/fs.o
character_for_input
                    0x1               kernel/kernel.o
file_table          0x400             fs/fs.o

Discarded input sections

 .note.GNU-stack
                0x0000000000000000        0x0 init/main.o
 .note.GNU-stack
                0x0000000000000000        0x0 kernel/kernel.o
 .note.GNU-stack
                0x0000000000000000        0x0 mm/mm.o
 .note.GNU-stack
                0x0000000000000000        0x0 fs/fs.o
 .note.GNU-stack
                0x0000000000000000        0x0 lib/lib.a(ctype.o)
 .note.GNU-stack
                0x0000000000000000        0x0 lib/lib.a(_exit.o)
 .note.GNU-stack
                0x0000000000000000        0x0 lib/lib.a(open.o)
 .note.GNU-stack
                0x0000000000000000        0x0 lib/lib.a(close.o)
 .note.GNU-stack
                0x0000000000000000        0x0 lib/lib.a(errno.o)
 .note.GNU-stack
                0x0000000000000000        0x0 lib/lib.a(write.o)
 .note.GNU-stack
                0x0000000000000000        0x0 lib/lib.a(dup.o)
 .note.GNU-stack
                0x0000000000000000        0x0 lib/lib.a(setsid.o)
 .note.GNU-stack
                0x0000000000000000        0x0 lib/lib.a(execve.o)
 .note.GNU-stack
                0x0000000000000000        0x0 lib/lib.a(wait.o)
 .note.GNU-stack
                0x0000000000000000        0x0 lib/lib.a(string.o)
 .note.GNU-stack
                0x0000000000000000        0x0 lib/lib.a(crypt.o)

Memory Configuration

Name             Origin             Length             Attributes
*default*        0x0000000000000000 0xffffffffffffffff

Linker script and memory map

Address of section .text set to 0x0
LOAD boot/head.o
LOAD init/main.o
LOAD kernel/kernel.o
LOAD mm/mm.o
LOAD fs/fs.o
LOAD lib/lib.a
                0x0000000008048000                PROVIDE (__executable_start, 0x8048000)
                0x0000000008048094                . = (0x8048000 + SIZEOF_HEADERS)

.interp
 *(.interp)

.note.gnu.build-id
 *(.note.gnu.build-id)

.hash
 *(.hash)

.gnu.hash
 *(.gnu.hash)

.dynsym
 *(.dynsym)

.dynstr
 *(.dynstr)

.gnu.version
 *(.gnu.version)

.gnu.version_d
 *(.gnu.version_d)

.gnu.version_r
 *(.gnu.version_r)

.rel.dyn        0x0000000008048094        0x0
 *(.rel.init)
 *(.rel.text .rel.text.* .rel.gnu.linkonce.t.*)
 .rel.text      0x0000000000000000        0x0 boot/head.o
 *(.rel.fini)
 *(.rel.rodata .rel.rodata.* .rel.gnu.linkonce.r.*)
 *(.rel.data.rel.ro* .rel.gnu.linkonce.d.rel.ro.*)
 *(.rel.data .rel.data.* .rel.gnu.linkonce.d.*)
 .rel.data      0x0000000000000000        0x0 boot/head.o
 *(.rel.tdata .rel.tdata.* .rel.gnu.linkonce.td.*)
 *(.rel.tbss .rel.tbss.* .rel.gnu.linkonce.tb.*)
 *(.rel.ctors)
 *(.rel.dtors)
 *(.rel.got)
 *(.rel.bss .rel.bss.* .rel.gnu.linkonce.b.*)
 *(.rel.ifunc)

.rel.plt        0x0000000008048094        0x0
 *(.rel.plt)
                0x0000000008048094                PROVIDE (__rel_iplt_start, .)
 *(.rel.iplt)
 .rel.iplt      0x0000000000000000        0x0 boot/head.o
                0x0000000008048094                PROVIDE (__rel_iplt_end, .)

.init
 *(.init)

.plt            0x00000000080480a0        0x0
 *(.plt)
 *(.iplt)
 .iplt          0x0000000000000000        0x0 boot/head.o

.text           0x0000000000000000    0x116d9
 *(.text.unlikely .text.*_unlikely)
 *(.text.exit .text.exit.*)
 *(.text.startup .text.startup.*)
 *(.text.hot .text.hot.*)
 *(.text .stub .text.* .gnu.linkonce.t.*)
 .text          0x0000000000000000     0x5078 boot/head.o
                0x0000000000000000                startup_32
                0x0000000000000000                pg_dir
                0x0000000000004078                idt
                0x0000000000004878                gdt
 *fill*         0x0000000000005078        0x8 90909090
 .text          0x0000000000005080      0x370 init/main.o
                0x00000000000050c1                init
                0x0000000000005232                main
 .text          0x00000000000053f0     0x6507 kernel/kernel.o
                0x00000000000053f0                sys_alarm
                0x0000000000005417                sys_getpid
                0x0000000000005423                sys_getppid
                0x000000000000542f                sys_getuid
                0x000000000000543c                sys_geteuid
                0x0000000000005449                sys_getgid
                0x0000000000005456                sys_getegid
                0x0000000000005463                sys_nice
                0x000000000000547c                sys_signal
                0x00000000000054b9                math_state_restore
                0x00000000000054f0                schedule
                0x00000000000055e1                sys_pause
                0x00000000000055f7                sleep_on
                0x0000000000005651                interruptible_sleep_on
                0x00000000000056bb                wake_up
                0x00000000000056d7                do_timer
                0x000000000000571d                sched_init
                0x0000000000005844                system_call
                0x0000000000005936                timer_interrupt
                0x000000000000596e                sys_execve
                0x000000000000597c                sys_fork
                0x0000000000005994                hd_interrupt
                0x0000000000005b41                do_double_fault
                0x0000000000005b5a                do_general_protection
                0x0000000000005b73                do_divide_error
                0x0000000000005b8c                do_int3
                0x0000000000005c44                do_nmi
                0x0000000000005c5d                do_debug
                0x0000000000005c76                do_overflow
                0x0000000000005c8f                do_bounds
                0x0000000000005ca8                do_invalid_op
                0x0000000000005cc1                do_device_not_available
                0x0000000000005cda                do_coprocessor_segment_overrun
                0x0000000000005cf3                do_invalid_TSS
                0x0000000000005d0c                do_segment_not_present
                0x0000000000005d25                do_stack_segment
                0x0000000000005d3e                do_coprocessor_error
                0x0000000000005d57                do_reserved
                0x0000000000005d70                trap_init
                0x0000000000005f2c                divide_error
                0x0000000000005f61                debug
                0x0000000000005f68                nmi
                0x0000000000005f6f                int3
                0x0000000000005f76                overflow
                0x0000000000005f7d                bounds
                0x0000000000005f84                invalid_op
                0x0000000000005f93                device_not_available
                0x0000000000005fc0                coprocessor_segment_overrun
                0x0000000000005fca                reserved
                0x0000000000005fd4                coprocessor_error
                0x0000000000005fde                double_fault
                0x0000000000006015                invalid_TSS
                0x000000000000601c                segment_not_present
                0x0000000000006023                stack_segment
                0x000000000000602a                general_protection
                0x0000000000006034                verify_area
                0x0000000000006099                copy_mem
                0x000000000000618f                copy_process
                0x000000000000641e                find_empty_process
                0x0000000000006480                panic
                0x000000000000649c                printk
                0x0000000000006726                vsprintf
                0x0000000000006a90                tty_init
                0x0000000000006aa1                tty_intr
                0x0000000000006ae6                copy_to_cooked
                0x0000000000006d66                tty_read
                0x000000000000702c                tty_write
                0x0000000000007209                do_tty_interrupt
                0x0000000000007435                fill_list
                0x0000000000007515                closeR
                0x000000000000754f                openR
                0x0000000000007592                draw_list_clip
                0x00000000000076b8                draw_list
                0x0000000000007853                mark_selected_clip
                0x00000000000078bb                mark_selected
                0x0000000000007923                set_path_name
                0x0000000000007a3c                csi_m
                0x0000000000007a97                con_write
                0x000000000000840c                con_init
                0x000000000000848f                f1_down
                0x000000000000849a                f1_up
                0x00000000000084a5                tool_draw
                0x0000000000008639                tool_dir
                0x0000000000008661                tool_clip
                0x0000000000008683                tool_start
                0x0000000000008703                put_char_to_clip
                0x0000000000008794                remove_char_for_clip
                0x000000000000881d                paste_to_con
                0x0000000000008995                arr_right
                0x0000000000008a64                arr_left
                0x0000000000008b0b                arr_down
                0x0000000000008ba8                arr_up
                0x0000000000008c37                print_name_and_index
                0x0000000000008ca7                keyboard_interrupt
                0x0000000000009574                rs1_interrupt
                0x000000000000957c                rs2_interrupt
                0x0000000000009ce9                rw_hd
                0x0000000000009d92                sys_setup
                0x0000000000009e91                unexpected_hd_interrupt
                0x0000000000009ea4                hd_init
                0x0000000000009f14                copy_to_buffer
                0x0000000000009f3c                to_lower_case
                0x0000000000009f9d                sys_get_i_node
                0x0000000000009f9f                buffer_decr
                0x000000000000a117                file_decr
                0x000000000000a19d                is_key_set_
                0x000000000000a1a3                reverse_num
                0x000000000000a1db                mark
                0x000000000000a299                unmark
                0x000000000000a3a9                compare_name
                0x000000000000a40b                mark_file
                0x000000000000a526                remove_file_mark
                0x000000000000a641                i_node_check
                0x000000000000a696                check_for_encr
                0x000000000000a7c2                sys_decr
                0x000000000000a849                buffer_encr
                0x000000000000a9c1                file_encr
                0x000000000000aa47                sys_encr
                0x000000000000aacf                partition
                0x000000000000ab5c                sort_index_and_global
                0x000000000000abe1                sys_generate_key_
                0x000000000000acfd                sys_turn_on_key_set
                0x000000000000ad0d                sys_turn_off_key_set
                0x000000000000ad1d                sys_get_turn_on
                0x000000000000ad23                pow_check
                0x000000000000ad50                clear_key_
                0x000000000000ad67                sys_clear_key
                0x000000000000ad8e                sys_set_key
                0x000000000000ae13                sys_ftime
                0x000000000000ae19                sys_mknod
                0x000000000000ae1f                sys_break
                0x000000000000ae25                sys_mount
                0x000000000000ae2b                sys_umount
                0x000000000000ae31                sys_ustat
                0x000000000000ae37                sys_ptrace
                0x000000000000ae3d                sys_stty
                0x000000000000ae43                sys_gtty
                0x000000000000ae49                sys_rename
                0x000000000000ae4f                sys_prof
                0x000000000000ae55                sys_setgid
                0x000000000000aeb2                sys_acct
                0x000000000000aeb8                sys_phys
                0x000000000000aebe                sys_lock
                0x000000000000aec4                sys_mpx
                0x000000000000aeca                sys_ulimit
                0x000000000000aed0                sys_time
                0x000000000000af23                sys_setuid
                0x000000000000af7c                sys_stime
                0x000000000000afc9                sys_times
                0x000000000000b022                sys_brk
                0x000000000000b055                sys_setpgid
                0x000000000000b0ca                sys_getpgrp
                0x000000000000b0d6                sys_setsid
                0x000000000000b12b                sys_oldolduname
                0x000000000000b143                sys_uname
                0x000000000000b190                sys_umask
                0x000000000000b1ae                sys_null
                0x000000000000b1d0                release
                0x000000000000b22a                do_kill
                0x000000000000b4a3                sys_kill
                0x000000000000b4d9                do_exit
                0x000000000000b66c                sys_exit
                0x000000000000b687                sys_waitpid
                0x000000000000b80e                rs_init
                0x000000000000b866                rs_write
                0x000000000000b890                kernel_mktime
 *fill*         0x000000000000b8f7        0x1 90909090
 .text          0x000000000000b8f8      0x517 mm/mm.o
                0x000000000000b8f8                invalidate
                0x000000000000b901                copy_page
                0x000000000000b926                get_free_page
                0x000000000000b95e                free_page
                0x000000000000b9be                free_page_tables
                0x000000000000ba6e                copy_page_tables
                0x000000000000bb68                put_page
                0x000000000000bc15                un_wp_page
                0x000000000000bca5                do_wp_page
                0x000000000000bcd5                write_verify
                0x000000000000bd14                do_no_page
                0x000000000000bd44                calc_mem
                0x000000000000bdd8                page_fault
 *fill*         0x000000000000be0f        0x1 90909090
 .text          0x000000000000be10     0x51bd fs/fs.o
                0x000000000000be10                sys_utime
                0x000000000000be79                sys_access
                0x000000000000bf10                sys_chdir
                0x000000000000bf73                sys_chroot
                0x000000000000bfd6                sys_chmod
                0x000000000000c06b                sys_chown
                0x000000000000c0d2                sys_open
                0x000000000000c266                sys_creat
                0x000000000000c289                sys_close
                0x000000000000c310                sys_lseek
                0x000000000000c3cc                sys_read
                0x000000000000c527                sys_write
                0x000000000000ca3b                sync_inodes
                0x000000000000ca85                bmap
                0x000000000000ca9e                create_block
                0x000000000000cab7                iput
                0x000000000000cba5                get_empty_inode
                0x000000000000cc93                get_pipe_inode
                0x000000000000ccda                iget
                0x000000000000cec7                sys_sync
                0x000000000000cf2f                brelse
                0x000000000000cf81                get_hash_table
                0x000000000000cfe0                getblk
                0x000000000000d27f                bread
                0x000000000000d2d9                buffer_init
                0x000000000000d374                do_mount
                0x000000000000d57f                mount_root
                0x000000000000d6d0                block_write
                0x000000000000d7b3                block_read
                0x000000000000d88a                ll_rw_block
                0x000000000000d953                rw_char
                0x000000000000d9c4                buffer_switch_case
                0x000000000000da03                file_switch_case
                0x000000000000daca                sys_switch_case
                0x000000000000db05                file_read
                0x000000000000dcf6                file_write
                0x000000000000e012                sys_stat
                0x000000000000e057                sys_lstat
                0x000000000000e072                sys_fstat
                0x000000000000e0b5                sys_stat64
                0x000000000000e0fa                sys_fstat64
                0x000000000000e13d                sys_lstat64
                0x000000000000e158                sys_oldstat
                0x000000000000e170                sys_oldfstat
                0x000000000000e2b4                cp_block
                0x000000000000e2e9                is_valid_elf
                0x000000000000e32e                read_file_block_ind
                0x000000000000e3c3                read_file_block
                0x000000000000e4c2                copy_section
                0x000000000000e5b0                create_bss_section
                0x000000000000e5d6                load_elf_binary
                0x000000000000e7e1                do_execve
                0x000000000000ec74                read_pipe
                0x000000000000ed0d                write_pipe
                0x000000000000ee06                sys_pipe
                0x000000000000f439                namei
                0x000000000000f4ef                open_namei
                0x000000000000f755                sys_mkdir
                0x000000000000fa0a                sys_rmdir
                0x000000000000fd7c                sys_unlink
                0x000000000000ff3a                sys_link
                0x00000000000100e0                free_block
                0x000000000001021b                new_block
                0x000000000001039e                free_inode
                0x00000000000104ca                new_inode
                0x00000000000106aa                sys_dup2
                0x00000000000106ca                sys_dup
                0x00000000000106da                sys_fcntl
                0x0000000000010797                sys_fcntl64
                0x00000000000107ec                sys_ioctl
                0x0000000000010889                tty_ioctl
                0x0000000000010b55                truncate
                0x0000000000010c60                sys_getdents
                0x0000000000010e3a                sys_getdents64
 *fill*         0x0000000000010fcd        0x3 90909090
 .text          0x0000000000010fd0        0x0 lib/lib.a(ctype.o)
 .text          0x0000000000010fd0        0xe lib/lib.a(_exit.o)
                0x0000000000010fd0                _exit
 *fill*         0x0000000000010fde        0x2 90909090
 .text          0x0000000000010fe0       0x3d lib/lib.a(open.o)
                0x0000000000010fe0                open
 *fill*         0x000000000001101d        0x3 90909090
 .text          0x0000000000011020       0x23 lib/lib.a(close.o)
                0x0000000000011020                close
 *fill*         0x0000000000011043        0x1 90909090
 .text          0x0000000000011044        0x0 lib/lib.a(errno.o)
 .text          0x0000000000011044       0x60 lib/lib.a(write.o)
                0x0000000000011044                write
                0x0000000000011081                switch_case
 .text          0x00000000000110a4       0x23 lib/lib.a(dup.o)
                0x00000000000110a4                dup
 *fill*         0x00000000000110c7        0x1 90909090
 .text          0x00000000000110c8       0x1e lib/lib.a(setsid.o)
                0x00000000000110c8                setsid
 *fill*         0x00000000000110e6        0x2 90909090
 .text          0x00000000000110e8       0x3d lib/lib.a(execve.o)
                0x00000000000110e8                execve
 *fill*         0x0000000000011125        0x3 90909090
 .text          0x0000000000011128       0x60 lib/lib.a(wait.o)
                0x0000000000011128                waitpid
                0x0000000000011165                wait
 .text          0x0000000000011188      0x421 lib/lib.a(string.o)
                0x0000000000011188                strcpy
                0x00000000000111b0                strncpy
                0x00000000000111e1                strcat
                0x0000000000011216                strncat
                0x0000000000011255                strcmp
                0x0000000000011283                strncmp
                0x00000000000112b8                strchr
                0x00000000000112d6                strrchr
                0x00000000000112f7                strspn
                0x0000000000011344                strcspn
                0x0000000000011391                strpbrk
                0x00000000000113d6                strstr
                0x000000000001141b                strlen
                0x0000000000011434                strtok
                0x00000000000114c5                memcpy
                0x00000000000114eb                memmove
                0x0000000000011539                memcmp
                0x000000000001156d                memchr
                0x0000000000011593                memset
 *fill*         0x00000000000115a9        0x3 90909090
 .text          0x00000000000115ac      0x12d lib/lib.a(crypt.o)
                0x00000000000115ac                set_key
                0x00000000000115d3                clear_key
                0x00000000000115f1                generate_key_
                0x0000000000011614                encr
                0x0000000000011637                decr
                0x000000000001165a                get_i_node
                0x000000000001167f                turn_on_key_set
                0x000000000001169d                get_turn_on
                0x00000000000116bb                turn_off_key_set
 *(.gnu.warning)

.fini
 *(.fini)
                0x00000000000116d9                PROVIDE (__etext, .)
                0x00000000000116d9                PROVIDE (_etext, .)
                0x00000000000116d9                PROVIDE (etext, .)

.rodata         0x00000000000116e0     0x10f8
 *(.rodata .rodata.* .gnu.linkonce.r.*)
 .rodata.str1.1
                0x00000000000116e0       0x68 init/main.o
 .rodata.str1.4
                0x0000000000011748       0x25 init/main.o
 *fill*         0x000000000001176d       0x13 00
 .rodata        0x0000000000011780      0x270 kernel/kernel.o
 .rodata.str1.1
                0x00000000000119f0      0x319 kernel/kernel.o
                                        0x325 (size before relaxing)
 *fill*         0x0000000000011d09        0x3 00
 .rodata.str1.4
                0x0000000000011d0c      0x22c kernel/kernel.o
 .rodata.str1.4
                0x0000000000011f38       0xe9 mm/mm.o
 .rodata.str1.1
                0x0000000000012021       0x68 mm/mm.o
 *fill*         0x0000000000012089       0x17 00
 .rodata        0x00000000000120a0       0xc4 fs/fs.o
 .rodata.str1.1
                0x0000000000012164      0x33e fs/fs.o
                                        0x352 (size before relaxing)
 *fill*         0x00000000000124a2        0x2 00
 .rodata.str1.4
                0x00000000000124a4      0x334 fs/fs.o

.rodata1
 *(.rodata1)

.eh_frame_hdr
 *(.eh_frame_hdr)

.eh_frame       0x00000000000127d8     0x2a58
 *(.eh_frame)
 .eh_frame      0x00000000000127d8       0x74 init/main.o
 .eh_frame      0x000000000001284c     0x1458 kernel/kernel.o
                                       0x1590 (size before relaxing)
 .eh_frame      0x0000000000013ca4      0x1a8 mm/mm.o
                                        0x1c0 (size before relaxing)
 .eh_frame      0x0000000000013e4c      0xf90 fs/fs.o
                                       0x1140 (size before relaxing)
 .eh_frame      0x0000000000014ddc       0x1c lib/lib.a(_exit.o)
                                         0x34 (size before relaxing)
 .eh_frame      0x0000000000014df8       0x20 lib/lib.a(open.o)
                                         0x38 (size before relaxing)
 .eh_frame      0x0000000000014e18       0x1c lib/lib.a(close.o)
                                         0x34 (size before relaxing)
 .eh_frame      0x0000000000014e34       0x3c lib/lib.a(write.o)
                                         0x54 (size before relaxing)
 .eh_frame      0x0000000000014e70       0x1c lib/lib.a(dup.o)
                                         0x34 (size before relaxing)
 .eh_frame      0x0000000000014e8c       0x14 lib/lib.a(setsid.o)
                                         0x2c (size before relaxing)
 .eh_frame      0x0000000000014ea0       0x20 lib/lib.a(execve.o)
                                         0x38 (size before relaxing)
 .eh_frame      0x0000000000014ec0       0x38 lib/lib.a(wait.o)
                                         0x50 (size before relaxing)
 .eh_frame      0x0000000000014ef8      0x25c lib/lib.a(string.o)
                                        0x274 (size before relaxing)
 .eh_frame      0x0000000000015154       0xdc lib/lib.a(crypt.o)
                                         0xf4 (size before relaxing)

.gcc_except_table
 *(.gcc_except_table .gcc_except_table.*)

.exception_ranges
 *(.exception_ranges .exception_ranges*)
                0x0000000000015230                . = (ALIGN (0x1000) - ((0x1000 - .) & 0xfff))
                0x0000000000016000                . = DATA_SEGMENT_ALIGN (0x1000, 0x1000)

.eh_frame
 *(.eh_frame)

.gcc_except_table
 *(.gcc_except_table .gcc_except_table.*)

.exception_ranges
 *(.exception_ranges .exception_ranges*)

.tdata
 *(.tdata .tdata.* .gnu.linkonce.td.*)

.tbss
 *(.tbss .tbss.* .gnu.linkonce.tb.*)
 *(.tcommon)

.preinit_array  0x0000000000016000        0x0
                0x0000000000016000                PROVIDE (__preinit_array_start, .)
 *(.preinit_array)
                0x0000000000016000                PROVIDE (__preinit_array_end, .)

.init_array     0x0000000000016000        0x0
                0x0000000000016000                PROVIDE (__init_array_start, .)
 *(SORT(.init_array.*) SORT(.ctors.*))
 *(.init_array)
 *(EXCLUDE_FILE(*crtend?.o *crtend.o *crtbegin?.o *crtbegin.o) .ctors)
                0x0000000000016000                PROVIDE (__init_array_end, .)

.fini_array     0x0000000000016000        0x0
                0x0000000000016000                PROVIDE (__fini_array_start, .)
 *(SORT(.fini_array.*) SORT(.dtors.*))
 *(.fini_array)
 *(EXCLUDE_FILE(*crtend?.o *crtend.o *crtbegin?.o *crtbegin.o) .dtors)
                0x0000000000016000                PROVIDE (__fini_array_end, .)

.ctors
 *crtbegin.o(.ctors)
 *crtbegin?.o(.ctors)
 *(EXCLUDE_FILE(*crtend?.o *crtend.o) .ctors)
 *(SORT(.ctors.*))
 *(.ctors)

.dtors
 *crtbegin.o(.dtors)
 *crtbegin?.o(.dtors)
 *(EXCLUDE_FILE(*crtend?.o *crtend.o) .dtors)
 *(SORT(.dtors.*))
 *(.dtors)

.jcr
 *(.jcr)

.data.rel.ro
 *(.data.rel.ro.local* .gnu.linkonce.d.rel.ro.local.*)
 *(.data.rel.ro* .gnu.linkonce.d.rel.ro.*)

.dynamic
 *(.dynamic)

.got
 *(.got)
 *(.igot)
                0x0000000000016000                . = DATA_SEGMENT_RELRO_END (., 0xc)

.got.plt        0x0000000000016000        0x0
 *(.got.plt)
 *(.igot.plt)
 .igot.plt      0x0000000000000000        0x0 boot/head.o

.data           0x0000000000016000     0x3e64
 *(.data .data.* .gnu.linkonce.d.*)
 .data          0x0000000000016000        0x0 boot/head.o
 .data          0x0000000000016000       0x18 init/main.o
 *fill*         0x0000000000016018        0x8 00
 .data          0x0000000000016020     0x3d2c kernel/kernel.o
                0x0000000000016020                stack_start
                0x0000000000016040                task
                0x0000000000016140                current
                0x0000000000016160                sys_call_table
                0x0000000000017660                table_list
                0x0000000000017680                tty_table
 .data          0x0000000000019d4c        0x0 mm/mm.o
 .data          0x0000000000019d4c        0x8 fs/fs.o
                0x0000000000019d4c                start_buffer
 *fill*         0x0000000000019d54        0xc 00
 .data          0x0000000000019d60      0x101 lib/lib.a(ctype.o)
                0x0000000000019d60                _ctype
 *fill*         0x0000000000019e61        0x3 00
 .data          0x0000000000019e64        0x0 lib/lib.a(_exit.o)
 .data          0x0000000000019e64        0x0 lib/lib.a(open.o)
 .data          0x0000000000019e64        0x0 lib/lib.a(close.o)
 .data          0x0000000000019e64        0x0 lib/lib.a(errno.o)
 .data          0x0000000000019e64        0x0 lib/lib.a(write.o)
 .data          0x0000000000019e64        0x0 lib/lib.a(dup.o)
 .data          0x0000000000019e64        0x0 lib/lib.a(setsid.o)
 .data          0x0000000000019e64        0x0 lib/lib.a(execve.o)
 .data          0x0000000000019e64        0x0 lib/lib.a(wait.o)
 .data          0x0000000000019e64        0x0 lib/lib.a(string.o)
 .data          0x0000000000019e64        0x0 lib/lib.a(crypt.o)

.data1
 *(.data1)
                0x0000000000019e64                _edata = .
                0x0000000000019e64                PROVIDE (edata, .)
                0x0000000000019e64                __bss_start = .

.bss            0x0000000000019e80     0x400c
 *(.dynbss)
 *(.bss .bss.* .gnu.linkonce.b.*)
 .bss           0x0000000000019e80        0x0 boot/head.o
 .bss           0x0000000000019e80      0x400 init/main.o
 .bss           0x000000000001a280      0xc84 kernel/kernel.o
                0x000000000001a280                last_task_used_math
                0x000000000001a284                startup_time
                0x000000000001a288                jiffies
                0x000000000001a28c                last_pid
                0x000000000001a6c0                f1_down_flag
                0x000000000001a960                do_hd
 *fill*         0x000000000001af04       0x1c 00
 .bss           0x000000000001af20      0xc00 mm/mm.o
 .bss           0x000000000001bb20      0x71c fs/fs.o
                0x000000000001bb20                inode_table
                0x000000000001c224                nr_buffers
 .bss           0x000000000001c23c        0x0 lib/lib.a(ctype.o)
 .bss           0x000000000001c23c        0x0 lib/lib.a(_exit.o)
 .bss           0x000000000001c23c        0x0 lib/lib.a(open.o)
 .bss           0x000000000001c23c        0x0 lib/lib.a(close.o)
 .bss           0x000000000001c23c        0x0 lib/lib.a(errno.o)
 .bss           0x000000000001c23c        0x0 lib/lib.a(write.o)
 .bss           0x000000000001c23c        0x0 lib/lib.a(dup.o)
 .bss           0x000000000001c23c        0x0 lib/lib.a(setsid.o)
 .bss           0x000000000001c23c        0x0 lib/lib.a(execve.o)
 .bss           0x000000000001c23c        0x0 lib/lib.a(wait.o)
 .bss           0x000000000001c23c        0x0 lib/lib.a(string.o)
 .bss           0x000000000001c23c        0x0 lib/lib.a(crypt.o)
 *(COMMON)
 *fill*         0x000000000001c23c        0x4 00
 COMMON         0x000000000001c240     0x1001 kernel/kernel.o
                0x000000000001c240                user_stack
                0x000000000001d240                character_for_input
 *fill*         0x000000000001d241       0x1f 00
 COMMON         0x000000000001d260      0xc20 fs/fs.o
                0x000000000001d260                hash_table
                0x000000000001d740                super_block
                0x000000000001da80                file_table
 COMMON         0x000000000001de80        0x1 lib/lib.a(ctype.o)
                0x000000000001de80                _ctmp
 *fill*         0x000000000001de81        0x3 00
 COMMON         0x000000000001de84        0x4 lib/lib.a(errno.o)
                0x000000000001de84                errno
 COMMON         0x000000000001de88        0x4 lib/lib.a(string.o)
                0x000000000001de88                ___strtok
                0x000000000001de8c                . = ALIGN ((. != 0x0)?0x4:0x1)
                0x000000000001de8c                . = ALIGN (0x4)
                0x000000000001de8c                . = ALIGN (0x4)
                0x000000000001de8c                _end = .
                0x000000000001de8c                PROVIDE (end, .)
                0x000000000001de8c                . = DATA_SEGMENT_END (.)

.stab
 *(.stab)

.stabstr
 *(.stabstr)

.stab.excl
 *(.stab.excl)

.stab.exclstr
 *(.stab.exclstr)

.stab.index
 *(.stab.index)

.stab.indexstr
 *(.stab.indexstr)

.comment        0x0000000000000000       0x2a
 *(.comment)
 .comment       0x0000000000000000       0x2a init/main.o
                                         0x2b (size before relaxing)
 .comment       0x0000000000000000      0x22f kernel/kernel.o
 .comment       0x0000000000000000       0x2b mm/mm.o
 .comment       0x0000000000000000      0x331 fs/fs.o
 .comment       0x0000000000000000       0x2b lib/lib.a(ctype.o)
 .comment       0x0000000000000000       0x2b lib/lib.a(_exit.o)
 .comment       0x0000000000000000       0x2b lib/lib.a(open.o)
 .comment       0x0000000000000000       0x2b lib/lib.a(close.o)
 .comment       0x0000000000000000       0x2b lib/lib.a(errno.o)
 .comment       0x0000000000000000       0x2b lib/lib.a(write.o)
 .comment       0x0000000000000000       0x2b lib/lib.a(dup.o)
 .comment       0x0000000000000000       0x2b lib/lib.a(setsid.o)
 .comment       0x0000000000000000       0x2b lib/lib.a(execve.o)
 .comment       0x0000000000000000       0x2b lib/lib.a(wait.o)
 .comment       0x0000000000000000       0x2b lib/lib.a(string.o)
 .comment       0x0000000000000000       0x2b lib/lib.a(crypt.o)

.debug
 *(.debug)

.line
 *(.line)

.debug_srcinfo
 *(.debug_srcinfo)

.debug_sfnames
 *(.debug_sfnames)

.debug_aranges  0x0000000000000000      0x560
 *(.debug_aranges)
 .debug_aranges
                0x0000000000000000       0x20 init/main.o
 .debug_aranges
                0x0000000000000020      0x1a0 kernel/kernel.o
 .debug_aranges
                0x00000000000001c0       0x20 mm/mm.o
 .debug_aranges
                0x00000000000001e0      0x240 fs/fs.o
 .debug_aranges
                0x0000000000000420       0x20 lib/lib.a(_exit.o)
 .debug_aranges
                0x0000000000000440       0x20 lib/lib.a(open.o)
 .debug_aranges
                0x0000000000000460       0x20 lib/lib.a(close.o)
 .debug_aranges
                0x0000000000000480       0x20 lib/lib.a(write.o)
 .debug_aranges
                0x00000000000004a0       0x20 lib/lib.a(dup.o)
 .debug_aranges
                0x00000000000004c0       0x20 lib/lib.a(setsid.o)
 .debug_aranges
                0x00000000000004e0       0x20 lib/lib.a(execve.o)
 .debug_aranges
                0x0000000000000500       0x20 lib/lib.a(wait.o)
 .debug_aranges
                0x0000000000000520       0x20 lib/lib.a(string.o)
 .debug_aranges
                0x0000000000000540       0x20 lib/lib.a(crypt.o)

.debug_pubnames
 *(.debug_pubnames)

.debug_info     0x0000000000000000    0x1ca55
 *(.debug_info .gnu.linkonce.wi.*)
 .debug_info    0x0000000000000000      0xccf init/main.o
 .debug_info    0x0000000000000ccf     0xa65a kernel/kernel.o
 .debug_info    0x000000000000b329      0x4d6 mm/mm.o
 .debug_info    0x000000000000b7ff     0xe5b5 fs/fs.o
 .debug_info    0x0000000000019db4       0x70 lib/lib.a(ctype.o)
 .debug_info    0x0000000000019e24      0x3af lib/lib.a(_exit.o)
 .debug_info    0x000000000001a1d3      0x403 lib/lib.a(open.o)
 .debug_info    0x000000000001a5d6      0x3ce lib/lib.a(close.o)
 .debug_info    0x000000000001a9a4       0x3f lib/lib.a(errno.o)
 .debug_info    0x000000000001a9e3      0x43a lib/lib.a(write.o)
 .debug_info    0x000000000001ae1d      0x3ce lib/lib.a(dup.o)
 .debug_info    0x000000000001b1eb      0x3cb lib/lib.a(setsid.o)
 .debug_info    0x000000000001b5b6      0x3fc lib/lib.a(execve.o)
 .debug_info    0x000000000001b9b2      0x428 lib/lib.a(wait.o)
 .debug_info    0x000000000001bdda      0x705 lib/lib.a(string.o)
 .debug_info    0x000000000001c4df      0x576 lib/lib.a(crypt.o)

.debug_abbrev   0x0000000000000000     0x4804
 *(.debug_abbrev)
 .debug_abbrev  0x0000000000000000      0x1d7 init/main.o
 .debug_abbrev  0x00000000000001d7     0x1a51 kernel/kernel.o
 .debug_abbrev  0x0000000000001c28      0x1af mm/mm.o
 .debug_abbrev  0x0000000000001dd7     0x21bc fs/fs.o
 .debug_abbrev  0x0000000000003f93       0x42 lib/lib.a(ctype.o)
 .debug_abbrev  0x0000000000003fd5       0xa3 lib/lib.a(_exit.o)
 .debug_abbrev  0x0000000000004078       0xdc lib/lib.a(open.o)
 .debug_abbrev  0x0000000000004154       0xb4 lib/lib.a(close.o)
 .debug_abbrev  0x0000000000004208       0x30 lib/lib.a(errno.o)
 .debug_abbrev  0x0000000000004238       0xd7 lib/lib.a(write.o)
 .debug_abbrev  0x000000000000430f       0xb4 lib/lib.a(dup.o)
 .debug_abbrev  0x00000000000043c3       0xb2 lib/lib.a(setsid.o)
 .debug_abbrev  0x0000000000004475       0xbb lib/lib.a(execve.o)
 .debug_abbrev  0x0000000000004530       0xd0 lib/lib.a(wait.o)
 .debug_abbrev  0x0000000000004600      0x128 lib/lib.a(string.o)
 .debug_abbrev  0x0000000000004728       0xdc lib/lib.a(crypt.o)

.debug_line     0x0000000000000000     0x3e6d
 *(.debug_line)
 .debug_line    0x0000000000000000      0x11e init/main.o
 .debug_line    0x000000000000011e     0x1a9f kernel/kernel.o
 .debug_line    0x0000000000001bbd      0x122 mm/mm.o
 .debug_line    0x0000000000001cdf     0x1bf9 fs/fs.o
 .debug_line    0x00000000000038d8       0x28 lib/lib.a(ctype.o)
 .debug_line    0x0000000000003900       0x50 lib/lib.a(_exit.o)
 .debug_line    0x0000000000003950       0x76 lib/lib.a(open.o)
 .debug_line    0x00000000000039c6       0x6e lib/lib.a(close.o)
 .debug_line    0x0000000000003a34       0x28 lib/lib.a(errno.o)
 .debug_line    0x0000000000003a5c       0x97 lib/lib.a(write.o)
 .debug_line    0x0000000000003af3       0x6c lib/lib.a(dup.o)
 .debug_line    0x0000000000003b5f       0x88 lib/lib.a(setsid.o)
 .debug_line    0x0000000000003be7       0x73 lib/lib.a(execve.o)
 .debug_line    0x0000000000003c5a       0x90 lib/lib.a(wait.o)
 .debug_line    0x0000000000003cea       0xc1 lib/lib.a(string.o)
 .debug_line    0x0000000000003dab       0xc2 lib/lib.a(crypt.o)

.debug_frame
 *(.debug_frame)

.debug_str      0x0000000000000000     0x1dc3
 *(.debug_str)
 .debug_str     0x0000000000000000      0x3f0 init/main.o
                                        0x4a2 (size before relaxing)
 .debug_str     0x00000000000003f0      0xe85 kernel/kernel.o
                                       0x35bc (size before relaxing)
 .debug_str     0x0000000000001275      0x123 mm/mm.o
                                        0x1be (size before relaxing)
 .debug_str     0x0000000000001398      0x95b fs/fs.o
                                       0x5419 (size before relaxing)
 .debug_str     0x0000000000001cf3       0x23 lib/lib.a(ctype.o)
                                         0x63 (size before relaxing)
 .debug_str     0x0000000000001d16        0x8 lib/lib.a(_exit.o)
                                        0x281 (size before relaxing)
 .debug_str     0x0000000000000000        0x8 lib/lib.a(open.o)
                                        0x291 (size before relaxing)
 .debug_str     0x0000000000001d1e        0x8 lib/lib.a(close.o)
                                        0x283 (size before relaxing)
 .debug_str     0x0000000000001d26        0x8 lib/lib.a(errno.o)
                                         0x35 (size before relaxing)
 .debug_str     0x0000000000000000        0x8 lib/lib.a(write.o)
                                        0x29b (size before relaxing)
 .debug_str     0x0000000000001d2e        0x6 lib/lib.a(dup.o)
                                        0x27b (size before relaxing)
 .debug_str     0x0000000000001d34        0x9 lib/lib.a(setsid.o)
                                        0x28b (size before relaxing)
 .debug_str     0x0000000000001d3d        0x9 lib/lib.a(execve.o)
                                        0x294 (size before relaxing)
 .debug_str     0x0000000000001d46       0x11 lib/lib.a(wait.o)
                                        0x2a1 (size before relaxing)
 .debug_str     0x0000000000001d57       0x64 lib/lib.a(string.o)
                                         0xe9 (size before relaxing)
 .debug_str     0x0000000000001dbb        0x8 lib/lib.a(crypt.o)
                                        0x2e5 (size before relaxing)

.debug_loc      0x0000000000000000     0xcf5f
 *(.debug_loc)
 .debug_loc     0x0000000000000000      0x256 init/main.o
 .debug_loc     0x0000000000000256     0x5900 kernel/kernel.o
 .debug_loc     0x0000000000005b56      0x640 mm/mm.o
 .debug_loc     0x0000000000006196     0x6630 fs/fs.o
 .debug_loc     0x000000000000c7c6       0x2c lib/lib.a(_exit.o)
 .debug_loc     0x000000000000c7f2       0x3f lib/lib.a(open.o)
 .debug_loc     0x000000000000c831       0x3f lib/lib.a(close.o)
 .debug_loc     0x000000000000c870       0x96 lib/lib.a(write.o)
 .debug_loc     0x000000000000c906       0x3f lib/lib.a(dup.o)
 .debug_loc     0x000000000000c945       0x13 lib/lib.a(setsid.o)
 .debug_loc     0x000000000000c958       0x57 lib/lib.a(execve.o)
 .debug_loc     0x000000000000c9af       0x83 lib/lib.a(wait.o)
 .debug_loc     0x000000000000ca32      0x3a6 lib/lib.a(string.o)
 .debug_loc     0x000000000000cdd8      0x187 lib/lib.a(crypt.o)

.debug_macinfo
 *(.debug_macinfo)

.debug_weaknames
 *(.debug_weaknames)

.debug_funcnames
 *(.debug_funcnames)

.debug_typenames
 *(.debug_typenames)

.debug_varnames
 *(.debug_varnames)

.debug_pubtypes
 *(.debug_pubtypes)

.debug_ranges   0x0000000000000000      0x770
 *(.debug_ranges)
 .debug_ranges  0x0000000000000000      0x468 kernel/kernel.o
 .debug_ranges  0x0000000000000468      0x308 fs/fs.o

.gnu.attributes
 *(.gnu.attributes)

/DISCARD/
 *(.note.GNU-stack)
 *(.gnu_debuglink)
 *(.gnu.lto_*)
OUTPUT(tools/system elf32-i386)
