Archive member included because of file (symbol)

lib/lib.a(ctype.o)            kernel/kernel.o (_ctype)
lib/lib.a(_exit.o)            init/main.o (_exit)
lib/lib.a(open.o)             init/main.o (open)
lib/lib.a(close.o)            init/main.o (close)
lib/lib.a(errno.o)            init/main.o (errno)
lib/lib.a(write.o)            init/main.o (write)
lib/lib.a(dup.o)              init/main.o (dup)
lib/lib.a(setsid.o)           init/main.o (setsid)
lib/lib.a(execve.o)           init/main.o (execve)
lib/lib.a(wait.o)             init/main.o (wait)
lib/lib.a(string.o)           kernel/kernel.o (memcpy)

Allocating common symbols
Common symbol       size              file

errno               0x4               lib/lib.a(errno.o)
hash_table          0x4cc             fs/fs.o
___strtok           0x4               lib/lib.a(string.o)
user_stack          0x1000            kernel/kernel.o
_ctmp               0x1               lib/lib.a(ctype.o)
super_block         0x340             fs/fs.o
file_table          0x400             fs/fs.o

Discarded input sections

 .note.GNU-stack
                0x0000000000000000        0x0 init/main.o
 .note.GNU-stack
                0x0000000000000000        0x0 kernel/kernel.o
 .note.GNU-stack
                0x0000000000000000        0x0 mm/mm.o
 .note.GNU-stack
                0x0000000000000000        0x0 fs/fs.o
 .note.GNU-stack
                0x0000000000000000        0x0 lib/lib.a(ctype.o)
 .note.GNU-stack
                0x0000000000000000        0x0 lib/lib.a(_exit.o)
 .note.GNU-stack
                0x0000000000000000        0x0 lib/lib.a(open.o)
 .note.GNU-stack
                0x0000000000000000        0x0 lib/lib.a(close.o)
 .note.GNU-stack
                0x0000000000000000        0x0 lib/lib.a(errno.o)
 .note.GNU-stack
                0x0000000000000000        0x0 lib/lib.a(write.o)
 .note.GNU-stack
                0x0000000000000000        0x0 lib/lib.a(dup.o)
 .note.GNU-stack
                0x0000000000000000        0x0 lib/lib.a(setsid.o)
 .note.GNU-stack
                0x0000000000000000        0x0 lib/lib.a(execve.o)
 .note.GNU-stack
                0x0000000000000000        0x0 lib/lib.a(wait.o)
 .note.GNU-stack
                0x0000000000000000        0x0 lib/lib.a(string.o)

Memory Configuration

Name             Origin             Length             Attributes
*default*        0x0000000000000000 0xffffffffffffffff

Linker script and memory map

Address of section .text set to 0x0
LOAD boot/head.o
LOAD init/main.o
LOAD kernel/kernel.o
LOAD mm/mm.o
LOAD fs/fs.o
LOAD lib/lib.a
                0x0000000008048000                PROVIDE (__executable_start, 0x8048000)
                0x0000000008048094                . = (0x8048000 + SIZEOF_HEADERS)

.interp
 *(.interp)

.note.gnu.build-id
 *(.note.gnu.build-id)

.hash
 *(.hash)

.gnu.hash
 *(.gnu.hash)

.dynsym
 *(.dynsym)

.dynstr
 *(.dynstr)

.gnu.version
 *(.gnu.version)

.gnu.version_d
 *(.gnu.version_d)

.gnu.version_r
 *(.gnu.version_r)

.rel.dyn        0x0000000008048094        0x0
 *(.rel.init)
 *(.rel.text .rel.text.* .rel.gnu.linkonce.t.*)
 .rel.text      0x0000000000000000        0x0 boot/head.o
 *(.rel.fini)
 *(.rel.rodata .rel.rodata.* .rel.gnu.linkonce.r.*)
 *(.rel.data.rel.ro* .rel.gnu.linkonce.d.rel.ro.*)
 *(.rel.data .rel.data.* .rel.gnu.linkonce.d.*)
 .rel.data      0x0000000000000000        0x0 boot/head.o
 *(.rel.tdata .rel.tdata.* .rel.gnu.linkonce.td.*)
 *(.rel.tbss .rel.tbss.* .rel.gnu.linkonce.tb.*)
 *(.rel.ctors)
 *(.rel.dtors)
 *(.rel.got)
 *(.rel.bss .rel.bss.* .rel.gnu.linkonce.b.*)
 *(.rel.ifunc)

.rel.plt        0x0000000008048094        0x0
 *(.rel.plt)
                0x0000000008048094                PROVIDE (__rel_iplt_start, .)
 *(.rel.iplt)
 .rel.iplt      0x0000000000000000        0x0 boot/head.o
                0x0000000008048094                PROVIDE (__rel_iplt_end, .)

.init
 *(.init)

.plt            0x00000000080480a0        0x0
 *(.plt)
 *(.iplt)
 .iplt          0x0000000000000000        0x0 boot/head.o

.text           0x0000000000000000     0xfd25
 *(.text.unlikely .text.*_unlikely)
 *(.text.exit .text.exit.*)
 *(.text.startup .text.startup.*)
 *(.text.hot .text.hot.*)
 *(.text .stub .text.* .gnu.linkonce.t.*)
 .text          0x0000000000000000     0x5078 boot/head.o
                0x0000000000000000                startup_32
                0x0000000000000000                pg_dir
                0x0000000000004078                idt
                0x0000000000004878                gdt
 *fill*         0x0000000000005078        0x8 90909090
 .text          0x0000000000005080      0x370 init/main.o
                0x00000000000050c1                init
                0x0000000000005232                main
 .text          0x00000000000053f0     0x4f17 kernel/kernel.o
                0x00000000000053f0                sys_alarm
                0x0000000000005417                sys_getpid
                0x0000000000005423                sys_getppid
                0x000000000000542f                sys_getuid
                0x000000000000543c                sys_geteuid
                0x0000000000005449                sys_getgid
                0x0000000000005456                sys_getegid
                0x0000000000005463                sys_nice
                0x000000000000547c                sys_signal
                0x00000000000054b9                math_state_restore
                0x00000000000054f0                schedule
                0x00000000000055e1                sys_pause
                0x00000000000055f7                sleep_on
                0x0000000000005651                interruptible_sleep_on
                0x00000000000056bb                wake_up
                0x00000000000056d7                do_timer
                0x000000000000571d                sched_init
                0x0000000000005844                system_call
                0x0000000000005936                timer_interrupt
                0x000000000000596e                sys_execve
                0x000000000000597c                sys_fork
                0x0000000000005994                hd_interrupt
                0x0000000000005b41                do_double_fault
                0x0000000000005b5a                do_general_protection
                0x0000000000005b73                do_divide_error
                0x0000000000005b8c                do_int3
                0x0000000000005c44                do_nmi
                0x0000000000005c5d                do_debug
                0x0000000000005c76                do_overflow
                0x0000000000005c8f                do_bounds
                0x0000000000005ca8                do_invalid_op
                0x0000000000005cc1                do_device_not_available
                0x0000000000005cda                do_coprocessor_segment_overrun
                0x0000000000005cf3                do_invalid_TSS
                0x0000000000005d0c                do_segment_not_present
                0x0000000000005d25                do_stack_segment
                0x0000000000005d3e                do_coprocessor_error
                0x0000000000005d57                do_reserved
                0x0000000000005d70                trap_init
                0x0000000000005f2c                divide_error
                0x0000000000005f61                debug
                0x0000000000005f68                nmi
                0x0000000000005f6f                int3
                0x0000000000005f76                overflow
                0x0000000000005f7d                bounds
                0x0000000000005f84                invalid_op
                0x0000000000005f93                device_not_available
                0x0000000000005fc0                coprocessor_segment_overrun
                0x0000000000005fca                reserved
                0x0000000000005fd4                coprocessor_error
                0x0000000000005fde                double_fault
                0x0000000000006015                invalid_TSS
                0x000000000000601c                segment_not_present
                0x0000000000006023                stack_segment
                0x000000000000602a                general_protection
                0x0000000000006034                verify_area
                0x0000000000006099                copy_mem
                0x000000000000618f                copy_process
                0x000000000000641e                find_empty_process
                0x0000000000006480                panic
                0x000000000000649c                printk
                0x0000000000006726                vsprintf
                0x0000000000006a90                tty_init
                0x0000000000006aa1                tty_intr
                0x0000000000006ae6                copy_to_cooked
                0x0000000000006d66                tty_read
                0x000000000000702c                tty_write
                0x0000000000007209                do_tty_interrupt
                0x0000000000007435                tool_dir
                0x0000000000007459                fill_list
                0x0000000000007539                tool_start
                0x00000000000075ec                draw_list
                0x0000000000007787                mark_selected
                0x00000000000077e1                set_path_name
                0x00000000000078fa                csi_m
                0x0000000000007955                con_write
                0x00000000000082da                con_init
                0x000000000000835d                f1_down
                0x0000000000008368                f1_up
                0x0000000000008373                tool_draw
                0x000000000000850c                getDirectoriums
                0x00000000000085e9                arr_up
                0x00000000000085fc                testArr
                0x000000000000860f                print_name_and_index
                0x000000000000867f                keyboard_interrupt
                0x0000000000008e7c                rs1_interrupt
                0x0000000000008e84                rs2_interrupt
                0x00000000000095e9                rw_hd
                0x0000000000009692                sys_setup
                0x0000000000009791                unexpected_hd_interrupt
                0x00000000000097a4                hd_init
                0x0000000000009814                sys_ftime
                0x000000000000981a                sys_mknod
                0x0000000000009820                sys_break
                0x0000000000009826                sys_mount
                0x000000000000982c                sys_umount
                0x0000000000009832                sys_ustat
                0x0000000000009838                sys_ptrace
                0x000000000000983e                sys_stty
                0x0000000000009844                sys_gtty
                0x000000000000984a                sys_rename
                0x0000000000009850                sys_prof
                0x0000000000009856                sys_setgid
                0x00000000000098b3                sys_acct
                0x00000000000098b9                sys_phys
                0x00000000000098bf                sys_lock
                0x00000000000098c5                sys_mpx
                0x00000000000098cb                sys_ulimit
                0x00000000000098d1                sys_time
                0x0000000000009924                sys_setuid
                0x000000000000997d                sys_stime
                0x00000000000099ca                sys_times
                0x0000000000009a23                sys_brk
                0x0000000000009a56                sys_setpgid
                0x0000000000009acb                sys_getpgrp
                0x0000000000009ad7                sys_setsid
                0x0000000000009b2c                sys_oldolduname
                0x0000000000009b44                sys_uname
                0x0000000000009b91                sys_umask
                0x0000000000009baf                sys_null
                0x0000000000009be0                release
                0x0000000000009c3a                do_kill
                0x0000000000009eb3                sys_kill
                0x0000000000009ee9                do_exit
                0x000000000000a07c                sys_exit
                0x000000000000a097                sys_waitpid
                0x000000000000a21e                rs_init
                0x000000000000a276                rs_write
                0x000000000000a2a0                kernel_mktime
 *fill*         0x000000000000a307        0x1 90909090
 .text          0x000000000000a308      0x517 mm/mm.o
                0x000000000000a308                invalidate
                0x000000000000a311                copy_page
                0x000000000000a336                get_free_page
                0x000000000000a36e                free_page
                0x000000000000a3ce                free_page_tables
                0x000000000000a47e                copy_page_tables
                0x000000000000a578                put_page
                0x000000000000a625                un_wp_page
                0x000000000000a6b5                do_wp_page
                0x000000000000a6e5                write_verify
                0x000000000000a724                do_no_page
                0x000000000000a754                calc_mem
                0x000000000000a7e8                page_fault
 *fill*         0x000000000000a81f        0x1 90909090
 .text          0x000000000000a820     0x4f4c fs/fs.o
                0x000000000000a820                sys_utime
                0x000000000000a889                sys_access
                0x000000000000a920                sys_chdir
                0x000000000000a983                sys_chroot
                0x000000000000a9e6                sys_chmod
                0x000000000000aa7b                sys_chown
                0x000000000000aae2                sys_open
                0x000000000000ac76                sys_creat
                0x000000000000ac99                sys_close
                0x000000000000ad20                sys_lseek
                0x000000000000addc                sys_read
                0x000000000000af37                sys_write
                0x000000000000b44b                sync_inodes
                0x000000000000b495                bmap
                0x000000000000b4ae                create_block
                0x000000000000b4c7                iput
                0x000000000000b5b5                get_empty_inode
                0x000000000000b6a3                get_pipe_inode
                0x000000000000b6ea                iget
                0x000000000000b8d7                sys_sync
                0x000000000000b93f                brelse
                0x000000000000b991                get_hash_table
                0x000000000000b9f0                getblk
                0x000000000000bc8f                bread
                0x000000000000bce9                buffer_init
                0x000000000000bd84                do_mount
                0x000000000000bf8f                mount_root
                0x000000000000c0e0                block_write
                0x000000000000c1c3                block_read
                0x000000000000c29a                ll_rw_block
                0x000000000000c363                rw_char
                0x000000000000c3d4                file_read
                0x000000000000c57f                file_write
                0x000000000000c81e                sys_stat
                0x000000000000c863                sys_lstat
                0x000000000000c87e                sys_fstat
                0x000000000000c8c1                sys_stat64
                0x000000000000c906                sys_fstat64
                0x000000000000c949                sys_lstat64
                0x000000000000c964                sys_oldstat
                0x000000000000c97c                sys_oldfstat
                0x000000000000cac4                cp_block
                0x000000000000caf9                is_valid_elf
                0x000000000000cb3e                read_file_block_ind
                0x000000000000cbd3                read_file_block
                0x000000000000ccd2                copy_section
                0x000000000000cdc0                create_bss_section
                0x000000000000cde6                load_elf_binary
                0x000000000000cff1                do_execve
                0x000000000000d484                read_pipe
                0x000000000000d51d                write_pipe
                0x000000000000d616                sys_pipe
                0x000000000000dc49                namei
                0x000000000000dcff                open_namei
                0x000000000000df65                sys_mkdir
                0x000000000000e21a                sys_rmdir
                0x000000000000e58c                sys_unlink
                0x000000000000e728                sys_link
                0x000000000000e8d0                free_block
                0x000000000000ea0b                new_block
                0x000000000000eb8e                free_inode
                0x000000000000ecba                new_inode
                0x000000000000ee9a                sys_dup2
                0x000000000000eeba                sys_dup
                0x000000000000eeca                sys_fcntl
                0x000000000000ef87                sys_fcntl64
                0x000000000000efdc                sys_ioctl
                0x000000000000f079                tty_ioctl
                0x000000000000f345                truncate
                0x000000000000f450                sys_getdents
                0x000000000000f5de                sys_getdents64
 .text          0x000000000000f76c        0x0 lib/lib.a(ctype.o)
 .text          0x000000000000f76c        0xe lib/lib.a(_exit.o)
                0x000000000000f76c                _exit
 *fill*         0x000000000000f77a        0x2 90909090
 .text          0x000000000000f77c       0x3d lib/lib.a(open.o)
                0x000000000000f77c                open
 *fill*         0x000000000000f7b9        0x3 90909090
 .text          0x000000000000f7bc       0x23 lib/lib.a(close.o)
                0x000000000000f7bc                close
 *fill*         0x000000000000f7df        0x1 90909090
 .text          0x000000000000f7e0        0x0 lib/lib.a(errno.o)
 .text          0x000000000000f7e0       0x3d lib/lib.a(write.o)
                0x000000000000f7e0                write
 *fill*         0x000000000000f81d        0x3 90909090
 .text          0x000000000000f820       0x23 lib/lib.a(dup.o)
                0x000000000000f820                dup
 *fill*         0x000000000000f843        0x1 90909090
 .text          0x000000000000f844       0x1e lib/lib.a(setsid.o)
                0x000000000000f844                setsid
 *fill*         0x000000000000f862        0x2 90909090
 .text          0x000000000000f864       0x3d lib/lib.a(execve.o)
                0x000000000000f864                execve
 *fill*         0x000000000000f8a1        0x3 90909090
 .text          0x000000000000f8a4       0x60 lib/lib.a(wait.o)
                0x000000000000f8a4                waitpid
                0x000000000000f8e1                wait
 .text          0x000000000000f904      0x421 lib/lib.a(string.o)
                0x000000000000f904                strcpy
                0x000000000000f92c                strncpy
                0x000000000000f95d                strcat
                0x000000000000f992                strncat
                0x000000000000f9d1                strcmp
                0x000000000000f9ff                strncmp
                0x000000000000fa34                strchr
                0x000000000000fa52                strrchr
                0x000000000000fa73                strspn
                0x000000000000fac0                strcspn
                0x000000000000fb0d                strpbrk
                0x000000000000fb52                strstr
                0x000000000000fb97                strlen
                0x000000000000fbb0                strtok
                0x000000000000fc41                memcpy
                0x000000000000fc67                memmove
                0x000000000000fcb5                memcmp
                0x000000000000fce9                memchr
                0x000000000000fd0f                memset
 *(.gnu.warning)

.fini
 *(.fini)
                0x000000000000fd25                PROVIDE (__etext, .)
                0x000000000000fd25                PROVIDE (_etext, .)
                0x000000000000fd25                PROVIDE (etext, .)

.rodata         0x000000000000fd40     0x1064
 *(.rodata .rodata.* .gnu.linkonce.r.*)
 .rodata.str1.1
                0x000000000000fd40       0x68 init/main.o
 .rodata.str1.4
                0x000000000000fda8       0x25 init/main.o
 *fill*         0x000000000000fdcd       0x13 00
 .rodata        0x000000000000fde0      0x270 kernel/kernel.o
 .rodata.str1.1
                0x0000000000010050      0x29c kernel/kernel.o
                                        0x2a6 (size before relaxing)
 .rodata.str1.4
                0x00000000000102ec      0x22c kernel/kernel.o
 .rodata.str1.4
                0x0000000000010518       0xe9 mm/mm.o
 .rodata.str1.1
                0x0000000000010601       0x68 mm/mm.o
 *fill*         0x0000000000010669       0x17 00
 .rodata        0x0000000000010680       0xc4 fs/fs.o
 .rodata.str1.1
                0x0000000000010744      0x32c fs/fs.o
                                        0x332 (size before relaxing)
 .rodata.str1.4
                0x0000000000010a70      0x334 fs/fs.o

.rodata1
 *(.rodata1)

.eh_frame_hdr
 *(.eh_frame_hdr)

.eh_frame       0x0000000000010da4     0x2344
 *(.eh_frame)
 .eh_frame      0x0000000000010da4       0x74 init/main.o
 .eh_frame      0x0000000000010e18      0xec0 kernel/kernel.o
                                        0xff8 (size before relaxing)
 .eh_frame      0x0000000000011cd8      0x1a8 mm/mm.o
                                        0x1c0 (size before relaxing)
 .eh_frame      0x0000000000011e80      0xf0c fs/fs.o
                                       0x10bc (size before relaxing)
 .eh_frame      0x0000000000012d8c       0x1c lib/lib.a(_exit.o)
                                         0x34 (size before relaxing)
 .eh_frame      0x0000000000012da8       0x20 lib/lib.a(open.o)
                                         0x38 (size before relaxing)
 .eh_frame      0x0000000000012dc8       0x1c lib/lib.a(close.o)
                                         0x34 (size before relaxing)
 .eh_frame      0x0000000000012de4       0x20 lib/lib.a(write.o)
                                         0x38 (size before relaxing)
 .eh_frame      0x0000000000012e04       0x1c lib/lib.a(dup.o)
                                         0x34 (size before relaxing)
 .eh_frame      0x0000000000012e20       0x14 lib/lib.a(setsid.o)
                                         0x2c (size before relaxing)
 .eh_frame      0x0000000000012e34       0x20 lib/lib.a(execve.o)
                                         0x38 (size before relaxing)
 .eh_frame      0x0000000000012e54       0x38 lib/lib.a(wait.o)
                                         0x50 (size before relaxing)
 .eh_frame      0x0000000000012e8c      0x25c lib/lib.a(string.o)
                                        0x274 (size before relaxing)

.gcc_except_table
 *(.gcc_except_table .gcc_except_table.*)

.exception_ranges
 *(.exception_ranges .exception_ranges*)
                0x00000000000130e8                . = (ALIGN (0x1000) - ((0x1000 - .) & 0xfff))
                0x00000000000140e8                . = DATA_SEGMENT_ALIGN (0x1000, 0x1000)

.eh_frame
 *(.eh_frame)

.gcc_except_table
 *(.gcc_except_table .gcc_except_table.*)

.exception_ranges
 *(.exception_ranges .exception_ranges*)

.tdata
 *(.tdata .tdata.* .gnu.linkonce.td.*)

.tbss
 *(.tbss .tbss.* .gnu.linkonce.tb.*)
 *(.tcommon)

.preinit_array  0x00000000000140e8        0x0
                0x00000000000140e8                PROVIDE (__preinit_array_start, .)
 *(.preinit_array)
                0x00000000000140e8                PROVIDE (__preinit_array_end, .)

.init_array     0x00000000000140e8        0x0
                0x00000000000140e8                PROVIDE (__init_array_start, .)
 *(SORT(.init_array.*) SORT(.ctors.*))
 *(.init_array)
 *(EXCLUDE_FILE(*crtend?.o *crtend.o *crtbegin?.o *crtbegin.o) .ctors)
                0x00000000000140e8                PROVIDE (__init_array_end, .)

.fini_array     0x00000000000140e8        0x0
                0x00000000000140e8                PROVIDE (__fini_array_start, .)
 *(SORT(.fini_array.*) SORT(.dtors.*))
 *(.fini_array)
 *(EXCLUDE_FILE(*crtend?.o *crtend.o *crtbegin?.o *crtbegin.o) .dtors)
                0x00000000000140e8                PROVIDE (__fini_array_end, .)

.ctors
 *crtbegin.o(.ctors)
 *crtbegin?.o(.ctors)
 *(EXCLUDE_FILE(*crtend?.o *crtend.o) .ctors)
 *(SORT(.ctors.*))
 *(.ctors)

.dtors
 *crtbegin.o(.dtors)
 *crtbegin?.o(.dtors)
 *(EXCLUDE_FILE(*crtend?.o *crtend.o) .dtors)
 *(SORT(.dtors.*))
 *(.dtors)

.jcr
 *(.jcr)

.data.rel.ro
 *(.data.rel.ro.local* .gnu.linkonce.d.rel.ro.local.*)
 *(.data.rel.ro* .gnu.linkonce.d.rel.ro.*)

.dynamic
 *(.dynamic)

.got
 *(.got)
 *(.igot)
                0x00000000000140e8                . = DATA_SEGMENT_RELRO_END (., 0xc)

.got.plt        0x00000000000140e8        0x0
 *(.got.plt)
 *(.igot.plt)
 .igot.plt      0x0000000000000000        0x0 boot/head.o

.data           0x0000000000014100     0x3e64
 *(.data .data.* .gnu.linkonce.d.*)
 .data          0x0000000000014100        0x0 boot/head.o
 .data          0x0000000000014100       0x18 init/main.o
 *fill*         0x0000000000014118        0x8 00
 .data          0x0000000000014120     0x3d2c kernel/kernel.o
                0x0000000000014120                stack_start
                0x0000000000014140                task
                0x0000000000014240                current
                0x0000000000014260                sys_call_table
                0x0000000000015760                table_list
                0x0000000000015780                tty_table
 .data          0x0000000000017e4c        0x0 mm/mm.o
 .data          0x0000000000017e4c        0x4 fs/fs.o
                0x0000000000017e4c                start_buffer
 *fill*         0x0000000000017e50       0x10 00
 .data          0x0000000000017e60      0x101 lib/lib.a(ctype.o)
                0x0000000000017e60                _ctype
 *fill*         0x0000000000017f61        0x3 00
 .data          0x0000000000017f64        0x0 lib/lib.a(_exit.o)
 .data          0x0000000000017f64        0x0 lib/lib.a(open.o)
 .data          0x0000000000017f64        0x0 lib/lib.a(close.o)
 .data          0x0000000000017f64        0x0 lib/lib.a(errno.o)
 .data          0x0000000000017f64        0x0 lib/lib.a(write.o)
 .data          0x0000000000017f64        0x0 lib/lib.a(dup.o)
 .data          0x0000000000017f64        0x0 lib/lib.a(setsid.o)
 .data          0x0000000000017f64        0x0 lib/lib.a(execve.o)
 .data          0x0000000000017f64        0x0 lib/lib.a(wait.o)
 .data          0x0000000000017f64        0x0 lib/lib.a(string.o)

.data1
 *(.data1)
                0x0000000000017f64                _edata = .
                0x0000000000017f64                PROVIDE (edata, .)
                0x0000000000017f64                __bss_start = .

.bss            0x0000000000017f80     0x3e6c
 *(.dynbss)
 *(.bss .bss.* .gnu.linkonce.b.*)
 .bss           0x0000000000017f80        0x0 boot/head.o
 .bss           0x0000000000017f80      0x400 init/main.o
 .bss           0x0000000000018380      0xb0c kernel/kernel.o
                0x0000000000018380                last_task_used_math
                0x0000000000018384                startup_time
                0x0000000000018388                jiffies
                0x000000000001838c                last_pid
                0x0000000000018980                do_hd
 *fill*         0x0000000000018e8c       0x14 00
 .bss           0x0000000000018ea0      0xc00 mm/mm.o
 .bss           0x0000000000019aa0      0x710 fs/fs.o
                0x0000000000019aa0                inode_table
                0x000000000001a1a4                nr_buffers
 .bss           0x000000000001a1b0        0x0 lib/lib.a(ctype.o)
 .bss           0x000000000001a1b0        0x0 lib/lib.a(_exit.o)
 .bss           0x000000000001a1b0        0x0 lib/lib.a(open.o)
 .bss           0x000000000001a1b0        0x0 lib/lib.a(close.o)
 .bss           0x000000000001a1b0        0x0 lib/lib.a(errno.o)
 .bss           0x000000000001a1b0        0x0 lib/lib.a(write.o)
 .bss           0x000000000001a1b0        0x0 lib/lib.a(dup.o)
 .bss           0x000000000001a1b0        0x0 lib/lib.a(setsid.o)
 .bss           0x000000000001a1b0        0x0 lib/lib.a(execve.o)
 .bss           0x000000000001a1b0        0x0 lib/lib.a(wait.o)
 .bss           0x000000000001a1b0        0x0 lib/lib.a(string.o)
 *(COMMON)
 *fill*         0x000000000001a1b0       0x10 00
 COMMON         0x000000000001a1c0     0x1000 kernel/kernel.o
                0x000000000001a1c0                user_stack
 COMMON         0x000000000001b1c0      0xc20 fs/fs.o
                0x000000000001b1c0                hash_table
                0x000000000001b6a0                super_block
                0x000000000001b9e0                file_table
 COMMON         0x000000000001bde0        0x1 lib/lib.a(ctype.o)
                0x000000000001bde0                _ctmp
 *fill*         0x000000000001bde1        0x3 00
 COMMON         0x000000000001bde4        0x4 lib/lib.a(errno.o)
                0x000000000001bde4                errno
 COMMON         0x000000000001bde8        0x4 lib/lib.a(string.o)
                0x000000000001bde8                ___strtok
                0x000000000001bdec                . = ALIGN ((. != 0x0)?0x4:0x1)
                0x000000000001bdec                . = ALIGN (0x4)
                0x000000000001bdec                . = ALIGN (0x4)
                0x000000000001bdec                _end = .
                0x000000000001bdec                PROVIDE (end, .)
                0x000000000001bdec                . = DATA_SEGMENT_END (.)

.stab
 *(.stab)

.stabstr
 *(.stabstr)

.stab.excl
 *(.stab.excl)

.stab.exclstr
 *(.stab.exclstr)

.stab.index
 *(.stab.index)

.stab.indexstr
 *(.stab.indexstr)

.comment        0x0000000000000000       0x2a
 *(.comment)
 .comment       0x0000000000000000       0x2a init/main.o
                                         0x2b (size before relaxing)
 .comment       0x0000000000000000      0x22f kernel/kernel.o
 .comment       0x0000000000000000       0x2b mm/mm.o
 .comment       0x0000000000000000      0x331 fs/fs.o
 .comment       0x0000000000000000       0x2b lib/lib.a(ctype.o)
 .comment       0x0000000000000000       0x2b lib/lib.a(_exit.o)
 .comment       0x0000000000000000       0x2b lib/lib.a(open.o)
 .comment       0x0000000000000000       0x2b lib/lib.a(close.o)
 .comment       0x0000000000000000       0x2b lib/lib.a(errno.o)
 .comment       0x0000000000000000       0x2b lib/lib.a(write.o)
 .comment       0x0000000000000000       0x2b lib/lib.a(dup.o)
 .comment       0x0000000000000000       0x2b lib/lib.a(setsid.o)
 .comment       0x0000000000000000       0x2b lib/lib.a(execve.o)
 .comment       0x0000000000000000       0x2b lib/lib.a(wait.o)
 .comment       0x0000000000000000       0x2b lib/lib.a(string.o)

.debug
 *(.debug)

.line
 *(.line)

.debug_srcinfo
 *(.debug_srcinfo)

.debug_sfnames
 *(.debug_sfnames)

.debug_aranges  0x0000000000000000      0x540
 *(.debug_aranges)
 .debug_aranges
                0x0000000000000000       0x20 init/main.o
 .debug_aranges
                0x0000000000000020      0x1a0 kernel/kernel.o
 .debug_aranges
                0x00000000000001c0       0x20 mm/mm.o
 .debug_aranges
                0x00000000000001e0      0x240 fs/fs.o
 .debug_aranges
                0x0000000000000420       0x20 lib/lib.a(_exit.o)
 .debug_aranges
                0x0000000000000440       0x20 lib/lib.a(open.o)
 .debug_aranges
                0x0000000000000460       0x20 lib/lib.a(close.o)
 .debug_aranges
                0x0000000000000480       0x20 lib/lib.a(write.o)
 .debug_aranges
                0x00000000000004a0       0x20 lib/lib.a(dup.o)
 .debug_aranges
                0x00000000000004c0       0x20 lib/lib.a(setsid.o)
 .debug_aranges
                0x00000000000004e0       0x20 lib/lib.a(execve.o)
 .debug_aranges
                0x0000000000000500       0x20 lib/lib.a(wait.o)
 .debug_aranges
                0x0000000000000520       0x20 lib/lib.a(string.o)

.debug_pubnames
 *(.debug_pubnames)

.debug_info     0x0000000000000000    0x1ab4b
 *(.debug_info .gnu.linkonce.wi.*)
 .debug_info    0x0000000000000000      0xccf init/main.o
 .debug_info    0x0000000000000ccf     0x8fe2 kernel/kernel.o
 .debug_info    0x0000000000009cb1      0x4d6 mm/mm.o
 .debug_info    0x000000000000a187     0xe2d3 fs/fs.o
 .debug_info    0x000000000001845a       0x70 lib/lib.a(ctype.o)
 .debug_info    0x00000000000184ca      0x3af lib/lib.a(_exit.o)
 .debug_info    0x0000000000018879      0x403 lib/lib.a(open.o)
 .debug_info    0x0000000000018c7c      0x3ce lib/lib.a(close.o)
 .debug_info    0x000000000001904a       0x3f lib/lib.a(errno.o)
 .debug_info    0x0000000000019089      0x400 lib/lib.a(write.o)
 .debug_info    0x0000000000019489      0x3ce lib/lib.a(dup.o)
 .debug_info    0x0000000000019857      0x3cb lib/lib.a(setsid.o)
 .debug_info    0x0000000000019c22      0x3fc lib/lib.a(execve.o)
 .debug_info    0x000000000001a01e      0x428 lib/lib.a(wait.o)
 .debug_info    0x000000000001a446      0x705 lib/lib.a(string.o)

.debug_abbrev   0x0000000000000000     0x4458
 *(.debug_abbrev)
 .debug_abbrev  0x0000000000000000      0x1d7 init/main.o
 .debug_abbrev  0x00000000000001d7     0x180f kernel/kernel.o
 .debug_abbrev  0x00000000000019e6      0x1af mm/mm.o
 .debug_abbrev  0x0000000000001b95     0x212e fs/fs.o
 .debug_abbrev  0x0000000000003cc3       0x42 lib/lib.a(ctype.o)
 .debug_abbrev  0x0000000000003d05       0xa3 lib/lib.a(_exit.o)
 .debug_abbrev  0x0000000000003da8       0xdc lib/lib.a(open.o)
 .debug_abbrev  0x0000000000003e84       0xb4 lib/lib.a(close.o)
 .debug_abbrev  0x0000000000003f38       0x30 lib/lib.a(errno.o)
 .debug_abbrev  0x0000000000003f68       0xd7 lib/lib.a(write.o)
 .debug_abbrev  0x000000000000403f       0xb4 lib/lib.a(dup.o)
 .debug_abbrev  0x00000000000040f3       0xb2 lib/lib.a(setsid.o)
 .debug_abbrev  0x00000000000041a5       0xbb lib/lib.a(execve.o)
 .debug_abbrev  0x0000000000004260       0xd0 lib/lib.a(wait.o)
 .debug_abbrev  0x0000000000004330      0x128 lib/lib.a(string.o)

.debug_line     0x0000000000000000     0x37d8
 *(.debug_line)
 .debug_line    0x0000000000000000      0x11e init/main.o
 .debug_line    0x000000000000011e     0x1548 kernel/kernel.o
 .debug_line    0x0000000000001666      0x122 mm/mm.o
 .debug_line    0x0000000000001788     0x1b88 fs/fs.o
 .debug_line    0x0000000000003310       0x28 lib/lib.a(ctype.o)
 .debug_line    0x0000000000003338       0x50 lib/lib.a(_exit.o)
 .debug_line    0x0000000000003388       0x76 lib/lib.a(open.o)
 .debug_line    0x00000000000033fe       0x6e lib/lib.a(close.o)
 .debug_line    0x000000000000346c       0x28 lib/lib.a(errno.o)
 .debug_line    0x0000000000003494       0x8c lib/lib.a(write.o)
 .debug_line    0x0000000000003520       0x6c lib/lib.a(dup.o)
 .debug_line    0x000000000000358c       0x88 lib/lib.a(setsid.o)
 .debug_line    0x0000000000003614       0x73 lib/lib.a(execve.o)
 .debug_line    0x0000000000003687       0x90 lib/lib.a(wait.o)
 .debug_line    0x0000000000003717       0xc1 lib/lib.a(string.o)

.debug_frame
 *(.debug_frame)

.debug_str      0x0000000000000000     0x1ae7
 *(.debug_str)
 .debug_str     0x0000000000000000      0x3f7 init/main.o
                                        0x4a4 (size before relaxing)
 .debug_str     0x00000000000003f7      0xbcb kernel/kernel.o
                                       0x3292 (size before relaxing)
 .debug_str     0x0000000000000fc2      0x125 mm/mm.o
                                        0x1c0 (size before relaxing)
 .debug_str     0x00000000000010e7      0x92f fs/fs.o
                                       0x53ba (size before relaxing)
 .debug_str     0x0000000000001a16       0x25 lib/lib.a(ctype.o)
                                         0x65 (size before relaxing)
 .debug_str     0x0000000000001a3b        0x8 lib/lib.a(_exit.o)
                                        0x283 (size before relaxing)
 .debug_str     0x0000000000000000        0x8 lib/lib.a(open.o)
                                        0x293 (size before relaxing)
 .debug_str     0x0000000000001a43        0x8 lib/lib.a(close.o)
                                        0x285 (size before relaxing)
 .debug_str     0x0000000000001a4b        0x8 lib/lib.a(errno.o)
                                         0x37 (size before relaxing)
 .debug_str     0x0000000000000000        0x8 lib/lib.a(write.o)
                                        0x291 (size before relaxing)
 .debug_str     0x0000000000001a53        0x6 lib/lib.a(dup.o)
                                        0x27d (size before relaxing)
 .debug_str     0x0000000000001a59        0x9 lib/lib.a(setsid.o)
                                        0x28d (size before relaxing)
 .debug_str     0x0000000000001a62        0x9 lib/lib.a(execve.o)
                                        0x296 (size before relaxing)
 .debug_str     0x0000000000001a6b       0x11 lib/lib.a(wait.o)
                                        0x2a3 (size before relaxing)
 .debug_str     0x0000000000001a7c       0x6b lib/lib.a(string.o)
                                         0xeb (size before relaxing)

.debug_loc      0x0000000000000000     0xaf83
 *(.debug_loc)
 .debug_loc     0x0000000000000000      0x256 init/main.o
 .debug_loc     0x0000000000000256     0x3dc7 kernel/kernel.o
 .debug_loc     0x000000000000401d      0x640 mm/mm.o
 .debug_loc     0x000000000000465d     0x6353 fs/fs.o
 .debug_loc     0x000000000000a9b0       0x2c lib/lib.a(_exit.o)
 .debug_loc     0x000000000000a9dc       0x3f lib/lib.a(open.o)
 .debug_loc     0x000000000000aa1b       0x3f lib/lib.a(close.o)
 .debug_loc     0x000000000000aa5a       0x57 lib/lib.a(write.o)
 .debug_loc     0x000000000000aab1       0x3f lib/lib.a(dup.o)
 .debug_loc     0x000000000000aaf0       0x13 lib/lib.a(setsid.o)
 .debug_loc     0x000000000000ab03       0x57 lib/lib.a(execve.o)
 .debug_loc     0x000000000000ab5a       0x83 lib/lib.a(wait.o)
 .debug_loc     0x000000000000abdd      0x3a6 lib/lib.a(string.o)

.debug_macinfo
 *(.debug_macinfo)

.debug_weaknames
 *(.debug_weaknames)

.debug_funcnames
 *(.debug_funcnames)

.debug_typenames
 *(.debug_typenames)

.debug_varnames
 *(.debug_varnames)

.debug_pubtypes
 *(.debug_pubtypes)

.debug_ranges   0x0000000000000000      0x4e8
 *(.debug_ranges)
 .debug_ranges  0x0000000000000000      0x1e0 kernel/kernel.o
 .debug_ranges  0x00000000000001e0      0x308 fs/fs.o

.gnu.attributes
 *(.gnu.attributes)

/DISCARD/
 *(.note.GNU-stack)
 *(.gnu_debuglink)
 *(.gnu.lto_*)
OUTPUT(tools/system elf32-i386)
