Archive member included because of file (symbol)

lib/lib.a(ctype.o)            kernel/kernel.o (_ctype)
lib/lib.a(_exit.o)            init/main.o (_exit)
lib/lib.a(open.o)             init/main.o (open)
lib/lib.a(close.o)            init/main.o (close)
lib/lib.a(errno.o)            init/main.o (errno)
lib/lib.a(write.o)            init/main.o (write)
lib/lib.a(dup.o)              init/main.o (dup)
lib/lib.a(setsid.o)           init/main.o (setsid)
lib/lib.a(execve.o)           init/main.o (execve)
lib/lib.a(wait.o)             init/main.o (wait)
lib/lib.a(string.o)           kernel/kernel.o (memcpy)

Allocating common symbols
Common symbol       size              file

errno               0x4               lib/lib.a(errno.o)
hash_table          0x4cc             fs/fs.o
___strtok           0x4               lib/lib.a(string.o)
user_stack          0x1000            kernel/kernel.o
_ctmp               0x1               lib/lib.a(ctype.o)
super_block         0x340             fs/fs.o
file_table          0x400             fs/fs.o

Discarded input sections

 .note.GNU-stack
                0x0000000000000000        0x0 init/main.o
 .note.GNU-stack
                0x0000000000000000        0x0 kernel/kernel.o
 .note.GNU-stack
                0x0000000000000000        0x0 mm/mm.o
 .note.GNU-stack
                0x0000000000000000        0x0 fs/fs.o
 .note.GNU-stack
                0x0000000000000000        0x0 lib/lib.a(ctype.o)
 .note.GNU-stack
                0x0000000000000000        0x0 lib/lib.a(_exit.o)
 .note.GNU-stack
                0x0000000000000000        0x0 lib/lib.a(open.o)
 .note.GNU-stack
                0x0000000000000000        0x0 lib/lib.a(close.o)
 .note.GNU-stack
                0x0000000000000000        0x0 lib/lib.a(errno.o)
 .note.GNU-stack
                0x0000000000000000        0x0 lib/lib.a(write.o)
 .note.GNU-stack
                0x0000000000000000        0x0 lib/lib.a(dup.o)
 .note.GNU-stack
                0x0000000000000000        0x0 lib/lib.a(setsid.o)
 .note.GNU-stack
                0x0000000000000000        0x0 lib/lib.a(execve.o)
 .note.GNU-stack
                0x0000000000000000        0x0 lib/lib.a(wait.o)
 .note.GNU-stack
                0x0000000000000000        0x0 lib/lib.a(string.o)

Memory Configuration

Name             Origin             Length             Attributes
*default*        0x0000000000000000 0xffffffffffffffff

Linker script and memory map

Address of section .text set to 0x0
LOAD boot/head.o
LOAD init/main.o
LOAD kernel/kernel.o
LOAD mm/mm.o
LOAD fs/fs.o
LOAD lib/lib.a
                0x0000000008048000                PROVIDE (__executable_start, 0x8048000)
                0x0000000008048094                . = (0x8048000 + SIZEOF_HEADERS)

.interp
 *(.interp)

.note.gnu.build-id
 *(.note.gnu.build-id)

.hash
 *(.hash)

.gnu.hash
 *(.gnu.hash)

.dynsym
 *(.dynsym)

.dynstr
 *(.dynstr)

.gnu.version
 *(.gnu.version)

.gnu.version_d
 *(.gnu.version_d)

.gnu.version_r
 *(.gnu.version_r)

.rel.dyn        0x0000000008048094        0x0
 *(.rel.init)
 *(.rel.text .rel.text.* .rel.gnu.linkonce.t.*)
 .rel.text      0x0000000000000000        0x0 boot/head.o
 *(.rel.fini)
 *(.rel.rodata .rel.rodata.* .rel.gnu.linkonce.r.*)
 *(.rel.data.rel.ro* .rel.gnu.linkonce.d.rel.ro.*)
 *(.rel.data .rel.data.* .rel.gnu.linkonce.d.*)
 .rel.data      0x0000000000000000        0x0 boot/head.o
 *(.rel.tdata .rel.tdata.* .rel.gnu.linkonce.td.*)
 *(.rel.tbss .rel.tbss.* .rel.gnu.linkonce.tb.*)
 *(.rel.ctors)
 *(.rel.dtors)
 *(.rel.got)
 *(.rel.bss .rel.bss.* .rel.gnu.linkonce.b.*)
 *(.rel.ifunc)

.rel.plt        0x0000000008048094        0x0
 *(.rel.plt)
                0x0000000008048094                PROVIDE (__rel_iplt_start, .)
 *(.rel.iplt)
 .rel.iplt      0x0000000000000000        0x0 boot/head.o
                0x0000000008048094                PROVIDE (__rel_iplt_end, .)

.init
 *(.init)

.plt            0x00000000080480a0        0x0
 *(.plt)
 *(.iplt)
 .iplt          0x0000000000000000        0x0 boot/head.o

.text           0x0000000000000000    0x101c5
 *(.text.unlikely .text.*_unlikely)
 *(.text.exit .text.exit.*)
 *(.text.startup .text.startup.*)
 *(.text.hot .text.hot.*)
 *(.text .stub .text.* .gnu.linkonce.t.*)
 .text          0x0000000000000000     0x5078 boot/head.o
                0x0000000000000000                startup_32
                0x0000000000000000                pg_dir
                0x0000000000004078                idt
                0x0000000000004878                gdt
 *fill*         0x0000000000005078        0x8 90909090
 .text          0x0000000000005080      0x370 init/main.o
                0x00000000000050c1                init
                0x0000000000005232                main
 .text          0x00000000000053f0     0x53b7 kernel/kernel.o
                0x00000000000053f0                sys_alarm
                0x0000000000005417                sys_getpid
                0x0000000000005423                sys_getppid
                0x000000000000542f                sys_getuid
                0x000000000000543c                sys_geteuid
                0x0000000000005449                sys_getgid
                0x0000000000005456                sys_getegid
                0x0000000000005463                sys_nice
                0x000000000000547c                sys_signal
                0x00000000000054b9                math_state_restore
                0x00000000000054f0                schedule
                0x00000000000055e1                sys_pause
                0x00000000000055f7                sleep_on
                0x0000000000005651                interruptible_sleep_on
                0x00000000000056bb                wake_up
                0x00000000000056d7                do_timer
                0x000000000000571d                sched_init
                0x0000000000005844                system_call
                0x0000000000005936                timer_interrupt
                0x000000000000596e                sys_execve
                0x000000000000597c                sys_fork
                0x0000000000005994                hd_interrupt
                0x0000000000005b41                do_double_fault
                0x0000000000005b5a                do_general_protection
                0x0000000000005b73                do_divide_error
                0x0000000000005b8c                do_int3
                0x0000000000005c44                do_nmi
                0x0000000000005c5d                do_debug
                0x0000000000005c76                do_overflow
                0x0000000000005c8f                do_bounds
                0x0000000000005ca8                do_invalid_op
                0x0000000000005cc1                do_device_not_available
                0x0000000000005cda                do_coprocessor_segment_overrun
                0x0000000000005cf3                do_invalid_TSS
                0x0000000000005d0c                do_segment_not_present
                0x0000000000005d25                do_stack_segment
                0x0000000000005d3e                do_coprocessor_error
                0x0000000000005d57                do_reserved
                0x0000000000005d70                trap_init
                0x0000000000005f2c                divide_error
                0x0000000000005f61                debug
                0x0000000000005f68                nmi
                0x0000000000005f6f                int3
                0x0000000000005f76                overflow
                0x0000000000005f7d                bounds
                0x0000000000005f84                invalid_op
                0x0000000000005f93                device_not_available
                0x0000000000005fc0                coprocessor_segment_overrun
                0x0000000000005fca                reserved
                0x0000000000005fd4                coprocessor_error
                0x0000000000005fde                double_fault
                0x0000000000006015                invalid_TSS
                0x000000000000601c                segment_not_present
                0x0000000000006023                stack_segment
                0x000000000000602a                general_protection
                0x0000000000006034                verify_area
                0x0000000000006099                copy_mem
                0x000000000000618f                copy_process
                0x000000000000641e                find_empty_process
                0x0000000000006480                panic
                0x000000000000649c                printk
                0x0000000000006726                vsprintf
                0x0000000000006a90                tty_init
                0x0000000000006aa1                tty_intr
                0x0000000000006ae6                copy_to_cooked
                0x0000000000006d66                tty_read
                0x000000000000702c                tty_write
                0x0000000000007209                do_tty_interrupt
                0x0000000000007435                openR
                0x0000000000007478                fill_list
                0x0000000000007558                closeR
                0x0000000000007592                draw_list_clip
                0x00000000000076a8                draw_list
                0x0000000000007843                mark_selected_clip
                0x00000000000078ab                mark_selected
                0x0000000000007913                set_path_name
                0x0000000000007a2c                csi_m
                0x0000000000007a87                con_write
                0x000000000000840a                con_init
                0x000000000000848d                f1_down
                0x0000000000008498                f1_up
                0x00000000000084a3                tool_draw
                0x0000000000008637                tool_dir
                0x000000000000865e                tool_clip
                0x00000000000086c3                tool_start
                0x0000000000008743                getDirectoriums
                0x0000000000008820                arr_right
                0x00000000000088ef                arr_left
                0x0000000000008996                arr_down
                0x0000000000008a08                arr_up
                0x0000000000008a71                print_name_and_index
                0x0000000000008ae3                keyboard_interrupt
                0x000000000000931c                rs1_interrupt
                0x0000000000009324                rs2_interrupt
                0x0000000000009a89                rw_hd
                0x0000000000009b32                sys_setup
                0x0000000000009c31                unexpected_hd_interrupt
                0x0000000000009c44                hd_init
                0x0000000000009cb4                sys_ftime
                0x0000000000009cba                sys_mknod
                0x0000000000009cc0                sys_break
                0x0000000000009cc6                sys_mount
                0x0000000000009ccc                sys_umount
                0x0000000000009cd2                sys_ustat
                0x0000000000009cd8                sys_ptrace
                0x0000000000009cde                sys_stty
                0x0000000000009ce4                sys_gtty
                0x0000000000009cea                sys_rename
                0x0000000000009cf0                sys_prof
                0x0000000000009cf6                sys_setgid
                0x0000000000009d53                sys_acct
                0x0000000000009d59                sys_phys
                0x0000000000009d5f                sys_lock
                0x0000000000009d65                sys_mpx
                0x0000000000009d6b                sys_ulimit
                0x0000000000009d71                sys_time
                0x0000000000009dc4                sys_setuid
                0x0000000000009e1d                sys_stime
                0x0000000000009e6a                sys_times
                0x0000000000009ec3                sys_brk
                0x0000000000009ef6                sys_setpgid
                0x0000000000009f6b                sys_getpgrp
                0x0000000000009f77                sys_setsid
                0x0000000000009fcc                sys_oldolduname
                0x0000000000009fe4                sys_uname
                0x000000000000a031                sys_umask
                0x000000000000a04f                sys_null
                0x000000000000a080                release
                0x000000000000a0da                do_kill
                0x000000000000a353                sys_kill
                0x000000000000a389                do_exit
                0x000000000000a51c                sys_exit
                0x000000000000a537                sys_waitpid
                0x000000000000a6be                rs_init
                0x000000000000a716                rs_write
                0x000000000000a740                kernel_mktime
 *fill*         0x000000000000a7a7        0x1 90909090
 .text          0x000000000000a7a8      0x517 mm/mm.o
                0x000000000000a7a8                invalidate
                0x000000000000a7b1                copy_page
                0x000000000000a7d6                get_free_page
                0x000000000000a80e                free_page
                0x000000000000a86e                free_page_tables
                0x000000000000a91e                copy_page_tables
                0x000000000000aa18                put_page
                0x000000000000aac5                un_wp_page
                0x000000000000ab55                do_wp_page
                0x000000000000ab85                write_verify
                0x000000000000abc4                do_no_page
                0x000000000000abf4                calc_mem
                0x000000000000ac88                page_fault
 *fill*         0x000000000000acbf        0x1 90909090
 .text          0x000000000000acc0     0x4f4c fs/fs.o
                0x000000000000acc0                sys_utime
                0x000000000000ad29                sys_access
                0x000000000000adc0                sys_chdir
                0x000000000000ae23                sys_chroot
                0x000000000000ae86                sys_chmod
                0x000000000000af1b                sys_chown
                0x000000000000af82                sys_open
                0x000000000000b116                sys_creat
                0x000000000000b139                sys_close
                0x000000000000b1c0                sys_lseek
                0x000000000000b27c                sys_read
                0x000000000000b3d7                sys_write
                0x000000000000b8eb                sync_inodes
                0x000000000000b935                bmap
                0x000000000000b94e                create_block
                0x000000000000b967                iput
                0x000000000000ba55                get_empty_inode
                0x000000000000bb43                get_pipe_inode
                0x000000000000bb8a                iget
                0x000000000000bd77                sys_sync
                0x000000000000bddf                brelse
                0x000000000000be31                get_hash_table
                0x000000000000be90                getblk
                0x000000000000c12f                bread
                0x000000000000c189                buffer_init
                0x000000000000c224                do_mount
                0x000000000000c42f                mount_root
                0x000000000000c580                block_write
                0x000000000000c663                block_read
                0x000000000000c73a                ll_rw_block
                0x000000000000c803                rw_char
                0x000000000000c874                file_read
                0x000000000000ca1f                file_write
                0x000000000000ccbe                sys_stat
                0x000000000000cd03                sys_lstat
                0x000000000000cd1e                sys_fstat
                0x000000000000cd61                sys_stat64
                0x000000000000cda6                sys_fstat64
                0x000000000000cde9                sys_lstat64
                0x000000000000ce04                sys_oldstat
                0x000000000000ce1c                sys_oldfstat
                0x000000000000cf64                cp_block
                0x000000000000cf99                is_valid_elf
                0x000000000000cfde                read_file_block_ind
                0x000000000000d073                read_file_block
                0x000000000000d172                copy_section
                0x000000000000d260                create_bss_section
                0x000000000000d286                load_elf_binary
                0x000000000000d491                do_execve
                0x000000000000d924                read_pipe
                0x000000000000d9bd                write_pipe
                0x000000000000dab6                sys_pipe
                0x000000000000e0e9                namei
                0x000000000000e19f                open_namei
                0x000000000000e405                sys_mkdir
                0x000000000000e6ba                sys_rmdir
                0x000000000000ea2c                sys_unlink
                0x000000000000ebc8                sys_link
                0x000000000000ed70                free_block
                0x000000000000eeab                new_block
                0x000000000000f02e                free_inode
                0x000000000000f15a                new_inode
                0x000000000000f33a                sys_dup2
                0x000000000000f35a                sys_dup
                0x000000000000f36a                sys_fcntl
                0x000000000000f427                sys_fcntl64
                0x000000000000f47c                sys_ioctl
                0x000000000000f519                tty_ioctl
                0x000000000000f7e5                truncate
                0x000000000000f8f0                sys_getdents
                0x000000000000fa7e                sys_getdents64
 .text          0x000000000000fc0c        0x0 lib/lib.a(ctype.o)
 .text          0x000000000000fc0c        0xe lib/lib.a(_exit.o)
                0x000000000000fc0c                _exit
 *fill*         0x000000000000fc1a        0x2 90909090
 .text          0x000000000000fc1c       0x3d lib/lib.a(open.o)
                0x000000000000fc1c                open
 *fill*         0x000000000000fc59        0x3 90909090
 .text          0x000000000000fc5c       0x23 lib/lib.a(close.o)
                0x000000000000fc5c                close
 *fill*         0x000000000000fc7f        0x1 90909090
 .text          0x000000000000fc80        0x0 lib/lib.a(errno.o)
 .text          0x000000000000fc80       0x3d lib/lib.a(write.o)
                0x000000000000fc80                write
 *fill*         0x000000000000fcbd        0x3 90909090
 .text          0x000000000000fcc0       0x23 lib/lib.a(dup.o)
                0x000000000000fcc0                dup
 *fill*         0x000000000000fce3        0x1 90909090
 .text          0x000000000000fce4       0x1e lib/lib.a(setsid.o)
                0x000000000000fce4                setsid
 *fill*         0x000000000000fd02        0x2 90909090
 .text          0x000000000000fd04       0x3d lib/lib.a(execve.o)
                0x000000000000fd04                execve
 *fill*         0x000000000000fd41        0x3 90909090
 .text          0x000000000000fd44       0x60 lib/lib.a(wait.o)
                0x000000000000fd44                waitpid
                0x000000000000fd81                wait
 .text          0x000000000000fda4      0x421 lib/lib.a(string.o)
                0x000000000000fda4                strcpy
                0x000000000000fdcc                strncpy
                0x000000000000fdfd                strcat
                0x000000000000fe32                strncat
                0x000000000000fe71                strcmp
                0x000000000000fe9f                strncmp
                0x000000000000fed4                strchr
                0x000000000000fef2                strrchr
                0x000000000000ff13                strspn
                0x000000000000ff60                strcspn
                0x000000000000ffad                strpbrk
                0x000000000000fff2                strstr
                0x0000000000010037                strlen
                0x0000000000010050                strtok
                0x00000000000100e1                memcpy
                0x0000000000010107                memmove
                0x0000000000010155                memcmp
                0x0000000000010189                memchr
                0x00000000000101af                memset
 *(.gnu.warning)

.fini
 *(.fini)
                0x00000000000101c5                PROVIDE (__etext, .)
                0x00000000000101c5                PROVIDE (_etext, .)
                0x00000000000101c5                PROVIDE (etext, .)

.rodata         0x00000000000101e0     0x1064
 *(.rodata .rodata.* .gnu.linkonce.r.*)
 .rodata.str1.1
                0x00000000000101e0       0x68 init/main.o
 .rodata.str1.4
                0x0000000000010248       0x25 init/main.o
 *fill*         0x000000000001026d       0x13 00
 .rodata        0x0000000000010280      0x270 kernel/kernel.o
 .rodata.str1.1
                0x00000000000104f0      0x2ad kernel/kernel.o
                                        0x2b7 (size before relaxing)
 *fill*         0x000000000001079d        0x3 00
 .rodata.str1.4
                0x00000000000107a0      0x22c kernel/kernel.o
 .rodata.str1.4
                0x00000000000109cc       0xe9 mm/mm.o
 .rodata.str1.1
                0x0000000000010ab5       0x68 mm/mm.o
 *fill*         0x0000000000010b1d        0x3 00
 .rodata        0x0000000000010b20       0xc4 fs/fs.o
 .rodata.str1.1
                0x0000000000010be4      0x32c fs/fs.o
                                        0x332 (size before relaxing)
 .rodata.str1.4
                0x0000000000010f10      0x334 fs/fs.o

.rodata1
 *(.rodata1)

.eh_frame_hdr
 *(.eh_frame_hdr)

.eh_frame       0x0000000000011244     0x2438
 *(.eh_frame)
 .eh_frame      0x0000000000011244       0x74 init/main.o
 .eh_frame      0x00000000000112b8      0xfb4 kernel/kernel.o
                                       0x10ec (size before relaxing)
 .eh_frame      0x000000000001226c      0x1a8 mm/mm.o
                                        0x1c0 (size before relaxing)
 .eh_frame      0x0000000000012414      0xf0c fs/fs.o
                                       0x10bc (size before relaxing)
 .eh_frame      0x0000000000013320       0x1c lib/lib.a(_exit.o)
                                         0x34 (size before relaxing)
 .eh_frame      0x000000000001333c       0x20 lib/lib.a(open.o)
                                         0x38 (size before relaxing)
 .eh_frame      0x000000000001335c       0x1c lib/lib.a(close.o)
                                         0x34 (size before relaxing)
 .eh_frame      0x0000000000013378       0x20 lib/lib.a(write.o)
                                         0x38 (size before relaxing)
 .eh_frame      0x0000000000013398       0x1c lib/lib.a(dup.o)
                                         0x34 (size before relaxing)
 .eh_frame      0x00000000000133b4       0x14 lib/lib.a(setsid.o)
                                         0x2c (size before relaxing)
 .eh_frame      0x00000000000133c8       0x20 lib/lib.a(execve.o)
                                         0x38 (size before relaxing)
 .eh_frame      0x00000000000133e8       0x38 lib/lib.a(wait.o)
                                         0x50 (size before relaxing)
 .eh_frame      0x0000000000013420      0x25c lib/lib.a(string.o)
                                        0x274 (size before relaxing)

.gcc_except_table
 *(.gcc_except_table .gcc_except_table.*)

.exception_ranges
 *(.exception_ranges .exception_ranges*)
                0x000000000001367c                . = (ALIGN (0x1000) - ((0x1000 - .) & 0xfff))
                0x000000000001467c                . = DATA_SEGMENT_ALIGN (0x1000, 0x1000)

.eh_frame
 *(.eh_frame)

.gcc_except_table
 *(.gcc_except_table .gcc_except_table.*)

.exception_ranges
 *(.exception_ranges .exception_ranges*)

.tdata
 *(.tdata .tdata.* .gnu.linkonce.td.*)

.tbss
 *(.tbss .tbss.* .gnu.linkonce.tb.*)
 *(.tcommon)

.preinit_array  0x000000000001467c        0x0
                0x000000000001467c                PROVIDE (__preinit_array_start, .)
 *(.preinit_array)
                0x000000000001467c                PROVIDE (__preinit_array_end, .)

.init_array     0x000000000001467c        0x0
                0x000000000001467c                PROVIDE (__init_array_start, .)
 *(SORT(.init_array.*) SORT(.ctors.*))
 *(.init_array)
 *(EXCLUDE_FILE(*crtend?.o *crtend.o *crtbegin?.o *crtbegin.o) .ctors)
                0x000000000001467c                PROVIDE (__init_array_end, .)

.fini_array     0x000000000001467c        0x0
                0x000000000001467c                PROVIDE (__fini_array_start, .)
 *(SORT(.fini_array.*) SORT(.dtors.*))
 *(.fini_array)
 *(EXCLUDE_FILE(*crtend?.o *crtend.o *crtbegin?.o *crtbegin.o) .dtors)
                0x000000000001467c                PROVIDE (__fini_array_end, .)

.ctors
 *crtbegin.o(.ctors)
 *crtbegin?.o(.ctors)
 *(EXCLUDE_FILE(*crtend?.o *crtend.o) .ctors)
 *(SORT(.ctors.*))
 *(.ctors)

.dtors
 *crtbegin.o(.dtors)
 *crtbegin?.o(.dtors)
 *(EXCLUDE_FILE(*crtend?.o *crtend.o) .dtors)
 *(SORT(.dtors.*))
 *(.dtors)

.jcr
 *(.jcr)

.data.rel.ro
 *(.data.rel.ro.local* .gnu.linkonce.d.rel.ro.local.*)
 *(.data.rel.ro* .gnu.linkonce.d.rel.ro.*)

.dynamic
 *(.dynamic)

.got
 *(.got)
 *(.igot)
                0x000000000001467c                . = DATA_SEGMENT_RELRO_END (., 0xc)

.got.plt        0x000000000001467c        0x0
 *(.got.plt)
 *(.igot.plt)
 .igot.plt      0x0000000000000000        0x0 boot/head.o

.data           0x0000000000014680     0x3e64
 *(.data .data.* .gnu.linkonce.d.*)
 .data          0x0000000000014680        0x0 boot/head.o
 .data          0x0000000000014680       0x18 init/main.o
 *fill*         0x0000000000014698        0x8 00
 .data          0x00000000000146a0     0x3d2c kernel/kernel.o
                0x00000000000146a0                stack_start
                0x00000000000146c0                task
                0x00000000000147c0                current
                0x00000000000147e0                sys_call_table
                0x0000000000015ce0                table_list
                0x0000000000015d00                tty_table
 .data          0x00000000000183cc        0x0 mm/mm.o
 .data          0x00000000000183cc        0x4 fs/fs.o
                0x00000000000183cc                start_buffer
 *fill*         0x00000000000183d0       0x10 00
 .data          0x00000000000183e0      0x101 lib/lib.a(ctype.o)
                0x00000000000183e0                _ctype
 *fill*         0x00000000000184e1        0x3 00
 .data          0x00000000000184e4        0x0 lib/lib.a(_exit.o)
 .data          0x00000000000184e4        0x0 lib/lib.a(open.o)
 .data          0x00000000000184e4        0x0 lib/lib.a(close.o)
 .data          0x00000000000184e4        0x0 lib/lib.a(errno.o)
 .data          0x00000000000184e4        0x0 lib/lib.a(write.o)
 .data          0x00000000000184e4        0x0 lib/lib.a(dup.o)
 .data          0x00000000000184e4        0x0 lib/lib.a(setsid.o)
 .data          0x00000000000184e4        0x0 lib/lib.a(execve.o)
 .data          0x00000000000184e4        0x0 lib/lib.a(wait.o)
 .data          0x00000000000184e4        0x0 lib/lib.a(string.o)

.data1
 *(.data1)
                0x00000000000184e4                _edata = .
                0x00000000000184e4                PROVIDE (edata, .)
                0x00000000000184e4                __bss_start = .

.bss            0x0000000000018500     0x41ac
 *(.dynbss)
 *(.bss .bss.* .gnu.linkonce.b.*)
 .bss           0x0000000000018500        0x0 boot/head.o
 .bss           0x0000000000018500      0x400 init/main.o
 .bss           0x0000000000018900      0xe4c kernel/kernel.o
                0x0000000000018900                last_task_used_math
                0x0000000000018904                startup_time
                0x0000000000018908                jiffies
                0x000000000001890c                last_pid
                0x0000000000018d40                f1_down_flag
                0x0000000000019240                do_hd
 *fill*         0x000000000001974c       0x14 00
 .bss           0x0000000000019760      0xc00 mm/mm.o
 .bss           0x000000000001a360      0x710 fs/fs.o
                0x000000000001a360                inode_table
                0x000000000001aa64                nr_buffers
 .bss           0x000000000001aa70        0x0 lib/lib.a(ctype.o)
 .bss           0x000000000001aa70        0x0 lib/lib.a(_exit.o)
 .bss           0x000000000001aa70        0x0 lib/lib.a(open.o)
 .bss           0x000000000001aa70        0x0 lib/lib.a(close.o)
 .bss           0x000000000001aa70        0x0 lib/lib.a(errno.o)
 .bss           0x000000000001aa70        0x0 lib/lib.a(write.o)
 .bss           0x000000000001aa70        0x0 lib/lib.a(dup.o)
 .bss           0x000000000001aa70        0x0 lib/lib.a(setsid.o)
 .bss           0x000000000001aa70        0x0 lib/lib.a(execve.o)
 .bss           0x000000000001aa70        0x0 lib/lib.a(wait.o)
 .bss           0x000000000001aa70        0x0 lib/lib.a(string.o)
 *(COMMON)
 *fill*         0x000000000001aa70       0x10 00
 COMMON         0x000000000001aa80     0x1000 kernel/kernel.o
                0x000000000001aa80                user_stack
 COMMON         0x000000000001ba80      0xc20 fs/fs.o
                0x000000000001ba80                hash_table
                0x000000000001bf60                super_block
                0x000000000001c2a0                file_table
 COMMON         0x000000000001c6a0        0x1 lib/lib.a(ctype.o)
                0x000000000001c6a0                _ctmp
 *fill*         0x000000000001c6a1        0x3 00
 COMMON         0x000000000001c6a4        0x4 lib/lib.a(errno.o)
                0x000000000001c6a4                errno
 COMMON         0x000000000001c6a8        0x4 lib/lib.a(string.o)
                0x000000000001c6a8                ___strtok
                0x000000000001c6ac                . = ALIGN ((. != 0x0)?0x4:0x1)
                0x000000000001c6ac                . = ALIGN (0x4)
                0x000000000001c6ac                . = ALIGN (0x4)
                0x000000000001c6ac                _end = .
                0x000000000001c6ac                PROVIDE (end, .)
                0x000000000001c6ac                . = DATA_SEGMENT_END (.)

.stab
 *(.stab)

.stabstr
 *(.stabstr)

.stab.excl
 *(.stab.excl)

.stab.exclstr
 *(.stab.exclstr)

.stab.index
 *(.stab.index)

.stab.indexstr
 *(.stab.indexstr)

.comment        0x0000000000000000       0x2a
 *(.comment)
 .comment       0x0000000000000000       0x2a init/main.o
                                         0x2b (size before relaxing)
 .comment       0x0000000000000000      0x22f kernel/kernel.o
 .comment       0x0000000000000000       0x2b mm/mm.o
 .comment       0x0000000000000000      0x331 fs/fs.o
 .comment       0x0000000000000000       0x2b lib/lib.a(ctype.o)
 .comment       0x0000000000000000       0x2b lib/lib.a(_exit.o)
 .comment       0x0000000000000000       0x2b lib/lib.a(open.o)
 .comment       0x0000000000000000       0x2b lib/lib.a(close.o)
 .comment       0x0000000000000000       0x2b lib/lib.a(errno.o)
 .comment       0x0000000000000000       0x2b lib/lib.a(write.o)
 .comment       0x0000000000000000       0x2b lib/lib.a(dup.o)
 .comment       0x0000000000000000       0x2b lib/lib.a(setsid.o)
 .comment       0x0000000000000000       0x2b lib/lib.a(execve.o)
 .comment       0x0000000000000000       0x2b lib/lib.a(wait.o)
 .comment       0x0000000000000000       0x2b lib/lib.a(string.o)

.debug
 *(.debug)

.line
 *(.line)

.debug_srcinfo
 *(.debug_srcinfo)

.debug_sfnames
 *(.debug_sfnames)

.debug_aranges  0x0000000000000000      0x540
 *(.debug_aranges)
 .debug_aranges
                0x0000000000000000       0x20 init/main.o
 .debug_aranges
                0x0000000000000020      0x1a0 kernel/kernel.o
 .debug_aranges
                0x00000000000001c0       0x20 mm/mm.o
 .debug_aranges
                0x00000000000001e0      0x240 fs/fs.o
 .debug_aranges
                0x0000000000000420       0x20 lib/lib.a(_exit.o)
 .debug_aranges
                0x0000000000000440       0x20 lib/lib.a(open.o)
 .debug_aranges
                0x0000000000000460       0x20 lib/lib.a(close.o)
 .debug_aranges
                0x0000000000000480       0x20 lib/lib.a(write.o)
 .debug_aranges
                0x00000000000004a0       0x20 lib/lib.a(dup.o)
 .debug_aranges
                0x00000000000004c0       0x20 lib/lib.a(setsid.o)
 .debug_aranges
                0x00000000000004e0       0x20 lib/lib.a(execve.o)
 .debug_aranges
                0x0000000000000500       0x20 lib/lib.a(wait.o)
 .debug_aranges
                0x0000000000000520       0x20 lib/lib.a(string.o)

.debug_pubnames
 *(.debug_pubnames)

.debug_info     0x0000000000000000    0x1b010
 *(.debug_info .gnu.linkonce.wi.*)
 .debug_info    0x0000000000000000      0xccf init/main.o
 .debug_info    0x0000000000000ccf     0x94a7 kernel/kernel.o
 .debug_info    0x000000000000a176      0x4d6 mm/mm.o
 .debug_info    0x000000000000a64c     0xe2d3 fs/fs.o
 .debug_info    0x000000000001891f       0x70 lib/lib.a(ctype.o)
 .debug_info    0x000000000001898f      0x3af lib/lib.a(_exit.o)
 .debug_info    0x0000000000018d3e      0x403 lib/lib.a(open.o)
 .debug_info    0x0000000000019141      0x3ce lib/lib.a(close.o)
 .debug_info    0x000000000001950f       0x3f lib/lib.a(errno.o)
 .debug_info    0x000000000001954e      0x400 lib/lib.a(write.o)
 .debug_info    0x000000000001994e      0x3ce lib/lib.a(dup.o)
 .debug_info    0x0000000000019d1c      0x3cb lib/lib.a(setsid.o)
 .debug_info    0x000000000001a0e7      0x3fc lib/lib.a(execve.o)
 .debug_info    0x000000000001a4e3      0x428 lib/lib.a(wait.o)
 .debug_info    0x000000000001a90b      0x705 lib/lib.a(string.o)

.debug_abbrev   0x0000000000000000     0x446f
 *(.debug_abbrev)
 .debug_abbrev  0x0000000000000000      0x1d7 init/main.o
 .debug_abbrev  0x00000000000001d7     0x1826 kernel/kernel.o
 .debug_abbrev  0x00000000000019fd      0x1af mm/mm.o
 .debug_abbrev  0x0000000000001bac     0x212e fs/fs.o
 .debug_abbrev  0x0000000000003cda       0x42 lib/lib.a(ctype.o)
 .debug_abbrev  0x0000000000003d1c       0xa3 lib/lib.a(_exit.o)
 .debug_abbrev  0x0000000000003dbf       0xdc lib/lib.a(open.o)
 .debug_abbrev  0x0000000000003e9b       0xb4 lib/lib.a(close.o)
 .debug_abbrev  0x0000000000003f4f       0x30 lib/lib.a(errno.o)
 .debug_abbrev  0x0000000000003f7f       0xd7 lib/lib.a(write.o)
 .debug_abbrev  0x0000000000004056       0xb4 lib/lib.a(dup.o)
 .debug_abbrev  0x000000000000410a       0xb2 lib/lib.a(setsid.o)
 .debug_abbrev  0x00000000000041bc       0xbb lib/lib.a(execve.o)
 .debug_abbrev  0x0000000000004277       0xd0 lib/lib.a(wait.o)
 .debug_abbrev  0x0000000000004347      0x128 lib/lib.a(string.o)

.debug_line     0x0000000000000000     0x3926
 *(.debug_line)
 .debug_line    0x0000000000000000      0x11e init/main.o
 .debug_line    0x000000000000011e     0x1696 kernel/kernel.o
 .debug_line    0x00000000000017b4      0x122 mm/mm.o
 .debug_line    0x00000000000018d6     0x1b88 fs/fs.o
 .debug_line    0x000000000000345e       0x28 lib/lib.a(ctype.o)
 .debug_line    0x0000000000003486       0x50 lib/lib.a(_exit.o)
 .debug_line    0x00000000000034d6       0x76 lib/lib.a(open.o)
 .debug_line    0x000000000000354c       0x6e lib/lib.a(close.o)
 .debug_line    0x00000000000035ba       0x28 lib/lib.a(errno.o)
 .debug_line    0x00000000000035e2       0x8c lib/lib.a(write.o)
 .debug_line    0x000000000000366e       0x6c lib/lib.a(dup.o)
 .debug_line    0x00000000000036da       0x88 lib/lib.a(setsid.o)
 .debug_line    0x0000000000003762       0x73 lib/lib.a(execve.o)
 .debug_line    0x00000000000037d5       0x90 lib/lib.a(wait.o)
 .debug_line    0x0000000000003865       0xc1 lib/lib.a(string.o)

.debug_frame
 *(.debug_frame)

.debug_str      0x0000000000000000     0x1b51
 *(.debug_str)
 .debug_str     0x0000000000000000      0x3f7 init/main.o
                                        0x4a4 (size before relaxing)
 .debug_str     0x00000000000003f7      0xc41 kernel/kernel.o
                                       0x3308 (size before relaxing)
 .debug_str     0x0000000000001038      0x125 mm/mm.o
                                        0x1c0 (size before relaxing)
 .debug_str     0x000000000000115d      0x92a fs/fs.o
                                       0x53ba (size before relaxing)
 .debug_str     0x0000000000001a87       0x25 lib/lib.a(ctype.o)
                                         0x65 (size before relaxing)
 .debug_str     0x0000000000001aac        0x8 lib/lib.a(_exit.o)
                                        0x283 (size before relaxing)
 .debug_str     0x0000000000000000        0x8 lib/lib.a(open.o)
                                        0x293 (size before relaxing)
 .debug_str     0x0000000000001ab4        0x8 lib/lib.a(close.o)
                                        0x285 (size before relaxing)
 .debug_str     0x0000000000001abc        0x8 lib/lib.a(errno.o)
                                         0x37 (size before relaxing)
 .debug_str     0x0000000000000000        0x8 lib/lib.a(write.o)
                                        0x291 (size before relaxing)
 .debug_str     0x0000000000001ac4        0x6 lib/lib.a(dup.o)
                                        0x27d (size before relaxing)
 .debug_str     0x0000000000001aca        0x9 lib/lib.a(setsid.o)
                                        0x28d (size before relaxing)
 .debug_str     0x0000000000001ad3        0x9 lib/lib.a(execve.o)
                                        0x296 (size before relaxing)
 .debug_str     0x0000000000001adc       0x11 lib/lib.a(wait.o)
                                        0x2a3 (size before relaxing)
 .debug_str     0x0000000000001aed       0x64 lib/lib.a(string.o)
                                         0xeb (size before relaxing)

.debug_loc      0x0000000000000000     0xb3b8
 *(.debug_loc)
 .debug_loc     0x0000000000000000      0x256 init/main.o
 .debug_loc     0x0000000000000256     0x41fc kernel/kernel.o
 .debug_loc     0x0000000000004452      0x640 mm/mm.o
 .debug_loc     0x0000000000004a92     0x6353 fs/fs.o
 .debug_loc     0x000000000000ade5       0x2c lib/lib.a(_exit.o)
 .debug_loc     0x000000000000ae11       0x3f lib/lib.a(open.o)
 .debug_loc     0x000000000000ae50       0x3f lib/lib.a(close.o)
 .debug_loc     0x000000000000ae8f       0x57 lib/lib.a(write.o)
 .debug_loc     0x000000000000aee6       0x3f lib/lib.a(dup.o)
 .debug_loc     0x000000000000af25       0x13 lib/lib.a(setsid.o)
 .debug_loc     0x000000000000af38       0x57 lib/lib.a(execve.o)
 .debug_loc     0x000000000000af8f       0x83 lib/lib.a(wait.o)
 .debug_loc     0x000000000000b012      0x3a6 lib/lib.a(string.o)

.debug_macinfo
 *(.debug_macinfo)

.debug_weaknames
 *(.debug_weaknames)

.debug_funcnames
 *(.debug_funcnames)

.debug_typenames
 *(.debug_typenames)

.debug_varnames
 *(.debug_varnames)

.debug_pubtypes
 *(.debug_pubtypes)

.debug_ranges   0x0000000000000000      0x5d0
 *(.debug_ranges)
 .debug_ranges  0x0000000000000000      0x2c8 kernel/kernel.o
 .debug_ranges  0x00000000000002c8      0x308 fs/fs.o

.gnu.attributes
 *(.gnu.attributes)

/DISCARD/
 *(.note.GNU-stack)
 *(.gnu_debuglink)
 *(.gnu.lto_*)
OUTPUT(tools/system elf32-i386)
