Archive member included because of file (symbol)

lib/lib.a(ctype.o)            kernel/kernel.o (_ctype)
lib/lib.a(_exit.o)            init/main.o (_exit)
lib/lib.a(open.o)             init/main.o (open)
lib/lib.a(close.o)            init/main.o (close)
lib/lib.a(errno.o)            init/main.o (errno)
lib/lib.a(write.o)            init/main.o (write)
lib/lib.a(dup.o)              init/main.o (dup)
lib/lib.a(setsid.o)           init/main.o (setsid)
lib/lib.a(execve.o)           init/main.o (execve)
lib/lib.a(wait.o)             init/main.o (wait)
lib/lib.a(string.o)           kernel/kernel.o (memcpy)
lib/lib.a(crypt.o)            kernel/kernel.o (clear_key)

Allocating common symbols
Common symbol       size              file

errno               0x4               lib/lib.a(errno.o)
hash_table          0x4cc             fs/fs.o
___strtok           0x4               lib/lib.a(string.o)
user_stack          0x1000            kernel/kernel.o
_ctmp               0x1               lib/lib.a(ctype.o)
super_block         0x340             fs/fs.o
character_for_input
                    0x1               kernel/kernel.o
file_table          0x400             fs/fs.o

Discarded input sections

 .note.GNU-stack
                0x0000000000000000        0x0 init/main.o
 .note.GNU-stack
                0x0000000000000000        0x0 kernel/kernel.o
 .note.GNU-stack
                0x0000000000000000        0x0 mm/mm.o
 .note.GNU-stack
                0x0000000000000000        0x0 fs/fs.o
 .note.GNU-stack
                0x0000000000000000        0x0 lib/lib.a(ctype.o)
 .note.GNU-stack
                0x0000000000000000        0x0 lib/lib.a(_exit.o)
 .note.GNU-stack
                0x0000000000000000        0x0 lib/lib.a(open.o)
 .note.GNU-stack
                0x0000000000000000        0x0 lib/lib.a(close.o)
 .note.GNU-stack
                0x0000000000000000        0x0 lib/lib.a(errno.o)
 .note.GNU-stack
                0x0000000000000000        0x0 lib/lib.a(write.o)
 .note.GNU-stack
                0x0000000000000000        0x0 lib/lib.a(dup.o)
 .note.GNU-stack
                0x0000000000000000        0x0 lib/lib.a(setsid.o)
 .note.GNU-stack
                0x0000000000000000        0x0 lib/lib.a(execve.o)
 .note.GNU-stack
                0x0000000000000000        0x0 lib/lib.a(wait.o)
 .note.GNU-stack
                0x0000000000000000        0x0 lib/lib.a(string.o)
 .note.GNU-stack
                0x0000000000000000        0x0 lib/lib.a(crypt.o)

Memory Configuration

Name             Origin             Length             Attributes
*default*        0x0000000000000000 0xffffffffffffffff

Linker script and memory map

Address of section .text set to 0x0
LOAD boot/head.o
LOAD init/main.o
LOAD kernel/kernel.o
LOAD mm/mm.o
LOAD fs/fs.o
LOAD lib/lib.a
                0x0000000008048000                PROVIDE (__executable_start, 0x8048000)
                0x0000000008048094                . = (0x8048000 + SIZEOF_HEADERS)

.interp
 *(.interp)

.note.gnu.build-id
 *(.note.gnu.build-id)

.hash
 *(.hash)

.gnu.hash
 *(.gnu.hash)

.dynsym
 *(.dynsym)

.dynstr
 *(.dynstr)

.gnu.version
 *(.gnu.version)

.gnu.version_d
 *(.gnu.version_d)

.gnu.version_r
 *(.gnu.version_r)

.rel.dyn        0x0000000008048094        0x0
 *(.rel.init)
 *(.rel.text .rel.text.* .rel.gnu.linkonce.t.*)
 .rel.text      0x0000000000000000        0x0 boot/head.o
 *(.rel.fini)
 *(.rel.rodata .rel.rodata.* .rel.gnu.linkonce.r.*)
 *(.rel.data.rel.ro* .rel.gnu.linkonce.d.rel.ro.*)
 *(.rel.data .rel.data.* .rel.gnu.linkonce.d.*)
 .rel.data      0x0000000000000000        0x0 boot/head.o
 *(.rel.tdata .rel.tdata.* .rel.gnu.linkonce.td.*)
 *(.rel.tbss .rel.tbss.* .rel.gnu.linkonce.tb.*)
 *(.rel.ctors)
 *(.rel.dtors)
 *(.rel.got)
 *(.rel.bss .rel.bss.* .rel.gnu.linkonce.b.*)
 *(.rel.ifunc)

.rel.plt        0x0000000008048094        0x0
 *(.rel.plt)
                0x0000000008048094                PROVIDE (__rel_iplt_start, .)
 *(.rel.iplt)
 .rel.iplt      0x0000000000000000        0x0 boot/head.o
                0x0000000008048094                PROVIDE (__rel_iplt_end, .)

.init
 *(.init)

.plt            0x00000000080480a0        0x0
 *(.plt)
 *(.iplt)
 .iplt          0x0000000000000000        0x0 boot/head.o

.text           0x0000000000000000    0x119d7
 *(.text.unlikely .text.*_unlikely)
 *(.text.exit .text.exit.*)
 *(.text.startup .text.startup.*)
 *(.text.hot .text.hot.*)
 *(.text .stub .text.* .gnu.linkonce.t.*)
 .text          0x0000000000000000     0x5078 boot/head.o
                0x0000000000000000                startup_32
                0x0000000000000000                pg_dir
                0x0000000000004078                idt
                0x0000000000004878                gdt
 *fill*         0x0000000000005078        0x8 90909090
 .text          0x0000000000005080      0x370 init/main.o
                0x00000000000050c1                init
                0x0000000000005232                main
 .text          0x00000000000053f0     0x6807 kernel/kernel.o
                0x00000000000053f0                sys_activate_timer
                0x000000000000540a                sys_alarm
                0x0000000000005431                sys_getpid
                0x000000000000543d                sys_getppid
                0x0000000000005449                sys_getuid
                0x0000000000005456                sys_geteuid
                0x0000000000005463                sys_getgid
                0x0000000000005470                sys_getegid
                0x000000000000547d                sys_nice
                0x0000000000005496                sys_signal
                0x00000000000054d3                math_state_restore
                0x000000000000550a                schedule
                0x00000000000055fb                sys_pause
                0x0000000000005611                sleep_on
                0x000000000000566b                interruptible_sleep_on
                0x00000000000056d5                wake_up
                0x00000000000056f1                do_timer
                0x000000000000577a                sched_init
                0x00000000000058a0                system_call
                0x0000000000005992                timer_interrupt
                0x00000000000059ca                sys_execve
                0x00000000000059d8                sys_fork
                0x00000000000059f0                hd_interrupt
                0x0000000000005b9d                do_double_fault
                0x0000000000005bb6                do_general_protection
                0x0000000000005bcf                do_divide_error
                0x0000000000005be8                do_int3
                0x0000000000005ca0                do_nmi
                0x0000000000005cb9                do_debug
                0x0000000000005cd2                do_overflow
                0x0000000000005ceb                do_bounds
                0x0000000000005d04                do_invalid_op
                0x0000000000005d1d                do_device_not_available
                0x0000000000005d36                do_coprocessor_segment_overrun
                0x0000000000005d4f                do_invalid_TSS
                0x0000000000005d68                do_segment_not_present
                0x0000000000005d81                do_stack_segment
                0x0000000000005d9a                do_coprocessor_error
                0x0000000000005db3                do_reserved
                0x0000000000005dcc                trap_init
                0x0000000000005f88                divide_error
                0x0000000000005fbd                debug
                0x0000000000005fc4                nmi
                0x0000000000005fcb                int3
                0x0000000000005fd2                overflow
                0x0000000000005fd9                bounds
                0x0000000000005fe0                invalid_op
                0x0000000000005fef                device_not_available
                0x000000000000601c                coprocessor_segment_overrun
                0x0000000000006026                reserved
                0x0000000000006030                coprocessor_error
                0x000000000000603a                double_fault
                0x0000000000006071                invalid_TSS
                0x0000000000006078                segment_not_present
                0x000000000000607f                stack_segment
                0x0000000000006086                general_protection
                0x0000000000006090                verify_area
                0x00000000000060f5                copy_mem
                0x00000000000061eb                copy_process
                0x000000000000647a                find_empty_process
                0x00000000000064dc                panic
                0x00000000000064f8                printk
                0x0000000000006786                vsprintf
                0x0000000000006af0                tty_init
                0x0000000000006b01                tty_intr
                0x0000000000006b46                copy_to_cooked
                0x0000000000006dc6                tty_read
                0x000000000000708c                tty_write
                0x0000000000007269                do_tty_interrupt
                0x0000000000007495                fill_list
                0x0000000000007575                closeR
                0x00000000000075af                openR
                0x00000000000075f2                draw_list_clip
                0x0000000000007718                draw_list
                0x00000000000078b3                mark_selected_clip
                0x000000000000791b                mark_selected
                0x0000000000007983                set_path_name
                0x0000000000007a9c                csi_m
                0x0000000000007af7                con_write
                0x000000000000846c                con_init
                0x00000000000084ef                f1_down
                0x00000000000084fa                f1_up
                0x0000000000008505                tool_draw
                0x0000000000008699                tool_dir
                0x00000000000086c1                tool_clip
                0x00000000000086e3                tool_start
                0x0000000000008763                put_char_to_clip
                0x00000000000087f4                remove_char_for_clip
                0x000000000000887d                paste_to_con
                0x00000000000089f5                arr_right
                0x0000000000008ac4                arr_left
                0x0000000000008b6b                arr_down
                0x0000000000008c08                arr_up
                0x0000000000008c97                print_name_and_index
                0x0000000000008d07                keyboard_interrupt
                0x00000000000095d4                rs1_interrupt
                0x00000000000095dc                rs2_interrupt
                0x0000000000009d49                rw_hd
                0x0000000000009df2                sys_setup
                0x0000000000009ef1                unexpected_hd_interrupt
                0x0000000000009f04                hd_init
                0x0000000000009f80                copy_to_buffer
                0x0000000000009fa8                to_lower_case
                0x000000000000a009                sys_get_i_node
                0x000000000000a00b                buffer_decr
                0x000000000000a183                file_decr
                0x000000000000a209                is_key_set_
                0x000000000000a20f                reverse_num
                0x000000000000a247                unmarkOld
                0x000000000000a357                unmark
                0x000000000000a452                compare_name
                0x000000000000a4b6                remove_file_mark
                0x000000000000a5d9                buffer_encr
                0x000000000000a751                file_encr
                0x000000000000a83d                partition
                0x000000000000a8ca                sort_index_and_global
                0x000000000000a94f                sys_generate_key_
                0x000000000000aa6b                hash
                0x000000000000aa94                i_node_check
                0x000000000000ab32                check_for_encr
                0x000000000000ac6f                sys_decr
                0x000000000000ad16                mark
                0x000000000000ae6f                mark_file
                0x000000000000af92                sys_encr
                0x000000000000b021                sys_turn_on_key_set
                0x000000000000b031                sys_turn_off_key_set
                0x000000000000b041                sys_get_turn_on
                0x000000000000b047                pow_check
                0x000000000000b074                clear_key_
                0x000000000000b08b                sys_clear_key
                0x000000000000b0a9                sys_set_key
                0x000000000000b10b                sys_ftime
                0x000000000000b111                sys_mknod
                0x000000000000b117                sys_break
                0x000000000000b11d                sys_mount
                0x000000000000b123                sys_umount
                0x000000000000b129                sys_ustat
                0x000000000000b12f                sys_ptrace
                0x000000000000b135                sys_stty
                0x000000000000b13b                sys_gtty
                0x000000000000b141                sys_rename
                0x000000000000b147                sys_prof
                0x000000000000b14d                sys_setgid
                0x000000000000b1aa                sys_acct
                0x000000000000b1b0                sys_phys
                0x000000000000b1b6                sys_lock
                0x000000000000b1bc                sys_mpx
                0x000000000000b1c2                sys_ulimit
                0x000000000000b1c8                sys_time
                0x000000000000b21b                sys_setuid
                0x000000000000b274                sys_stime
                0x000000000000b2c1                sys_times
                0x000000000000b31a                sys_brk
                0x000000000000b34d                sys_setpgid
                0x000000000000b3c2                sys_getpgrp
                0x000000000000b3ce                sys_setsid
                0x000000000000b423                sys_oldolduname
                0x000000000000b43b                sys_uname
                0x000000000000b488                sys_umask
                0x000000000000b4a6                sys_null
                0x000000000000b4d0                release
                0x000000000000b52a                do_kill
                0x000000000000b7a3                sys_kill
                0x000000000000b7d9                do_exit
                0x000000000000b96c                sys_exit
                0x000000000000b987                sys_waitpid
                0x000000000000bb0e                rs_init
                0x000000000000bb66                rs_write
                0x000000000000bb90                kernel_mktime
 *fill*         0x000000000000bbf7        0x1 90909090
 .text          0x000000000000bbf8      0x517 mm/mm.o
                0x000000000000bbf8                invalidate
                0x000000000000bc01                copy_page
                0x000000000000bc26                get_free_page
                0x000000000000bc5e                free_page
                0x000000000000bcbe                free_page_tables
                0x000000000000bd6e                copy_page_tables
                0x000000000000be68                put_page
                0x000000000000bf15                un_wp_page
                0x000000000000bfa5                do_wp_page
                0x000000000000bfd5                write_verify
                0x000000000000c014                do_no_page
                0x000000000000c044                calc_mem
                0x000000000000c0d8                page_fault
 *fill*         0x000000000000c10f        0x1 90909090
 .text          0x000000000000c110     0x519d fs/fs.o
                0x000000000000c110                sys_utime
                0x000000000000c179                sys_access
                0x000000000000c210                sys_chdir
                0x000000000000c273                sys_chroot
                0x000000000000c2d6                sys_chmod
                0x000000000000c36b                sys_chown
                0x000000000000c3d2                sys_open
                0x000000000000c566                sys_creat
                0x000000000000c589                sys_close
                0x000000000000c610                sys_lseek
                0x000000000000c6cc                sys_read
                0x000000000000c827                sys_write
                0x000000000000cd3b                sync_inodes
                0x000000000000cd85                bmap
                0x000000000000cd9e                create_block
                0x000000000000cdb7                iput
                0x000000000000cea5                get_empty_inode
                0x000000000000cf93                get_pipe_inode
                0x000000000000cfda                iget
                0x000000000000d1c7                sys_sync
                0x000000000000d22f                brelse
                0x000000000000d281                get_hash_table
                0x000000000000d2e0                getblk
                0x000000000000d57f                bread
                0x000000000000d5d9                buffer_init
                0x000000000000d674                do_mount
                0x000000000000d87f                mount_root
                0x000000000000d9d0                block_write
                0x000000000000dab3                block_read
                0x000000000000db8a                ll_rw_block
                0x000000000000dc53                rw_char
                0x000000000000dcc4                buffer_switch_case
                0x000000000000dd03                file_switch_case
                0x000000000000ddca                sys_switch_case
                0x000000000000de05                file_read
                0x000000000000dfd4                file_write
                0x000000000000e2ee                sys_stat
                0x000000000000e333                sys_lstat
                0x000000000000e34e                sys_fstat
                0x000000000000e391                sys_stat64
                0x000000000000e3d6                sys_fstat64
                0x000000000000e419                sys_lstat64
                0x000000000000e434                sys_oldstat
                0x000000000000e44c                sys_oldfstat
                0x000000000000e594                cp_block
                0x000000000000e5c9                is_valid_elf
                0x000000000000e60e                read_file_block_ind
                0x000000000000e6a3                read_file_block
                0x000000000000e7a2                copy_section
                0x000000000000e890                create_bss_section
                0x000000000000e8b6                load_elf_binary
                0x000000000000eac1                do_execve
                0x000000000000ef54                read_pipe
                0x000000000000efed                write_pipe
                0x000000000000f0e6                sys_pipe
                0x000000000000f719                namei
                0x000000000000f7cf                open_namei
                0x000000000000fa35                sys_mkdir
                0x000000000000fcea                sys_rmdir
                0x000000000001005c                sys_unlink
                0x000000000001021a                sys_link
                0x00000000000103c0                free_block
                0x00000000000104fb                new_block
                0x000000000001067e                free_inode
                0x00000000000107aa                new_inode
                0x000000000001098a                sys_dup2
                0x00000000000109aa                sys_dup
                0x00000000000109ba                sys_fcntl
                0x0000000000010a77                sys_fcntl64
                0x0000000000010acc                sys_ioctl
                0x0000000000010b69                tty_ioctl
                0x0000000000010e35                truncate
                0x0000000000010f40                sys_getdents
                0x000000000001111a                sys_getdents64
 *fill*         0x00000000000112ad        0x3 90909090
 .text          0x00000000000112b0        0x0 lib/lib.a(ctype.o)
 .text          0x00000000000112b0        0xe lib/lib.a(_exit.o)
                0x00000000000112b0                _exit
 *fill*         0x00000000000112be        0x2 90909090
 .text          0x00000000000112c0       0x3d lib/lib.a(open.o)
                0x00000000000112c0                open
 *fill*         0x00000000000112fd        0x3 90909090
 .text          0x0000000000011300       0x23 lib/lib.a(close.o)
                0x0000000000011300                close
 *fill*         0x0000000000011323        0x1 90909090
 .text          0x0000000000011324        0x0 lib/lib.a(errno.o)
 .text          0x0000000000011324       0x60 lib/lib.a(write.o)
                0x0000000000011324                write
                0x0000000000011361                switch_case
 .text          0x0000000000011384       0x23 lib/lib.a(dup.o)
                0x0000000000011384                dup
 *fill*         0x00000000000113a7        0x1 90909090
 .text          0x00000000000113a8       0x1e lib/lib.a(setsid.o)
                0x00000000000113a8                setsid
 *fill*         0x00000000000113c6        0x2 90909090
 .text          0x00000000000113c8       0x3d lib/lib.a(execve.o)
                0x00000000000113c8                execve
 *fill*         0x0000000000011405        0x3 90909090
 .text          0x0000000000011408       0x60 lib/lib.a(wait.o)
                0x0000000000011408                waitpid
                0x0000000000011445                wait
 .text          0x0000000000011468      0x421 lib/lib.a(string.o)
                0x0000000000011468                strcpy
                0x0000000000011490                strncpy
                0x00000000000114c1                strcat
                0x00000000000114f6                strncat
                0x0000000000011535                strcmp
                0x0000000000011563                strncmp
                0x0000000000011598                strchr
                0x00000000000115b6                strrchr
                0x00000000000115d7                strspn
                0x0000000000011624                strcspn
                0x0000000000011671                strpbrk
                0x00000000000116b6                strstr
                0x00000000000116fb                strlen
                0x0000000000011714                strtok
                0x00000000000117a5                memcpy
                0x00000000000117cb                memmove
                0x0000000000011819                memcmp
                0x000000000001184d                memchr
                0x0000000000011873                memset
 *fill*         0x0000000000011889        0x3 90909090
 .text          0x000000000001188c      0x14b lib/lib.a(crypt.o)
                0x000000000001188c                set_key
                0x00000000000118b3                clear_key
                0x00000000000118d1                generate_key_
                0x00000000000118f4                encr
                0x0000000000011917                decr
                0x000000000001193a                get_i_node
                0x000000000001195f                turn_on_key_set
                0x000000000001197d                get_turn_on
                0x000000000001199b                turn_off_key_set
                0x00000000000119b9                activate_timer
 *(.gnu.warning)

.fini
 *(.fini)
                0x00000000000119d7                PROVIDE (__etext, .)
                0x00000000000119d7                PROVIDE (_etext, .)
                0x00000000000119d7                PROVIDE (etext, .)

.rodata         0x00000000000119e0     0x10f8
 *(.rodata .rodata.* .gnu.linkonce.r.*)
 .rodata.str1.1
                0x00000000000119e0       0x68 init/main.o
 .rodata.str1.4
                0x0000000000011a48       0x25 init/main.o
 *fill*         0x0000000000011a6d       0x13 00
 .rodata        0x0000000000011a80      0x270 kernel/kernel.o
 .rodata.str1.1
                0x0000000000011cf0      0x32a kernel/kernel.o
                                        0x336 (size before relaxing)
 *fill*         0x000000000001201a        0x2 00
 .rodata.str1.4
                0x000000000001201c      0x22c kernel/kernel.o
 .rodata.str1.4
                0x0000000000012248       0xe9 mm/mm.o
 .rodata.str1.1
                0x0000000000012331       0x68 mm/mm.o
 *fill*         0x0000000000012399        0x7 00
 .rodata        0x00000000000123a0       0xc4 fs/fs.o
 .rodata.str1.1
                0x0000000000012464      0x33e fs/fs.o
                                        0x352 (size before relaxing)
 *fill*         0x00000000000127a2        0x2 00
 .rodata.str1.4
                0x00000000000127a4      0x334 fs/fs.o

.rodata1
 *(.rodata1)

.eh_frame_hdr
 *(.eh_frame_hdr)

.eh_frame       0x0000000000012ad8     0x2ae8
 *(.eh_frame)
 .eh_frame      0x0000000000012ad8       0x74 init/main.o
 .eh_frame      0x0000000000012b4c     0x14d4 kernel/kernel.o
                                       0x160c (size before relaxing)
 .eh_frame      0x0000000000014020      0x1a8 mm/mm.o
                                        0x1c0 (size before relaxing)
 .eh_frame      0x00000000000141c8      0xf90 fs/fs.o
                                       0x1140 (size before relaxing)
 .eh_frame      0x0000000000015158       0x1c lib/lib.a(_exit.o)
                                         0x34 (size before relaxing)
 .eh_frame      0x0000000000015174       0x20 lib/lib.a(open.o)
                                         0x38 (size before relaxing)
 .eh_frame      0x0000000000015194       0x1c lib/lib.a(close.o)
                                         0x34 (size before relaxing)
 .eh_frame      0x00000000000151b0       0x3c lib/lib.a(write.o)
                                         0x54 (size before relaxing)
 .eh_frame      0x00000000000151ec       0x1c lib/lib.a(dup.o)
                                         0x34 (size before relaxing)
 .eh_frame      0x0000000000015208       0x14 lib/lib.a(setsid.o)
                                         0x2c (size before relaxing)
 .eh_frame      0x000000000001521c       0x20 lib/lib.a(execve.o)
                                         0x38 (size before relaxing)
 .eh_frame      0x000000000001523c       0x38 lib/lib.a(wait.o)
                                         0x50 (size before relaxing)
 .eh_frame      0x0000000000015274      0x25c lib/lib.a(string.o)
                                        0x274 (size before relaxing)
 .eh_frame      0x00000000000154d0       0xf0 lib/lib.a(crypt.o)
                                        0x108 (size before relaxing)

.gcc_except_table
 *(.gcc_except_table .gcc_except_table.*)

.exception_ranges
 *(.exception_ranges .exception_ranges*)
                0x00000000000155c0                . = (ALIGN (0x1000) - ((0x1000 - .) & 0xfff))
                0x0000000000016000                . = DATA_SEGMENT_ALIGN (0x1000, 0x1000)

.eh_frame
 *(.eh_frame)

.gcc_except_table
 *(.gcc_except_table .gcc_except_table.*)

.exception_ranges
 *(.exception_ranges .exception_ranges*)

.tdata
 *(.tdata .tdata.* .gnu.linkonce.td.*)

.tbss
 *(.tbss .tbss.* .gnu.linkonce.tb.*)
 *(.tcommon)

.preinit_array  0x0000000000016000        0x0
                0x0000000000016000                PROVIDE (__preinit_array_start, .)
 *(.preinit_array)
                0x0000000000016000                PROVIDE (__preinit_array_end, .)

.init_array     0x0000000000016000        0x0
                0x0000000000016000                PROVIDE (__init_array_start, .)
 *(SORT(.init_array.*) SORT(.ctors.*))
 *(.init_array)
 *(EXCLUDE_FILE(*crtend?.o *crtend.o *crtbegin?.o *crtbegin.o) .ctors)
                0x0000000000016000                PROVIDE (__init_array_end, .)

.fini_array     0x0000000000016000        0x0
                0x0000000000016000                PROVIDE (__fini_array_start, .)
 *(SORT(.fini_array.*) SORT(.dtors.*))
 *(.fini_array)
 *(EXCLUDE_FILE(*crtend?.o *crtend.o *crtbegin?.o *crtbegin.o) .dtors)
                0x0000000000016000                PROVIDE (__fini_array_end, .)

.ctors
 *crtbegin.o(.ctors)
 *crtbegin?.o(.ctors)
 *(EXCLUDE_FILE(*crtend?.o *crtend.o) .ctors)
 *(SORT(.ctors.*))
 *(.ctors)

.dtors
 *crtbegin.o(.dtors)
 *crtbegin?.o(.dtors)
 *(EXCLUDE_FILE(*crtend?.o *crtend.o) .dtors)
 *(SORT(.dtors.*))
 *(.dtors)

.jcr
 *(.jcr)

.data.rel.ro
 *(.data.rel.ro.local* .gnu.linkonce.d.rel.ro.local.*)
 *(.data.rel.ro* .gnu.linkonce.d.rel.ro.*)

.dynamic
 *(.dynamic)

.got
 *(.got)
 *(.igot)
                0x0000000000016000                . = DATA_SEGMENT_RELRO_END (., 0xc)

.got.plt        0x0000000000016000        0x0
 *(.got.plt)
 *(.igot.plt)
 .igot.plt      0x0000000000000000        0x0 boot/head.o

.data           0x0000000000016000     0x3e64
 *(.data .data.* .gnu.linkonce.d.*)
 .data          0x0000000000016000        0x0 boot/head.o
 .data          0x0000000000016000       0x18 init/main.o
 *fill*         0x0000000000016018        0x8 00
 .data          0x0000000000016020     0x3d2c kernel/kernel.o
                0x0000000000016020                stack_start
                0x0000000000016040                task
                0x0000000000016140                current
                0x0000000000016160                sys_call_table
                0x0000000000017660                table_list
                0x0000000000017680                tty_table
 .data          0x0000000000019d4c        0x0 mm/mm.o
 .data          0x0000000000019d4c        0x8 fs/fs.o
                0x0000000000019d4c                start_buffer
 *fill*         0x0000000000019d54        0xc 00
 .data          0x0000000000019d60      0x101 lib/lib.a(ctype.o)
                0x0000000000019d60                _ctype
 *fill*         0x0000000000019e61        0x3 00
 .data          0x0000000000019e64        0x0 lib/lib.a(_exit.o)
 .data          0x0000000000019e64        0x0 lib/lib.a(open.o)
 .data          0x0000000000019e64        0x0 lib/lib.a(close.o)
 .data          0x0000000000019e64        0x0 lib/lib.a(errno.o)
 .data          0x0000000000019e64        0x0 lib/lib.a(write.o)
 .data          0x0000000000019e64        0x0 lib/lib.a(dup.o)
 .data          0x0000000000019e64        0x0 lib/lib.a(setsid.o)
 .data          0x0000000000019e64        0x0 lib/lib.a(execve.o)
 .data          0x0000000000019e64        0x0 lib/lib.a(wait.o)
 .data          0x0000000000019e64        0x0 lib/lib.a(string.o)
 .data          0x0000000000019e64        0x0 lib/lib.a(crypt.o)

.data1
 *(.data1)
                0x0000000000019e64                _edata = .
                0x0000000000019e64                PROVIDE (edata, .)
                0x0000000000019e64                __bss_start = .

.bss            0x0000000000019e80     0x400c
 *(.dynbss)
 *(.bss .bss.* .gnu.linkonce.b.*)
 .bss           0x0000000000019e80        0x0 boot/head.o
 .bss           0x0000000000019e80      0x400 init/main.o
 .bss           0x000000000001a280      0xc84 kernel/kernel.o
                0x000000000001a280                last_task_used_math
                0x000000000001a284                startup_time
                0x000000000001a288                jiffies
                0x000000000001a294                last_pid
                0x000000000001a6c0                f1_down_flag
                0x000000000001a960                do_hd
 *fill*         0x000000000001af04       0x1c 00
 .bss           0x000000000001af20      0xc00 mm/mm.o
 .bss           0x000000000001bb20      0x71c fs/fs.o
                0x000000000001bb20                inode_table
                0x000000000001c224                nr_buffers
 .bss           0x000000000001c23c        0x0 lib/lib.a(ctype.o)
 .bss           0x000000000001c23c        0x0 lib/lib.a(_exit.o)
 .bss           0x000000000001c23c        0x0 lib/lib.a(open.o)
 .bss           0x000000000001c23c        0x0 lib/lib.a(close.o)
 .bss           0x000000000001c23c        0x0 lib/lib.a(errno.o)
 .bss           0x000000000001c23c        0x0 lib/lib.a(write.o)
 .bss           0x000000000001c23c        0x0 lib/lib.a(dup.o)
 .bss           0x000000000001c23c        0x0 lib/lib.a(setsid.o)
 .bss           0x000000000001c23c        0x0 lib/lib.a(execve.o)
 .bss           0x000000000001c23c        0x0 lib/lib.a(wait.o)
 .bss           0x000000000001c23c        0x0 lib/lib.a(string.o)
 .bss           0x000000000001c23c        0x0 lib/lib.a(crypt.o)
 *(COMMON)
 *fill*         0x000000000001c23c        0x4 00
 COMMON         0x000000000001c240     0x1001 kernel/kernel.o
                0x000000000001c240                user_stack
                0x000000000001d240                character_for_input
 *fill*         0x000000000001d241       0x1f 00
 COMMON         0x000000000001d260      0xc20 fs/fs.o
                0x000000000001d260                hash_table
                0x000000000001d740                super_block
                0x000000000001da80                file_table
 COMMON         0x000000000001de80        0x1 lib/lib.a(ctype.o)
                0x000000000001de80                _ctmp
 *fill*         0x000000000001de81        0x3 00
 COMMON         0x000000000001de84        0x4 lib/lib.a(errno.o)
                0x000000000001de84                errno
 COMMON         0x000000000001de88        0x4 lib/lib.a(string.o)
                0x000000000001de88                ___strtok
                0x000000000001de8c                . = ALIGN ((. != 0x0)?0x4:0x1)
                0x000000000001de8c                . = ALIGN (0x4)
                0x000000000001de8c                . = ALIGN (0x4)
                0x000000000001de8c                _end = .
                0x000000000001de8c                PROVIDE (end, .)
                0x000000000001de8c                . = DATA_SEGMENT_END (.)

.stab
 *(.stab)

.stabstr
 *(.stabstr)

.stab.excl
 *(.stab.excl)

.stab.exclstr
 *(.stab.exclstr)

.stab.index
 *(.stab.index)

.stab.indexstr
 *(.stab.indexstr)

.comment        0x0000000000000000       0x2a
 *(.comment)
 .comment       0x0000000000000000       0x2a init/main.o
                                         0x2b (size before relaxing)
 .comment       0x0000000000000000      0x22f kernel/kernel.o
 .comment       0x0000000000000000       0x2b mm/mm.o
 .comment       0x0000000000000000      0x331 fs/fs.o
 .comment       0x0000000000000000       0x2b lib/lib.a(ctype.o)
 .comment       0x0000000000000000       0x2b lib/lib.a(_exit.o)
 .comment       0x0000000000000000       0x2b lib/lib.a(open.o)
 .comment       0x0000000000000000       0x2b lib/lib.a(close.o)
 .comment       0x0000000000000000       0x2b lib/lib.a(errno.o)
 .comment       0x0000000000000000       0x2b lib/lib.a(write.o)
 .comment       0x0000000000000000       0x2b lib/lib.a(dup.o)
 .comment       0x0000000000000000       0x2b lib/lib.a(setsid.o)
 .comment       0x0000000000000000       0x2b lib/lib.a(execve.o)
 .comment       0x0000000000000000       0x2b lib/lib.a(wait.o)
 .comment       0x0000000000000000       0x2b lib/lib.a(string.o)
 .comment       0x0000000000000000       0x2b lib/lib.a(crypt.o)

.debug
 *(.debug)

.line
 *(.line)

.debug_srcinfo
 *(.debug_srcinfo)

.debug_sfnames
 *(.debug_sfnames)

.debug_aranges  0x0000000000000000      0x560
 *(.debug_aranges)
 .debug_aranges
                0x0000000000000000       0x20 init/main.o
 .debug_aranges
                0x0000000000000020      0x1a0 kernel/kernel.o
 .debug_aranges
                0x00000000000001c0       0x20 mm/mm.o
 .debug_aranges
                0x00000000000001e0      0x240 fs/fs.o
 .debug_aranges
                0x0000000000000420       0x20 lib/lib.a(_exit.o)
 .debug_aranges
                0x0000000000000440       0x20 lib/lib.a(open.o)
 .debug_aranges
                0x0000000000000460       0x20 lib/lib.a(close.o)
 .debug_aranges
                0x0000000000000480       0x20 lib/lib.a(write.o)
 .debug_aranges
                0x00000000000004a0       0x20 lib/lib.a(dup.o)
 .debug_aranges
                0x00000000000004c0       0x20 lib/lib.a(setsid.o)
 .debug_aranges
                0x00000000000004e0       0x20 lib/lib.a(execve.o)
 .debug_aranges
                0x0000000000000500       0x20 lib/lib.a(wait.o)
 .debug_aranges
                0x0000000000000520       0x20 lib/lib.a(string.o)
 .debug_aranges
                0x0000000000000540       0x20 lib/lib.a(crypt.o)

.debug_pubnames
 *(.debug_pubnames)

.debug_info     0x0000000000000000    0x1cc8f
 *(.debug_info .gnu.linkonce.wi.*)
 .debug_info    0x0000000000000000      0xccf init/main.o
 .debug_info    0x0000000000000ccf     0xa868 kernel/kernel.o
 .debug_info    0x000000000000b537      0x4d6 mm/mm.o
 .debug_info    0x000000000000ba0d     0xe5b5 fs/fs.o
 .debug_info    0x0000000000019fc2       0x70 lib/lib.a(ctype.o)
 .debug_info    0x000000000001a032      0x3af lib/lib.a(_exit.o)
 .debug_info    0x000000000001a3e1      0x403 lib/lib.a(open.o)
 .debug_info    0x000000000001a7e4      0x3ce lib/lib.a(close.o)
 .debug_info    0x000000000001abb2       0x3f lib/lib.a(errno.o)
 .debug_info    0x000000000001abf1      0x43a lib/lib.a(write.o)
 .debug_info    0x000000000001b02b      0x3ce lib/lib.a(dup.o)
 .debug_info    0x000000000001b3f9      0x3cb lib/lib.a(setsid.o)
 .debug_info    0x000000000001b7c4      0x3fc lib/lib.a(execve.o)
 .debug_info    0x000000000001bbc0      0x428 lib/lib.a(wait.o)
 .debug_info    0x000000000001bfe8      0x705 lib/lib.a(string.o)
 .debug_info    0x000000000001c6ed      0x5a2 lib/lib.a(crypt.o)

.debug_abbrev   0x0000000000000000     0x47ef
 *(.debug_abbrev)
 .debug_abbrev  0x0000000000000000      0x1d7 init/main.o
 .debug_abbrev  0x00000000000001d7     0x1a3c kernel/kernel.o
 .debug_abbrev  0x0000000000001c13      0x1af mm/mm.o
 .debug_abbrev  0x0000000000001dc2     0x21bc fs/fs.o
 .debug_abbrev  0x0000000000003f7e       0x42 lib/lib.a(ctype.o)
 .debug_abbrev  0x0000000000003fc0       0xa3 lib/lib.a(_exit.o)
 .debug_abbrev  0x0000000000004063       0xdc lib/lib.a(open.o)
 .debug_abbrev  0x000000000000413f       0xb4 lib/lib.a(close.o)
 .debug_abbrev  0x00000000000041f3       0x30 lib/lib.a(errno.o)
 .debug_abbrev  0x0000000000004223       0xd7 lib/lib.a(write.o)
 .debug_abbrev  0x00000000000042fa       0xb4 lib/lib.a(dup.o)
 .debug_abbrev  0x00000000000043ae       0xb2 lib/lib.a(setsid.o)
 .debug_abbrev  0x0000000000004460       0xbb lib/lib.a(execve.o)
 .debug_abbrev  0x000000000000451b       0xd0 lib/lib.a(wait.o)
 .debug_abbrev  0x00000000000045eb      0x128 lib/lib.a(string.o)
 .debug_abbrev  0x0000000000004713       0xdc lib/lib.a(crypt.o)

.debug_line     0x0000000000000000     0x3f11
 *(.debug_line)
 .debug_line    0x0000000000000000      0x11e init/main.o
 .debug_line    0x000000000000011e     0x1b3a kernel/kernel.o
 .debug_line    0x0000000000001c58      0x122 mm/mm.o
 .debug_line    0x0000000000001d7a     0x1bf8 fs/fs.o
 .debug_line    0x0000000000003972       0x28 lib/lib.a(ctype.o)
 .debug_line    0x000000000000399a       0x50 lib/lib.a(_exit.o)
 .debug_line    0x00000000000039ea       0x76 lib/lib.a(open.o)
 .debug_line    0x0000000000003a60       0x6e lib/lib.a(close.o)
 .debug_line    0x0000000000003ace       0x28 lib/lib.a(errno.o)
 .debug_line    0x0000000000003af6       0x97 lib/lib.a(write.o)
 .debug_line    0x0000000000003b8d       0x6c lib/lib.a(dup.o)
 .debug_line    0x0000000000003bf9       0x88 lib/lib.a(setsid.o)
 .debug_line    0x0000000000003c81       0x73 lib/lib.a(execve.o)
 .debug_line    0x0000000000003cf4       0x90 lib/lib.a(wait.o)
 .debug_line    0x0000000000003d84       0xc1 lib/lib.a(string.o)
 .debug_line    0x0000000000003e45       0xcc lib/lib.a(crypt.o)

.debug_frame
 *(.debug_frame)

.debug_str      0x0000000000000000     0x1e25
 *(.debug_str)
 .debug_str     0x0000000000000000      0x3f0 init/main.o
                                        0x4a2 (size before relaxing)
 .debug_str     0x00000000000003f0      0xee7 kernel/kernel.o
                                       0x366c (size before relaxing)
 .debug_str     0x00000000000012d7      0x123 mm/mm.o
                                        0x1be (size before relaxing)
 .debug_str     0x00000000000013fa      0x95b fs/fs.o
                                       0x5419 (size before relaxing)
 .debug_str     0x0000000000001d55       0x23 lib/lib.a(ctype.o)
                                         0x63 (size before relaxing)
 .debug_str     0x0000000000001d78        0x8 lib/lib.a(_exit.o)
                                        0x281 (size before relaxing)
 .debug_str     0x0000000000000000        0x8 lib/lib.a(open.o)
                                        0x291 (size before relaxing)
 .debug_str     0x0000000000001d80        0x8 lib/lib.a(close.o)
                                        0x283 (size before relaxing)
 .debug_str     0x0000000000001d88        0x8 lib/lib.a(errno.o)
                                         0x35 (size before relaxing)
 .debug_str     0x0000000000000000        0x8 lib/lib.a(write.o)
                                        0x29b (size before relaxing)
 .debug_str     0x0000000000001d90        0x6 lib/lib.a(dup.o)
                                        0x27b (size before relaxing)
 .debug_str     0x0000000000001d96        0x9 lib/lib.a(setsid.o)
                                        0x28b (size before relaxing)
 .debug_str     0x0000000000001d9f        0x9 lib/lib.a(execve.o)
                                        0x294 (size before relaxing)
 .debug_str     0x0000000000001da8       0x11 lib/lib.a(wait.o)
                                        0x2a1 (size before relaxing)
 .debug_str     0x0000000000001db9       0x64 lib/lib.a(string.o)
                                         0xe9 (size before relaxing)
 .debug_str     0x0000000000001e1d        0x8 lib/lib.a(crypt.o)
                                        0x2f4 (size before relaxing)

.debug_loc      0x0000000000000000     0xd2d9
 *(.debug_loc)
 .debug_loc     0x0000000000000000      0x256 init/main.o
 .debug_loc     0x0000000000000256     0x5c73 kernel/kernel.o
 .debug_loc     0x0000000000005ec9      0x640 mm/mm.o
 .debug_loc     0x0000000000006509     0x6624 fs/fs.o
 .debug_loc     0x000000000000cb2d       0x2c lib/lib.a(_exit.o)
 .debug_loc     0x000000000000cb59       0x3f lib/lib.a(open.o)
 .debug_loc     0x000000000000cb98       0x3f lib/lib.a(close.o)
 .debug_loc     0x000000000000cbd7       0x96 lib/lib.a(write.o)
 .debug_loc     0x000000000000cc6d       0x3f lib/lib.a(dup.o)
 .debug_loc     0x000000000000ccac       0x13 lib/lib.a(setsid.o)
 .debug_loc     0x000000000000ccbf       0x57 lib/lib.a(execve.o)
 .debug_loc     0x000000000000cd16       0x83 lib/lib.a(wait.o)
 .debug_loc     0x000000000000cd99      0x3a6 lib/lib.a(string.o)
 .debug_loc     0x000000000000d13f      0x19a lib/lib.a(crypt.o)

.debug_macinfo
 *(.debug_macinfo)

.debug_weaknames
 *(.debug_weaknames)

.debug_funcnames
 *(.debug_funcnames)

.debug_typenames
 *(.debug_typenames)

.debug_varnames
 *(.debug_varnames)

.debug_pubtypes
 *(.debug_pubtypes)

.debug_ranges   0x0000000000000000      0x758
 *(.debug_ranges)
 .debug_ranges  0x0000000000000000      0x450 kernel/kernel.o
 .debug_ranges  0x0000000000000450      0x308 fs/fs.o

.gnu.attributes
 *(.gnu.attributes)

/DISCARD/
 *(.note.GNU-stack)
 *(.gnu_debuglink)
 *(.gnu.lto_*)
OUTPUT(tools/system elf32-i386)
