Archive member included because of file (symbol)

lib/lib.a(ctype.o)            kernel/kernel.o (_ctype)
lib/lib.a(_exit.o)            init/main.o (_exit)
lib/lib.a(open.o)             init/main.o (open)
lib/lib.a(close.o)            init/main.o (close)
lib/lib.a(errno.o)            init/main.o (errno)
lib/lib.a(write.o)            init/main.o (write)
lib/lib.a(dup.o)              init/main.o (dup)
lib/lib.a(setsid.o)           init/main.o (setsid)
lib/lib.a(execve.o)           init/main.o (execve)
lib/lib.a(wait.o)             init/main.o (wait)
lib/lib.a(string.o)           kernel/kernel.o (memcpy)

Allocating common symbols
Common symbol       size              file

errno               0x4               lib/lib.a(errno.o)
hash_table          0x4cc             fs/fs.o
___strtok           0x4               lib/lib.a(string.o)
user_stack          0x1000            kernel/kernel.o
_ctmp               0x1               lib/lib.a(ctype.o)
super_block         0x340             fs/fs.o
character_for_input
                    0x1               kernel/kernel.o
file_table          0x400             fs/fs.o

Discarded input sections

 .note.GNU-stack
                0x0000000000000000        0x0 init/main.o
 .note.GNU-stack
                0x0000000000000000        0x0 kernel/kernel.o
 .note.GNU-stack
                0x0000000000000000        0x0 mm/mm.o
 .note.GNU-stack
                0x0000000000000000        0x0 fs/fs.o
 .note.GNU-stack
                0x0000000000000000        0x0 lib/lib.a(ctype.o)
 .note.GNU-stack
                0x0000000000000000        0x0 lib/lib.a(_exit.o)
 .note.GNU-stack
                0x0000000000000000        0x0 lib/lib.a(open.o)
 .note.GNU-stack
                0x0000000000000000        0x0 lib/lib.a(close.o)
 .note.GNU-stack
                0x0000000000000000        0x0 lib/lib.a(errno.o)
 .note.GNU-stack
                0x0000000000000000        0x0 lib/lib.a(write.o)
 .note.GNU-stack
                0x0000000000000000        0x0 lib/lib.a(dup.o)
 .note.GNU-stack
                0x0000000000000000        0x0 lib/lib.a(setsid.o)
 .note.GNU-stack
                0x0000000000000000        0x0 lib/lib.a(execve.o)
 .note.GNU-stack
                0x0000000000000000        0x0 lib/lib.a(wait.o)
 .note.GNU-stack
                0x0000000000000000        0x0 lib/lib.a(string.o)

Memory Configuration

Name             Origin             Length             Attributes
*default*        0x0000000000000000 0xffffffffffffffff

Linker script and memory map

Address of section .text set to 0x0
LOAD boot/head.o
LOAD init/main.o
LOAD kernel/kernel.o
LOAD mm/mm.o
LOAD fs/fs.o
LOAD lib/lib.a
                0x0000000008048000                PROVIDE (__executable_start, 0x8048000)
                0x0000000008048094                . = (0x8048000 + SIZEOF_HEADERS)

.interp
 *(.interp)

.note.gnu.build-id
 *(.note.gnu.build-id)

.hash
 *(.hash)

.gnu.hash
 *(.gnu.hash)

.dynsym
 *(.dynsym)

.dynstr
 *(.dynstr)

.gnu.version
 *(.gnu.version)

.gnu.version_d
 *(.gnu.version_d)

.gnu.version_r
 *(.gnu.version_r)

.rel.dyn        0x0000000008048094        0x0
 *(.rel.init)
 *(.rel.text .rel.text.* .rel.gnu.linkonce.t.*)
 .rel.text      0x0000000000000000        0x0 boot/head.o
 *(.rel.fini)
 *(.rel.rodata .rel.rodata.* .rel.gnu.linkonce.r.*)
 *(.rel.data.rel.ro* .rel.gnu.linkonce.d.rel.ro.*)
 *(.rel.data .rel.data.* .rel.gnu.linkonce.d.*)
 .rel.data      0x0000000000000000        0x0 boot/head.o
 *(.rel.tdata .rel.tdata.* .rel.gnu.linkonce.td.*)
 *(.rel.tbss .rel.tbss.* .rel.gnu.linkonce.tb.*)
 *(.rel.ctors)
 *(.rel.dtors)
 *(.rel.got)
 *(.rel.bss .rel.bss.* .rel.gnu.linkonce.b.*)
 *(.rel.ifunc)

.rel.plt        0x0000000008048094        0x0
 *(.rel.plt)
                0x0000000008048094                PROVIDE (__rel_iplt_start, .)
 *(.rel.iplt)
 .rel.iplt      0x0000000000000000        0x0 boot/head.o
                0x0000000008048094                PROVIDE (__rel_iplt_end, .)

.init
 *(.init)

.plt            0x00000000080480a0        0x0
 *(.plt)
 *(.iplt)
 .iplt          0x0000000000000000        0x0 boot/head.o

.text           0x0000000000000000    0x10615
 *(.text.unlikely .text.*_unlikely)
 *(.text.exit .text.exit.*)
 *(.text.startup .text.startup.*)
 *(.text.hot .text.hot.*)
 *(.text .stub .text.* .gnu.linkonce.t.*)
 .text          0x0000000000000000     0x5078 boot/head.o
                0x0000000000000000                startup_32
                0x0000000000000000                pg_dir
                0x0000000000004078                idt
                0x0000000000004878                gdt
 *fill*         0x0000000000005078        0x8 90909090
 .text          0x0000000000005080      0x370 init/main.o
                0x00000000000050c1                init
                0x0000000000005232                main
 .text          0x00000000000053f0     0x5677 kernel/kernel.o
                0x00000000000053f0                sys_alarm
                0x0000000000005417                sys_getpid
                0x0000000000005423                sys_getppid
                0x000000000000542f                sys_getuid
                0x000000000000543c                sys_geteuid
                0x0000000000005449                sys_getgid
                0x0000000000005456                sys_getegid
                0x0000000000005463                sys_nice
                0x000000000000547c                sys_signal
                0x00000000000054b9                math_state_restore
                0x00000000000054f0                schedule
                0x00000000000055e1                sys_pause
                0x00000000000055f7                sleep_on
                0x0000000000005651                interruptible_sleep_on
                0x00000000000056bb                wake_up
                0x00000000000056d7                do_timer
                0x000000000000571d                sched_init
                0x0000000000005844                system_call
                0x0000000000005936                timer_interrupt
                0x000000000000596e                sys_execve
                0x000000000000597c                sys_fork
                0x0000000000005994                hd_interrupt
                0x0000000000005b41                do_double_fault
                0x0000000000005b5a                do_general_protection
                0x0000000000005b73                do_divide_error
                0x0000000000005b8c                do_int3
                0x0000000000005c44                do_nmi
                0x0000000000005c5d                do_debug
                0x0000000000005c76                do_overflow
                0x0000000000005c8f                do_bounds
                0x0000000000005ca8                do_invalid_op
                0x0000000000005cc1                do_device_not_available
                0x0000000000005cda                do_coprocessor_segment_overrun
                0x0000000000005cf3                do_invalid_TSS
                0x0000000000005d0c                do_segment_not_present
                0x0000000000005d25                do_stack_segment
                0x0000000000005d3e                do_coprocessor_error
                0x0000000000005d57                do_reserved
                0x0000000000005d70                trap_init
                0x0000000000005f2c                divide_error
                0x0000000000005f61                debug
                0x0000000000005f68                nmi
                0x0000000000005f6f                int3
                0x0000000000005f76                overflow
                0x0000000000005f7d                bounds
                0x0000000000005f84                invalid_op
                0x0000000000005f93                device_not_available
                0x0000000000005fc0                coprocessor_segment_overrun
                0x0000000000005fca                reserved
                0x0000000000005fd4                coprocessor_error
                0x0000000000005fde                double_fault
                0x0000000000006015                invalid_TSS
                0x000000000000601c                segment_not_present
                0x0000000000006023                stack_segment
                0x000000000000602a                general_protection
                0x0000000000006034                verify_area
                0x0000000000006099                copy_mem
                0x000000000000618f                copy_process
                0x000000000000641e                find_empty_process
                0x0000000000006480                panic
                0x000000000000649c                printk
                0x0000000000006726                vsprintf
                0x0000000000006a90                tty_init
                0x0000000000006aa1                tty_intr
                0x0000000000006ae6                copy_to_cooked
                0x0000000000006d66                tty_read
                0x000000000000702c                tty_write
                0x0000000000007209                do_tty_interrupt
                0x0000000000007435                fill_list
                0x0000000000007515                closeR
                0x000000000000754f                openR
                0x0000000000007592                draw_list_clip
                0x00000000000076b8                draw_list
                0x0000000000007853                mark_selected_clip
                0x00000000000078bb                mark_selected
                0x0000000000007923                set_path_name
                0x0000000000007a3c                csi_m
                0x0000000000007a97                con_write
                0x000000000000841a                con_init
                0x000000000000849d                f1_down
                0x00000000000084a8                f1_up
                0x00000000000084b3                tool_draw
                0x0000000000008647                tool_dir
                0x000000000000866e                tool_clip
                0x0000000000008691                tool_start
                0x0000000000008711                put_char_to_clip
                0x00000000000087a2                remove_char_for_clip
                0x000000000000882b                paste_to_con
                0x00000000000089a3                arr_right
                0x0000000000008a72                arr_left
                0x0000000000008b19                arr_down
                0x0000000000008bb2                arr_up
                0x0000000000008c41                print_name_and_index
                0x0000000000008cb3                keyboard_interrupt
                0x0000000000009580                rs1_interrupt
                0x0000000000009588                rs2_interrupt
                0x0000000000009ce9                rw_hd
                0x0000000000009d92                sys_setup
                0x0000000000009e91                unexpected_hd_interrupt
                0x0000000000009ea4                hd_init
                0x0000000000009f14                sys_set_key
                0x0000000000009f7a                sys_ftime
                0x0000000000009f80                sys_mknod
                0x0000000000009f86                sys_break
                0x0000000000009f8c                sys_mount
                0x0000000000009f92                sys_umount
                0x0000000000009f98                sys_ustat
                0x0000000000009f9e                sys_ptrace
                0x0000000000009fa4                sys_stty
                0x0000000000009faa                sys_gtty
                0x0000000000009fb0                sys_rename
                0x0000000000009fb6                sys_prof
                0x0000000000009fbc                sys_setgid
                0x000000000000a019                sys_acct
                0x000000000000a01f                sys_phys
                0x000000000000a025                sys_lock
                0x000000000000a02b                sys_mpx
                0x000000000000a031                sys_ulimit
                0x000000000000a037                sys_time
                0x000000000000a08a                sys_setuid
                0x000000000000a0e3                sys_stime
                0x000000000000a130                sys_times
                0x000000000000a189                sys_brk
                0x000000000000a1bc                sys_setpgid
                0x000000000000a231                sys_getpgrp
                0x000000000000a23d                sys_setsid
                0x000000000000a292                sys_oldolduname
                0x000000000000a2aa                sys_uname
                0x000000000000a2f7                sys_umask
                0x000000000000a315                sys_null
                0x000000000000a340                release
                0x000000000000a39a                do_kill
                0x000000000000a613                sys_kill
                0x000000000000a649                do_exit
                0x000000000000a7dc                sys_exit
                0x000000000000a7f7                sys_waitpid
                0x000000000000a97e                rs_init
                0x000000000000a9d6                rs_write
                0x000000000000aa00                kernel_mktime
 *fill*         0x000000000000aa67        0x1 90909090
 .text          0x000000000000aa68      0x517 mm/mm.o
                0x000000000000aa68                invalidate
                0x000000000000aa71                copy_page
                0x000000000000aa96                get_free_page
                0x000000000000aace                free_page
                0x000000000000ab2e                free_page_tables
                0x000000000000abde                copy_page_tables
                0x000000000000acd8                put_page
                0x000000000000ad85                un_wp_page
                0x000000000000ae15                do_wp_page
                0x000000000000ae45                write_verify
                0x000000000000ae84                do_no_page
                0x000000000000aeb4                calc_mem
                0x000000000000af48                page_fault
 *fill*         0x000000000000af7f        0x1 90909090
 .text          0x000000000000af80     0x509c fs/fs.o
                0x000000000000af80                sys_utime
                0x000000000000afe9                sys_access
                0x000000000000b080                sys_chdir
                0x000000000000b0e3                sys_chroot
                0x000000000000b146                sys_chmod
                0x000000000000b1db                sys_chown
                0x000000000000b242                sys_open
                0x000000000000b3d6                sys_creat
                0x000000000000b3f9                sys_close
                0x000000000000b480                sys_lseek
                0x000000000000b53c                sys_read
                0x000000000000b697                sys_write
                0x000000000000bbab                sync_inodes
                0x000000000000bbf5                bmap
                0x000000000000bc0e                create_block
                0x000000000000bc27                iput
                0x000000000000bd15                get_empty_inode
                0x000000000000be03                get_pipe_inode
                0x000000000000be4a                iget
                0x000000000000c037                sys_sync
                0x000000000000c09f                brelse
                0x000000000000c0f1                get_hash_table
                0x000000000000c150                getblk
                0x000000000000c3ef                bread
                0x000000000000c449                buffer_init
                0x000000000000c4e4                do_mount
                0x000000000000c6ef                mount_root
                0x000000000000c840                block_write
                0x000000000000c923                block_read
                0x000000000000c9fa                ll_rw_block
                0x000000000000cac3                rw_char
                0x000000000000cb34                sys_ispisi_test
                0x000000000000cb4c                buffer_switch_case
                0x000000000000cb8b                file_switch_case
                0x000000000000cc52                sys_switch_case
                0x000000000000cc8d                file_read
                0x000000000000ce38                file_write
                0x000000000000d0da                sys_stat
                0x000000000000d11f                sys_lstat
                0x000000000000d13a                sys_fstat
                0x000000000000d17d                sys_stat64
                0x000000000000d1c2                sys_fstat64
                0x000000000000d205                sys_lstat64
                0x000000000000d220                sys_oldstat
                0x000000000000d238                sys_oldfstat
                0x000000000000d374                cp_block
                0x000000000000d3a9                is_valid_elf
                0x000000000000d3ee                read_file_block_ind
                0x000000000000d483                read_file_block
                0x000000000000d582                copy_section
                0x000000000000d670                create_bss_section
                0x000000000000d696                load_elf_binary
                0x000000000000d8a1                do_execve
                0x000000000000dd34                read_pipe
                0x000000000000ddcd                write_pipe
                0x000000000000dec6                sys_pipe
                0x000000000000e4f9                namei
                0x000000000000e5af                open_namei
                0x000000000000e815                sys_mkdir
                0x000000000000eaca                sys_rmdir
                0x000000000000ee3c                sys_unlink
                0x000000000000efd8                sys_link
                0x000000000000f180                free_block
                0x000000000000f2bb                new_block
                0x000000000000f43e                free_inode
                0x000000000000f56a                new_inode
                0x000000000000f74a                sys_dup2
                0x000000000000f76a                sys_dup
                0x000000000000f77a                sys_fcntl
                0x000000000000f837                sys_fcntl64
                0x000000000000f88c                sys_ioctl
                0x000000000000f929                tty_ioctl
                0x000000000000fbf5                truncate
                0x000000000000fd00                sys_getdents
                0x000000000000fe8e                sys_getdents64
 .text          0x000000000001001c        0x0 lib/lib.a(ctype.o)
 .text          0x000000000001001c        0xe lib/lib.a(_exit.o)
                0x000000000001001c                _exit
 *fill*         0x000000000001002a        0x2 90909090
 .text          0x000000000001002c       0x3d lib/lib.a(open.o)
                0x000000000001002c                open
 *fill*         0x0000000000010069        0x3 90909090
 .text          0x000000000001006c       0x23 lib/lib.a(close.o)
                0x000000000001006c                close
 *fill*         0x000000000001008f        0x1 90909090
 .text          0x0000000000010090        0x0 lib/lib.a(errno.o)
 .text          0x0000000000010090       0x7e lib/lib.a(write.o)
                0x0000000000010090                ispisi_test
                0x00000000000100ae                write
                0x00000000000100eb                switch_case
 *fill*         0x000000000001010e        0x2 90909090
 .text          0x0000000000010110       0x23 lib/lib.a(dup.o)
                0x0000000000010110                dup
 *fill*         0x0000000000010133        0x1 90909090
 .text          0x0000000000010134       0x1e lib/lib.a(setsid.o)
                0x0000000000010134                setsid
 *fill*         0x0000000000010152        0x2 90909090
 .text          0x0000000000010154       0x3d lib/lib.a(execve.o)
                0x0000000000010154                execve
 *fill*         0x0000000000010191        0x3 90909090
 .text          0x0000000000010194       0x60 lib/lib.a(wait.o)
                0x0000000000010194                waitpid
                0x00000000000101d1                wait
 .text          0x00000000000101f4      0x421 lib/lib.a(string.o)
                0x00000000000101f4                strcpy
                0x000000000001021c                strncpy
                0x000000000001024d                strcat
                0x0000000000010282                strncat
                0x00000000000102c1                strcmp
                0x00000000000102ef                strncmp
                0x0000000000010324                strchr
                0x0000000000010342                strrchr
                0x0000000000010363                strspn
                0x00000000000103b0                strcspn
                0x00000000000103fd                strpbrk
                0x0000000000010442                strstr
                0x0000000000010487                strlen
                0x00000000000104a0                strtok
                0x0000000000010531                memcpy
                0x0000000000010557                memmove
                0x00000000000105a5                memcmp
                0x00000000000105d9                memchr
                0x00000000000105ff                memset
 *(.gnu.warning)

.fini
 *(.fini)
                0x0000000000010615                PROVIDE (__etext, .)
                0x0000000000010615                PROVIDE (_etext, .)
                0x0000000000010615                PROVIDE (etext, .)

.rodata         0x0000000000010620     0x1074
 *(.rodata .rodata.* .gnu.linkonce.r.*)
 .rodata.str1.1
                0x0000000000010620       0x68 init/main.o
 .rodata.str1.4
                0x0000000000010688       0x25 init/main.o
 *fill*         0x00000000000106ad       0x13 00
 .rodata        0x00000000000106c0      0x270 kernel/kernel.o
 .rodata.str1.1
                0x0000000000010930      0x293 kernel/kernel.o
                                        0x29b (size before relaxing)
 *fill*         0x0000000000010bc3        0x1 00
 .rodata.str1.4
                0x0000000000010bc4      0x22c kernel/kernel.o
 .rodata.str1.4
                0x0000000000010df0       0xe9 mm/mm.o
 .rodata.str1.1
                0x0000000000010ed9       0x68 mm/mm.o
 *fill*         0x0000000000010f41       0x1f 00
 .rodata        0x0000000000010f60       0xc4 fs/fs.o
 .rodata.str1.1
                0x0000000000011024      0x339 fs/fs.o
                                        0x33f (size before relaxing)
 *fill*         0x000000000001135d        0x3 00
 .rodata.str1.4
                0x0000000000011360      0x334 fs/fs.o

.rodata1
 *(.rodata1)

.eh_frame_hdr
 *(.eh_frame_hdr)

.eh_frame       0x0000000000011694     0x2558
 *(.eh_frame)
 .eh_frame      0x0000000000011694       0x74 init/main.o
 .eh_frame      0x0000000000011708     0x1014 kernel/kernel.o
                                       0x114c (size before relaxing)
 .eh_frame      0x000000000001271c      0x1a8 mm/mm.o
                                        0x1c0 (size before relaxing)
 .eh_frame      0x00000000000128c4      0xf9c fs/fs.o
                                       0x114c (size before relaxing)
 .eh_frame      0x0000000000013860       0x1c lib/lib.a(_exit.o)
                                         0x34 (size before relaxing)
 .eh_frame      0x000000000001387c       0x20 lib/lib.a(open.o)
                                         0x38 (size before relaxing)
 .eh_frame      0x000000000001389c       0x1c lib/lib.a(close.o)
                                         0x34 (size before relaxing)
 .eh_frame      0x00000000000138b8       0x50 lib/lib.a(write.o)
                                         0x68 (size before relaxing)
 .eh_frame      0x0000000000013908       0x1c lib/lib.a(dup.o)
                                         0x34 (size before relaxing)
 .eh_frame      0x0000000000013924       0x14 lib/lib.a(setsid.o)
                                         0x2c (size before relaxing)
 .eh_frame      0x0000000000013938       0x20 lib/lib.a(execve.o)
                                         0x38 (size before relaxing)
 .eh_frame      0x0000000000013958       0x38 lib/lib.a(wait.o)
                                         0x50 (size before relaxing)
 .eh_frame      0x0000000000013990      0x25c lib/lib.a(string.o)
                                        0x274 (size before relaxing)

.gcc_except_table
 *(.gcc_except_table .gcc_except_table.*)

.exception_ranges
 *(.exception_ranges .exception_ranges*)
                0x0000000000013bec                . = (ALIGN (0x1000) - ((0x1000 - .) & 0xfff))
                0x0000000000014000                . = DATA_SEGMENT_ALIGN (0x1000, 0x1000)

.eh_frame
 *(.eh_frame)

.gcc_except_table
 *(.gcc_except_table .gcc_except_table.*)

.exception_ranges
 *(.exception_ranges .exception_ranges*)

.tdata
 *(.tdata .tdata.* .gnu.linkonce.td.*)

.tbss
 *(.tbss .tbss.* .gnu.linkonce.tb.*)
 *(.tcommon)

.preinit_array  0x0000000000014000        0x0
                0x0000000000014000                PROVIDE (__preinit_array_start, .)
 *(.preinit_array)
                0x0000000000014000                PROVIDE (__preinit_array_end, .)

.init_array     0x0000000000014000        0x0
                0x0000000000014000                PROVIDE (__init_array_start, .)
 *(SORT(.init_array.*) SORT(.ctors.*))
 *(.init_array)
 *(EXCLUDE_FILE(*crtend?.o *crtend.o *crtbegin?.o *crtbegin.o) .ctors)
                0x0000000000014000                PROVIDE (__init_array_end, .)

.fini_array     0x0000000000014000        0x0
                0x0000000000014000                PROVIDE (__fini_array_start, .)
 *(SORT(.fini_array.*) SORT(.dtors.*))
 *(.fini_array)
 *(EXCLUDE_FILE(*crtend?.o *crtend.o *crtbegin?.o *crtbegin.o) .dtors)
                0x0000000000014000                PROVIDE (__fini_array_end, .)

.ctors
 *crtbegin.o(.ctors)
 *crtbegin?.o(.ctors)
 *(EXCLUDE_FILE(*crtend?.o *crtend.o) .ctors)
 *(SORT(.ctors.*))
 *(.ctors)

.dtors
 *crtbegin.o(.dtors)
 *crtbegin?.o(.dtors)
 *(EXCLUDE_FILE(*crtend?.o *crtend.o) .dtors)
 *(SORT(.dtors.*))
 *(.dtors)

.jcr
 *(.jcr)

.data.rel.ro
 *(.data.rel.ro.local* .gnu.linkonce.d.rel.ro.local.*)
 *(.data.rel.ro* .gnu.linkonce.d.rel.ro.*)

.dynamic
 *(.dynamic)

.got
 *(.got)
 *(.igot)
                0x0000000000014000                . = DATA_SEGMENT_RELRO_END (., 0xc)

.got.plt        0x0000000000014000        0x0
 *(.got.plt)
 *(.igot.plt)
 .igot.plt      0x0000000000000000        0x0 boot/head.o

.data           0x0000000000014000     0x3e64
 *(.data .data.* .gnu.linkonce.d.*)
 .data          0x0000000000014000        0x0 boot/head.o
 .data          0x0000000000014000       0x18 init/main.o
 *fill*         0x0000000000014018        0x8 00
 .data          0x0000000000014020     0x3d2c kernel/kernel.o
                0x0000000000014020                stack_start
                0x0000000000014040                task
                0x0000000000014140                current
                0x0000000000014160                sys_call_table
                0x0000000000015660                table_list
                0x0000000000015680                tty_table
 .data          0x0000000000017d4c        0x0 mm/mm.o
 .data          0x0000000000017d4c        0x4 fs/fs.o
                0x0000000000017d4c                start_buffer
 *fill*         0x0000000000017d50       0x10 00
 .data          0x0000000000017d60      0x101 lib/lib.a(ctype.o)
                0x0000000000017d60                _ctype
 *fill*         0x0000000000017e61        0x3 00
 .data          0x0000000000017e64        0x0 lib/lib.a(_exit.o)
 .data          0x0000000000017e64        0x0 lib/lib.a(open.o)
 .data          0x0000000000017e64        0x0 lib/lib.a(close.o)
 .data          0x0000000000017e64        0x0 lib/lib.a(errno.o)
 .data          0x0000000000017e64        0x0 lib/lib.a(write.o)
 .data          0x0000000000017e64        0x0 lib/lib.a(dup.o)
 .data          0x0000000000017e64        0x0 lib/lib.a(setsid.o)
 .data          0x0000000000017e64        0x0 lib/lib.a(execve.o)
 .data          0x0000000000017e64        0x0 lib/lib.a(wait.o)
 .data          0x0000000000017e64        0x0 lib/lib.a(string.o)

.data1
 *(.data1)
                0x0000000000017e64                _edata = .
                0x0000000000017e64                PROVIDE (edata, .)
                0x0000000000017e64                __bss_start = .

.bss            0x0000000000017e80     0x3fec
 *(.dynbss)
 *(.bss .bss.* .gnu.linkonce.b.*)
 .bss           0x0000000000017e80        0x0 boot/head.o
 .bss           0x0000000000017e80      0x400 init/main.o
 .bss           0x0000000000018280      0xc64 kernel/kernel.o
                0x0000000000018280                last_task_used_math
                0x0000000000018284                startup_time
                0x0000000000018288                jiffies
                0x000000000001828c                last_pid
                0x00000000000186c0                f1_down_flag
                0x0000000000018960                do_hd
 *fill*         0x0000000000018ee4       0x1c 00
 .bss           0x0000000000018f00      0xc00 mm/mm.o
 .bss           0x0000000000019b00      0x710 fs/fs.o
                0x0000000000019b00                inode_table
                0x000000000001a204                nr_buffers
 .bss           0x000000000001a210        0x0 lib/lib.a(ctype.o)
 .bss           0x000000000001a210        0x0 lib/lib.a(_exit.o)
 .bss           0x000000000001a210        0x0 lib/lib.a(open.o)
 .bss           0x000000000001a210        0x0 lib/lib.a(close.o)
 .bss           0x000000000001a210        0x0 lib/lib.a(errno.o)
 .bss           0x000000000001a210        0x0 lib/lib.a(write.o)
 .bss           0x000000000001a210        0x0 lib/lib.a(dup.o)
 .bss           0x000000000001a210        0x0 lib/lib.a(setsid.o)
 .bss           0x000000000001a210        0x0 lib/lib.a(execve.o)
 .bss           0x000000000001a210        0x0 lib/lib.a(wait.o)
 .bss           0x000000000001a210        0x0 lib/lib.a(string.o)
 *(COMMON)
 *fill*         0x000000000001a210       0x10 00
 COMMON         0x000000000001a220     0x1001 kernel/kernel.o
                0x000000000001a220                user_stack
                0x000000000001b220                character_for_input
 *fill*         0x000000000001b221       0x1f 00
 COMMON         0x000000000001b240      0xc20 fs/fs.o
                0x000000000001b240                hash_table
                0x000000000001b720                super_block
                0x000000000001ba60                file_table
 COMMON         0x000000000001be60        0x1 lib/lib.a(ctype.o)
                0x000000000001be60                _ctmp
 *fill*         0x000000000001be61        0x3 00
 COMMON         0x000000000001be64        0x4 lib/lib.a(errno.o)
                0x000000000001be64                errno
 COMMON         0x000000000001be68        0x4 lib/lib.a(string.o)
                0x000000000001be68                ___strtok
                0x000000000001be6c                . = ALIGN ((. != 0x0)?0x4:0x1)
                0x000000000001be6c                . = ALIGN (0x4)
                0x000000000001be6c                . = ALIGN (0x4)
                0x000000000001be6c                _end = .
                0x000000000001be6c                PROVIDE (end, .)
                0x000000000001be6c                . = DATA_SEGMENT_END (.)

.stab
 *(.stab)

.stabstr
 *(.stabstr)

.stab.excl
 *(.stab.excl)

.stab.exclstr
 *(.stab.exclstr)

.stab.index
 *(.stab.index)

.stab.indexstr
 *(.stab.indexstr)

.comment        0x0000000000000000       0x2a
 *(.comment)
 .comment       0x0000000000000000       0x2a init/main.o
                                         0x2b (size before relaxing)
 .comment       0x0000000000000000      0x22f kernel/kernel.o
 .comment       0x0000000000000000       0x2b mm/mm.o
 .comment       0x0000000000000000      0x331 fs/fs.o
 .comment       0x0000000000000000       0x2b lib/lib.a(ctype.o)
 .comment       0x0000000000000000       0x2b lib/lib.a(_exit.o)
 .comment       0x0000000000000000       0x2b lib/lib.a(open.o)
 .comment       0x0000000000000000       0x2b lib/lib.a(close.o)
 .comment       0x0000000000000000       0x2b lib/lib.a(errno.o)
 .comment       0x0000000000000000       0x2b lib/lib.a(write.o)
 .comment       0x0000000000000000       0x2b lib/lib.a(dup.o)
 .comment       0x0000000000000000       0x2b lib/lib.a(setsid.o)
 .comment       0x0000000000000000       0x2b lib/lib.a(execve.o)
 .comment       0x0000000000000000       0x2b lib/lib.a(wait.o)
 .comment       0x0000000000000000       0x2b lib/lib.a(string.o)

.debug
 *(.debug)

.line
 *(.line)

.debug_srcinfo
 *(.debug_srcinfo)

.debug_sfnames
 *(.debug_sfnames)

.debug_aranges  0x0000000000000000      0x540
 *(.debug_aranges)
 .debug_aranges
                0x0000000000000000       0x20 init/main.o
 .debug_aranges
                0x0000000000000020      0x1a0 kernel/kernel.o
 .debug_aranges
                0x00000000000001c0       0x20 mm/mm.o
 .debug_aranges
                0x00000000000001e0      0x240 fs/fs.o
 .debug_aranges
                0x0000000000000420       0x20 lib/lib.a(_exit.o)
 .debug_aranges
                0x0000000000000440       0x20 lib/lib.a(open.o)
 .debug_aranges
                0x0000000000000460       0x20 lib/lib.a(close.o)
 .debug_aranges
                0x0000000000000480       0x20 lib/lib.a(write.o)
 .debug_aranges
                0x00000000000004a0       0x20 lib/lib.a(dup.o)
 .debug_aranges
                0x00000000000004c0       0x20 lib/lib.a(setsid.o)
 .debug_aranges
                0x00000000000004e0       0x20 lib/lib.a(execve.o)
 .debug_aranges
                0x0000000000000500       0x20 lib/lib.a(wait.o)
 .debug_aranges
                0x0000000000000520       0x20 lib/lib.a(string.o)

.debug_pubnames
 *(.debug_pubnames)

.debug_info     0x0000000000000000    0x1b470
 *(.debug_info .gnu.linkonce.wi.*)
 .debug_info    0x0000000000000000      0xccf init/main.o
 .debug_info    0x0000000000000ccf     0x9724 kernel/kernel.o
 .debug_info    0x000000000000a3f3      0x4d6 mm/mm.o
 .debug_info    0x000000000000a8c9     0xe450 fs/fs.o
 .debug_info    0x0000000000018d19       0x70 lib/lib.a(ctype.o)
 .debug_info    0x0000000000018d89      0x3af lib/lib.a(_exit.o)
 .debug_info    0x0000000000019138      0x403 lib/lib.a(open.o)
 .debug_info    0x000000000001953b      0x3ce lib/lib.a(close.o)
 .debug_info    0x0000000000019909       0x3f lib/lib.a(errno.o)
 .debug_info    0x0000000000019948      0x466 lib/lib.a(write.o)
 .debug_info    0x0000000000019dae      0x3ce lib/lib.a(dup.o)
 .debug_info    0x000000000001a17c      0x3cb lib/lib.a(setsid.o)
 .debug_info    0x000000000001a547      0x3fc lib/lib.a(execve.o)
 .debug_info    0x000000000001a943      0x428 lib/lib.a(wait.o)
 .debug_info    0x000000000001ad6b      0x705 lib/lib.a(string.o)

.debug_abbrev   0x0000000000000000     0x450a
 *(.debug_abbrev)
 .debug_abbrev  0x0000000000000000      0x1d7 init/main.o
 .debug_abbrev  0x00000000000001d7     0x1888 kernel/kernel.o
 .debug_abbrev  0x0000000000001a5f      0x1af mm/mm.o
 .debug_abbrev  0x0000000000001c0e     0x214e fs/fs.o
 .debug_abbrev  0x0000000000003d5c       0x42 lib/lib.a(ctype.o)
 .debug_abbrev  0x0000000000003d9e       0xa3 lib/lib.a(_exit.o)
 .debug_abbrev  0x0000000000003e41       0xdc lib/lib.a(open.o)
 .debug_abbrev  0x0000000000003f1d       0xb4 lib/lib.a(close.o)
 .debug_abbrev  0x0000000000003fd1       0x30 lib/lib.a(errno.o)
 .debug_abbrev  0x0000000000004001       0xf0 lib/lib.a(write.o)
 .debug_abbrev  0x00000000000040f1       0xb4 lib/lib.a(dup.o)
 .debug_abbrev  0x00000000000041a5       0xb2 lib/lib.a(setsid.o)
 .debug_abbrev  0x0000000000004257       0xbb lib/lib.a(execve.o)
 .debug_abbrev  0x0000000000004312       0xd0 lib/lib.a(wait.o)
 .debug_abbrev  0x00000000000043e2      0x128 lib/lib.a(string.o)

.debug_line     0x0000000000000000     0x3aab
 *(.debug_line)
 .debug_line    0x0000000000000000      0x11e init/main.o
 .debug_line    0x000000000000011e     0x17c1 kernel/kernel.o
 .debug_line    0x00000000000018df      0x122 mm/mm.o
 .debug_line    0x0000000000001a01     0x1bcd fs/fs.o
 .debug_line    0x00000000000035ce       0x28 lib/lib.a(ctype.o)
 .debug_line    0x00000000000035f6       0x50 lib/lib.a(_exit.o)
 .debug_line    0x0000000000003646       0x76 lib/lib.a(open.o)
 .debug_line    0x00000000000036bc       0x6e lib/lib.a(close.o)
 .debug_line    0x000000000000372a       0x28 lib/lib.a(errno.o)
 .debug_line    0x0000000000003752       0xa1 lib/lib.a(write.o)
 .debug_line    0x00000000000037f3       0x6c lib/lib.a(dup.o)
 .debug_line    0x000000000000385f       0x88 lib/lib.a(setsid.o)
 .debug_line    0x00000000000038e7       0x73 lib/lib.a(execve.o)
 .debug_line    0x000000000000395a       0x90 lib/lib.a(wait.o)
 .debug_line    0x00000000000039ea       0xc1 lib/lib.a(string.o)

.debug_frame
 *(.debug_frame)

.debug_str      0x0000000000000000     0x1bd4
 *(.debug_str)
 .debug_str     0x0000000000000000      0x3f5 init/main.o
                                        0x4a2 (size before relaxing)
 .debug_str     0x00000000000003f5      0xc83 kernel/kernel.o
                                       0x3369 (size before relaxing)
 .debug_str     0x0000000000001078      0x123 mm/mm.o
                                        0x1be (size before relaxing)
 .debug_str     0x000000000000119b      0x971 fs/fs.o
                                       0x53e5 (size before relaxing)
 .debug_str     0x0000000000001b0c       0x23 lib/lib.a(ctype.o)
                                         0x63 (size before relaxing)
 .debug_str     0x0000000000001b2f        0x8 lib/lib.a(_exit.o)
                                        0x281 (size before relaxing)
 .debug_str     0x0000000000000000        0x8 lib/lib.a(open.o)
                                        0x291 (size before relaxing)
 .debug_str     0x0000000000001b37        0x8 lib/lib.a(close.o)
                                        0x283 (size before relaxing)
 .debug_str     0x0000000000001b3f        0x8 lib/lib.a(errno.o)
                                         0x35 (size before relaxing)
 .debug_str     0x0000000000000000        0x8 lib/lib.a(write.o)
                                        0x2a7 (size before relaxing)
 .debug_str     0x0000000000001b47        0x6 lib/lib.a(dup.o)
                                        0x27b (size before relaxing)
 .debug_str     0x0000000000001b4d        0x9 lib/lib.a(setsid.o)
                                        0x28b (size before relaxing)
 .debug_str     0x0000000000001b56        0x9 lib/lib.a(execve.o)
                                        0x294 (size before relaxing)
 .debug_str     0x0000000000001b5f       0x11 lib/lib.a(wait.o)
                                        0x2a1 (size before relaxing)
 .debug_str     0x0000000000001b70       0x64 lib/lib.a(string.o)
                                         0xe9 (size before relaxing)

.debug_loc      0x0000000000000000     0xb907
 *(.debug_loc)
 .debug_loc     0x0000000000000000      0x256 init/main.o
 .debug_loc     0x0000000000000256     0x449e kernel/kernel.o
 .debug_loc     0x00000000000046f4      0x640 mm/mm.o
 .debug_loc     0x0000000000004d34     0x65ae fs/fs.o
 .debug_loc     0x000000000000b2e2       0x2c lib/lib.a(_exit.o)
 .debug_loc     0x000000000000b30e       0x3f lib/lib.a(open.o)
 .debug_loc     0x000000000000b34d       0x3f lib/lib.a(close.o)
 .debug_loc     0x000000000000b38c       0xa9 lib/lib.a(write.o)
 .debug_loc     0x000000000000b435       0x3f lib/lib.a(dup.o)
 .debug_loc     0x000000000000b474       0x13 lib/lib.a(setsid.o)
 .debug_loc     0x000000000000b487       0x57 lib/lib.a(execve.o)
 .debug_loc     0x000000000000b4de       0x83 lib/lib.a(wait.o)
 .debug_loc     0x000000000000b561      0x3a6 lib/lib.a(string.o)

.debug_macinfo
 *(.debug_macinfo)

.debug_weaknames
 *(.debug_weaknames)

.debug_funcnames
 *(.debug_funcnames)

.debug_typenames
 *(.debug_typenames)

.debug_varnames
 *(.debug_varnames)

.debug_pubtypes
 *(.debug_pubtypes)

.debug_ranges   0x0000000000000000      0x670
 *(.debug_ranges)
 .debug_ranges  0x0000000000000000      0x368 kernel/kernel.o
 .debug_ranges  0x0000000000000368      0x308 fs/fs.o

.gnu.attributes
 *(.gnu.attributes)

/DISCARD/
 *(.note.GNU-stack)
 *(.gnu_debuglink)
 *(.gnu.lto_*)
OUTPUT(tools/system elf32-i386)
